Data set/Center wise/Center_67_Rank6.csv
id,week,center_id,meal_id,checkout_price,base_price,emailer_for_promotion,homepage_featured,num_orders,city_code,region_code,center_type,op_area,category,cuisine
1472526,1,67,1885,135.86,134.86,0,0,1958,638,56,TYPE_B,7.0,Beverages,Thai
1239012,2,67,1885,134.89,133.89,0,0,1608,638,56,TYPE_B,7.0,Beverages,Thai
1356124,3,67,1885,135.86,135.86,0,0,1619,638,56,TYPE_B,7.0,Beverages,Thai
1353740,4,67,1885,133.86,135.86,0,0,1850,638,56,TYPE_B,7.0,Beverages,Thai
1482432,5,67,1885,143.56,143.56,0,0,1485,638,56,TYPE_B,7.0,Beverages,Thai
1183699,6,67,1885,144.53,146.53,0,0,1498,638,56,TYPE_B,7.0,Beverages,Thai
1118130,7,67,1885,146.53,145.53,0,0,1877,638,56,TYPE_B,7.0,Beverages,Thai
1437580,8,67,1885,144.53,145.53,0,0,1445,638,56,TYPE_B,7.0,Beverages,Thai
1480887,9,67,1885,143.62,145.53,0,1,1526,638,56,TYPE_B,7.0,Beverages,Thai
1206157,10,67,1885,141.62,142.62,0,0,1985,638,56,TYPE_B,7.0,Beverages,Thai
1442960,11,67,1885,142.59,142.62,0,1,2229,638,56,TYPE_B,7.0,Beverages,Thai
1390194,12,67,1885,142.59,142.62,0,1,1781,638,56,TYPE_B,7.0,Beverages,Thai
1379913,13,67,1885,144.56,143.62,0,1,1565,638,56,TYPE_B,7.0,Beverages,Thai
1168679,14,67,1885,144.56,144.56,0,0,1202,638,56,TYPE_B,7.0,Beverages,Thai
1161530,15,67,1885,119.34,145.56,0,0,1986,638,56,TYPE_B,7.0,Beverages,Thai
1112603,16,67,1885,120.31,144.56,0,0,1970,638,56,TYPE_B,7.0,Beverages,Thai
1322518,17,67,1885,123.25,145.56,0,0,1891,638,56,TYPE_B,7.0,Beverages,Thai
1033069,18,67,1885,118.37,143.56,0,0,1634,638,56,TYPE_B,7.0,Beverages,Thai
1259420,19,67,1885,121.28,143.56,0,0,1878,638,56,TYPE_B,7.0,Beverages,Thai
1177291,20,67,1885,122.28,144.56,0,0,1862,638,56,TYPE_B,7.0,Beverages,Thai
1016286,21,67,1885,122.28,120.28,0,0,1889,638,56,TYPE_B,7.0,Beverages,Thai
1063441,22,67,1885,121.28,121.28,0,0,1917,638,56,TYPE_B,7.0,Beverages,Thai
1238181,23,67,1885,164.96,163.96,0,0,1525,638,56,TYPE_B,7.0,Beverages,Thai
1318418,24,67,1885,163.96,164.96,0,0,1403,638,56,TYPE_B,7.0,Beverages,Thai
1004368,25,67,1885,162.99,161.99,0,0,1310,638,56,TYPE_B,7.0,Beverages,Thai
1093761,26,67,1885,163.02,161.02,0,0,1068,638,56,TYPE_B,7.0,Beverages,Thai
1069889,27,67,1885,122.25,161.02,0,0,1391,638,56,TYPE_B,7.0,Beverages,Thai
1177240,28,67,1885,120.28,161.02,0,0,1349,638,56,TYPE_B,7.0,Beverages,Thai
1474156,29,67,1885,122.28,162.02,0,0,1350,638,56,TYPE_B,7.0,Beverages,Thai
1008870,30,67,1885,121.28,163.02,0,0,1282,638,56,TYPE_B,7.0,Beverages,Thai
1297586,31,67,1885,144.53,146.53,0,0,1498,638,56,TYPE_B,7.0,Beverages,Thai
1425227,32,67,1885,144.53,145.53,0,0,1675,638,56,TYPE_B,7.0,Beverages,Thai
1181066,33,67,1885,145.5,147.5,0,0,1257,638,56,TYPE_B,7.0,Beverages,Thai
1374481,34,67,1885,144.53,144.53,0,0,1700,638,56,TYPE_B,7.0,Beverages,Thai
1472937,35,67,1885,143.56,143.56,0,0,2065,638,56,TYPE_B,7.0,Beverages,Thai
1333410,36,67,1885,144.53,146.53,0,0,1970,638,56,TYPE_B,7.0,Beverages,Thai
1183544,37,67,1885,145.53,146.53,0,0,1916,638,56,TYPE_B,7.0,Beverages,Thai
1145161,38,67,1885,140.68,140.68,0,0,1851,638,56,TYPE_B,7.0,Beverages,Thai
1362008,39,67,1885,141.62,143.62,0,0,2321,638,56,TYPE_B,7.0,Beverages,Thai
1386629,40,67,1885,141.62,141.62,0,0,2094,638,56,TYPE_B,7.0,Beverages,Thai
1259883,41,67,1885,141.62,141.62,0,0,1917,638,56,TYPE_B,7.0,Beverages,Thai
1360228,42,67,1885,144.59,144.59,0,0,1661,638,56,TYPE_B,7.0,Beverages,Thai
1394304,43,67,1885,143.56,145.56,0,0,1972,638,56,TYPE_B,7.0,Beverages,Thai
1025015,44,67,1885,142.59,143.59,0,0,1647,638,56,TYPE_B,7.0,Beverages,Thai
1476599,45,67,1885,141.62,142.62,0,0,2120,638,56,TYPE_B,7.0,Beverages,Thai
1263539,46,67,1885,143.59,142.59,0,0,1714,638,56,TYPE_B,7.0,Beverages,Thai
1158216,47,67,1885,144.53,146.53,0,0,1715,638,56,TYPE_B,7.0,Beverages,Thai
1238341,48,67,1885,121.28,144.53,0,0,2052,638,56,TYPE_B,7.0,Beverages,Thai
1238026,49,67,1885,121.28,144.53,0,0,2457,638,56,TYPE_B,7.0,Beverages,Thai
1036595,50,67,1885,122.28,144.53,0,0,2753,638,56,TYPE_B,7.0,Beverages,Thai
1356247,51,67,1885,122.28,145.53,0,0,2051,638,56,TYPE_B,7.0,Beverages,Thai
1176585,52,67,1885,122.28,145.53,1,1,2471,638,56,TYPE_B,7.0,Beverages,Thai
1125115,53,67,1885,121.28,145.53,1,1,3268,638,56,TYPE_B,7.0,Beverages,Thai
1445473,54,67,1885,122.28,146.53,0,1,2700,638,56,TYPE_B,7.0,Beverages,Thai
1497380,55,67,1885,120.28,146.53,0,1,2094,638,56,TYPE_B,7.0,Beverages,Thai
1237490,56,67,1885,122.28,146.53,0,0,1593,638,56,TYPE_B,7.0,Beverages,Thai
1332888,57,67,1885,144.56,145.56,0,0,2107,638,56,TYPE_B,7.0,Beverages,Thai
1484369,58,67,1885,144.53,145.56,0,1,1457,638,56,TYPE_B,7.0,Beverages,Thai
1123658,59,67,1885,144.53,144.53,0,0,1513,638,56,TYPE_B,7.0,Beverages,Thai
1315241,60,67,1885,141.62,143.62,0,0,1755,638,56,TYPE_B,7.0,Beverages,Thai
1323478,61,67,1885,139.68,141.62,0,1,2053,638,56,TYPE_B,7.0,Beverages,Thai
1358136,62,67,1885,140.65,140.65,0,0,702,638,56,TYPE_B,7.0,Beverages,Thai
1015923,63,67,1885,140.65,142.65,0,1,1580,638,56,TYPE_B,7.0,Beverages,Thai
1279194,64,67,1885,142.65,140.65,0,1,1796,638,56,TYPE_B,7.0,Beverages,Thai
1397516,65,67,1885,143.62,142.65,0,1,1997,638,56,TYPE_B,7.0,Beverages,Thai
1047702,66,67,1885,141.65,142.65,0,0,1594,638,56,TYPE_B,7.0,Beverages,Thai
1433533,67,67,1885,142.59,141.65,0,1,1944,638,56,TYPE_B,7.0,Beverages,Thai
1245089,68,67,1885,140.65,141.65,0,1,1756,638,56,TYPE_B,7.0,Beverages,Thai
1344329,69,67,1885,142.59,143.59,0,0,2093,638,56,TYPE_B,7.0,Beverages,Thai
1360956,70,67,1885,144.59,142.59,0,1,1931,638,56,TYPE_B,7.0,Beverages,Thai
1263906,71,67,1885,144.56,143.56,0,0,2053,638,56,TYPE_B,7.0,Beverages,Thai
1030220,72,67,1885,146.53,144.53,0,0,1905,638,56,TYPE_B,7.0,Beverages,Thai
1208028,73,67,1885,145.53,145.53,0,0,1959,638,56,TYPE_B,7.0,Beverages,Thai
1006390,74,67,1885,145.53,145.53,0,0,1877,638,56,TYPE_B,7.0,Beverages,Thai
1322118,75,67,1885,144.53,146.53,0,0,2039,638,56,TYPE_B,7.0,Beverages,Thai
1271441,76,67,1885,144.53,145.53,0,0,1633,638,56,TYPE_B,7.0,Beverages,Thai
1281543,77,67,1885,146.53,146.53,0,0,1904,638,56,TYPE_B,7.0,Beverages,Thai
1297154,78,67,1885,146.53,146.53,0,0,1687,638,56,TYPE_B,7.0,Beverages,Thai
1062964,79,67,1885,144.53,146.53,0,0,1297,638,56,TYPE_B,7.0,Beverages,Thai
1034324,80,67,1885,146.53,146.53,0,0,1540,638,56,TYPE_B,7.0,Beverages,Thai
1125870,81,67,1885,144.56,143.56,0,0,1458,638,56,TYPE_B,7.0,Beverages,Thai
1047490,82,67,1885,144.53,145.53,0,0,1769,638,56,TYPE_B,7.0,Beverages,Thai
1432221,83,67,1885,146.53,145.53,0,0,1716,638,56,TYPE_B,7.0,Beverages,Thai
1208246,84,67,1885,144.56,145.53,0,1,1607,638,56,TYPE_B,7.0,Beverages,Thai
1208074,85,67,1885,141.62,141.62,0,0,1754,638,56,TYPE_B,7.0,Beverages,Thai
1392165,86,67,1885,140.65,141.62,0,1,2013,638,56,TYPE_B,7.0,Beverages,Thai
1242411,87,67,1885,144.59,142.62,0,1,1781,638,56,TYPE_B,7.0,Beverages,Thai
1444136,88,67,1885,145.53,142.62,0,1,1755,638,56,TYPE_B,7.0,Beverages,Thai
1169479,89,67,1885,143.59,143.59,0,0,1634,638,56,TYPE_B,7.0,Beverages,Thai
1313415,90,67,1885,143.56,143.59,0,1,1687,638,56,TYPE_B,7.0,Beverages,Thai
1016549,91,67,1885,144.56,143.59,0,1,1444,638,56,TYPE_B,7.0,Beverages,Thai
1160671,92,67,1885,143.56,145.56,0,0,1743,638,56,TYPE_B,7.0,Beverages,Thai
1327000,93,67,1885,145.56,143.56,0,1,2012,638,56,TYPE_B,7.0,Beverages,Thai
1356869,94,67,1885,143.56,144.56,0,1,2039,638,56,TYPE_B,7.0,Beverages,Thai
1060533,95,67,1885,144.56,144.56,0,1,2120,638,56,TYPE_B,7.0,Beverages,Thai
1158481,96,67,1885,145.53,143.56,0,1,1646,638,56,TYPE_B,7.0,Beverages,Thai
1363952,97,67,1885,146.53,143.56,0,1,2079,638,56,TYPE_B,7.0,Beverages,Thai
1220157,98,67,1885,145.53,144.56,0,1,1646,638,56,TYPE_B,7.0,Beverages,Thai
1030866,99,67,1885,151.38,149.38,0,0,1567,638,56,TYPE_B,7.0,Beverages,Thai
1342880,100,67,1885,149.44,151.38,0,1,2267,638,56,TYPE_B,7.0,Beverages,Thai
1323814,101,67,1885,147.44,149.44,0,0,2807,638,56,TYPE_B,7.0,Beverages,Thai
1412843,102,67,1885,149.41,150.41,0,0,2740,638,56,TYPE_B,7.0,Beverages,Thai
1429906,103,67,1885,147.44,148.44,0,0,2512,638,56,TYPE_B,7.0,Beverages,Thai
1401639,104,67,1885,148.47,146.47,0,0,1782,638,56,TYPE_B,7.0,Beverages,Thai
1316097,105,67,1885,147.44,147.44,0,0,1971,638,56,TYPE_B,7.0,Beverages,Thai
1078678,106,67,1885,144.53,145.53,0,0,1781,638,56,TYPE_B,7.0,Beverages,Thai
1112691,107,67,1885,143.56,144.56,0,0,2066,638,56,TYPE_B,7.0,Beverages,Thai
1200305,108,67,1885,146.5,145.5,0,0,1997,638,56,TYPE_B,7.0,Beverages,Thai
1352714,109,67,1885,147.5,146.5,0,0,2267,638,56,TYPE_B,7.0,Beverages,Thai
1203665,110,67,1885,146.5,147.5,0,0,2119,638,56,TYPE_B,7.0,Beverages,Thai
1342827,111,67,1885,147.47,147.47,0,0,1376,638,56,TYPE_B,7.0,Beverages,Thai
1270563,112,67,1885,148.44,149.44,0,0,987,638,56,TYPE_B,7.0,Beverages,Thai
1226853,113,67,1885,145.5,146.5,0,0,1959,638,56,TYPE_B,7.0,Beverages,Thai
1387545,114,67,1885,149.44,147.44,0,0,1593,638,56,TYPE_B,7.0,Beverages,Thai
1037361,1,67,1993,133.86,133.86,0,0,1498,638,56,TYPE_B,7.0,Beverages,Thai
1296439,2,67,1993,135.86,133.86,0,0,1255,638,56,TYPE_B,7.0,Beverages,Thai
1151211,3,67,1993,133.86,134.86,0,0,1606,638,56,TYPE_B,7.0,Beverages,Thai
1485584,4,67,1993,134.83,135.83,0,0,1295,638,56,TYPE_B,7.0,Beverages,Thai
1456567,5,67,1993,146.53,144.53,0,0,1525,638,56,TYPE_B,7.0,Beverages,Thai
1039177,6,67,1993,145.53,144.53,0,0,1363,638,56,TYPE_B,7.0,Beverages,Thai
1424126,7,67,1993,146.53,145.53,0,0,1511,638,56,TYPE_B,7.0,Beverages,Thai
1339606,8,67,1993,145.56,144.56,0,0,1419,638,56,TYPE_B,7.0,Beverages,Thai
1010848,9,67,1993,142.59,145.56,0,1,1445,638,56,TYPE_B,7.0,Beverages,Thai
1398314,10,67,1993,144.56,145.56,0,0,2105,638,56,TYPE_B,7.0,Beverages,Thai
1388674,11,67,1993,143.56,143.56,0,1,1742,638,56,TYPE_B,7.0,Beverages,Thai
1252986,12,67,1993,145.53,145.56,0,1,2146,638,56,TYPE_B,7.0,Beverages,Thai
1445586,13,67,1993,145.56,143.56,0,1,1769,638,56,TYPE_B,7.0,Beverages,Thai
1216172,14,67,1993,146.53,144.53,0,0,1403,638,56,TYPE_B,7.0,Beverages,Thai
1417479,15,67,1993,120.34,145.53,0,0,1364,638,56,TYPE_B,7.0,Beverages,Thai
1039730,16,67,1993,122.28,146.53,0,0,1498,638,56,TYPE_B,7.0,Beverages,Thai
1153592,17,67,1993,121.31,144.53,0,0,1350,638,56,TYPE_B,7.0,Beverages,Thai
1197701,18,67,1993,120.31,144.53,0,0,1621,638,56,TYPE_B,7.0,Beverages,Thai
1338375,19,67,1993,121.25,145.53,0,0,1932,638,56,TYPE_B,7.0,Beverages,Thai
1025398,20,67,1993,121.28,146.53,0,0,1527,638,56,TYPE_B,7.0,Beverages,Thai
1438921,21,67,1993,120.28,121.28,0,0,1661,638,56,TYPE_B,7.0,Beverages,Thai
1287794,22,67,1993,120.28,120.28,0,0,1660,638,56,TYPE_B,7.0,Beverages,Thai
1169414,23,67,1993,162.96,162.96,0,0,1270,638,56,TYPE_B,7.0,Beverages,Thai
1155551,24,67,1993,162.96,162.96,0,0,1378,638,56,TYPE_B,7.0,Beverages,Thai
1341930,25,67,1993,163.99,163.99,0,0,1094,638,56,TYPE_B,7.0,Beverages,Thai
1332669,26,67,1993,161.02,163.02,0,0,1255,638,56,TYPE_B,7.0,Beverages,Thai
1463249,27,67,1993,122.25,161.02,0,0,1229,638,56,TYPE_B,7.0,Beverages,Thai
1465524,28,67,1993,122.28,162.02,0,0,1351,638,56,TYPE_B,7.0,Beverages,Thai
1298615,29,67,1993,122.28,161.02,0,0,1014,638,56,TYPE_B,7.0,Beverages,Thai
1241490,30,67,1993,122.25,163.02,0,0,1095,638,56,TYPE_B,7.0,Beverages,Thai
1274910,31,67,1993,146.53,162.02,0,0,1161,638,56,TYPE_B,7.0,Beverages,Thai
1017905,32,67,1993,146.53,162.02,0,0,1324,638,56,TYPE_B,7.0,Beverages,Thai
1282503,33,67,1993,145.53,145.53,0,0,1202,638,56,TYPE_B,7.0,Beverages,Thai
1379830,34,67,1993,146.53,144.53,0,0,1527,638,56,TYPE_B,7.0,Beverages,Thai
1025190,35,67,1993,145.53,144.53,0,0,1309,638,56,TYPE_B,7.0,Beverages,Thai
1309984,36,67,1993,146.53,144.53,0,0,1391,638,56,TYPE_B,7.0,Beverages,Thai
1217475,37,67,1993,145.56,144.56,0,0,1404,638,56,TYPE_B,7.0,Beverages,Thai
1104475,38,67,1993,144.59,143.59,0,0,1525,638,56,TYPE_B,7.0,Beverages,Thai
1492762,39,67,1993,144.53,145.53,0,0,1513,638,56,TYPE_B,7.0,Beverages,Thai
1136490,40,67,1993,142.65,141.65,0,0,1228,638,56,TYPE_B,7.0,Beverages,Thai
1196502,41,67,1993,143.62,141.62,0,0,971,638,56,TYPE_B,7.0,Beverages,Thai
1295257,42,67,1993,142.62,141.62,0,0,1108,638,56,TYPE_B,7.0,Beverages,Thai
1313544,43,67,1993,143.56,143.56,0,0,1041,638,56,TYPE_B,7.0,Beverages,Thai
1462431,44,67,1993,141.65,141.65,0,0,1094,638,56,TYPE_B,7.0,Beverages,Thai
1369440,45,67,1993,146.53,146.53,0,0,1120,638,56,TYPE_B,7.0,Beverages,Thai
1175739,46,67,1993,143.59,143.59,0,0,1350,638,56,TYPE_B,7.0,Beverages,Thai
1067603,47,67,1993,145.56,143.56,0,0,1349,638,56,TYPE_B,7.0,Beverages,Thai
1480066,48,67,1993,122.28,145.56,0,0,1338,638,56,TYPE_B,7.0,Beverages,Thai
1068851,49,67,1993,121.25,144.56,0,1,1646,638,56,TYPE_B,7.0,Beverages,Thai
1171498,50,67,1993,121.28,144.56,0,0,1716,638,56,TYPE_B,7.0,Beverages,Thai
1289440,51,67,1993,121.28,144.56,0,0,1257,638,56,TYPE_B,7.0,Beverages,Thai
1123764,52,67,1993,121.25,143.56,1,1,1661,638,56,TYPE_B,7.0,Beverages,Thai
1415684,53,67,1993,120.28,143.56,1,1,3091,638,56,TYPE_B,7.0,Beverages,Thai
1249057,54,67,1993,120.28,144.56,0,1,1499,638,56,TYPE_B,7.0,Beverages,Thai
1028444,55,67,1993,122.25,145.56,0,1,1770,638,56,TYPE_B,7.0,Beverages,Thai
1317382,56,67,1993,120.28,145.56,0,0,932,638,56,TYPE_B,7.0,Beverages,Thai
1334931,57,67,1993,144.53,146.53,0,0,1201,638,56,TYPE_B,7.0,Beverages,Thai
1384205,58,67,1993,145.5,145.53,0,1,1107,638,56,TYPE_B,7.0,Beverages,Thai
1366781,59,67,1993,146.5,147.5,0,0,892,638,56,TYPE_B,7.0,Beverages,Thai
1042650,60,67,1993,142.59,144.59,0,0,1013,638,56,TYPE_B,7.0,Beverages,Thai
1022631,61,67,1993,143.62,144.59,0,1,1066,638,56,TYPE_B,7.0,Beverages,Thai
1048525,62,67,1993,143.62,144.59,0,1,513,638,56,TYPE_B,7.0,Beverages,Thai
1062247,63,67,1993,141.65,144.59,0,1,1214,638,56,TYPE_B,7.0,Beverages,Thai
1188385,64,67,1993,143.59,144.59,0,1,879,638,56,TYPE_B,7.0,Beverages,Thai
1083356,65,67,1993,141.62,142.59,0,1,1149,638,56,TYPE_B,7.0,Beverages,Thai
1392177,66,67,1993,143.59,142.59,0,1,999,638,56,TYPE_B,7.0,Beverages,Thai
1299971,67,67,1993,145.53,143.59,0,1,1147,638,56,TYPE_B,7.0,Beverages,Thai
1046283,68,67,1993,142.59,142.59,0,1,1309,638,56,TYPE_B,7.0,Beverages,Thai
1404266,69,67,1993,143.62,142.59,0,1,1392,638,56,TYPE_B,7.0,Beverages,Thai
1229555,70,67,1993,142.59,144.59,0,1,1336,638,56,TYPE_B,7.0,Beverages,Thai
1383274,71,67,1993,145.53,144.53,0,0,1027,638,56,TYPE_B,7.0,Beverages,Thai
1018137,72,67,1993,146.53,145.53,0,0,892,638,56,TYPE_B,7.0,Beverages,Thai
1357607,73,67,1993,146.53,146.53,0,0,891,638,56,TYPE_B,7.0,Beverages,Thai
1141813,74,67,1993,144.53,145.53,0,0,1081,638,56,TYPE_B,7.0,Beverages,Thai
1461204,75,67,1993,145.53,144.53,0,0,1095,638,56,TYPE_B,7.0,Beverages,Thai
1059998,76,67,1993,147.5,147.5,0,0,987,638,56,TYPE_B,7.0,Beverages,Thai
1184792,77,67,1993,147.5,146.5,0,0,890,638,56,TYPE_B,7.0,Beverages,Thai
1392737,78,67,1993,145.53,145.53,0,0,1025,638,56,TYPE_B,7.0,Beverages,Thai
1021298,79,67,1993,144.53,144.53,0,0,864,638,56,TYPE_B,7.0,Beverages,Thai
1367253,80,67,1993,146.53,145.53,0,0,796,638,56,TYPE_B,7.0,Beverages,Thai
1412494,81,67,1993,145.53,144.53,0,0,798,638,56,TYPE_B,7.0,Beverages,Thai
1373512,82,67,1993,145.53,146.53,0,0,783,638,56,TYPE_B,7.0,Beverages,Thai
1218786,83,67,1993,145.5,145.5,0,0,782,638,56,TYPE_B,7.0,Beverages,Thai
1040920,84,67,1993,146.53,146.5,0,1,906,638,56,TYPE_B,7.0,Beverages,Thai
1472940,85,67,1993,144.56,147.5,0,1,1174,638,56,TYPE_B,7.0,Beverages,Thai
1015472,86,67,1993,142.59,146.5,0,1,1349,638,56,TYPE_B,7.0,Beverages,Thai
1012268,87,67,1993,142.62,145.5,0,1,1041,638,56,TYPE_B,7.0,Beverages,Thai
1232805,88,67,1993,144.59,145.5,0,1,1149,638,56,TYPE_B,7.0,Beverages,Thai
1335857,89,67,1993,144.59,145.5,0,1,1134,638,56,TYPE_B,7.0,Beverages,Thai
1089706,90,67,1993,144.56,147.5,0,1,1175,638,56,TYPE_B,7.0,Beverages,Thai
1490992,91,67,1993,143.56,147.5,0,1,1067,638,56,TYPE_B,7.0,Beverages,Thai
1042287,92,67,1993,140.65,146.5,0,1,1324,638,56,TYPE_B,7.0,Beverages,Thai
1301032,93,67,1993,146.53,145.5,0,1,1256,638,56,TYPE_B,7.0,Beverages,Thai
1426767,94,67,1993,143.59,146.5,0,1,2093,638,56,TYPE_B,7.0,Beverages,Thai
1246864,95,67,1993,143.56,145.5,0,1,1592,638,56,TYPE_B,7.0,Beverages,Thai
1492437,96,67,1993,146.53,146.5,0,1,1322,638,56,TYPE_B,7.0,Beverages,Thai
1019575,97,67,1993,145.56,147.5,0,1,971,638,56,TYPE_B,7.0,Beverages,Thai
1034300,98,67,1993,145.53,146.5,0,1,1175,638,56,TYPE_B,7.0,Beverages,Thai
1372778,99,67,1993,151.38,150.38,0,0,1134,638,56,TYPE_B,7.0,Beverages,Thai
1325510,100,67,1993,147.44,148.44,0,0,1390,638,56,TYPE_B,7.0,Beverages,Thai
1254746,101,67,1993,148.41,148.44,0,1,1621,638,56,TYPE_B,7.0,Beverages,Thai
1497198,102,67,1993,149.41,149.44,0,1,1581,638,56,TYPE_B,7.0,Beverages,Thai
1488279,103,67,1993,149.44,148.44,0,0,1120,638,56,TYPE_B,7.0,Beverages,Thai
1478966,104,67,1993,150.38,149.38,0,0,1067,638,56,TYPE_B,7.0,Beverages,Thai
1041503,105,67,1993,149.38,151.38,0,0,879,638,56,TYPE_B,7.0,Beverages,Thai
1405818,106,67,1993,145.53,144.53,0,0,931,638,56,TYPE_B,7.0,Beverages,Thai
1494592,107,67,1993,143.56,143.56,0,0,1337,638,56,TYPE_B,7.0,Beverages,Thai
1402606,108,67,1993,144.53,146.53,0,0,1364,638,56,TYPE_B,7.0,Beverages,Thai
1122234,109,67,1993,145.56,143.56,0,0,1134,638,56,TYPE_B,7.0,Beverages,Thai
1248310,110,67,1993,146.53,146.53,0,0,1241,638,56,TYPE_B,7.0,Beverages,Thai
1234611,111,67,1993,148.44,148.44,0,0,933,638,56,TYPE_B,7.0,Beverages,Thai
1048046,112,67,1993,150.41,149.41,0,0,446,638,56,TYPE_B,7.0,Beverages,Thai
1279702,113,67,1993,147.44,147.44,0,0,1214,638,56,TYPE_B,7.0,Beverages,Thai
1311697,114,67,1993,147.44,148.44,0,0,1311,638,56,TYPE_B,7.0,Beverages,Thai
