Data set/Center wise/Center_67_Rank6.csv
id,week,center_id,meal_id,checkout_price,base_price,emailer_for_promotion,homepage_featured,num_orders,city_code,region_code,center_type,op_area,category,cuisine
1103140,1,67,2539,134.86,135.86,0,0,324,638,56,TYPE_B,7.0,Beverages,Thai
1272382,2,67,2539,134.83,135.83,0,0,432,638,56,TYPE_B,7.0,Beverages,Thai
1426267,3,67,2539,133.89,134.89,0,0,393,638,56,TYPE_B,7.0,Beverages,Thai
1162774,4,67,2539,134.83,135.83,0,0,406,638,56,TYPE_B,7.0,Beverages,Thai
1298951,5,67,2539,143.56,144.56,0,0,298,638,56,TYPE_B,7.0,Beverages,Thai
1465634,6,67,2539,144.53,144.53,0,0,337,638,56,TYPE_B,7.0,Beverages,Thai
1137243,7,67,2539,144.56,144.56,0,0,366,638,56,TYPE_B,7.0,Beverages,Thai
1346995,8,67,2539,144.53,144.53,0,0,527,638,56,TYPE_B,7.0,Beverages,Thai
1324976,9,67,2539,134.86,133.86,0,0,379,638,56,TYPE_B,7.0,Beverages,Thai
1324401,10,67,2539,145.53,144.53,0,0,366,638,56,TYPE_B,7.0,Beverages,Thai
1170565,11,67,2539,144.59,143.59,0,0,393,638,56,TYPE_B,7.0,Beverages,Thai
1143752,12,67,2539,143.62,142.62,0,0,473,638,56,TYPE_B,7.0,Beverages,Thai
1275602,13,67,2539,147.5,146.5,0,0,338,638,56,TYPE_B,7.0,Beverages,Thai
1152233,14,67,2539,146.53,146.53,0,0,420,638,56,TYPE_B,7.0,Beverages,Thai
1175332,15,67,2539,119.34,145.53,0,0,541,638,56,TYPE_B,7.0,Beverages,Thai
1365360,16,67,2539,122.28,146.53,0,0,486,638,56,TYPE_B,7.0,Beverages,Thai
1414021,17,67,2539,120.34,146.53,0,0,622,638,56,TYPE_B,7.0,Beverages,Thai
1365505,18,67,2539,121.28,146.53,0,0,501,638,56,TYPE_B,7.0,Beverages,Thai
1009000,19,67,2539,122.25,144.53,0,0,431,638,56,TYPE_B,7.0,Beverages,Thai
1374137,20,67,2539,119.34,146.53,0,0,649,638,56,TYPE_B,7.0,Beverages,Thai
1191498,21,67,2539,120.28,121.28,0,0,676,638,56,TYPE_B,7.0,Beverages,Thai
1184885,22,67,2539,121.25,123.25,0,0,540,638,56,TYPE_B,7.0,Beverages,Thai
1171859,23,67,2539,164.96,162.96,0,0,378,638,56,TYPE_B,7.0,Beverages,Thai
1285952,24,67,2539,164.96,162.96,0,0,392,638,56,TYPE_B,7.0,Beverages,Thai
1279480,25,67,2539,163.96,163.96,0,0,418,638,56,TYPE_B,7.0,Beverages,Thai
1376052,26,67,2539,163.96,163.96,0,0,418,638,56,TYPE_B,7.0,Beverages,Thai
1328871,27,67,2539,122.25,163.96,0,0,324,638,56,TYPE_B,7.0,Beverages,Thai
1373691,28,67,2539,121.28,162.96,0,0,312,638,56,TYPE_B,7.0,Beverages,Thai
1260015,29,67,2539,122.28,164.96,0,0,379,638,56,TYPE_B,7.0,Beverages,Thai
1099250,30,67,2539,122.28,163.96,0,0,406,638,56,TYPE_B,7.0,Beverages,Thai
1290167,31,67,2539,147.5,164.96,0,0,312,638,56,TYPE_B,7.0,Beverages,Thai
1458848,32,67,2539,146.53,162.96,0,0,406,638,56,TYPE_B,7.0,Beverages,Thai
1207577,33,67,2539,145.5,145.5,0,0,392,638,56,TYPE_B,7.0,Beverages,Thai
1397589,34,67,2539,146.5,146.5,0,0,433,638,56,TYPE_B,7.0,Beverages,Thai
1463572,35,67,2539,144.56,144.56,0,0,378,638,56,TYPE_B,7.0,Beverages,Thai
1051435,36,67,2539,146.53,145.53,0,0,620,638,56,TYPE_B,7.0,Beverages,Thai
1073764,37,67,2539,145.5,145.5,0,0,338,638,56,TYPE_B,7.0,Beverages,Thai
1243354,38,67,2539,141.68,140.68,0,0,365,638,56,TYPE_B,7.0,Beverages,Thai
1426052,39,67,2539,140.71,138.71,0,0,420,638,56,TYPE_B,7.0,Beverages,Thai
1272059,40,67,2539,144.59,144.59,0,0,892,638,56,TYPE_B,7.0,Beverages,Thai
1056348,41,67,2539,143.59,142.59,0,0,865,638,56,TYPE_B,7.0,Beverages,Thai
1091954,42,67,2539,143.62,142.62,0,0,757,638,56,TYPE_B,7.0,Beverages,Thai
1315375,43,67,2539,142.62,143.62,0,0,1012,638,56,TYPE_B,7.0,Beverages,Thai
1017534,44,67,2539,145.5,145.5,0,0,486,638,56,TYPE_B,7.0,Beverages,Thai
1369623,45,67,2539,143.59,142.59,0,0,904,638,56,TYPE_B,7.0,Beverages,Thai
1287252,46,67,2539,142.62,142.62,0,0,1039,638,56,TYPE_B,7.0,Beverages,Thai
1392168,47,67,2539,143.56,143.56,0,0,810,638,56,TYPE_B,7.0,Beverages,Thai
1377883,48,67,2539,122.25,145.56,0,1,1161,638,56,TYPE_B,7.0,Beverages,Thai
1046835,49,67,2539,122.28,145.56,0,1,1417,638,56,TYPE_B,7.0,Beverages,Thai
1257670,50,67,2539,120.28,144.56,0,1,1052,638,56,TYPE_B,7.0,Beverages,Thai
1206622,51,67,2539,122.28,145.56,0,1,1053,638,56,TYPE_B,7.0,Beverages,Thai
1377614,52,67,2539,122.28,144.56,1,1,1054,638,56,TYPE_B,7.0,Beverages,Thai
1324322,53,67,2539,122.25,143.56,1,1,1824,638,56,TYPE_B,7.0,Beverages,Thai
1463613,54,67,2539,120.28,145.56,0,1,1430,638,56,TYPE_B,7.0,Beverages,Thai
1092882,55,67,2539,122.25,144.56,0,1,1457,638,56,TYPE_B,7.0,Beverages,Thai
1070286,56,67,2539,120.28,143.56,0,0,756,638,56,TYPE_B,7.0,Beverages,Thai
1226208,57,67,2539,145.53,144.53,0,0,1027,638,56,TYPE_B,7.0,Beverages,Thai
1193100,58,67,2539,145.5,144.53,0,1,661,638,56,TYPE_B,7.0,Beverages,Thai
1185195,59,67,2539,144.53,145.53,0,0,1026,638,56,TYPE_B,7.0,Beverages,Thai
1131020,60,67,2539,142.62,142.62,0,0,890,638,56,TYPE_B,7.0,Beverages,Thai
1095930,61,67,2539,143.62,142.62,0,1,1080,638,56,TYPE_B,7.0,Beverages,Thai
1146836,62,67,2539,141.62,142.62,0,1,445,638,56,TYPE_B,7.0,Beverages,Thai
1231803,63,67,2539,143.62,141.62,0,1,1161,638,56,TYPE_B,7.0,Beverages,Thai
1381614,64,67,2539,141.62,143.62,0,1,1162,638,56,TYPE_B,7.0,Beverages,Thai
1256978,65,67,2539,143.56,143.62,0,1,1257,638,56,TYPE_B,7.0,Beverages,Thai
1204741,66,67,2539,144.56,143.56,0,0,985,638,56,TYPE_B,7.0,Beverages,Thai
1393842,67,67,2539,144.53,144.56,0,1,1230,638,56,TYPE_B,7.0,Beverages,Thai
1381856,68,67,2539,143.59,144.56,0,1,1363,638,56,TYPE_B,7.0,Beverages,Thai
1042087,69,67,2539,142.59,143.56,0,1,1284,638,56,TYPE_B,7.0,Beverages,Thai
1089523,70,67,2539,146.53,143.56,0,1,1079,638,56,TYPE_B,7.0,Beverages,Thai
1477570,71,67,2539,146.53,144.53,0,0,1269,638,56,TYPE_B,7.0,Beverages,Thai
1194013,72,67,2539,144.56,145.56,0,0,1365,638,56,TYPE_B,7.0,Beverages,Thai
1111208,73,67,2539,147.5,147.5,0,0,1309,638,56,TYPE_B,7.0,Beverages,Thai
1377952,74,67,2539,144.53,146.53,0,0,1147,638,56,TYPE_B,7.0,Beverages,Thai
1224818,75,67,2539,146.53,145.53,0,0,1068,638,56,TYPE_B,7.0,Beverages,Thai
1410100,76,67,2539,146.53,146.53,0,0,1041,638,56,TYPE_B,7.0,Beverages,Thai
1126213,77,67,2539,146.5,147.5,0,0,1120,638,56,TYPE_B,7.0,Beverages,Thai
1287152,78,67,2539,146.53,146.53,0,0,971,638,56,TYPE_B,7.0,Beverages,Thai
1431504,79,67,2539,142.59,143.59,0,0,933,638,56,TYPE_B,7.0,Beverages,Thai
1470991,80,67,2539,146.53,146.53,0,0,1025,638,56,TYPE_B,7.0,Beverages,Thai
1251957,81,67,2539,144.56,144.56,0,0,1027,638,56,TYPE_B,7.0,Beverages,Thai
1251044,82,67,2539,146.5,145.5,0,0,1079,638,56,TYPE_B,7.0,Beverages,Thai
1032529,83,67,2539,145.53,146.53,0,0,972,638,56,TYPE_B,7.0,Beverages,Thai
1154111,84,67,2539,144.53,145.53,0,1,1203,638,56,TYPE_B,7.0,Beverages,Thai
1462595,85,67,2539,142.59,146.53,0,1,1296,638,56,TYPE_B,7.0,Beverages,Thai
1284044,86,67,2539,144.53,144.53,0,1,1378,638,56,TYPE_B,7.0,Beverages,Thai
1399586,87,67,2539,143.59,144.53,0,1,1108,638,56,TYPE_B,7.0,Beverages,Thai
1249385,88,67,2539,145.53,144.53,0,1,1187,638,56,TYPE_B,7.0,Beverages,Thai
1047617,89,67,2539,144.56,145.53,0,1,1418,638,56,TYPE_B,7.0,Beverages,Thai
1271756,90,67,2539,142.59,145.53,0,1,1147,638,56,TYPE_B,7.0,Beverages,Thai
1028579,91,67,2539,146.53,144.53,0,1,1324,638,56,TYPE_B,7.0,Beverages,Thai
1379851,92,67,2539,143.56,146.53,0,1,1241,638,56,TYPE_B,7.0,Beverages,Thai
1498215,93,67,2539,144.56,146.53,0,1,1392,638,56,TYPE_B,7.0,Beverages,Thai
1223863,94,67,2539,145.56,146.53,0,1,2026,638,56,TYPE_B,7.0,Beverages,Thai
1324875,95,67,2539,144.56,145.53,0,1,1525,638,56,TYPE_B,7.0,Beverages,Thai
1039301,96,67,2539,146.53,146.53,0,1,1295,638,56,TYPE_B,7.0,Beverages,Thai
1423225,97,67,2539,145.53,145.53,0,1,1134,638,56,TYPE_B,7.0,Beverages,Thai
1333338,98,67,2539,145.53,144.53,0,1,1148,638,56,TYPE_B,7.0,Beverages,Thai
1430263,99,67,2539,149.38,145.53,0,1,1351,638,56,TYPE_B,7.0,Beverages,Thai
1475162,100,67,2539,147.44,146.53,0,1,1350,638,56,TYPE_B,7.0,Beverages,Thai
1472524,101,67,2539,147.44,145.53,0,1,1634,638,56,TYPE_B,7.0,Beverages,Thai
1164691,102,67,2539,150.41,145.53,0,1,1471,638,56,TYPE_B,7.0,Beverages,Thai
1111425,103,67,2539,143.56,145.53,0,1,1201,638,56,TYPE_B,7.0,Beverages,Thai
1320483,104,67,2539,148.47,148.47,0,0,1311,638,56,TYPE_B,7.0,Beverages,Thai
1483551,105,67,2539,151.38,151.38,0,0,1012,638,56,TYPE_B,7.0,Beverages,Thai
1203646,106,67,2539,144.53,146.53,0,0,1133,638,56,TYPE_B,7.0,Beverages,Thai
1136109,107,67,2539,144.53,146.53,0,0,825,638,56,TYPE_B,7.0,Beverages,Thai
1321795,108,67,2539,148.44,149.44,0,0,635,638,56,TYPE_B,7.0,Beverages,Thai
1437277,109,67,2539,142.62,143.62,0,0,729,638,56,TYPE_B,7.0,Beverages,Thai
1122571,110,67,2539,151.38,150.38,0,0,431,638,56,TYPE_B,7.0,Beverages,Thai
1163165,111,67,2539,148.41,148.41,0,0,298,638,56,TYPE_B,7.0,Beverages,Thai
1416139,112,67,2539,151.38,151.38,0,0,298,638,56,TYPE_B,7.0,Beverages,Thai
1369193,113,67,2539,148.47,146.47,0,0,675,638,56,TYPE_B,7.0,Beverages,Thai
1205032,114,67,2539,147.44,148.44,0,0,609,638,56,TYPE_B,7.0,Beverages,Thai
1312791,1,67,2139,332.71,437.53,0,0,136,638,56,TYPE_B,7.0,Beverages,Indian
1377279,2,67,2139,330.77,437.53,0,0,55,638,56,TYPE_B,7.0,Beverages,Indian
1082341,3,67,2139,305.55,435.53,0,0,13,638,56,TYPE_B,7.0,Beverages,Indian
1309931,4,67,2139,341.5,436.53,0,0,54,638,56,TYPE_B,7.0,Beverages,Indian
1423044,6,67,2139,436.53,436.53,0,0,14,638,56,TYPE_B,7.0,Beverages,Indian
1305408,7,67,2139,437.53,436.53,0,0,54,638,56,TYPE_B,7.0,Beverages,Indian
1441325,9,67,2139,380.24,435.53,0,0,82,638,56,TYPE_B,7.0,Beverages,Indian
1283035,10,67,2139,401.64,400.64,0,0,54,638,56,TYPE_B,7.0,Beverages,Indian
1086461,11,67,2139,387.03,387.03,0,0,40,638,56,TYPE_B,7.0,Beverages,Indian
1492066,12,67,2139,387.03,388.03,0,0,28,638,56,TYPE_B,7.0,Beverages,Indian
1164442,13,67,2139,435.53,436.53,0,0,27,638,56,TYPE_B,7.0,Beverages,Indian
1337966,14,67,2139,436.53,437.53,0,0,14,638,56,TYPE_B,7.0,Beverages,Indian
1188778,15,67,2139,436.53,436.53,0,0,15,638,56,TYPE_B,7.0,Beverages,Indian
1064961,16,67,2139,421.98,422.98,0,0,41,638,56,TYPE_B,7.0,Beverages,Indian
1014947,19,67,2139,422.98,420.98,0,0,40,638,56,TYPE_B,7.0,Beverages,Indian
1071135,21,67,2139,322.1,422.98,0,0,80,638,56,TYPE_B,7.0,Beverages,Indian
1239457,22,67,2139,296.82,420.98,0,0,40,638,56,TYPE_B,7.0,Beverages,Indian
1046490,23,67,2139,298.82,422.98,0,0,81,638,56,TYPE_B,7.0,Beverages,Indian
1370027,24,67,2139,297.82,420.98,0,0,28,638,56,TYPE_B,7.0,Beverages,Indian
1451283,25,67,2139,296.82,422.98,0,0,40,638,56,TYPE_B,7.0,Beverages,Indian
1461039,26,67,2139,298.82,420.98,0,0,27,638,56,TYPE_B,7.0,Beverages,Indian
1240030,27,67,2139,298.82,296.82,0,0,26,638,56,TYPE_B,7.0,Beverages,Indian
1022897,28,67,2139,293.0,291.0,0,0,13,638,56,TYPE_B,7.0,Beverages,Indian
1246854,29,67,2139,286.18,286.18,0,0,69,638,56,TYPE_B,7.0,Beverages,Indian
1258666,30,67,2139,288.12,289.12,0,0,94,638,56,TYPE_B,7.0,Beverages,Indian
1146006,31,67,2139,293.0,291.0,0,0,55,638,56,TYPE_B,7.0,Beverages,Indian
1259349,32,67,2139,287.12,289.12,0,0,94,638,56,TYPE_B,7.0,Beverages,Indian
1178547,33,67,2139,291.06,289.06,0,0,54,638,56,TYPE_B,7.0,Beverages,Indian
1481634,34,67,2139,297.82,296.82,0,0,69,638,56,TYPE_B,7.0,Beverages,Indian
1475131,35,67,2139,298.82,298.82,0,0,40,638,56,TYPE_B,7.0,Beverages,Indian
1294519,36,67,2139,297.82,296.82,0,0,40,638,56,TYPE_B,7.0,Beverages,Indian
1171563,37,67,2139,283.27,284.27,0,0,54,638,56,TYPE_B,7.0,Beverages,Indian
1362390,38,67,2139,297.82,297.82,0,0,53,638,56,TYPE_B,7.0,Beverages,Indian
1096265,39,67,2139,282.27,282.27,0,0,53,638,56,TYPE_B,7.0,Beverages,Indian
1012587,40,67,2139,298.82,298.82,0,0,41,638,56,TYPE_B,7.0,Beverages,Indian
1171319,41,67,2139,296.82,296.82,0,0,54,638,56,TYPE_B,7.0,Beverages,Indian
1363766,42,67,2139,298.82,297.82,0,0,40,638,56,TYPE_B,7.0,Beverages,Indian
1069082,43,67,2139,296.82,298.82,0,0,42,638,56,TYPE_B,7.0,Beverages,Indian
1434367,44,67,2139,298.82,296.82,0,0,81,638,56,TYPE_B,7.0,Beverages,Indian
1179914,45,67,2139,288.12,288.12,0,0,40,638,56,TYPE_B,7.0,Beverages,Indian
1461753,46,67,2139,297.82,296.82,0,0,55,638,56,TYPE_B,7.0,Beverages,Indian
1091671,47,67,2139,298.82,298.82,0,0,54,638,56,TYPE_B,7.0,Beverages,Indian
1435157,48,67,2139,296.82,298.82,0,0,26,638,56,TYPE_B,7.0,Beverages,Indian
1177653,49,67,2139,298.82,296.82,0,0,53,638,56,TYPE_B,7.0,Beverages,Indian
1181576,50,67,2139,291.0,292.0,0,0,67,638,56,TYPE_B,7.0,Beverages,Indian
1244363,51,67,2139,297.82,298.82,0,0,68,638,56,TYPE_B,7.0,Beverages,Indian
1085832,52,67,2139,290.09,288.09,0,0,135,638,56,TYPE_B,7.0,Beverages,Indian
1364367,53,67,2139,296.82,296.82,0,0,95,638,56,TYPE_B,7.0,Beverages,Indian
1168804,54,67,2139,296.82,297.82,0,0,40,638,56,TYPE_B,7.0,Beverages,Indian
1363540,55,67,2139,298.82,296.82,0,0,54,638,56,TYPE_B,7.0,Beverages,Indian
1359506,56,67,2139,298.82,298.82,0,0,69,638,56,TYPE_B,7.0,Beverages,Indian
1155112,57,67,2139,289.12,289.12,0,0,41,638,56,TYPE_B,7.0,Beverages,Indian
1496604,58,67,2139,297.82,298.82,0,0,13,638,56,TYPE_B,7.0,Beverages,Indian
1216895,59,67,2139,286.18,285.18,0,0,53,638,56,TYPE_B,7.0,Beverages,Indian
1166568,60,67,2139,296.82,296.82,0,0,55,638,56,TYPE_B,7.0,Beverages,Indian
1165259,61,67,2139,298.82,296.82,0,0,40,638,56,TYPE_B,7.0,Beverages,Indian
1371476,62,67,2139,290.03,290.03,0,0,67,638,56,TYPE_B,7.0,Beverages,Indian
1414461,63,67,2139,292.03,291.03,0,0,81,638,56,TYPE_B,7.0,Beverages,Indian
1281248,64,67,2139,292.03,292.03,0,1,108,638,56,TYPE_B,7.0,Beverages,Indian
1131489,65,67,2139,291.03,292.03,0,1,67,638,56,TYPE_B,7.0,Beverages,Indian
1382051,66,67,2139,283.24,291.03,0,1,55,638,56,TYPE_B,7.0,Beverages,Indian
1305759,67,67,2139,280.33,280.33,0,0,42,638,56,TYPE_B,7.0,Beverages,Indian
1428072,68,67,2139,291.03,290.03,0,0,55,638,56,TYPE_B,7.0,Beverages,Indian
1386438,69,67,2139,291.03,290.03,0,0,81,638,56,TYPE_B,7.0,Beverages,Indian
1367220,70,67,2139,292.03,292.03,0,0,149,638,56,TYPE_B,7.0,Beverages,Indian
1286082,71,67,2139,291.03,290.03,0,0,55,638,56,TYPE_B,7.0,Beverages,Indian
1385136,72,67,2139,291.03,291.03,0,0,81,638,56,TYPE_B,7.0,Beverages,Indian
1407896,73,67,2139,292.03,292.03,0,0,54,638,56,TYPE_B,7.0,Beverages,Indian
1289897,74,67,2139,290.03,290.03,0,0,81,638,56,TYPE_B,7.0,Beverages,Indian
1247928,75,67,2139,288.15,288.15,0,0,94,638,56,TYPE_B,7.0,Beverages,Indian
1252820,76,67,2139,292.03,290.03,0,0,81,638,56,TYPE_B,7.0,Beverages,Indian
1457819,77,67,2139,309.49,308.49,0,0,82,638,56,TYPE_B,7.0,Beverages,Indian
1272220,78,67,2139,308.49,309.49,0,0,53,638,56,TYPE_B,7.0,Beverages,Indian
1439381,79,67,2139,309.49,307.49,0,0,26,638,56,TYPE_B,7.0,Beverages,Indian
1494792,80,67,2139,292.97,293.97,0,0,26,638,56,TYPE_B,7.0,Beverages,Indian
1386294,81,67,2139,307.49,309.49,0,0,82,638,56,TYPE_B,7.0,Beverages,Indian
1243490,82,67,2139,309.49,308.49,0,0,68,638,56,TYPE_B,7.0,Beverages,Indian
1234310,83,67,2139,309.49,308.49,0,0,67,638,56,TYPE_B,7.0,Beverages,Indian
1467499,84,67,2139,297.82,298.82,0,0,82,638,56,TYPE_B,7.0,Beverages,Indian
1270258,85,67,2139,307.49,308.49,0,0,42,638,56,TYPE_B,7.0,Beverages,Indian
1197441,86,67,2139,309.49,307.49,0,0,95,638,56,TYPE_B,7.0,Beverages,Indian
1117025,87,67,2139,302.64,302.64,0,0,82,638,56,TYPE_B,7.0,Beverages,Indian
1179360,88,67,2139,307.49,307.49,0,0,69,638,56,TYPE_B,7.0,Beverages,Indian
1064211,89,67,2139,309.49,307.49,0,0,40,638,56,TYPE_B,7.0,Beverages,Indian
1362666,90,67,2139,291.97,292.97,0,0,26,638,56,TYPE_B,7.0,Beverages,Indian
1242434,91,67,2139,308.49,309.49,0,0,40,638,56,TYPE_B,7.0,Beverages,Indian
1127541,92,67,2139,297.82,298.82,0,0,42,638,56,TYPE_B,7.0,Beverages,Indian
1284657,93,67,2139,309.49,308.49,0,0,54,638,56,TYPE_B,7.0,Beverages,Indian
1101081,94,67,2139,309.49,309.49,0,0,42,638,56,TYPE_B,7.0,Beverages,Indian
1385048,95,67,2139,309.49,308.49,0,0,28,638,56,TYPE_B,7.0,Beverages,Indian
1468114,96,67,2139,307.49,308.49,0,0,67,638,56,TYPE_B,7.0,Beverages,Indian
1249600,97,67,2139,309.49,308.49,0,0,82,638,56,TYPE_B,7.0,Beverages,Indian
1460513,98,67,2139,309.49,309.49,0,0,15,638,56,TYPE_B,7.0,Beverages,Indian
1188248,99,67,2139,309.49,309.49,0,0,40,638,56,TYPE_B,7.0,Beverages,Indian
1376251,100,67,2139,309.49,307.49,0,0,42,638,56,TYPE_B,7.0,Beverages,Indian
1083224,101,67,2139,307.49,309.49,0,0,108,638,56,TYPE_B,7.0,Beverages,Indian
1140227,102,67,2139,307.49,308.49,0,0,15,638,56,TYPE_B,7.0,Beverages,Indian
1343409,104,67,2139,291.03,290.03,0,0,53,638,56,TYPE_B,7.0,Beverages,Indian
1086309,105,67,2139,292.03,290.03,0,0,55,638,56,TYPE_B,7.0,Beverages,Indian
1260717,106,67,2139,291.03,290.03,0,0,69,638,56,TYPE_B,7.0,Beverages,Indian
1424508,107,67,2139,286.18,285.18,0,0,81,638,56,TYPE_B,7.0,Beverages,Indian
1020855,108,67,2139,290.03,290.03,0,0,123,638,56,TYPE_B,7.0,Beverages,Indian
1141088,109,67,2139,309.49,309.49,0,0,68,638,56,TYPE_B,7.0,Beverages,Indian
1460423,110,67,2139,308.49,307.49,0,0,28,638,56,TYPE_B,7.0,Beverages,Indian
1434990,111,67,2139,309.49,309.49,0,0,42,638,56,TYPE_B,7.0,Beverages,Indian
1298240,112,67,2139,307.49,307.49,0,0,95,638,56,TYPE_B,7.0,Beverages,Indian
1094793,113,67,2139,307.49,308.49,0,0,53,638,56,TYPE_B,7.0,Beverages,Indian
1015745,114,67,2139,303.67,303.67,0,0,68,638,56,TYPE_B,7.0,Beverages,Indian
