Data set/Center wise/Center_67_Rank6.csv
id,week,center_id,meal_id,checkout_price,base_price,emailer_for_promotion,homepage_featured,num_orders,city_code,region_code,center_type,op_area,category,cuisine
1128514,1,67,2631,253.23,253.23,0,0,53,638,56,TYPE_B,7.0,Beverages,Indian
1335540,2,67,2631,97.0,252.23,1,1,366,638,56,TYPE_B,7.0,Beverages,Indian
1314928,3,67,2631,98.03,252.23,0,0,215,638,56,TYPE_B,7.0,Beverages,Indian
1263336,4,67,2631,93.15,251.23,0,0,109,638,56,TYPE_B,7.0,Beverages,Indian
1190438,5,67,2631,95.06,252.23,0,0,311,638,56,TYPE_B,7.0,Beverages,Indian
1017929,6,67,2631,251.23,251.23,0,0,41,638,56,TYPE_B,7.0,Beverages,Indian
1180566,8,67,2631,251.23,253.23,0,0,14,638,56,TYPE_B,7.0,Beverages,Indian
1447244,9,67,2631,226.01,251.23,0,0,13,638,56,TYPE_B,7.0,Beverages,Indian
1455376,10,67,2631,251.23,253.23,0,0,26,638,56,TYPE_B,7.0,Beverages,Indian
1130462,11,67,2631,238.62,240.62,0,0,28,638,56,TYPE_B,7.0,Beverages,Indian
1208265,12,67,2631,251.23,251.23,0,0,55,638,56,TYPE_B,7.0,Beverages,Indian
1332748,13,67,2631,246.41,247.41,0,0,55,638,56,TYPE_B,7.0,Beverages,Indian
1207097,15,67,2631,98.03,245.41,1,0,121,638,56,TYPE_B,7.0,Beverages,Indian
1442964,16,67,2631,97.0,245.41,0,0,230,638,56,TYPE_B,7.0,Beverages,Indian
1210669,17,67,2631,96.03,245.41,0,0,230,638,56,TYPE_B,7.0,Beverages,Indian
1347754,18,67,2631,86.33,247.41,0,0,257,638,56,TYPE_B,7.0,Beverages,Indian
1484792,19,67,2631,245.41,246.41,0,0,107,638,56,TYPE_B,7.0,Beverages,Indian
1268117,20,67,2631,251.23,251.23,0,0,15,638,56,TYPE_B,7.0,Beverages,Indian
1015205,21,67,2631,162.02,253.23,0,0,94,638,56,TYPE_B,7.0,Beverages,Indian
1161992,22,67,2631,154.26,251.23,0,0,42,638,56,TYPE_B,7.0,Beverages,Indian
1052596,23,67,2631,138.71,251.23,1,0,94,638,56,TYPE_B,7.0,Beverages,Indian
1489614,24,67,2631,136.77,252.23,0,0,149,638,56,TYPE_B,7.0,Beverages,Indian
1432002,25,67,2631,155.26,253.23,0,0,67,638,56,TYPE_B,7.0,Beverages,Indian
1316533,26,67,2631,155.26,251.23,0,0,55,638,56,TYPE_B,7.0,Beverages,Indian
1245074,27,67,2631,153.26,252.23,0,0,96,638,56,TYPE_B,7.0,Beverages,Indian
1028781,28,67,2631,151.32,152.32,0,0,95,638,56,TYPE_B,7.0,Beverages,Indian
1198061,29,67,2631,155.26,153.26,0,0,54,638,56,TYPE_B,7.0,Beverages,Indian
1277377,30,67,2631,153.32,151.32,0,0,94,638,56,TYPE_B,7.0,Beverages,Indian
1111453,31,67,2631,154.26,154.26,0,0,108,638,56,TYPE_B,7.0,Beverages,Indian
1033209,32,67,2631,155.26,155.26,0,0,69,638,56,TYPE_B,7.0,Beverages,Indian
1300580,33,67,2631,154.26,155.26,0,0,53,638,56,TYPE_B,7.0,Beverages,Indian
1359270,34,67,2631,150.35,150.35,0,0,80,638,56,TYPE_B,7.0,Beverages,Indian
1485330,35,67,2631,153.26,153.26,0,0,54,638,56,TYPE_B,7.0,Beverages,Indian
1362736,36,67,2631,152.35,152.35,0,0,69,638,56,TYPE_B,7.0,Beverages,Indian
1141831,37,67,2631,148.41,149.41,0,0,42,638,56,TYPE_B,7.0,Beverages,Indian
1401499,38,67,2631,154.26,154.26,0,0,41,638,56,TYPE_B,7.0,Beverages,Indian
1255950,39,67,2631,155.26,153.26,0,0,81,638,56,TYPE_B,7.0,Beverages,Indian
1165136,40,67,2631,154.26,155.26,0,0,67,638,56,TYPE_B,7.0,Beverages,Indian
1477294,41,67,2631,155.26,155.26,0,0,55,638,56,TYPE_B,7.0,Beverages,Indian
1041381,42,67,2631,154.26,153.26,0,0,134,638,56,TYPE_B,7.0,Beverages,Indian
1121333,43,67,2631,153.26,153.26,0,0,55,638,56,TYPE_B,7.0,Beverages,Indian
1045737,44,67,2631,151.35,152.35,0,0,69,638,56,TYPE_B,7.0,Beverages,Indian
1276516,45,67,2631,153.26,154.26,0,0,69,638,56,TYPE_B,7.0,Beverages,Indian
1288490,46,67,2631,146.5,146.5,0,0,53,638,56,TYPE_B,7.0,Beverages,Indian
1153918,47,67,2631,153.26,154.26,0,0,150,638,56,TYPE_B,7.0,Beverages,Indian
1043346,48,67,2631,151.35,151.35,0,0,69,638,56,TYPE_B,7.0,Beverages,Indian
1131896,49,67,2631,152.35,150.35,0,0,69,638,56,TYPE_B,7.0,Beverages,Indian
1420611,50,67,2631,153.26,155.26,0,0,28,638,56,TYPE_B,7.0,Beverages,Indian
1309656,51,67,2631,153.26,153.26,0,0,42,638,56,TYPE_B,7.0,Beverages,Indian
1360905,52,67,2631,154.26,154.26,0,0,41,638,56,TYPE_B,7.0,Beverages,Indian
1384494,53,67,2631,153.32,153.32,0,0,109,638,56,TYPE_B,7.0,Beverages,Indian
1156725,54,67,2631,155.26,155.26,0,0,54,638,56,TYPE_B,7.0,Beverages,Indian
1465916,55,67,2631,152.35,150.35,0,0,136,638,56,TYPE_B,7.0,Beverages,Indian
1279420,57,67,2631,152.32,152.32,0,0,122,638,56,TYPE_B,7.0,Beverages,Indian
1169919,58,67,2631,153.32,151.32,0,0,96,638,56,TYPE_B,7.0,Beverages,Indian
1271474,59,67,2631,154.26,155.26,0,0,68,638,56,TYPE_B,7.0,Beverages,Indian
1496456,60,67,2631,151.35,151.35,0,0,68,638,56,TYPE_B,7.0,Beverages,Indian
1285347,61,67,2631,153.26,153.26,0,0,68,638,56,TYPE_B,7.0,Beverages,Indian
1376407,62,67,2631,155.26,155.26,0,0,67,638,56,TYPE_B,7.0,Beverages,Indian
1010060,63,67,2631,139.74,154.26,0,0,13,638,56,TYPE_B,7.0,Beverages,Indian
1023694,64,67,2631,154.26,154.26,0,0,68,638,56,TYPE_B,7.0,Beverages,Indian
1020132,65,67,2631,153.32,151.32,0,0,123,638,56,TYPE_B,7.0,Beverages,Indian
1189495,66,67,2631,155.26,155.26,0,0,28,638,56,TYPE_B,7.0,Beverages,Indian
1307968,67,67,2631,153.26,154.26,0,0,54,638,56,TYPE_B,7.0,Beverages,Indian
1241282,68,67,2631,98.03,155.26,1,0,323,638,56,TYPE_B,7.0,Beverages,Indian
1229060,69,67,2631,97.0,155.26,0,1,135,638,56,TYPE_B,7.0,Beverages,Indian
1342454,70,67,2631,97.0,153.26,0,1,80,638,56,TYPE_B,7.0,Beverages,Indian
1413656,71,67,2631,99.0,155.26,0,1,162,638,56,TYPE_B,7.0,Beverages,Indian
1432348,72,67,2631,145.5,155.26,0,1,122,638,56,TYPE_B,7.0,Beverages,Indian
1148127,73,67,2631,150.38,149.38,0,0,54,638,56,TYPE_B,7.0,Beverages,Indian
1397935,74,67,2631,153.26,151.38,0,1,53,638,56,TYPE_B,7.0,Beverages,Indian
1335198,75,67,2631,150.41,151.38,0,1,80,638,56,TYPE_B,7.0,Beverages,Indian
1291015,76,67,2631,154.26,149.38,0,1,67,638,56,TYPE_B,7.0,Beverages,Indian
1498083,77,67,2631,99.0,151.38,0,0,95,638,56,TYPE_B,7.0,Beverages,Indian
1247048,78,67,2631,99.0,151.38,0,0,163,638,56,TYPE_B,7.0,Beverages,Indian
1269633,79,67,2631,95.12,150.38,0,0,135,638,56,TYPE_B,7.0,Beverages,Indian
1253689,80,67,2631,96.03,150.38,0,0,230,638,56,TYPE_B,7.0,Beverages,Indian
1443918,81,67,2631,149.41,148.41,0,0,27,638,56,TYPE_B,7.0,Beverages,Indian
1400572,82,67,2631,150.41,149.41,0,0,42,638,56,TYPE_B,7.0,Beverages,Indian
1184224,83,67,2631,153.26,154.26,0,0,40,638,56,TYPE_B,7.0,Beverages,Indian
1337068,84,67,2631,155.26,154.26,0,0,26,638,56,TYPE_B,7.0,Beverages,Indian
1412803,85,67,2631,98.03,154.26,1,0,269,638,56,TYPE_B,7.0,Beverages,Indian
1223241,86,67,2631,96.03,154.26,0,0,108,638,56,TYPE_B,7.0,Beverages,Indian
1181334,87,67,2631,99.0,154.26,0,0,204,638,56,TYPE_B,7.0,Beverages,Indian
1074484,88,67,2631,97.0,154.26,0,0,96,638,56,TYPE_B,7.0,Beverages,Indian
1407707,89,67,2631,97.0,155.26,0,0,217,638,56,TYPE_B,7.0,Beverages,Indian
1124390,90,67,2631,154.26,155.26,0,0,95,638,56,TYPE_B,7.0,Beverages,Indian
1414608,91,67,2631,151.32,152.32,0,0,95,638,56,TYPE_B,7.0,Beverages,Indian
1135409,92,67,2631,155.26,154.26,0,0,95,638,56,TYPE_B,7.0,Beverages,Indian
1390860,93,67,2631,154.29,154.29,0,0,203,638,56,TYPE_B,7.0,Beverages,Indian
1217850,94,67,2631,153.26,155.26,0,0,80,638,56,TYPE_B,7.0,Beverages,Indian
1224043,95,67,2631,155.26,154.26,0,0,96,638,56,TYPE_B,7.0,Beverages,Indian
1119682,96,67,2631,153.26,154.26,0,0,94,638,56,TYPE_B,7.0,Beverages,Indian
1107584,97,67,2631,151.32,152.32,0,0,108,638,56,TYPE_B,7.0,Beverages,Indian
1310922,98,67,2631,153.26,154.26,0,0,96,638,56,TYPE_B,7.0,Beverages,Indian
1340856,99,67,2631,154.26,153.26,0,0,82,638,56,TYPE_B,7.0,Beverages,Indian
1445977,100,67,2631,99.0,155.26,0,0,94,638,56,TYPE_B,7.0,Beverages,Indian
1132326,101,67,2631,97.03,153.26,0,0,244,638,56,TYPE_B,7.0,Beverages,Indian
1354923,102,67,2631,98.0,154.26,0,0,269,638,56,TYPE_B,7.0,Beverages,Indian
1060755,104,67,2631,95.06,153.26,0,0,96,638,56,TYPE_B,7.0,Beverages,Indian
1081251,105,67,2631,95.09,155.26,0,0,203,638,56,TYPE_B,7.0,Beverages,Indian
1493690,106,67,2631,150.41,149.41,0,0,41,638,56,TYPE_B,7.0,Beverages,Indian
1139131,107,67,2631,153.32,151.32,0,0,109,638,56,TYPE_B,7.0,Beverages,Indian
1424455,108,67,2631,155.26,155.26,0,0,109,638,56,TYPE_B,7.0,Beverages,Indian
1083700,109,67,2631,153.26,153.26,0,0,68,638,56,TYPE_B,7.0,Beverages,Indian
1182206,110,67,2631,153.26,153.26,0,0,42,638,56,TYPE_B,7.0,Beverages,Indian
1279355,111,67,2631,153.26,154.26,0,0,13,638,56,TYPE_B,7.0,Beverages,Indian
1114427,112,67,2631,152.32,151.32,0,0,94,638,56,TYPE_B,7.0,Beverages,Indian
1302329,113,67,2631,151.35,152.35,0,0,189,638,56,TYPE_B,7.0,Beverages,Indian
1160524,114,67,2631,155.26,153.26,0,0,28,638,56,TYPE_B,7.0,Beverages,Indian
1132348,1,67,1248,251.23,253.23,0,0,26,638,56,TYPE_B,7.0,Beverages,Indian
1172825,2,67,1248,95.06,253.23,1,1,796,638,56,TYPE_B,7.0,Beverages,Indian
1158884,3,67,1248,97.0,251.23,0,1,215,638,56,TYPE_B,7.0,Beverages,Indian
1059710,4,67,1248,98.0,251.23,0,0,337,638,56,TYPE_B,7.0,Beverages,Indian
1059025,5,67,1248,108.64,253.23,0,0,177,638,56,TYPE_B,7.0,Beverages,Indian
1049509,6,67,1248,248.35,248.35,0,0,82,638,56,TYPE_B,7.0,Beverages,Indian
1471113,7,67,1248,246.41,247.41,0,0,14,638,56,TYPE_B,7.0,Beverages,Indian
1080616,8,67,1248,248.38,248.38,0,0,54,638,56,TYPE_B,7.0,Beverages,Indian
1309437,9,67,1248,252.23,251.23,0,0,41,638,56,TYPE_B,7.0,Beverages,Indian
1221602,10,67,1248,253.23,253.23,0,0,26,638,56,TYPE_B,7.0,Beverages,Indian
1188667,11,67,1248,247.38,248.38,0,0,69,638,56,TYPE_B,7.0,Beverages,Indian
1397492,12,67,1248,251.23,251.23,0,0,28,638,56,TYPE_B,7.0,Beverages,Indian
1074814,13,67,1248,251.23,251.23,0,0,14,638,56,TYPE_B,7.0,Beverages,Indian
1454510,14,67,1248,253.23,251.23,0,0,26,638,56,TYPE_B,7.0,Beverages,Indian
1236145,15,67,1248,103.82,251.23,1,0,339,638,56,TYPE_B,7.0,Beverages,Indian
1166897,16,67,1248,99.0,252.23,0,0,204,638,56,TYPE_B,7.0,Beverages,Indian
1106957,17,67,1248,97.0,252.23,0,0,162,638,56,TYPE_B,7.0,Beverages,Indian
1129535,18,67,1248,96.06,251.23,0,0,177,638,56,TYPE_B,7.0,Beverages,Indian
1006388,20,67,1248,251.23,251.23,0,0,14,638,56,TYPE_B,7.0,Beverages,Indian
1421068,21,67,1248,154.26,253.23,0,0,55,638,56,TYPE_B,7.0,Beverages,Indian
1442214,22,67,1248,153.26,253.23,0,0,68,638,56,TYPE_B,7.0,Beverages,Indian
1304765,23,67,1248,154.26,251.23,1,0,95,638,56,TYPE_B,7.0,Beverages,Indian
1012080,24,67,1248,155.26,252.23,0,0,54,638,56,TYPE_B,7.0,Beverages,Indian
1482417,25,67,1248,155.26,251.23,0,0,26,638,56,TYPE_B,7.0,Beverages,Indian
1260795,26,67,1248,153.26,252.23,0,0,80,638,56,TYPE_B,7.0,Beverages,Indian
1227507,27,67,1248,155.26,252.23,0,0,69,638,56,TYPE_B,7.0,Beverages,Indian
1343916,28,67,1248,154.26,155.26,0,0,41,638,56,TYPE_B,7.0,Beverages,Indian
1453352,29,67,1248,154.26,155.26,0,0,53,638,56,TYPE_B,7.0,Beverages,Indian
1398774,30,67,1248,150.41,150.41,0,0,42,638,56,TYPE_B,7.0,Beverages,Indian
1185491,31,67,1248,154.26,153.26,0,0,42,638,56,TYPE_B,7.0,Beverages,Indian
1278713,32,67,1248,154.26,153.26,0,0,148,638,56,TYPE_B,7.0,Beverages,Indian
1227224,33,67,1248,153.26,153.26,0,0,54,638,56,TYPE_B,7.0,Beverages,Indian
1027493,34,67,1248,155.26,155.26,0,0,41,638,56,TYPE_B,7.0,Beverages,Indian
1427068,35,67,1248,153.26,153.26,0,0,67,638,56,TYPE_B,7.0,Beverages,Indian
1099600,36,67,1248,155.26,154.26,0,0,40,638,56,TYPE_B,7.0,Beverages,Indian
1044234,37,67,1248,152.32,152.32,0,0,96,638,56,TYPE_B,7.0,Beverages,Indian
1334265,38,67,1248,150.35,152.35,0,0,82,638,56,TYPE_B,7.0,Beverages,Indian
1207806,39,67,1248,153.26,153.26,0,0,68,638,56,TYPE_B,7.0,Beverages,Indian
1151032,40,67,1248,151.32,153.32,0,0,108,638,56,TYPE_B,7.0,Beverages,Indian
1161210,41,67,1248,151.38,149.38,0,0,109,638,56,TYPE_B,7.0,Beverages,Indian
1238546,42,67,1248,153.26,153.26,0,0,54,638,56,TYPE_B,7.0,Beverages,Indian
1130022,43,67,1248,152.35,152.35,0,0,69,638,56,TYPE_B,7.0,Beverages,Indian
1034455,44,67,1248,151.38,150.38,0,0,54,638,56,TYPE_B,7.0,Beverages,Indian
1314028,45,67,1248,145.5,146.5,0,0,28,638,56,TYPE_B,7.0,Beverages,Indian
1025700,46,67,1248,154.26,154.26,0,0,40,638,56,TYPE_B,7.0,Beverages,Indian
1168149,47,67,1248,151.35,151.35,0,0,81,638,56,TYPE_B,7.0,Beverages,Indian
1229216,48,67,1248,154.26,153.26,0,0,81,638,56,TYPE_B,7.0,Beverages,Indian
1064423,49,67,1248,153.32,151.32,0,0,96,638,56,TYPE_B,7.0,Beverages,Indian
1436869,50,67,1248,154.26,153.26,0,0,28,638,56,TYPE_B,7.0,Beverages,Indian
1387642,51,67,1248,154.26,154.26,0,0,68,638,56,TYPE_B,7.0,Beverages,Indian
1167473,52,67,1248,153.32,153.32,0,0,107,638,56,TYPE_B,7.0,Beverages,Indian
1026308,53,67,1248,155.26,154.26,0,0,177,638,56,TYPE_B,7.0,Beverages,Indian
1138674,54,67,1248,149.41,148.41,0,0,136,638,56,TYPE_B,7.0,Beverages,Indian
1114170,55,67,1248,154.26,155.26,0,0,94,638,56,TYPE_B,7.0,Beverages,Indian
1277238,56,67,1248,155.26,154.26,0,0,80,638,56,TYPE_B,7.0,Beverages,Indian
1274246,57,67,1248,151.32,153.32,0,0,122,638,56,TYPE_B,7.0,Beverages,Indian
1357277,58,67,1248,146.5,146.5,0,0,54,638,56,TYPE_B,7.0,Beverages,Indian
1356625,59,67,1248,150.35,152.35,0,0,82,638,56,TYPE_B,7.0,Beverages,Indian
1494920,60,67,1248,148.41,150.41,0,0,188,638,56,TYPE_B,7.0,Beverages,Indian
1175487,61,67,1248,149.44,149.44,0,0,108,638,56,TYPE_B,7.0,Beverages,Indian
1247645,62,67,1248,152.32,151.32,0,0,67,638,56,TYPE_B,7.0,Beverages,Indian
1104127,63,67,1248,155.26,154.26,0,0,109,638,56,TYPE_B,7.0,Beverages,Indian
1366218,64,67,1248,139.74,154.26,0,0,13,638,56,TYPE_B,7.0,Beverages,Indian
1030623,65,67,1248,151.35,150.35,0,0,69,638,56,TYPE_B,7.0,Beverages,Indian
1384232,66,67,1248,151.32,152.32,0,0,109,638,56,TYPE_B,7.0,Beverages,Indian
1474396,67,67,1248,155.26,154.26,0,0,121,638,56,TYPE_B,7.0,Beverages,Indian
1004345,68,67,1248,97.0,154.26,1,0,406,638,56,TYPE_B,7.0,Beverages,Indian
1374570,69,67,1248,97.03,154.26,0,1,242,638,56,TYPE_B,7.0,Beverages,Indian
1245877,70,67,1248,97.03,154.26,0,1,189,638,56,TYPE_B,7.0,Beverages,Indian
1244269,71,67,1248,98.0,155.26,0,1,188,638,56,TYPE_B,7.0,Beverages,Indian
1351124,72,67,1248,154.29,154.29,0,0,149,638,56,TYPE_B,7.0,Beverages,Indian
1026513,73,67,1248,152.35,150.35,0,0,82,638,56,TYPE_B,7.0,Beverages,Indian
1377148,74,67,1248,153.26,154.26,0,0,67,638,56,TYPE_B,7.0,Beverages,Indian
1095756,75,67,1248,151.35,151.35,0,0,80,638,56,TYPE_B,7.0,Beverages,Indian
1209743,76,67,1248,153.26,154.26,0,0,149,638,56,TYPE_B,7.0,Beverages,Indian
1117388,77,67,1248,101.91,154.26,0,0,176,638,56,TYPE_B,7.0,Beverages,Indian
1012660,78,67,1248,96.06,154.26,0,0,81,638,56,TYPE_B,7.0,Beverages,Indian
1480497,79,67,1248,96.03,153.26,0,0,230,638,56,TYPE_B,7.0,Beverages,Indian
1272491,80,67,1248,95.06,155.26,0,0,231,638,56,TYPE_B,7.0,Beverages,Indian
1321933,81,67,1248,134.83,155.26,0,0,41,638,56,TYPE_B,7.0,Beverages,Indian
1215670,82,67,1248,154.26,155.26,0,0,134,638,56,TYPE_B,7.0,Beverages,Indian
1125242,83,67,1248,150.41,150.41,0,0,41,638,56,TYPE_B,7.0,Beverages,Indian
1344034,84,67,1248,153.26,155.26,0,0,55,638,56,TYPE_B,7.0,Beverages,Indian
1127554,85,67,1248,99.0,155.26,1,0,284,638,56,TYPE_B,7.0,Beverages,Indian
1151484,86,67,1248,99.0,154.26,0,0,136,638,56,TYPE_B,7.0,Beverages,Indian
1471705,87,67,1248,96.03,153.26,0,0,189,638,56,TYPE_B,7.0,Beverages,Indian
1489500,88,67,1248,98.0,153.26,0,0,95,638,56,TYPE_B,7.0,Beverages,Indian
1308421,89,67,1248,96.03,153.26,0,0,203,638,56,TYPE_B,7.0,Beverages,Indian
1410082,90,67,1248,154.26,153.26,0,0,67,638,56,TYPE_B,7.0,Beverages,Indian
1325547,91,67,1248,154.26,155.26,0,0,53,638,56,TYPE_B,7.0,Beverages,Indian
1451219,92,67,1248,151.38,150.38,0,0,55,638,56,TYPE_B,7.0,Beverages,Indian
1326933,93,67,1248,154.26,153.26,0,0,55,638,56,TYPE_B,7.0,Beverages,Indian
1267201,94,67,1248,155.26,154.26,0,0,54,638,56,TYPE_B,7.0,Beverages,Indian
1191339,95,67,1248,154.26,153.26,0,0,81,638,56,TYPE_B,7.0,Beverages,Indian
1067612,96,67,1248,155.26,153.26,0,0,54,638,56,TYPE_B,7.0,Beverages,Indian
1192225,97,67,1248,155.26,153.26,0,0,69,638,56,TYPE_B,7.0,Beverages,Indian
1215780,98,67,1248,154.26,155.26,0,0,54,638,56,TYPE_B,7.0,Beverages,Indian
1062693,99,67,1248,139.74,155.26,0,0,14,638,56,TYPE_B,7.0,Beverages,Indian
1163363,100,67,1248,98.0,154.26,0,0,14,638,56,TYPE_B,7.0,Beverages,Indian
1229691,101,67,1248,93.15,153.26,0,0,28,638,56,TYPE_B,7.0,Beverages,Indian
1032008,102,67,1248,103.85,155.26,0,0,150,638,56,TYPE_B,7.0,Beverages,Indian
1221025,103,67,1248,97.0,154.26,0,0,13,638,56,TYPE_B,7.0,Beverages,Indian
1087900,104,67,1248,98.03,155.26,0,0,42,638,56,TYPE_B,7.0,Beverages,Indian
1026890,105,67,1248,99.0,97.0,0,0,27,638,56,TYPE_B,7.0,Beverages,Indian
1162309,106,67,1248,155.26,153.26,0,0,40,638,56,TYPE_B,7.0,Beverages,Indian
1017361,107,67,1248,153.26,155.26,0,0,81,638,56,TYPE_B,7.0,Beverages,Indian
1191760,108,67,1248,151.38,151.38,0,0,55,638,56,TYPE_B,7.0,Beverages,Indian
1374175,109,67,1248,154.26,154.26,0,0,53,638,56,TYPE_B,7.0,Beverages,Indian
1030039,110,67,1248,148.41,148.41,0,0,42,638,56,TYPE_B,7.0,Beverages,Indian
1304334,111,67,1248,154.26,154.26,0,0,54,638,56,TYPE_B,7.0,Beverages,Indian
1254956,112,67,1248,150.35,151.35,0,0,189,638,56,TYPE_B,7.0,Beverages,Indian
1179205,113,67,1248,150.35,152.35,0,0,69,638,56,TYPE_B,7.0,Beverages,Indian
1293322,114,67,1248,153.26,154.26,0,0,28,638,56,TYPE_B,7.0,Beverages,Indian
