Data set/Center wise/Center_67_Rank6.csv
id,week,center_id,meal_id,checkout_price,base_price,emailer_for_promotion,homepage_featured,num_orders,city_code,region_code,center_type,op_area,category,cuisine
1356148,1,67,1778,183.36,182.36,0,0,404,638,56,TYPE_B,7.0,Beverages,Italian
1492998,2,67,1778,180.42,180.42,0,0,499,638,56,TYPE_B,7.0,Beverages,Italian
1073916,3,67,1778,182.39,182.39,0,0,635,638,56,TYPE_B,7.0,Beverages,Italian
1134605,4,67,1778,182.36,183.36,0,0,499,638,56,TYPE_B,7.0,Beverages,Italian
1216469,5,67,1778,183.36,184.36,0,0,312,638,56,TYPE_B,7.0,Beverages,Italian
1161692,6,67,1778,162.05,184.36,0,0,404,638,56,TYPE_B,7.0,Beverages,Italian
1004635,7,67,1778,162.05,184.36,0,0,528,638,56,TYPE_B,7.0,Beverages,Italian
1204675,8,67,1778,160.05,184.36,0,0,202,638,56,TYPE_B,7.0,Beverages,Italian
1365282,9,67,1778,159.08,183.36,0,0,864,638,56,TYPE_B,7.0,Beverages,Italian
1263903,10,67,1778,161.05,184.36,0,0,825,638,56,TYPE_B,7.0,Beverages,Italian
1405631,11,67,1778,158.11,182.36,0,0,755,638,56,TYPE_B,7.0,Beverages,Italian
1281203,12,67,1778,182.39,183.39,0,0,500,638,56,TYPE_B,7.0,Beverages,Italian
1304313,13,67,1778,183.36,182.36,0,0,473,638,56,TYPE_B,7.0,Beverages,Italian
1346792,14,67,1778,183.36,182.36,0,0,447,638,56,TYPE_B,7.0,Beverages,Italian
1346882,15,67,1778,182.39,183.39,0,0,649,638,56,TYPE_B,7.0,Beverages,Italian
1156655,16,67,1778,185.33,185.33,0,0,339,638,56,TYPE_B,7.0,Beverages,Italian
1466704,17,67,1778,162.02,185.33,1,0,715,638,56,TYPE_B,7.0,Beverages,Italian
1127188,18,67,1778,162.02,183.33,0,0,594,638,56,TYPE_B,7.0,Beverages,Italian
1377874,19,67,1778,158.17,183.33,0,0,675,638,56,TYPE_B,7.0,Beverages,Italian
1175737,20,67,1778,160.08,184.33,0,0,744,638,56,TYPE_B,7.0,Beverages,Italian
1125540,21,67,1778,161.05,183.33,0,0,744,638,56,TYPE_B,7.0,Beverages,Italian
1449233,22,67,1778,160.08,184.33,0,0,851,638,56,TYPE_B,7.0,Beverages,Italian
1384506,23,67,1778,159.08,183.33,0,0,743,638,56,TYPE_B,7.0,Beverages,Italian
1022720,24,67,1778,180.42,181.42,0,0,527,638,56,TYPE_B,7.0,Beverages,Italian
1260762,25,67,1778,181.42,180.42,0,0,445,638,56,TYPE_B,7.0,Beverages,Italian
1456448,26,67,1778,182.39,183.39,0,0,310,638,56,TYPE_B,7.0,Beverages,Italian
1002304,27,67,1778,182.42,181.42,0,0,365,638,56,TYPE_B,7.0,Beverages,Italian
1301925,28,67,1778,185.33,184.33,0,0,310,638,56,TYPE_B,7.0,Beverages,Italian
1211543,29,67,1778,183.33,185.33,0,0,312,638,56,TYPE_B,7.0,Beverages,Italian
1244242,30,67,1778,163.99,183.33,0,0,513,638,56,TYPE_B,7.0,Beverages,Italian
1034506,31,67,1778,162.05,184.33,0,0,662,638,56,TYPE_B,7.0,Beverages,Italian
1334961,32,67,1778,158.11,183.33,1,1,674,638,56,TYPE_B,7.0,Beverages,Italian
1369882,33,67,1778,159.08,183.33,0,1,661,638,56,TYPE_B,7.0,Beverages,Italian
1033215,34,67,1778,163.02,183.33,0,1,526,638,56,TYPE_B,7.0,Beverages,Italian
1056079,35,67,1778,162.99,184.33,0,0,675,638,56,TYPE_B,7.0,Beverages,Italian
1223916,36,67,1778,160.05,183.33,0,0,635,638,56,TYPE_B,7.0,Beverages,Italian
1467905,37,67,1778,183.39,181.39,0,0,431,638,56,TYPE_B,7.0,Beverages,Italian
1145392,38,67,1778,183.39,182.39,0,0,391,638,56,TYPE_B,7.0,Beverages,Italian
1376890,39,67,1778,184.36,183.36,0,0,323,638,56,TYPE_B,7.0,Beverages,Italian
1064349,40,67,1778,181.42,181.42,0,0,352,638,56,TYPE_B,7.0,Beverages,Italian
1114841,41,67,1778,180.42,180.42,0,0,473,638,56,TYPE_B,7.0,Beverages,Italian
1269925,42,67,1778,184.36,182.36,0,0,419,638,56,TYPE_B,7.0,Beverages,Italian
1233604,43,67,1778,183.36,184.36,0,0,460,638,56,TYPE_B,7.0,Beverages,Italian
1249359,44,67,1778,182.39,183.39,0,0,582,638,56,TYPE_B,7.0,Beverages,Italian
1442827,45,67,1778,160.11,181.39,0,0,512,638,56,TYPE_B,7.0,Beverages,Italian
1107689,46,67,1778,156.17,182.39,0,0,528,638,56,TYPE_B,7.0,Beverages,Italian
1210476,47,67,1778,163.02,181.39,0,0,391,638,56,TYPE_B,7.0,Beverages,Italian
1315959,48,67,1778,179.48,179.48,0,0,433,638,56,TYPE_B,7.0,Beverages,Italian
1006019,49,67,1778,180.42,181.42,0,0,379,638,56,TYPE_B,7.0,Beverages,Italian
1332799,50,67,1778,181.39,181.39,0,0,323,638,56,TYPE_B,7.0,Beverages,Italian
1238556,51,67,1778,184.36,183.36,0,0,393,638,56,TYPE_B,7.0,Beverages,Italian
1412108,52,67,1778,182.39,182.39,0,0,501,638,56,TYPE_B,7.0,Beverages,Italian
1347136,53,67,1778,184.36,183.36,0,0,486,638,56,TYPE_B,7.0,Beverages,Italian
1137682,54,67,1778,180.45,179.45,0,0,512,638,56,TYPE_B,7.0,Beverages,Italian
1016846,55,67,1778,180.45,179.45,0,0,458,638,56,TYPE_B,7.0,Beverages,Italian
1146132,56,67,1778,178.54,176.54,0,0,513,638,56,TYPE_B,7.0,Beverages,Italian
1442532,57,67,1778,156.17,178.54,0,0,863,638,56,TYPE_B,7.0,Beverages,Italian
1053004,58,67,1778,161.08,176.54,0,0,703,638,56,TYPE_B,7.0,Beverages,Italian
1428467,59,67,1778,156.2,177.54,0,0,609,638,56,TYPE_B,7.0,Beverages,Italian
1497647,60,67,1778,153.26,177.54,0,0,744,638,56,TYPE_B,7.0,Beverages,Italian
1377233,61,67,1778,162.05,162.05,0,0,485,638,56,TYPE_B,7.0,Beverages,Italian
1418166,62,67,1778,182.42,182.42,0,0,190,638,56,TYPE_B,7.0,Beverages,Italian
1021973,63,67,1778,179.51,178.51,0,0,310,638,56,TYPE_B,7.0,Beverages,Italian
1015625,64,67,1778,182.39,182.39,0,0,432,638,56,TYPE_B,7.0,Beverages,Italian
1230295,65,67,1778,161.08,183.39,0,0,486,638,56,TYPE_B,7.0,Beverages,Italian
1081424,66,67,1778,160.05,182.39,0,0,635,638,56,TYPE_B,7.0,Beverages,Italian
1082184,67,67,1778,161.02,182.39,0,0,528,638,56,TYPE_B,7.0,Beverages,Italian
1488586,68,67,1778,160.05,182.39,0,0,676,638,56,TYPE_B,7.0,Beverages,Italian
1000875,69,67,1778,181.39,181.39,0,0,285,638,56,TYPE_B,7.0,Beverages,Italian
1120920,70,67,1778,183.39,181.39,0,0,134,638,56,TYPE_B,7.0,Beverages,Italian
1246740,71,67,1778,178.48,178.48,0,0,445,638,56,TYPE_B,7.0,Beverages,Italian
1026179,72,67,1778,181.39,182.39,0,0,621,638,56,TYPE_B,7.0,Beverages,Italian
1240872,73,67,1778,180.42,181.42,0,0,405,638,56,TYPE_B,7.0,Beverages,Italian
1294509,74,67,1778,179.48,180.42,0,1,567,638,56,TYPE_B,7.0,Beverages,Italian
1221214,75,67,1778,176.54,178.54,0,0,432,638,56,TYPE_B,7.0,Beverages,Italian
1021274,76,67,1778,177.51,177.51,0,0,406,638,56,TYPE_B,7.0,Beverages,Italian
1167469,77,67,1778,174.6,176.6,0,0,501,638,56,TYPE_B,7.0,Beverages,Italian
1167159,78,67,1778,180.42,180.42,0,0,378,638,56,TYPE_B,7.0,Beverages,Italian
1403901,79,67,1778,182.42,181.42,0,0,485,638,56,TYPE_B,7.0,Beverages,Italian
1252628,80,67,1778,177.54,178.54,0,0,553,638,56,TYPE_B,7.0,Beverages,Italian
1255846,81,67,1778,181.39,183.39,0,0,433,638,56,TYPE_B,7.0,Beverages,Italian
1385080,82,67,1778,184.36,182.36,0,0,513,638,56,TYPE_B,7.0,Beverages,Italian
1072140,83,67,1778,166.9,164.9,0,0,486,638,56,TYPE_B,7.0,Beverages,Italian
1169298,84,67,1778,179.51,177.51,0,0,486,638,56,TYPE_B,7.0,Beverages,Italian
1147898,85,67,1778,180.42,180.42,0,0,580,638,56,TYPE_B,7.0,Beverages,Italian
1162649,86,67,1778,181.42,181.42,0,0,460,638,56,TYPE_B,7.0,Beverages,Italian
1495127,87,67,1778,181.45,180.45,0,0,500,638,56,TYPE_B,7.0,Beverages,Italian
1481649,88,67,1778,163.99,162.99,0,0,688,638,56,TYPE_B,7.0,Beverages,Italian
1204929,89,67,1778,157.14,158.14,0,0,622,638,56,TYPE_B,7.0,Beverages,Italian
1368608,90,67,1778,161.08,160.08,0,0,528,638,56,TYPE_B,7.0,Beverages,Italian
1166779,91,67,1778,161.05,162.05,0,0,674,638,56,TYPE_B,7.0,Beverages,Italian
1145832,92,67,1778,162.05,162.05,0,0,458,638,56,TYPE_B,7.0,Beverages,Italian
1301700,93,67,1778,158.11,160.11,0,0,769,638,56,TYPE_B,7.0,Beverages,Italian
1421302,94,67,1778,162.02,163.02,0,0,649,638,56,TYPE_B,7.0,Beverages,Italian
1278899,95,67,1778,163.02,162.02,0,0,487,638,56,TYPE_B,7.0,Beverages,Italian
1077720,96,67,1778,162.05,160.05,0,0,782,638,56,TYPE_B,7.0,Beverages,Italian
1098426,97,67,1778,159.11,160.11,0,0,243,638,56,TYPE_B,7.0,Beverages,Italian
1293912,98,67,1778,158.11,159.11,0,0,512,638,56,TYPE_B,7.0,Beverages,Italian
1368129,99,67,1778,160.11,159.11,0,0,366,638,56,TYPE_B,7.0,Beverages,Italian
1078412,100,67,1778,160.11,159.11,0,0,486,638,56,TYPE_B,7.0,Beverages,Italian
1074612,101,67,1778,159.11,158.11,0,0,420,638,56,TYPE_B,7.0,Beverages,Italian
1181080,102,67,1778,162.96,164.96,0,0,136,638,56,TYPE_B,7.0,Beverages,Italian
1043217,103,67,1778,159.08,161.08,0,0,163,638,56,TYPE_B,7.0,Beverages,Italian
1148846,104,67,1778,162.05,162.05,0,0,715,638,56,TYPE_B,7.0,Beverages,Italian
1277740,105,67,1778,160.05,162.05,0,0,675,638,56,TYPE_B,7.0,Beverages,Italian
1224042,106,67,1778,157.14,157.14,0,0,675,638,56,TYPE_B,7.0,Beverages,Italian
1279992,107,67,1778,162.02,162.02,0,0,675,638,56,TYPE_B,7.0,Beverages,Italian
1204422,108,67,1778,161.05,160.05,0,0,541,638,56,TYPE_B,7.0,Beverages,Italian
1166047,109,67,1778,180.45,180.45,0,0,701,638,56,TYPE_B,7.0,Beverages,Italian
1422705,110,67,1778,176.54,177.54,0,0,553,638,56,TYPE_B,7.0,Beverages,Italian
1363513,111,67,1778,180.48,179.48,0,0,541,638,56,TYPE_B,7.0,Beverages,Italian
1365864,112,67,1778,181.39,183.39,0,0,755,638,56,TYPE_B,7.0,Beverages,Italian
1333947,113,67,1778,161.05,182.39,0,1,581,638,56,TYPE_B,7.0,Beverages,Italian
1146626,114,67,1778,161.08,182.39,1,1,702,638,56,TYPE_B,7.0,Beverages,Italian
1205986,1,67,1062,183.33,184.33,0,0,555,638,56,TYPE_B,7.0,Beverages,Italian
1490063,2,67,1062,183.36,183.36,0,0,487,638,56,TYPE_B,7.0,Beverages,Italian
1155116,3,67,1062,182.36,184.36,0,0,487,638,56,TYPE_B,7.0,Beverages,Italian
1194328,4,67,1062,184.36,184.36,0,0,458,638,56,TYPE_B,7.0,Beverages,Italian
1248306,5,67,1062,177.51,178.51,0,0,473,638,56,TYPE_B,7.0,Beverages,Italian
1124550,6,67,1062,160.05,161.05,0,0,609,638,56,TYPE_B,7.0,Beverages,Italian
1443130,7,67,1062,157.2,156.2,0,0,593,638,56,TYPE_B,7.0,Beverages,Italian
1031533,8,67,1062,159.08,159.08,0,0,568,638,56,TYPE_B,7.0,Beverages,Italian
1037530,9,67,1062,163.02,162.02,0,0,851,638,56,TYPE_B,7.0,Beverages,Italian
1110474,10,67,1062,162.99,163.99,0,0,729,638,56,TYPE_B,7.0,Beverages,Italian
1181559,11,67,1062,161.08,161.08,0,0,863,638,56,TYPE_B,7.0,Beverages,Italian
1455884,12,67,1062,182.39,182.39,0,0,609,638,56,TYPE_B,7.0,Beverages,Italian
1335541,13,67,1062,185.33,183.33,0,0,379,638,56,TYPE_B,7.0,Beverages,Italian
1436030,14,67,1062,182.39,181.39,0,0,257,638,56,TYPE_B,7.0,Beverages,Italian
1069995,15,67,1062,182.39,181.39,0,0,366,638,56,TYPE_B,7.0,Beverages,Italian
1347744,16,67,1062,183.36,184.36,0,0,447,638,56,TYPE_B,7.0,Beverages,Italian
1472447,17,67,1062,163.02,184.36,1,0,620,638,56,TYPE_B,7.0,Beverages,Italian
1159120,18,67,1062,160.05,182.36,0,0,675,638,56,TYPE_B,7.0,Beverages,Italian
1132457,19,67,1062,158.14,184.36,0,0,688,638,56,TYPE_B,7.0,Beverages,Italian
1290596,20,67,1062,161.05,184.36,0,0,715,638,56,TYPE_B,7.0,Beverages,Italian
1473864,21,67,1062,162.05,184.36,0,0,1081,638,56,TYPE_B,7.0,Beverages,Italian
1213663,22,67,1062,162.05,184.36,0,0,891,638,56,TYPE_B,7.0,Beverages,Italian
1042075,23,67,1062,163.99,182.36,0,0,607,638,56,TYPE_B,7.0,Beverages,Italian
1450139,24,67,1062,181.42,182.42,0,0,568,638,56,TYPE_B,7.0,Beverages,Italian
1275939,25,67,1062,183.36,184.36,0,0,608,638,56,TYPE_B,7.0,Beverages,Italian
1288424,26,67,1062,183.36,182.36,0,0,392,638,56,TYPE_B,7.0,Beverages,Italian
1471603,27,67,1062,183.33,184.33,0,0,608,638,56,TYPE_B,7.0,Beverages,Italian
1229013,28,67,1062,184.33,184.33,0,0,500,638,56,TYPE_B,7.0,Beverages,Italian
1391569,29,67,1062,185.33,184.33,0,0,689,638,56,TYPE_B,7.0,Beverages,Italian
1082962,30,67,1062,162.02,183.33,0,0,553,638,56,TYPE_B,7.0,Beverages,Italian
1355789,31,67,1062,163.02,183.33,0,0,742,638,56,TYPE_B,7.0,Beverages,Italian
1056854,32,67,1062,160.08,185.33,1,0,620,638,56,TYPE_B,7.0,Beverages,Italian
1417340,33,67,1062,162.05,184.33,0,0,797,638,56,TYPE_B,7.0,Beverages,Italian
1213174,34,67,1062,159.08,183.33,0,0,906,638,56,TYPE_B,7.0,Beverages,Italian
1299977,35,67,1062,162.05,185.33,0,0,635,638,56,TYPE_B,7.0,Beverages,Italian
1417954,36,67,1062,161.02,184.33,0,0,649,638,56,TYPE_B,7.0,Beverages,Italian
1436986,37,67,1062,182.39,181.39,0,0,512,638,56,TYPE_B,7.0,Beverages,Italian
1483144,38,67,1062,181.42,181.42,0,0,526,638,56,TYPE_B,7.0,Beverages,Italian
1214886,39,67,1062,182.39,183.39,0,0,391,638,56,TYPE_B,7.0,Beverages,Italian
1443216,40,67,1062,181.42,180.42,0,0,339,638,56,TYPE_B,7.0,Beverages,Italian
1488183,41,67,1062,182.39,183.39,0,0,647,638,56,TYPE_B,7.0,Beverages,Italian
1203669,42,67,1062,183.33,185.33,0,0,405,638,56,TYPE_B,7.0,Beverages,Italian
1305362,43,67,1062,180.45,180.45,0,0,742,638,56,TYPE_B,7.0,Beverages,Italian
1290560,44,67,1062,181.39,183.39,0,0,567,638,56,TYPE_B,7.0,Beverages,Italian
1413182,45,67,1062,161.08,181.39,0,0,919,638,56,TYPE_B,7.0,Beverages,Italian
1056457,46,67,1062,158.11,181.39,0,0,919,638,56,TYPE_B,7.0,Beverages,Italian
1235903,47,67,1062,161.08,183.39,0,0,581,638,56,TYPE_B,7.0,Beverages,Italian
1356277,48,67,1062,184.36,183.36,0,0,770,638,56,TYPE_B,7.0,Beverages,Italian
1136197,49,67,1062,180.42,180.42,0,0,555,638,56,TYPE_B,7.0,Beverages,Italian
1066109,50,67,1062,184.36,183.36,0,0,609,638,56,TYPE_B,7.0,Beverages,Italian
1027194,51,67,1062,179.45,180.45,0,0,148,638,56,TYPE_B,7.0,Beverages,Italian
1430202,52,67,1062,181.39,182.39,0,0,406,638,56,TYPE_B,7.0,Beverages,Italian
1183380,53,67,1062,183.39,181.39,0,0,620,638,56,TYPE_B,7.0,Beverages,Italian
1175003,54,67,1062,181.42,180.42,0,0,271,638,56,TYPE_B,7.0,Beverages,Italian
1340869,55,67,1062,182.42,182.42,0,0,662,638,56,TYPE_B,7.0,Beverages,Italian
1007903,56,67,1062,183.39,181.39,0,0,445,638,56,TYPE_B,7.0,Beverages,Italian
1112848,57,67,1062,162.02,181.39,0,0,702,638,56,TYPE_B,7.0,Beverages,Italian
1357948,58,67,1062,156.17,181.39,0,0,676,638,56,TYPE_B,7.0,Beverages,Italian
1275498,59,67,1062,163.02,182.39,0,0,594,638,56,TYPE_B,7.0,Beverages,Italian
1064910,60,67,1062,156.2,181.39,0,0,621,638,56,TYPE_B,7.0,Beverages,Italian
1191014,61,67,1062,162.05,183.39,0,0,797,638,56,TYPE_B,7.0,Beverages,Italian
1046762,62,67,1062,182.36,183.36,0,0,271,638,56,TYPE_B,7.0,Beverages,Italian
1047761,63,67,1062,183.36,184.36,0,0,501,638,56,TYPE_B,7.0,Beverages,Italian
1400179,64,67,1062,183.36,184.36,0,0,608,638,56,TYPE_B,7.0,Beverages,Italian
1400968,65,67,1062,157.14,183.36,0,0,528,638,56,TYPE_B,7.0,Beverages,Italian
1016952,66,67,1062,162.02,184.36,0,0,743,638,56,TYPE_B,7.0,Beverages,Italian
1361356,67,67,1062,161.02,182.36,0,0,486,638,56,TYPE_B,7.0,Beverages,Italian
1136114,68,67,1062,161.08,183.36,0,0,621,638,56,TYPE_B,7.0,Beverages,Italian
1341572,69,67,1062,183.33,184.33,0,0,284,638,56,TYPE_B,7.0,Beverages,Italian
1172373,70,67,1062,181.45,181.45,0,0,176,638,56,TYPE_B,7.0,Beverages,Italian
1323004,71,67,1062,183.39,183.39,0,0,366,638,56,TYPE_B,7.0,Beverages,Italian
1432568,72,67,1062,181.42,180.42,0,0,419,638,56,TYPE_B,7.0,Beverages,Italian
1459769,73,67,1062,183.36,183.36,0,0,513,638,56,TYPE_B,7.0,Beverages,Italian
1043173,74,67,1062,179.51,182.36,0,1,730,638,56,TYPE_B,7.0,Beverages,Italian
1106196,75,67,1062,184.36,182.36,0,0,501,638,56,TYPE_B,7.0,Beverages,Italian
1202058,76,67,1062,183.39,183.39,0,0,297,638,56,TYPE_B,7.0,Beverages,Italian
1481112,77,67,1062,182.42,180.42,0,0,364,638,56,TYPE_B,7.0,Beverages,Italian
1125061,78,67,1062,184.36,183.36,0,0,406,638,56,TYPE_B,7.0,Beverages,Italian
1118645,79,67,1062,179.51,178.51,0,0,405,638,56,TYPE_B,7.0,Beverages,Italian
1127849,80,67,1062,179.48,180.48,0,0,432,638,56,TYPE_B,7.0,Beverages,Italian
1497053,81,67,1062,183.36,184.36,0,0,391,638,56,TYPE_B,7.0,Beverages,Italian
1156857,82,67,1062,182.36,184.36,0,0,566,638,56,TYPE_B,7.0,Beverages,Italian
1058479,83,67,1062,166.87,166.87,0,0,460,638,56,TYPE_B,7.0,Beverages,Italian
1354627,84,67,1062,184.36,183.36,0,0,566,638,56,TYPE_B,7.0,Beverages,Italian
1443735,85,67,1062,180.48,180.48,0,0,716,638,56,TYPE_B,7.0,Beverages,Italian
1029897,86,67,1062,181.39,182.39,0,0,539,638,56,TYPE_B,7.0,Beverages,Italian
1110742,87,67,1062,182.42,182.42,0,0,608,638,56,TYPE_B,7.0,Beverages,Italian
1251404,88,67,1062,164.96,181.42,0,0,487,638,56,TYPE_B,7.0,Beverages,Italian
1199561,89,67,1062,161.05,181.42,0,0,676,638,56,TYPE_B,7.0,Beverages,Italian
1153149,90,67,1062,161.99,180.42,0,0,636,638,56,TYPE_B,7.0,Beverages,Italian
1073385,91,67,1062,161.99,180.42,0,0,702,638,56,TYPE_B,7.0,Beverages,Italian
1489170,92,67,1062,160.08,181.42,0,0,391,638,56,TYPE_B,7.0,Beverages,Italian
1427994,93,67,1062,163.99,181.42,0,0,528,638,56,TYPE_B,7.0,Beverages,Italian
1413947,94,67,1062,162.02,163.02,0,0,690,638,56,TYPE_B,7.0,Beverages,Italian
1093171,95,67,1062,161.99,162.99,0,0,568,638,56,TYPE_B,7.0,Beverages,Italian
1000147,96,67,1062,160.05,160.05,0,0,593,638,56,TYPE_B,7.0,Beverages,Italian
1040376,97,67,1062,159.08,160.08,0,0,298,638,56,TYPE_B,7.0,Beverages,Italian
1421819,98,67,1062,162.05,162.05,0,0,675,638,56,TYPE_B,7.0,Beverages,Italian
1017613,99,67,1062,161.05,160.05,0,0,607,638,56,TYPE_B,7.0,Beverages,Italian
1332847,100,67,1062,160.05,161.05,0,0,674,638,56,TYPE_B,7.0,Beverages,Italian
1302711,101,67,1062,157.14,159.14,0,0,541,638,56,TYPE_B,7.0,Beverages,Italian
1260154,102,67,1062,161.02,162.02,0,0,391,638,56,TYPE_B,7.0,Beverages,Italian
1197244,103,67,1062,161.02,162.02,0,0,431,638,56,TYPE_B,7.0,Beverages,Italian
1482311,104,67,1062,162.02,163.02,0,0,473,638,56,TYPE_B,7.0,Beverages,Italian
1268176,105,67,1062,160.08,160.08,0,0,445,638,56,TYPE_B,7.0,Beverages,Italian
1454947,106,67,1062,162.99,163.99,0,0,458,638,56,TYPE_B,7.0,Beverages,Italian
1342227,107,67,1062,163.02,162.02,0,0,513,638,56,TYPE_B,7.0,Beverages,Italian
1422212,108,67,1062,162.02,162.02,0,0,636,638,56,TYPE_B,7.0,Beverages,Italian
1417961,109,67,1062,181.42,182.42,0,0,837,638,56,TYPE_B,7.0,Beverages,Italian
1398795,110,67,1062,181.39,181.39,0,0,620,638,56,TYPE_B,7.0,Beverages,Italian
1482332,111,67,1062,182.36,182.36,0,0,499,638,56,TYPE_B,7.0,Beverages,Italian
1012654,112,67,1062,180.42,182.42,0,0,1052,638,56,TYPE_B,7.0,Beverages,Italian
1097073,113,67,1062,161.05,181.42,0,1,663,638,56,TYPE_B,7.0,Beverages,Italian
1090607,114,67,1062,161.05,180.42,1,1,838,638,56,TYPE_B,7.0,Beverages,Italian
