Data set/Center wise/Center_67_Rank6.csv
id,week,center_id,meal_id,checkout_price,base_price,emailer_for_promotion,homepage_featured,num_orders,city_code,region_code,center_type,op_area,category,cuisine
1124231,1,67,2707,189.15,191.15,0,0,647,638,56,TYPE_B,7.0,Beverages,Italian
1003074,2,67,2707,193.03,193.03,0,0,769,638,56,TYPE_B,7.0,Beverages,Italian
1266292,3,67,2707,192.09,191.09,0,0,958,638,56,TYPE_B,7.0,Beverages,Italian
1129556,4,67,2707,194.03,195.03,0,0,1255,638,56,TYPE_B,7.0,Beverages,Italian
1280745,5,67,2707,187.24,188.24,0,0,1122,638,56,TYPE_B,7.0,Beverages,Italian
1206243,6,67,2707,225.1,223.1,0,0,635,638,56,TYPE_B,7.0,Beverages,Italian
1263939,7,67,2707,223.16,221.16,0,0,756,638,56,TYPE_B,7.0,Beverages,Italian
1252800,8,67,2707,224.1,223.1,0,0,527,638,56,TYPE_B,7.0,Beverages,Italian
1117289,9,67,2707,226.07,224.07,0,0,825,638,56,TYPE_B,7.0,Beverages,Italian
1158449,10,67,2707,228.95,227.95,0,0,757,638,56,TYPE_B,7.0,Beverages,Italian
1368300,11,67,2707,228.92,228.92,0,0,770,638,56,TYPE_B,7.0,Beverages,Italian
1463345,12,67,2707,192.12,228.92,0,0,1419,638,56,TYPE_B,7.0,Beverages,Italian
1142647,13,67,2707,192.12,229.92,0,0,892,638,56,TYPE_B,7.0,Beverages,Italian
1493177,14,67,2707,188.18,230.92,0,1,823,638,56,TYPE_B,7.0,Beverages,Italian
1328609,15,67,2707,192.06,229.92,0,1,905,638,56,TYPE_B,7.0,Beverages,Italian
1196896,16,67,2707,190.12,228.92,0,1,960,638,56,TYPE_B,7.0,Beverages,Italian
1265128,17,67,2707,192.06,228.92,1,1,1148,638,56,TYPE_B,7.0,Beverages,Italian
1440440,18,67,2707,192.09,228.92,0,0,1039,638,56,TYPE_B,7.0,Beverages,Italian
1415167,19,67,2707,225.04,225.04,0,0,797,638,56,TYPE_B,7.0,Beverages,Italian
1499749,20,67,2707,227.01,228.01,0,0,783,638,56,TYPE_B,7.0,Beverages,Italian
1133156,21,67,2707,224.1,224.1,0,0,1026,638,56,TYPE_B,7.0,Beverages,Italian
1278496,22,67,2707,229.95,229.95,0,0,1053,638,56,TYPE_B,7.0,Beverages,Italian
1069881,23,67,2707,229.95,227.95,0,0,771,638,56,TYPE_B,7.0,Beverages,Italian
1338962,24,67,2707,192.12,229.95,0,1,1553,638,56,TYPE_B,7.0,Beverages,Italian
1455118,25,67,2707,192.09,229.95,0,0,1014,638,56,TYPE_B,7.0,Beverages,Italian
1111022,26,67,2707,192.09,229.95,0,0,1324,638,56,TYPE_B,7.0,Beverages,Italian
1036501,27,67,2707,192.09,229.95,0,0,1377,638,56,TYPE_B,7.0,Beverages,Italian
1470678,28,67,2707,189.18,227.95,0,0,1257,638,56,TYPE_B,7.0,Beverages,Italian
1414041,29,67,2707,191.12,227.95,0,0,1242,638,56,TYPE_B,7.0,Beverages,Italian
1353112,30,67,2707,233.83,233.83,0,0,744,638,56,TYPE_B,7.0,Beverages,Italian
1412181,31,67,2707,229.89,230.89,0,0,933,638,56,TYPE_B,7.0,Beverages,Italian
1307033,32,67,2707,221.22,220.22,0,0,864,638,56,TYPE_B,7.0,Beverages,Italian
1006779,33,67,2707,224.1,223.1,0,0,717,638,56,TYPE_B,7.0,Beverages,Italian
1479037,34,67,2707,230.89,230.89,0,0,1053,638,56,TYPE_B,7.0,Beverages,Italian
1122146,35,67,2707,228.92,229.92,0,0,689,638,56,TYPE_B,7.0,Beverages,Italian
1149531,36,67,2707,227.98,228.98,0,0,877,638,56,TYPE_B,7.0,Beverages,Italian
1245964,37,67,2707,189.15,226.98,0,0,1727,638,56,TYPE_B,7.0,Beverages,Italian
1216370,38,67,2707,192.09,228.98,0,1,1525,638,56,TYPE_B,7.0,Beverages,Italian
1277248,39,67,2707,192.06,228.98,0,1,1473,638,56,TYPE_B,7.0,Beverages,Italian
1164652,40,67,2707,193.09,226.98,0,0,823,638,56,TYPE_B,7.0,Beverages,Italian
1279091,41,67,2707,230.89,229.89,0,0,973,638,56,TYPE_B,7.0,Beverages,Italian
1380345,42,67,2707,231.86,230.86,0,0,944,638,56,TYPE_B,7.0,Beverages,Italian
1473878,43,67,2707,227.95,228.95,0,0,865,638,56,TYPE_B,7.0,Beverages,Italian
1181320,44,67,2707,228.01,226.01,0,0,1122,638,56,TYPE_B,7.0,Beverages,Italian
1060428,45,67,2707,225.07,224.07,0,0,1202,638,56,TYPE_B,7.0,Beverages,Italian
1127478,46,67,2707,224.1,223.1,0,0,1026,638,56,TYPE_B,7.0,Beverages,Italian
1117850,47,67,2707,222.13,223.13,0,0,662,638,56,TYPE_B,7.0,Beverages,Italian
1279909,48,67,2707,190.12,224.13,1,0,1592,638,56,TYPE_B,7.0,Beverages,Italian
1326945,49,67,2707,192.12,222.13,0,0,1108,638,56,TYPE_B,7.0,Beverages,Italian
1048623,50,67,2707,189.15,223.13,0,0,986,638,56,TYPE_B,7.0,Beverages,Italian
1401252,51,67,2707,192.06,224.13,0,0,242,638,56,TYPE_B,7.0,Beverages,Italian
1213904,52,67,2707,192.09,222.13,0,0,1201,638,56,TYPE_B,7.0,Beverages,Italian
1056702,53,67,2707,191.09,224.13,0,0,1593,638,56,TYPE_B,7.0,Beverages,Italian
1089405,54,67,2707,194.06,224.13,0,0,337,638,56,TYPE_B,7.0,Beverages,Italian
1337188,55,67,2707,193.03,193.03,0,0,1431,638,56,TYPE_B,7.0,Beverages,Italian
1102703,56,67,2707,222.13,222.13,0,0,1053,638,56,TYPE_B,7.0,Beverages,Italian
1233834,57,67,2707,226.01,228.01,0,0,945,638,56,TYPE_B,7.0,Beverages,Italian
1381567,58,67,2707,223.13,224.13,0,0,1133,638,56,TYPE_B,7.0,Beverages,Italian
1101257,59,67,2707,224.07,225.07,0,0,944,638,56,TYPE_B,7.0,Beverages,Italian
1330149,60,67,2707,225.04,225.04,0,0,973,638,56,TYPE_B,7.0,Beverages,Italian
1259551,61,67,2707,229.89,229.89,0,0,864,638,56,TYPE_B,7.0,Beverages,Italian
1188759,62,67,2707,192.09,230.89,0,0,674,638,56,TYPE_B,7.0,Beverages,Italian
1350246,63,67,2707,193.09,231.89,0,0,1243,638,56,TYPE_B,7.0,Beverages,Italian
1215895,64,67,2707,183.36,229.89,0,0,1175,638,56,TYPE_B,7.0,Beverages,Italian
1357195,65,67,2707,185.3,231.89,0,0,850,638,56,TYPE_B,7.0,Beverages,Italian
1223224,66,67,2707,187.21,231.89,0,0,1256,638,56,TYPE_B,7.0,Beverages,Italian
1453971,67,67,2707,191.15,230.89,0,0,1295,638,56,TYPE_B,7.0,Beverages,Italian
1138282,68,67,2707,193.09,191.09,0,0,1282,638,56,TYPE_B,7.0,Beverages,Italian
1141048,69,67,2707,191.12,192.12,0,0,1202,638,56,TYPE_B,7.0,Beverages,Italian
1144788,70,67,2707,189.18,190.12,0,1,634,638,56,TYPE_B,7.0,Beverages,Italian
1273649,71,67,2707,185.27,186.27,0,0,1364,638,56,TYPE_B,7.0,Beverages,Italian
1112298,72,67,2707,187.27,187.27,1,1,1403,638,56,TYPE_B,7.0,Beverages,Italian
1274882,73,67,2707,193.06,194.06,0,0,1106,638,56,TYPE_B,7.0,Beverages,Italian
1084754,74,67,2707,182.39,193.06,1,1,1256,638,56,TYPE_B,7.0,Beverages,Italian
1179619,75,67,2707,184.3,185.3,0,0,1014,638,56,TYPE_B,7.0,Beverages,Italian
1407189,76,67,2707,193.09,191.09,0,0,851,638,56,TYPE_B,7.0,Beverages,Italian
1193099,77,67,2707,231.89,231.89,0,0,769,638,56,TYPE_B,7.0,Beverages,Italian
1185663,78,67,2707,227.04,225.04,0,0,810,638,56,TYPE_B,7.0,Beverages,Italian
1094089,79,67,2707,229.95,229.95,0,0,608,638,56,TYPE_B,7.0,Beverages,Italian
1424690,80,67,2707,227.04,227.04,0,0,798,638,56,TYPE_B,7.0,Beverages,Italian
1281933,81,67,2707,228.98,228.98,0,0,836,638,56,TYPE_B,7.0,Beverages,Italian
1278208,82,67,2707,219.22,221.22,0,0,1350,638,56,TYPE_B,7.0,Beverages,Italian
1051043,83,67,2707,192.12,219.22,1,1,1619,638,56,TYPE_B,7.0,Beverages,Italian
1004295,84,67,2707,222.19,221.19,0,0,1162,638,56,TYPE_B,7.0,Beverages,Italian
1155279,85,67,2707,227.98,226.98,0,0,1188,638,56,TYPE_B,7.0,Beverages,Italian
1062301,86,67,2707,189.15,228.98,0,0,1283,638,56,TYPE_B,7.0,Beverages,Italian
1271095,87,67,2707,188.21,227.98,0,0,1160,638,56,TYPE_B,7.0,Beverages,Italian
1327811,88,67,2707,190.15,228.98,0,0,1283,638,56,TYPE_B,7.0,Beverages,Italian
1390846,89,67,2707,193.09,227.98,0,0,1175,638,56,TYPE_B,7.0,Beverages,Italian
1459323,90,67,2707,227.01,228.01,0,0,933,638,56,TYPE_B,7.0,Beverages,Italian
1150350,91,67,2707,193.09,226.01,0,0,1242,638,56,TYPE_B,7.0,Beverages,Italian
1408298,92,67,2707,189.18,226.01,0,0,1351,638,56,TYPE_B,7.0,Beverages,Italian
1375350,93,67,2707,192.06,226.01,0,0,1336,638,56,TYPE_B,7.0,Beverages,Italian
1220023,94,67,2707,192.09,227.01,1,0,1242,638,56,TYPE_B,7.0,Beverages,Italian
1176734,95,67,2707,190.15,226.01,0,0,944,638,56,TYPE_B,7.0,Beverages,Italian
1359541,96,67,2707,193.06,228.01,0,0,1081,638,56,TYPE_B,7.0,Beverages,Italian
1419259,97,67,2707,188.24,227.01,0,0,458,638,56,TYPE_B,7.0,Beverages,Italian
1139037,98,67,2707,189.18,190.18,0,0,917,638,56,TYPE_B,7.0,Beverages,Italian
1485819,99,67,2707,192.12,190.12,0,0,1052,638,56,TYPE_B,7.0,Beverages,Italian
1028211,100,67,2707,191.09,193.09,0,0,1405,638,56,TYPE_B,7.0,Beverages,Italian
1240486,101,67,2707,191.12,190.12,0,0,1054,638,56,TYPE_B,7.0,Beverages,Italian
1093169,102,67,2707,190.18,189.18,0,0,878,638,56,TYPE_B,7.0,Beverages,Italian
1334851,103,67,2707,192.12,190.12,0,0,959,638,56,TYPE_B,7.0,Beverages,Italian
1041984,104,67,2707,191.15,191.15,0,0,1392,638,56,TYPE_B,7.0,Beverages,Italian
1331090,105,67,2707,193.09,191.09,0,0,917,638,56,TYPE_B,7.0,Beverages,Italian
1047593,106,67,2707,192.06,194.06,0,0,1310,638,56,TYPE_B,7.0,Beverages,Italian
1147981,107,67,2707,192.12,190.12,0,0,1391,638,56,TYPE_B,7.0,Beverages,Italian
1103764,108,67,2707,191.09,191.09,0,0,1257,638,56,TYPE_B,7.0,Beverages,Italian
1113555,109,67,2707,227.04,226.04,0,0,973,638,56,TYPE_B,7.0,Beverages,Italian
1274648,110,67,2707,231.83,231.83,0,0,744,638,56,TYPE_B,7.0,Beverages,Italian
1300372,111,67,2707,238.65,239.65,0,0,823,638,56,TYPE_B,7.0,Beverages,Italian
1073700,112,67,2707,228.95,228.95,0,0,1121,638,56,TYPE_B,7.0,Beverages,Italian
1336682,113,67,2707,239.65,238.65,0,0,1160,638,56,TYPE_B,7.0,Beverages,Italian
1370101,114,67,2707,238.65,237.65,0,0,1243,638,56,TYPE_B,7.0,Beverages,Italian
1291133,1,67,1207,323.01,388.0,0,0,68,638,56,TYPE_B,7.0,Beverages,Continental
1386271,2,67,1207,325.01,388.0,0,0,217,638,56,TYPE_B,7.0,Beverages,Continental
1356992,3,67,1207,324.01,389.0,1,0,150,638,56,TYPE_B,7.0,Beverages,Continental
1281747,4,67,1207,317.19,390.0,0,0,215,638,56,TYPE_B,7.0,Beverages,Continental
1130625,5,67,1207,388.0,389.0,0,0,41,638,56,TYPE_B,7.0,Beverages,Continental
1271128,6,67,1207,386.12,386.12,0,0,121,638,56,TYPE_B,7.0,Beverages,Continental
1133377,7,67,1207,389.0,390.0,0,0,80,638,56,TYPE_B,7.0,Beverages,Continental
1359839,8,67,1207,388.0,388.0,0,0,40,638,56,TYPE_B,7.0,Beverages,Continental
1081389,9,67,1207,329.8,389.0,0,0,95,638,56,TYPE_B,7.0,Beverages,Continental
1038672,10,67,1207,390.0,389.0,0,0,135,638,56,TYPE_B,7.0,Beverages,Continental
1408960,11,67,1207,379.33,377.33,0,0,95,638,56,TYPE_B,7.0,Beverages,Continental
1103812,12,67,1207,390.0,388.0,0,0,162,638,56,TYPE_B,7.0,Beverages,Continental
1219004,13,67,1207,370.6,369.6,0,0,53,638,56,TYPE_B,7.0,Beverages,Continental
1215896,14,67,1207,315.25,368.6,1,0,324,638,56,TYPE_B,7.0,Beverages,Continental
1200109,15,67,1207,316.25,370.6,0,1,379,638,56,TYPE_B,7.0,Beverages,Continental
1353567,16,67,1207,320.1,370.6,0,1,431,638,56,TYPE_B,7.0,Beverages,Continental
1107613,17,67,1207,324.98,369.6,1,1,323,638,56,TYPE_B,7.0,Beverages,Continental
1199892,18,67,1207,300.7,369.6,1,1,190,638,56,TYPE_B,7.0,Beverages,Continental
1071629,19,67,1207,390.0,389.0,0,0,122,638,56,TYPE_B,7.0,Beverages,Continental
1337018,20,67,1207,378.3,379.3,0,0,108,638,56,TYPE_B,7.0,Beverages,Continental
1040775,21,67,1207,368.66,366.66,0,0,109,638,56,TYPE_B,7.0,Beverages,Continental
1289868,22,67,1207,390.0,390.0,0,0,40,638,56,TYPE_B,7.0,Beverages,Continental
1304680,23,67,1207,390.0,389.0,0,0,55,638,56,TYPE_B,7.0,Beverages,Continental
1084538,24,67,1207,341.5,388.0,0,0,109,638,56,TYPE_B,7.0,Beverages,Continental
1346639,26,67,1207,388.0,389.0,0,0,40,638,56,TYPE_B,7.0,Beverages,Continental
1088594,27,67,1207,380.3,379.3,0,0,53,638,56,TYPE_B,7.0,Beverages,Continental
1163162,28,67,1207,390.0,389.0,0,0,55,638,56,TYPE_B,7.0,Beverages,Continental
1339563,29,67,1207,382.24,382.24,0,0,69,638,56,TYPE_B,7.0,Beverages,Continental
1444173,30,67,1207,388.0,388.0,0,0,41,638,56,TYPE_B,7.0,Beverages,Continental
1447118,31,67,1207,383.21,382.21,0,0,81,638,56,TYPE_B,7.0,Beverages,Continental
1357128,32,67,1207,380.27,380.27,0,0,122,638,56,TYPE_B,7.0,Beverages,Continental
1321681,33,67,1207,332.74,381.27,1,0,69,638,56,TYPE_B,7.0,Beverages,Continental
1032435,34,67,1207,314.31,381.27,0,0,204,638,56,TYPE_B,7.0,Beverages,Continental
1231216,35,67,1207,476.33,476.33,0,0,80,638,56,TYPE_B,7.0,Beverages,Continental
1423253,36,67,1207,444.32,444.32,0,0,80,638,56,TYPE_B,7.0,Beverages,Continental
1244191,37,67,1207,476.33,475.33,0,0,28,638,56,TYPE_B,7.0,Beverages,Continental
1292614,38,67,1207,378.33,476.33,0,0,41,638,56,TYPE_B,7.0,Beverages,Continental
1239199,40,67,1207,330.83,474.33,0,0,28,638,56,TYPE_B,7.0,Beverages,Continental
1041659,41,67,1207,475.33,476.33,0,0,40,638,56,TYPE_B,7.0,Beverages,Continental
1242650,42,67,1207,474.33,476.33,0,0,54,638,56,TYPE_B,7.0,Beverages,Continental
1186267,43,67,1207,464.63,465.63,0,0,67,638,56,TYPE_B,7.0,Beverages,Continental
1211342,44,67,1207,464.63,466.63,0,0,68,638,56,TYPE_B,7.0,Beverages,Continental
1086512,45,67,1207,403.58,465.63,0,0,54,638,56,TYPE_B,7.0,Beverages,Continental
1257232,46,67,1207,474.33,476.33,0,0,28,638,56,TYPE_B,7.0,Beverages,Continental
1469370,47,67,1207,475.33,474.33,0,0,41,638,56,TYPE_B,7.0,Beverages,Continental
1037338,48,67,1207,476.33,474.33,0,0,42,638,56,TYPE_B,7.0,Beverages,Continental
1347295,49,67,1207,289.06,476.33,1,1,297,638,56,TYPE_B,7.0,Beverages,Continental
1432244,50,67,1207,286.18,476.33,0,0,258,638,56,TYPE_B,7.0,Beverages,Continental
1196501,51,67,1207,290.09,474.33,1,1,446,638,56,TYPE_B,7.0,Beverages,Continental
1323310,52,67,1207,316.25,474.33,1,1,392,638,56,TYPE_B,7.0,Beverages,Continental
1482470,53,67,1207,288.12,476.33,0,0,365,638,56,TYPE_B,7.0,Beverages,Continental
1363353,54,67,1207,289.12,475.33,0,1,433,638,56,TYPE_B,7.0,Beverages,Continental
1170224,55,67,1207,474.33,474.33,0,1,67,638,56,TYPE_B,7.0,Beverages,Continental
1243472,56,67,1207,476.33,476.33,0,0,27,638,56,TYPE_B,7.0,Beverages,Continental
1216811,57,67,1207,454.99,454.99,0,0,54,638,56,TYPE_B,7.0,Beverages,Continental
1033481,58,67,1207,466.63,466.63,0,0,28,638,56,TYPE_B,7.0,Beverages,Continental
1496143,59,67,1207,465.63,466.63,0,0,26,638,56,TYPE_B,7.0,Beverages,Continental
1418409,60,67,1207,466.63,465.63,0,0,26,638,56,TYPE_B,7.0,Beverages,Continental
1227155,61,67,1207,441.38,441.38,0,0,136,638,56,TYPE_B,7.0,Beverages,Continental
1279311,63,67,1207,466.63,464.63,0,0,14,638,56,TYPE_B,7.0,Beverages,Continental
1495548,64,67,1207,466.63,464.63,0,0,28,638,56,TYPE_B,7.0,Beverages,Continental
1307044,65,67,1207,361.81,466.63,0,0,161,638,56,TYPE_B,7.0,Beverages,Continental
1088893,67,67,1207,363.78,466.63,0,0,202,638,56,TYPE_B,7.0,Beverages,Continental
1052135,68,67,1207,464.63,465.63,0,0,26,638,56,TYPE_B,7.0,Beverages,Continental
1253418,69,67,1207,464.63,466.63,0,0,55,638,56,TYPE_B,7.0,Beverages,Continental
1083726,70,67,1207,465.63,466.63,0,0,81,638,56,TYPE_B,7.0,Beverages,Continental
1176120,71,67,1207,433.62,433.62,0,0,40,638,56,TYPE_B,7.0,Beverages,Continental
1097315,72,67,1207,465.63,465.63,0,0,42,638,56,TYPE_B,7.0,Beverages,Continental
1462061,73,67,1207,451.11,450.11,0,0,42,638,56,TYPE_B,7.0,Beverages,Continental
1400190,74,67,1207,465.63,465.63,0,0,27,638,56,TYPE_B,7.0,Beverages,Continental
1295890,75,67,1207,513.13,515.13,0,0,14,638,56,TYPE_B,7.0,Beverages,Continental
1436654,76,67,1207,420.07,513.13,0,0,26,638,56,TYPE_B,7.0,Beverages,Continental
1382936,77,67,1207,464.63,464.63,0,0,14,638,56,TYPE_B,7.0,Beverages,Continental
1104681,78,67,1207,453.99,452.99,0,0,55,638,56,TYPE_B,7.0,Beverages,Continental
1337402,80,67,1207,388.0,454.99,0,0,26,638,56,TYPE_B,7.0,Beverages,Continental
1339365,81,67,1207,379.3,452.99,0,0,163,638,56,TYPE_B,7.0,Beverages,Continental
1167556,82,67,1207,388.0,452.99,0,0,150,638,56,TYPE_B,7.0,Beverages,Continental
1330626,83,67,1207,385.12,452.99,0,0,203,638,56,TYPE_B,7.0,Beverages,Continental
1142576,84,67,1207,390.0,452.99,0,0,40,638,56,TYPE_B,7.0,Beverages,Continental
1486467,85,67,1207,372.51,453.99,0,0,95,638,56,TYPE_B,7.0,Beverages,Continental
1241162,86,67,1207,371.51,372.51,0,0,94,638,56,TYPE_B,7.0,Beverages,Continental
1208766,87,67,1207,377.36,377.36,0,0,136,638,56,TYPE_B,7.0,Beverages,Continental
1094027,88,67,1207,390.0,390.0,0,0,28,638,56,TYPE_B,7.0,Beverages,Continental
1013024,89,67,1207,375.45,374.45,0,0,53,638,56,TYPE_B,7.0,Beverages,Continental
1325213,90,67,1207,388.0,389.0,0,0,41,638,56,TYPE_B,7.0,Beverages,Continental
1158292,91,67,1207,323.01,390.0,0,0,150,638,56,TYPE_B,7.0,Beverages,Continental
1191416,92,67,1207,297.82,390.0,0,0,94,638,56,TYPE_B,7.0,Beverages,Continental
1229091,93,67,1207,314.31,389.0,0,0,122,638,56,TYPE_B,7.0,Beverages,Continental
1408896,94,67,1207,306.58,390.0,0,0,163,638,56,TYPE_B,7.0,Beverages,Continental
1035919,95,67,1207,321.07,390.0,0,0,162,638,56,TYPE_B,7.0,Beverages,Continental
1172055,96,67,1207,325.98,390.0,0,0,216,638,56,TYPE_B,7.0,Beverages,Continental
1211752,97,67,1207,325.98,323.98,0,0,134,638,56,TYPE_B,7.0,Beverages,Continental
1085922,98,67,1207,321.1,322.1,0,0,136,638,56,TYPE_B,7.0,Beverages,Continental
1212216,99,67,1207,319.16,320.16,0,0,81,638,56,TYPE_B,7.0,Beverages,Continental
1162920,100,67,1207,314.34,313.34,0,0,82,638,56,TYPE_B,7.0,Beverages,Continental
1282340,101,67,1207,309.43,312.34,1,0,243,638,56,TYPE_B,7.0,Beverages,Continental
1307574,102,67,1207,323.07,323.07,0,0,285,638,56,TYPE_B,7.0,Beverages,Continental
1158353,103,67,1207,318.19,319.19,0,0,204,638,56,TYPE_B,7.0,Beverages,Continental
1391732,104,67,1207,325.01,317.19,0,1,95,638,56,TYPE_B,7.0,Beverages,Continental
1414617,105,67,1207,321.13,319.19,0,1,204,638,56,TYPE_B,7.0,Beverages,Continental
1088896,106,67,1207,485.03,486.03,0,0,68,638,56,TYPE_B,7.0,Beverages,Continental
1185249,107,67,1207,497.64,498.64,0,0,41,638,56,TYPE_B,7.0,Beverages,Continental
1099410,108,67,1207,513.13,513.13,0,0,13,638,56,TYPE_B,7.0,Beverages,Continental
1160508,109,67,1207,464.66,463.66,0,0,27,638,56,TYPE_B,7.0,Beverages,Continental
1192707,110,67,1207,316.25,465.66,0,0,202,638,56,TYPE_B,7.0,Beverages,Continental
1371147,111,67,1207,315.28,465.66,1,0,215,638,56,TYPE_B,7.0,Beverages,Continental
1104553,112,67,1207,324.98,464.66,0,0,217,638,56,TYPE_B,7.0,Beverages,Continental
1499548,113,67,1207,353.11,465.66,0,0,109,638,56,TYPE_B,7.0,Beverages,Continental
1062665,114,67,1207,342.47,463.66,0,0,96,638,56,TYPE_B,7.0,Beverages,Continental
