Data set/Center wise/Center_67_Rank6.csv
id,week,center_id,meal_id,checkout_price,base_price,emailer_for_promotion,homepage_featured,num_orders,city_code,region_code,center_type,op_area,category,cuisine
1307232,1,67,1230,321.07,389.0,0,0,175,638,56,TYPE_B,7.0,Beverages,Continental
1337947,2,67,1230,323.04,390.0,0,1,231,638,56,TYPE_B,7.0,Beverages,Continental
1355068,3,67,1230,317.25,390.0,1,0,202,638,56,TYPE_B,7.0,Beverages,Continental
1392662,4,67,1230,322.04,388.0,0,1,229,638,56,TYPE_B,7.0,Beverages,Continental
1302803,5,67,1230,381.24,382.24,0,0,134,638,56,TYPE_B,7.0,Beverages,Continental
1196876,6,67,1230,376.36,376.36,0,0,134,638,56,TYPE_B,7.0,Beverages,Continental
1482721,7,67,1230,389.0,390.0,0,0,96,638,56,TYPE_B,7.0,Beverages,Continental
1223083,8,67,1230,390.0,389.0,0,0,26,638,56,TYPE_B,7.0,Beverages,Continental
1282631,9,67,1230,390.0,388.0,0,0,28,638,56,TYPE_B,7.0,Beverages,Continental
1244159,10,67,1230,388.0,388.0,0,0,28,638,56,TYPE_B,7.0,Beverages,Continental
1488085,11,67,1230,382.21,381.21,0,0,81,638,56,TYPE_B,7.0,Beverages,Continental
1047800,12,67,1230,390.0,388.0,0,0,122,638,56,TYPE_B,7.0,Beverages,Continental
1489957,13,67,1230,390.0,390.0,0,0,15,638,56,TYPE_B,7.0,Beverages,Continental
1019995,14,67,1230,321.1,388.0,1,0,256,638,56,TYPE_B,7.0,Beverages,Continental
1109795,15,67,1230,311.43,389.0,0,1,499,638,56,TYPE_B,7.0,Beverages,Continental
1451120,16,67,1230,326.95,388.0,0,1,433,638,56,TYPE_B,7.0,Beverages,Continental
1489114,17,67,1230,323.98,389.0,1,1,418,638,56,TYPE_B,7.0,Beverages,Continental
1215726,18,67,1230,317.19,390.0,1,0,350,638,56,TYPE_B,7.0,Beverages,Continental
1438281,19,67,1230,343.38,390.0,0,0,136,638,56,TYPE_B,7.0,Beverages,Continental
1332872,20,67,1230,388.0,390.0,0,0,122,638,56,TYPE_B,7.0,Beverages,Continental
1412417,21,67,1230,390.0,388.0,0,0,55,638,56,TYPE_B,7.0,Beverages,Continental
1316423,22,67,1230,405.52,404.52,0,0,107,638,56,TYPE_B,7.0,Beverages,Continental
1285895,23,67,1230,389.0,389.0,0,0,54,638,56,TYPE_B,7.0,Beverages,Continental
1052216,24,67,1230,383.18,383.18,0,0,96,638,56,TYPE_B,7.0,Beverages,Continental
1091130,25,67,1230,388.0,388.0,0,0,69,638,56,TYPE_B,7.0,Beverages,Continental
1298845,26,67,1230,390.0,388.0,0,0,67,638,56,TYPE_B,7.0,Beverages,Continental
1257159,27,67,1230,384.15,383.15,0,0,108,638,56,TYPE_B,7.0,Beverages,Continental
1469382,28,67,1230,388.0,388.0,0,0,94,638,56,TYPE_B,7.0,Beverages,Continental
1190377,29,67,1230,332.71,389.0,0,0,82,638,56,TYPE_B,7.0,Beverages,Continental
1039317,30,67,1230,380.3,378.3,0,0,54,638,56,TYPE_B,7.0,Beverages,Continental
1000590,31,67,1230,376.36,378.36,0,0,161,638,56,TYPE_B,7.0,Beverages,Continental
1132003,32,67,1230,382.24,380.24,0,0,136,638,56,TYPE_B,7.0,Beverages,Continental
1324055,33,67,1230,338.59,380.24,1,0,310,638,56,TYPE_B,7.0,Beverages,Continental
1418903,34,67,1230,339.53,380.24,0,0,257,638,56,TYPE_B,7.0,Beverages,Continental
1054202,35,67,1230,463.69,462.69,0,0,163,638,56,TYPE_B,7.0,Beverages,Continental
1146704,36,67,1230,469.54,468.54,0,0,96,638,56,TYPE_B,7.0,Beverages,Continental
1126493,37,67,1230,476.33,475.33,0,0,13,638,56,TYPE_B,7.0,Beverages,Continental
1297622,40,67,1230,452.05,452.05,0,0,28,638,56,TYPE_B,7.0,Beverages,Continental
1171176,41,67,1230,465.63,466.63,0,0,69,638,56,TYPE_B,7.0,Beverages,Continental
1060687,42,67,1230,427.8,428.8,0,0,15,638,56,TYPE_B,7.0,Beverages,Continental
1436803,43,67,1230,378.33,426.8,0,0,81,638,56,TYPE_B,7.0,Beverages,Continental
1031938,44,67,1230,476.33,474.33,0,0,13,638,56,TYPE_B,7.0,Beverages,Continental
1493899,46,67,1230,476.33,474.33,0,0,14,638,56,TYPE_B,7.0,Beverages,Continental
1454334,47,67,1230,455.93,454.93,0,0,68,638,56,TYPE_B,7.0,Beverages,Continental
1238537,48,67,1230,460.81,460.81,0,0,42,638,56,TYPE_B,7.0,Beverages,Continental
1215709,49,67,1230,288.12,458.81,1,0,458,638,56,TYPE_B,7.0,Beverages,Continental
1074524,50,67,1230,289.09,458.81,0,0,339,638,56,TYPE_B,7.0,Beverages,Continental
1288400,51,67,1230,290.09,460.81,1,0,405,638,56,TYPE_B,7.0,Beverages,Continental
1035743,52,67,1230,287.12,459.81,1,0,432,638,56,TYPE_B,7.0,Beverages,Continental
1427105,53,67,1230,287.15,460.81,0,1,553,638,56,TYPE_B,7.0,Beverages,Continental
1337294,54,67,1230,286.18,458.81,0,0,188,638,56,TYPE_B,7.0,Beverages,Continental
1292981,55,67,1230,470.51,470.51,0,0,107,638,56,TYPE_B,7.0,Beverages,Continental
1428816,56,67,1230,475.33,474.33,0,0,40,638,56,TYPE_B,7.0,Beverages,Continental
1360618,57,67,1230,466.63,466.63,0,0,54,638,56,TYPE_B,7.0,Beverages,Continental
1028662,58,67,1230,465.63,464.63,0,0,67,638,56,TYPE_B,7.0,Beverages,Continental
1108174,59,67,1230,454.99,453.99,0,0,54,638,56,TYPE_B,7.0,Beverages,Continental
1353577,60,67,1230,447.23,447.23,0,0,68,638,56,TYPE_B,7.0,Beverages,Continental
1326459,61,67,1230,418.13,418.13,0,0,67,638,56,TYPE_B,7.0,Beverages,Continental
1001679,64,67,1230,466.63,466.63,0,0,15,638,56,TYPE_B,7.0,Beverages,Continental
1004159,65,67,1230,350.17,464.63,0,1,204,638,56,TYPE_B,7.0,Beverages,Continental
1289974,66,67,1230,360.84,465.63,0,1,13,638,56,TYPE_B,7.0,Beverages,Continental
1011394,67,67,1230,359.87,466.63,0,1,162,638,56,TYPE_B,7.0,Beverages,Continental
1465208,68,67,1230,353.11,464.63,0,0,41,638,56,TYPE_B,7.0,Beverages,Continental
1405847,69,67,1230,426.83,425.83,0,0,136,638,56,TYPE_B,7.0,Beverages,Continental
1485590,70,67,1230,464.63,465.63,0,0,69,638,56,TYPE_B,7.0,Beverages,Continental
1075629,71,67,1230,450.14,449.14,0,0,81,638,56,TYPE_B,7.0,Beverages,Continental
1345021,72,67,1230,448.2,448.2,0,0,67,638,56,TYPE_B,7.0,Beverages,Continental
1370859,73,67,1230,466.63,464.63,0,0,53,638,56,TYPE_B,7.0,Beverages,Continental
1408857,74,67,1230,450.14,448.14,0,0,82,638,56,TYPE_B,7.0,Beverages,Continental
1212057,75,67,1230,450.11,449.11,0,0,40,638,56,TYPE_B,7.0,Beverages,Continental
1483079,77,67,1230,464.63,466.63,0,0,54,638,56,TYPE_B,7.0,Beverages,Continental
1329638,78,67,1230,465.63,465.63,0,0,42,638,56,TYPE_B,7.0,Beverages,Continental
1272714,79,67,1230,465.63,466.63,0,0,13,638,56,TYPE_B,7.0,Beverages,Continental
1111590,80,67,1230,375.42,466.63,0,0,94,638,56,TYPE_B,7.0,Beverages,Continental
1336529,81,67,1230,364.75,464.63,0,0,55,638,56,TYPE_B,7.0,Beverages,Continental
1463412,82,67,1230,382.24,464.63,0,0,203,638,56,TYPE_B,7.0,Beverages,Continental
1225070,83,67,1230,379.3,465.63,0,0,108,638,56,TYPE_B,7.0,Beverages,Continental
1477940,84,67,1230,376.42,466.63,0,0,96,638,56,TYPE_B,7.0,Beverages,Continental
1173269,85,67,1230,379.3,466.63,0,0,81,638,56,TYPE_B,7.0,Beverages,Continental
1157178,86,67,1230,368.6,369.6,0,0,81,638,56,TYPE_B,7.0,Beverages,Continental
1097616,87,67,1230,388.0,389.0,0,0,55,638,56,TYPE_B,7.0,Beverages,Continental
1199713,88,67,1230,369.6,370.6,0,0,109,638,56,TYPE_B,7.0,Beverages,Continental
1089710,89,67,1230,373.51,373.51,0,0,81,638,56,TYPE_B,7.0,Beverages,Continental
1267935,90,67,1230,322.1,373.51,0,0,28,638,56,TYPE_B,7.0,Beverages,Continental
1116422,91,67,1230,316.25,371.51,0,0,175,638,56,TYPE_B,7.0,Beverages,Continental
1410439,92,67,1230,294.91,372.51,0,0,94,638,56,TYPE_B,7.0,Beverages,Continental
1174673,93,67,1230,306.58,371.51,0,0,68,638,56,TYPE_B,7.0,Beverages,Continental
1236686,94,67,1230,322.1,371.51,0,0,121,638,56,TYPE_B,7.0,Beverages,Continental
1333554,95,67,1230,323.07,372.51,0,0,149,638,56,TYPE_B,7.0,Beverages,Continental
1088990,96,67,1230,314.28,314.28,0,0,231,638,56,TYPE_B,7.0,Beverages,Continental
1151334,97,67,1230,323.98,325.98,0,0,123,638,56,TYPE_B,7.0,Beverages,Continental
1311905,98,67,1230,321.13,320.13,0,0,190,638,56,TYPE_B,7.0,Beverages,Continental
1482149,99,67,1230,323.98,325.98,0,0,230,638,56,TYPE_B,7.0,Beverages,Continental
1222921,100,67,1230,323.04,324.04,0,0,204,638,56,TYPE_B,7.0,Beverages,Continental
1447062,101,67,1230,321.07,324.04,1,0,215,638,56,TYPE_B,7.0,Beverages,Continental
1147890,102,67,1230,337.56,323.04,0,1,473,638,56,TYPE_B,7.0,Beverages,Continental
1025286,103,67,1230,317.19,324.04,0,1,188,638,56,TYPE_B,7.0,Beverages,Continental
1467519,104,67,1230,318.16,319.16,0,0,122,638,56,TYPE_B,7.0,Beverages,Continental
1065570,105,67,1230,322.07,318.16,0,1,338,638,56,TYPE_B,7.0,Beverages,Continental
1470446,106,67,1230,513.13,515.13,0,0,26,638,56,TYPE_B,7.0,Beverages,Continental
1368316,107,67,1230,489.91,487.91,0,0,28,638,56,TYPE_B,7.0,Beverages,Continental
1026411,109,67,1230,502.49,501.49,0,0,54,638,56,TYPE_B,7.0,Beverages,Continental
1265304,110,67,1230,315.25,502.49,0,0,312,638,56,TYPE_B,7.0,Beverages,Continental
1475254,111,67,1230,321.07,501.49,1,0,364,638,56,TYPE_B,7.0,Beverages,Continental
1017129,112,67,1230,319.16,501.49,0,1,581,638,56,TYPE_B,7.0,Beverages,Continental
1263529,113,67,1230,370.6,501.49,0,0,202,638,56,TYPE_B,7.0,Beverages,Continental
1175883,114,67,1230,346.29,501.49,0,0,96,638,56,TYPE_B,7.0,Beverages,Continental
1286510,1,67,2322,323.04,385.09,0,0,432,638,56,TYPE_B,7.0,Beverages,Continental
1048211,2,67,2322,324.01,386.09,0,1,528,638,56,TYPE_B,7.0,Beverages,Continental
1391782,3,67,2322,324.01,387.09,1,1,419,638,56,TYPE_B,7.0,Beverages,Continental
1365745,4,67,2322,321.07,387.09,0,0,311,638,56,TYPE_B,7.0,Beverages,Continental
1111341,5,67,2322,389.0,390.0,0,0,109,638,56,TYPE_B,7.0,Beverages,Continental
1131053,6,67,2322,390.0,390.0,0,0,123,638,56,TYPE_B,7.0,Beverages,Continental
1283474,7,67,2322,390.0,390.0,0,0,94,638,56,TYPE_B,7.0,Beverages,Continental
1177304,8,67,2322,385.09,387.09,0,0,123,638,56,TYPE_B,7.0,Beverages,Continental
1431436,9,67,2322,380.24,380.24,0,0,202,638,56,TYPE_B,7.0,Beverages,Continental
1135073,10,67,2322,376.36,376.36,0,0,108,638,56,TYPE_B,7.0,Beverages,Continental
1118929,11,67,2322,379.33,379.33,0,0,96,638,56,TYPE_B,7.0,Beverages,Continental
1309038,12,67,2322,389.0,388.0,0,0,339,638,56,TYPE_B,7.0,Beverages,Continental
1184705,13,67,2322,380.3,378.3,0,0,283,638,56,TYPE_B,7.0,Beverages,Continental
1275508,14,67,2322,315.31,380.3,1,0,500,638,56,TYPE_B,7.0,Beverages,Continental
1083617,15,67,2322,316.28,378.3,0,1,729,638,56,TYPE_B,7.0,Beverages,Continental
1045174,16,67,2322,321.1,380.3,0,1,513,638,56,TYPE_B,7.0,Beverages,Continental
1009468,17,67,2322,320.16,379.3,1,0,513,638,56,TYPE_B,7.0,Beverages,Continental
1381336,18,67,2322,321.13,379.3,1,1,568,638,56,TYPE_B,7.0,Beverages,Continental
1362921,19,67,2322,370.57,370.57,0,0,203,638,56,TYPE_B,7.0,Beverages,Continental
1259146,20,67,2322,380.27,379.27,0,0,204,638,56,TYPE_B,7.0,Beverages,Continental
1043310,21,67,2322,390.0,389.0,0,0,217,638,56,TYPE_B,7.0,Beverages,Continental
1240706,22,67,2322,390.0,388.0,0,0,136,638,56,TYPE_B,7.0,Beverages,Continental
1347097,23,67,2322,362.81,362.81,0,0,149,638,56,TYPE_B,7.0,Beverages,Continental
1367580,24,67,2322,369.6,368.6,0,0,203,638,56,TYPE_B,7.0,Beverages,Continental
1128201,25,67,2322,407.43,407.43,0,0,215,638,56,TYPE_B,7.0,Beverages,Continental
1458431,26,67,2322,387.06,387.06,0,0,256,638,56,TYPE_B,7.0,Beverages,Continental
1459499,27,67,2322,381.21,383.21,0,0,82,638,56,TYPE_B,7.0,Beverages,Continental
1336806,28,67,2322,388.0,389.0,0,0,136,638,56,TYPE_B,7.0,Beverages,Continental
1480123,29,67,2322,390.0,389.0,0,0,230,638,56,TYPE_B,7.0,Beverages,Continental
1027604,30,67,2322,376.36,377.36,0,0,176,638,56,TYPE_B,7.0,Beverages,Continental
1246611,31,67,2322,383.18,382.18,0,0,94,638,56,TYPE_B,7.0,Beverages,Continental
1207634,32,67,2322,381.21,383.21,0,0,298,638,56,TYPE_B,7.0,Beverages,Continental
1480626,33,67,2322,332.71,383.21,1,1,379,638,56,TYPE_B,7.0,Beverages,Continental
1182919,34,67,2322,326.89,383.21,0,1,568,638,56,TYPE_B,7.0,Beverages,Continental
1212472,35,67,2322,461.75,462.75,0,0,96,638,56,TYPE_B,7.0,Beverages,Continental
1450742,36,67,2322,452.99,452.99,0,0,243,638,56,TYPE_B,7.0,Beverages,Continental
1250044,37,67,2322,438.5,438.5,0,0,68,638,56,TYPE_B,7.0,Beverages,Continental
1354644,38,67,2322,437.53,437.53,0,0,136,638,56,TYPE_B,7.0,Beverages,Continental
1364044,40,67,2322,435.53,436.53,0,0,134,638,56,TYPE_B,7.0,Beverages,Continental
1388005,41,67,2322,431.65,431.65,0,0,256,638,56,TYPE_B,7.0,Beverages,Continental
1065872,42,67,2322,427.83,425.83,0,0,94,638,56,TYPE_B,7.0,Beverages,Continental
1309138,43,67,2322,470.48,471.48,0,0,135,638,56,TYPE_B,7.0,Beverages,Continental
1059800,44,67,2322,437.53,435.53,0,0,204,638,56,TYPE_B,7.0,Beverages,Continental
1236621,45,67,2322,470.48,471.48,0,0,136,638,56,TYPE_B,7.0,Beverages,Continental
1108736,46,67,2322,433.62,432.62,0,0,96,638,56,TYPE_B,7.0,Beverages,Continental
1054181,47,67,2322,474.33,474.33,0,0,41,638,56,TYPE_B,7.0,Beverages,Continental
1376772,48,67,2322,472.42,471.42,0,0,204,638,56,TYPE_B,7.0,Beverages,Continental
1275583,49,67,2322,289.12,473.42,1,1,918,638,56,TYPE_B,7.0,Beverages,Continental
1047041,50,67,2322,290.06,471.42,0,1,717,638,56,TYPE_B,7.0,Beverages,Continental
1044977,51,67,2322,286.15,472.42,1,1,823,638,56,TYPE_B,7.0,Beverages,Continental
1019420,52,67,2322,288.12,472.42,1,1,987,638,56,TYPE_B,7.0,Beverages,Continental
1481451,53,67,2322,289.12,471.42,0,1,919,638,56,TYPE_B,7.0,Beverages,Continental
1012218,54,67,2322,287.15,471.42,0,0,634,638,56,TYPE_B,7.0,Beverages,Continental
1065080,55,67,2322,467.57,473.42,0,1,161,638,56,TYPE_B,7.0,Beverages,Continental
1388944,56,67,2322,472.45,472.45,0,0,148,638,56,TYPE_B,7.0,Beverages,Continental
1421153,57,67,2322,464.63,466.63,0,0,69,638,56,TYPE_B,7.0,Beverages,Continental
1222243,58,67,2322,452.02,454.02,0,0,148,638,56,TYPE_B,7.0,Beverages,Continental
1066204,59,67,2322,430.71,430.71,0,0,109,638,56,TYPE_B,7.0,Beverages,Continental
1426855,60,67,2322,421.95,423.95,0,0,121,638,56,TYPE_B,7.0,Beverages,Continental
1104427,61,67,2322,441.38,441.38,0,0,217,638,56,TYPE_B,7.0,Beverages,Continental
1367738,62,67,2322,454.96,453.96,0,0,53,638,56,TYPE_B,7.0,Beverages,Continental
1358296,64,67,2322,464.63,466.63,0,0,42,638,56,TYPE_B,7.0,Beverages,Continental
1380769,65,67,2322,355.02,464.63,0,1,351,638,56,TYPE_B,7.0,Beverages,Continental
1118326,66,67,2322,359.87,466.63,0,0,94,638,56,TYPE_B,7.0,Beverages,Continental
1074593,67,67,2322,357.02,465.63,0,0,377,638,56,TYPE_B,7.0,Beverages,Continental
1110125,68,67,2322,456.87,456.87,0,0,82,638,56,TYPE_B,7.0,Beverages,Continental
1453622,69,67,2322,464.63,466.63,0,0,80,638,56,TYPE_B,7.0,Beverages,Continental
1315186,70,67,2322,455.9,457.9,0,0,149,638,56,TYPE_B,7.0,Beverages,Continental
1172479,71,67,2322,464.63,466.63,0,0,123,638,56,TYPE_B,7.0,Beverages,Continental
1081020,72,67,2322,457.87,456.87,0,0,81,638,56,TYPE_B,7.0,Beverages,Continental
1188016,73,67,2322,460.78,461.78,0,0,135,638,56,TYPE_B,7.0,Beverages,Continental
1075312,74,67,2322,461.78,460.78,0,0,284,638,56,TYPE_B,7.0,Beverages,Continental
1264883,75,67,2322,444.26,444.26,0,0,95,638,56,TYPE_B,7.0,Beverages,Continental
1445682,77,67,2322,456.87,456.87,0,0,80,638,56,TYPE_B,7.0,Beverages,Continental
1285377,78,67,2322,466.63,464.63,0,0,135,638,56,TYPE_B,7.0,Beverages,Continental
1264080,79,67,2322,452.02,454.02,0,0,150,638,56,TYPE_B,7.0,Beverages,Continental
1220034,80,67,2322,388.0,452.02,0,0,162,638,56,TYPE_B,7.0,Beverages,Continental
1449077,81,67,2322,373.48,454.02,0,0,189,638,56,TYPE_B,7.0,Beverages,Continental
1324146,82,67,2322,389.0,452.02,0,0,285,638,56,TYPE_B,7.0,Beverages,Continental
1033327,83,67,2322,384.15,453.02,0,0,338,638,56,TYPE_B,7.0,Beverages,Continental
1102201,84,67,2322,375.42,453.02,0,0,94,638,56,TYPE_B,7.0,Beverages,Continental
1023984,85,67,2322,354.11,453.02,0,0,216,638,56,TYPE_B,7.0,Beverages,Continental
1327919,86,67,2322,375.45,373.45,0,0,231,638,56,TYPE_B,7.0,Beverages,Continental
1096996,87,67,2322,371.54,370.54,0,0,134,638,56,TYPE_B,7.0,Beverages,Continental
1432885,88,67,2322,374.48,374.48,0,0,231,638,56,TYPE_B,7.0,Beverages,Continental
1437285,89,67,2322,366.66,368.66,0,0,176,638,56,TYPE_B,7.0,Beverages,Continental
1048965,90,67,2322,366.69,365.69,0,0,162,638,56,TYPE_B,7.0,Beverages,Continental
1234086,91,67,2322,313.37,367.69,0,0,149,638,56,TYPE_B,7.0,Beverages,Continental
1276214,92,67,2322,305.55,366.69,0,0,122,638,56,TYPE_B,7.0,Beverages,Continental
1337539,93,67,2322,314.28,365.69,0,0,135,638,56,TYPE_B,7.0,Beverages,Continental
1117343,94,67,2322,321.1,365.69,0,0,338,638,56,TYPE_B,7.0,Beverages,Continental
1162320,95,67,2322,315.31,367.69,0,0,269,638,56,TYPE_B,7.0,Beverages,Continental
1479914,96,67,2322,323.04,365.69,0,0,271,638,56,TYPE_B,7.0,Beverages,Continental
1133323,97,67,2322,314.31,315.31,0,0,325,638,56,TYPE_B,7.0,Beverages,Continental
1422242,98,67,2322,316.22,316.22,0,0,202,638,56,TYPE_B,7.0,Beverages,Continental
1231255,99,67,2322,314.28,314.28,0,0,324,638,56,TYPE_B,7.0,Beverages,Continental
1014202,100,67,2322,323.07,323.07,0,0,311,638,56,TYPE_B,7.0,Beverages,Continental
1183796,101,67,2322,322.1,323.07,1,0,337,638,56,TYPE_B,7.0,Beverages,Continental
1187158,102,67,2322,328.89,327.89,0,0,474,638,56,TYPE_B,7.0,Beverages,Continental
1220971,103,67,2322,322.04,324.04,0,0,418,638,56,TYPE_B,7.0,Beverages,Continental
1263132,104,67,2322,324.04,322.04,0,1,256,638,56,TYPE_B,7.0,Beverages,Continental
1347474,105,67,2322,322.04,323.04,0,1,595,638,56,TYPE_B,7.0,Beverages,Continental
1422545,106,67,2322,479.24,479.24,0,0,163,638,56,TYPE_B,7.0,Beverages,Continental
1388821,107,67,2322,469.48,469.48,0,0,40,638,56,TYPE_B,7.0,Beverages,Continental
1027546,108,67,2322,464.63,464.63,0,0,27,638,56,TYPE_B,7.0,Beverages,Continental
1230887,109,67,2322,490.88,490.88,0,0,54,638,56,TYPE_B,7.0,Beverages,Continental
1327378,110,67,2322,317.22,489.88,0,0,351,638,56,TYPE_B,7.0,Beverages,Continental
1458825,111,67,2322,323.07,489.88,1,1,539,638,56,TYPE_B,7.0,Beverages,Continental
1392611,112,67,2322,322.07,490.88,0,1,445,638,56,TYPE_B,7.0,Beverages,Continental
1136703,113,67,2322,341.44,488.88,0,0,257,638,56,TYPE_B,7.0,Beverages,Continental
