Data set/Center wise/Center_67_Rank6.csv
id,week,center_id,meal_id,checkout_price,base_price,emailer_for_promotion,homepage_featured,num_orders,city_code,region_code,center_type,op_area,category,cuisine
1140580,1,67,2290,287.15,286.15,0,0,730,638,56,TYPE_B,7.0,Rice Bowl,Indian
1060974,2,67,2290,309.43,310.43,0,0,404,638,56,TYPE_B,7.0,Rice Bowl,Indian
1009258,3,67,2290,310.43,310.43,0,0,406,638,56,TYPE_B,7.0,Rice Bowl,Indian
1091886,4,67,2290,311.43,311.43,0,0,716,638,56,TYPE_B,7.0,Rice Bowl,Indian
1223278,5,67,2290,161.05,309.43,1,1,9249,638,56,TYPE_B,7.0,Rice Bowl,Indian
1491015,6,67,2290,157.14,311.43,0,0,5075,638,56,TYPE_B,7.0,Rice Bowl,Indian
1162968,7,67,2290,161.05,311.43,1,1,7601,638,56,TYPE_B,7.0,Rice Bowl,Indian
1271328,8,67,2290,162.05,310.43,0,0,823,638,56,TYPE_B,7.0,Rice Bowl,Indian
1064619,9,67,2290,260.93,310.43,0,0,716,638,56,TYPE_B,7.0,Rice Bowl,Indian
1087385,10,67,2290,289.12,287.12,0,0,755,638,56,TYPE_B,7.0,Rice Bowl,Indian
1028890,11,67,2290,299.73,299.73,0,0,864,638,56,TYPE_B,7.0,Rice Bowl,Indian
1039948,12,67,2290,298.76,299.76,0,0,784,638,56,TYPE_B,7.0,Rice Bowl,Indian
1112190,13,67,2290,291.03,292.03,0,0,662,638,56,TYPE_B,7.0,Rice Bowl,Indian
1170917,14,67,2290,282.33,282.33,0,0,716,638,56,TYPE_B,7.0,Rice Bowl,Indian
1274752,15,67,2290,296.88,294.88,0,0,837,638,56,TYPE_B,7.0,Rice Bowl,Indian
1214581,16,67,2290,311.43,311.43,0,0,878,638,56,TYPE_B,7.0,Rice Bowl,Indian
1469814,17,67,2290,195.0,309.43,1,0,2417,638,56,TYPE_B,7.0,Rice Bowl,Indian
1438946,18,67,2290,310.43,309.43,0,0,730,638,56,TYPE_B,7.0,Rice Bowl,Indian
1369795,19,67,2290,276.48,309.43,0,0,863,638,56,TYPE_B,7.0,Rice Bowl,Indian
1079516,20,67,2290,298.76,298.76,0,0,757,638,56,TYPE_B,7.0,Rice Bowl,Indian
1251341,21,67,2290,299.73,301.73,0,0,1309,638,56,TYPE_B,7.0,Rice Bowl,Indian
1324791,22,67,2290,302.67,301.67,0,0,1039,638,56,TYPE_B,7.0,Rice Bowl,Indian
1369301,23,67,2290,279.36,279.36,0,0,824,638,56,TYPE_B,7.0,Rice Bowl,Indian
1283985,24,67,2290,311.43,311.43,0,0,728,638,56,TYPE_B,7.0,Rice Bowl,Indian
1327034,25,67,2290,310.43,309.43,0,0,836,638,56,TYPE_B,7.0,Rice Bowl,Indian
1424754,26,67,2290,310.43,309.43,0,0,783,638,56,TYPE_B,7.0,Rice Bowl,Indian
1205593,27,67,2290,311.43,311.43,0,0,364,638,56,TYPE_B,7.0,Rice Bowl,Indian
1358805,28,67,2290,310.43,311.43,0,0,460,638,56,TYPE_B,7.0,Rice Bowl,Indian
1241435,29,67,2290,309.43,309.43,0,0,540,638,56,TYPE_B,7.0,Rice Bowl,Indian
1440592,30,67,2290,311.43,311.43,0,0,406,638,56,TYPE_B,7.0,Rice Bowl,Indian
1472414,31,67,2290,268.72,310.43,0,0,594,638,56,TYPE_B,7.0,Rice Bowl,Indian
1162277,32,67,2290,299.76,298.76,0,0,864,638,56,TYPE_B,7.0,Rice Bowl,Indian
1037593,33,67,2290,294.94,294.94,0,0,987,638,56,TYPE_B,7.0,Rice Bowl,Indian
1107376,34,67,2290,308.49,308.49,0,0,757,638,56,TYPE_B,7.0,Rice Bowl,Indian
1334242,35,67,2290,302.67,301.67,0,0,1027,638,56,TYPE_B,7.0,Rice Bowl,Indian
1247960,36,67,2290,309.46,309.46,0,0,797,638,56,TYPE_B,7.0,Rice Bowl,Indian
1384929,37,67,2290,309.43,310.43,0,0,879,638,56,TYPE_B,7.0,Rice Bowl,Indian
1457710,38,67,2290,171.69,309.43,1,0,5955,638,56,TYPE_B,7.0,Rice Bowl,Indian
1304721,39,67,2290,277.45,309.43,0,0,1014,638,56,TYPE_B,7.0,Rice Bowl,Indian
1053607,40,67,2290,278.39,278.39,0,0,933,638,56,TYPE_B,7.0,Rice Bowl,Indian
1103426,41,67,2290,269.66,269.66,0,0,701,638,56,TYPE_B,7.0,Rice Bowl,Indian
1285409,42,67,2290,282.27,283.27,0,0,1067,638,56,TYPE_B,7.0,Rice Bowl,Indian
1061750,43,67,2290,281.36,280.36,0,0,863,638,56,TYPE_B,7.0,Rice Bowl,Indian
1444958,44,67,2290,286.15,286.15,0,0,1215,638,56,TYPE_B,7.0,Rice Bowl,Indian
1213426,45,67,2290,237.71,287.15,1,1,4509,638,56,TYPE_B,7.0,Rice Bowl,Indian
1057954,46,67,2290,268.69,269.69,0,0,1228,638,56,TYPE_B,7.0,Rice Bowl,Indian
1163598,47,67,2290,287.15,286.15,0,0,879,638,56,TYPE_B,7.0,Rice Bowl,Indian
1186028,48,67,2290,283.27,283.27,0,0,972,638,56,TYPE_B,7.0,Rice Bowl,Indian
1022086,49,67,2290,284.27,282.27,0,0,1067,638,56,TYPE_B,7.0,Rice Bowl,Indian
1229095,50,67,2290,284.27,284.27,0,0,1066,638,56,TYPE_B,7.0,Rice Bowl,Indian
1456893,51,67,2290,283.3,282.3,0,0,851,638,56,TYPE_B,7.0,Rice Bowl,Indian
1240183,52,67,2290,284.27,284.27,0,0,1012,638,56,TYPE_B,7.0,Rice Bowl,Indian
1393179,53,67,2290,288.15,288.15,0,0,1203,638,56,TYPE_B,7.0,Rice Bowl,Indian
1136754,54,67,2290,278.42,277.42,0,0,933,638,56,TYPE_B,7.0,Rice Bowl,Indian
1116841,55,67,2290,284.24,285.24,0,0,1176,638,56,TYPE_B,7.0,Rice Bowl,Indian
1182145,56,67,2290,285.18,287.18,0,0,1014,638,56,TYPE_B,7.0,Rice Bowl,Indian
1391033,57,67,2290,257.08,286.18,0,0,892,638,56,TYPE_B,7.0,Rice Bowl,Indian
1339742,58,67,2290,244.47,287.18,0,0,985,638,56,TYPE_B,7.0,Rice Bowl,Indian
1332205,59,67,2290,273.6,271.6,0,0,1066,638,56,TYPE_B,7.0,Rice Bowl,Indian
1362290,60,67,2290,273.54,275.54,0,0,918,638,56,TYPE_B,7.0,Rice Bowl,Indian
1225264,61,67,2290,270.63,270.63,0,0,554,638,56,TYPE_B,7.0,Rice Bowl,Indian
1162169,62,67,2290,275.54,274.54,0,0,364,638,56,TYPE_B,7.0,Rice Bowl,Indian
1222476,63,67,2290,275.54,275.54,0,0,593,638,56,TYPE_B,7.0,Rice Bowl,Indian
1343463,64,67,2290,278.42,279.42,0,0,458,638,56,TYPE_B,7.0,Rice Bowl,Indian
1395054,65,67,2290,264.81,266.81,0,0,717,638,56,TYPE_B,7.0,Rice Bowl,Indian
1233086,66,67,2290,265.84,264.84,0,0,689,638,56,TYPE_B,7.0,Rice Bowl,Indian
1343249,67,67,2290,259.99,258.99,0,0,852,638,56,TYPE_B,7.0,Rice Bowl,Indian
1056141,68,67,2290,263.87,262.87,0,0,918,638,56,TYPE_B,7.0,Rice Bowl,Indian
1153277,69,67,2290,282.3,281.3,0,0,1149,638,56,TYPE_B,7.0,Rice Bowl,Indian
1441650,70,67,2290,266.81,266.81,0,0,1350,638,56,TYPE_B,7.0,Rice Bowl,Indian
1004894,71,67,2290,273.57,274.57,0,0,1174,638,56,TYPE_B,7.0,Rice Bowl,Indian
1354520,72,67,2290,288.15,286.15,0,0,933,638,56,TYPE_B,7.0,Rice Bowl,Indian
1199241,73,67,2290,300.73,300.73,0,0,528,638,56,TYPE_B,7.0,Rice Bowl,Indian
1224180,74,67,2290,307.49,307.49,0,0,864,638,56,TYPE_B,7.0,Rice Bowl,Indian
1205570,75,67,2290,294.94,294.94,0,0,838,638,56,TYPE_B,7.0,Rice Bowl,Indian
1375521,76,67,2290,299.73,299.73,0,0,568,638,56,TYPE_B,7.0,Rice Bowl,Indian
1235569,77,67,2290,301.67,302.67,0,0,728,638,56,TYPE_B,7.0,Rice Bowl,Indian
1203518,78,67,2290,309.49,309.49,0,0,852,638,56,TYPE_B,7.0,Rice Bowl,Indian
1494395,79,67,2290,308.52,306.52,0,0,945,638,56,TYPE_B,7.0,Rice Bowl,Indian
1145049,80,67,2290,299.76,300.76,0,0,971,638,56,TYPE_B,7.0,Rice Bowl,Indian
1027505,81,67,2290,308.49,309.49,0,0,959,638,56,TYPE_B,7.0,Rice Bowl,Indian
1241085,82,67,2290,308.52,308.52,0,0,1093,638,56,TYPE_B,7.0,Rice Bowl,Indian
1400809,83,67,2290,282.27,282.27,0,0,919,638,56,TYPE_B,7.0,Rice Bowl,Indian
1312303,84,67,2290,290.09,290.09,0,0,582,638,56,TYPE_B,7.0,Rice Bowl,Indian
1238673,85,67,2290,222.13,290.09,0,0,810,638,56,TYPE_B,7.0,Rice Bowl,Indian
1063378,86,67,2290,193.03,288.09,0,0,1457,638,56,TYPE_B,7.0,Rice Bowl,Indian
1327236,87,67,2290,292.03,291.03,0,0,728,638,56,TYPE_B,7.0,Rice Bowl,Indian
1340764,88,67,2290,296.85,295.85,0,0,634,638,56,TYPE_B,7.0,Rice Bowl,Indian
1073885,89,67,2290,293.94,292.94,0,0,809,638,56,TYPE_B,7.0,Rice Bowl,Indian
1112555,90,67,2290,192.09,294.94,1,1,2998,638,56,TYPE_B,7.0,Rice Bowl,Indian
1363317,91,67,2290,297.85,296.85,0,0,999,638,56,TYPE_B,7.0,Rice Bowl,Indian
1262715,92,67,2290,298.76,297.85,0,1,1067,638,56,TYPE_B,7.0,Rice Bowl,Indian
1131854,93,67,2290,302.64,304.64,0,0,1214,638,56,TYPE_B,7.0,Rice Bowl,Indian
1446466,94,67,2290,244.47,302.64,0,0,1635,638,56,TYPE_B,7.0,Rice Bowl,Indian
1146662,95,67,2290,243.5,303.64,0,0,1390,638,56,TYPE_B,7.0,Rice Bowl,Indian
1096079,96,67,2290,292.94,294.94,0,0,1133,638,56,TYPE_B,7.0,Rice Bowl,Indian
1000096,97,67,2290,286.18,287.18,0,0,447,638,56,TYPE_B,7.0,Rice Bowl,Indian
1005659,98,67,2290,292.97,292.97,0,0,1201,638,56,TYPE_B,7.0,Rice Bowl,Indian
1462107,99,67,2290,300.73,301.73,0,0,1040,638,56,TYPE_B,7.0,Rice Bowl,Indian
1042159,100,67,2290,222.16,300.73,1,1,5820,638,56,TYPE_B,7.0,Rice Bowl,Indian
1058998,101,67,2290,223.13,299.73,1,1,5739,638,56,TYPE_B,7.0,Rice Bowl,Indian
1393560,102,67,2290,186.3,299.73,1,1,4780,638,56,TYPE_B,7.0,Rice Bowl,Indian
1137284,103,67,2290,182.39,301.73,1,1,3295,638,56,TYPE_B,7.0,Rice Bowl,Indian
1125491,104,67,2290,299.76,298.76,0,0,987,638,56,TYPE_B,7.0,Rice Bowl,Indian
1054050,105,67,2290,304.64,304.64,0,0,1351,638,56,TYPE_B,7.0,Rice Bowl,Indian
1384708,106,67,2290,296.85,296.85,0,0,1216,638,56,TYPE_B,7.0,Rice Bowl,Indian
1212729,107,67,2290,303.64,302.64,0,0,919,638,56,TYPE_B,7.0,Rice Bowl,Indian
1354684,108,67,2290,302.64,303.64,0,0,1025,638,56,TYPE_B,7.0,Rice Bowl,Indian
1488487,109,67,2290,286.15,288.15,0,0,1012,638,56,TYPE_B,7.0,Rice Bowl,Indian
1328259,110,67,2290,292.97,293.97,0,0,1147,638,56,TYPE_B,7.0,Rice Bowl,Indian
1477692,111,67,2290,297.82,297.82,0,0,1391,638,56,TYPE_B,7.0,Rice Bowl,Indian
1315078,112,67,2290,293.97,292.97,0,0,1512,638,56,TYPE_B,7.0,Rice Bowl,Indian
1328926,113,67,2290,307.52,306.52,0,0,744,638,56,TYPE_B,7.0,Rice Bowl,Indian
1052786,114,67,2290,306.55,307.55,0,0,917,638,56,TYPE_B,7.0,Rice Bowl,Indian
1304022,1,67,1727,433.65,433.65,0,0,865,638,56,TYPE_B,7.0,Rice Bowl,Indian
1375711,2,67,1727,445.23,445.23,0,0,514,638,56,TYPE_B,7.0,Rice Bowl,Indian
1431492,3,67,1727,446.23,446.23,0,0,406,638,56,TYPE_B,7.0,Rice Bowl,Indian
1330449,4,67,1727,445.23,446.23,0,0,608,638,56,TYPE_B,7.0,Rice Bowl,Indian
1485233,5,67,1727,241.56,447.23,0,1,2767,638,56,TYPE_B,7.0,Rice Bowl,Indian
1148710,6,67,1727,241.53,447.23,0,1,1417,638,56,TYPE_B,7.0,Rice Bowl,Indian
1483333,7,67,1727,445.23,446.23,0,0,594,638,56,TYPE_B,7.0,Rice Bowl,Indian
1151667,8,67,1727,418.07,420.07,0,0,445,638,56,TYPE_B,7.0,Rice Bowl,Indian
1253484,9,67,1727,446.23,446.23,0,0,513,638,56,TYPE_B,7.0,Rice Bowl,Indian
1142758,10,67,1727,445.23,447.23,0,0,622,638,56,TYPE_B,7.0,Rice Bowl,Indian
1293628,11,67,1727,445.29,445.29,0,0,608,638,56,TYPE_B,7.0,Rice Bowl,Indian
1192368,12,67,1727,447.23,447.23,0,0,674,638,56,TYPE_B,7.0,Rice Bowl,Indian
1464783,13,67,1727,447.23,446.23,0,0,499,638,56,TYPE_B,7.0,Rice Bowl,Indian
1250925,14,67,1727,446.23,447.23,0,0,512,638,56,TYPE_B,7.0,Rice Bowl,Indian
1311729,15,67,1727,437.53,436.53,0,0,607,638,56,TYPE_B,7.0,Rice Bowl,Indian
1305296,16,67,1727,445.23,446.23,0,0,459,638,56,TYPE_B,7.0,Rice Bowl,Indian
1314515,17,67,1727,445.23,447.23,0,0,431,638,56,TYPE_B,7.0,Rice Bowl,Indian
1322297,18,67,1727,438.5,438.5,0,0,716,638,56,TYPE_B,7.0,Rice Bowl,Indian
1474283,19,67,1727,431.65,431.65,0,0,445,638,56,TYPE_B,7.0,Rice Bowl,Indian
1400565,20,67,1727,433.65,431.65,0,0,433,638,56,TYPE_B,7.0,Rice Bowl,Indian
1179366,21,67,1727,445.23,446.23,0,0,555,638,56,TYPE_B,7.0,Rice Bowl,Indian
1447177,22,67,1727,446.23,447.23,0,0,568,638,56,TYPE_B,7.0,Rice Bowl,Indian
1116799,23,67,1727,445.23,446.23,0,0,553,638,56,TYPE_B,7.0,Rice Bowl,Indian
1097804,24,67,1727,430.74,430.74,0,0,366,638,56,TYPE_B,7.0,Rice Bowl,Indian
1045211,25,67,1727,243.53,429.74,1,1,2822,638,56,TYPE_B,7.0,Rice Bowl,Indian
1470206,26,67,1727,243.53,428.74,1,1,2310,638,56,TYPE_B,7.0,Rice Bowl,Indian
1368755,27,67,1727,408.4,408.4,0,0,378,638,56,TYPE_B,7.0,Rice Bowl,Indian
1073748,28,67,1727,446.23,446.23,0,0,445,638,56,TYPE_B,7.0,Rice Bowl,Indian
1184514,29,67,1727,447.23,445.23,0,0,513,638,56,TYPE_B,7.0,Rice Bowl,Indian
1211957,30,67,1727,445.23,446.23,0,0,404,638,56,TYPE_B,7.0,Rice Bowl,Indian
1334647,31,67,1727,442.38,442.38,0,0,568,638,56,TYPE_B,7.0,Rice Bowl,Indian
1073726,32,67,1727,445.23,445.23,0,0,391,638,56,TYPE_B,7.0,Rice Bowl,Indian
1299274,33,67,1727,446.23,447.23,0,0,350,638,56,TYPE_B,7.0,Rice Bowl,Indian
1195907,34,67,1727,444.26,445.26,0,0,487,638,56,TYPE_B,7.0,Rice Bowl,Indian
1438104,35,67,1727,434.62,434.62,0,0,163,638,56,TYPE_B,7.0,Rice Bowl,Indian
1028867,36,67,1727,447.23,447.23,0,0,404,638,56,TYPE_B,7.0,Rice Bowl,Indian
1121949,37,67,1727,446.23,445.23,0,0,405,638,56,TYPE_B,7.0,Rice Bowl,Indian
1433267,38,67,1727,447.23,446.23,0,0,460,638,56,TYPE_B,7.0,Rice Bowl,Indian
1441099,39,67,1727,445.23,445.23,0,0,487,638,56,TYPE_B,7.0,Rice Bowl,Indian
1307194,40,67,1727,445.23,446.23,0,0,350,638,56,TYPE_B,7.0,Rice Bowl,Indian
1242211,41,67,1727,447.23,447.23,0,0,364,638,56,TYPE_B,7.0,Rice Bowl,Indian
1033405,42,67,1727,445.23,447.23,0,0,366,638,56,TYPE_B,7.0,Rice Bowl,Indian
1041350,43,67,1727,447.23,445.23,0,0,270,638,56,TYPE_B,7.0,Rice Bowl,Indian
1365205,44,67,1727,445.23,447.23,0,0,568,638,56,TYPE_B,7.0,Rice Bowl,Indian
1210012,45,67,1727,445.23,446.23,0,0,688,638,56,TYPE_B,7.0,Rice Bowl,Indian
1141772,46,67,1727,447.23,447.23,0,0,365,638,56,TYPE_B,7.0,Rice Bowl,Indian
1204484,47,67,1727,445.23,445.23,0,0,432,638,56,TYPE_B,7.0,Rice Bowl,Indian
1290875,48,67,1727,447.23,445.23,0,0,337,638,56,TYPE_B,7.0,Rice Bowl,Indian
1312980,49,67,1727,446.23,445.23,0,0,405,638,56,TYPE_B,7.0,Rice Bowl,Indian
1200687,50,67,1727,446.23,447.23,0,0,339,638,56,TYPE_B,7.0,Rice Bowl,Indian
1298708,51,67,1727,447.23,445.23,0,0,419,638,56,TYPE_B,7.0,Rice Bowl,Indian
1138797,52,67,1727,433.62,432.62,0,0,472,638,56,TYPE_B,7.0,Rice Bowl,Indian
1471254,53,67,1727,445.23,446.23,0,0,554,638,56,TYPE_B,7.0,Rice Bowl,Indian
1176984,54,67,1727,440.41,439.41,0,0,217,638,56,TYPE_B,7.0,Rice Bowl,Indian
1424757,55,67,1727,439.41,440.41,0,0,499,638,56,TYPE_B,7.0,Rice Bowl,Indian
1090756,56,67,1727,445.23,445.23,0,0,445,638,56,TYPE_B,7.0,Rice Bowl,Indian
1118047,57,67,1727,421.98,420.98,0,0,500,638,56,TYPE_B,7.0,Rice Bowl,Indian
1344646,58,67,1727,259.96,422.98,1,1,3132,638,56,TYPE_B,7.0,Rice Bowl,Indian
1008948,59,67,1727,261.9,420.98,1,1,2579,638,56,TYPE_B,7.0,Rice Bowl,Indian
1475628,60,67,1727,421.04,421.04,0,0,553,638,56,TYPE_B,7.0,Rice Bowl,Indian
1341940,61,67,1727,437.53,436.53,0,0,594,638,56,TYPE_B,7.0,Rice Bowl,Indian
1180346,62,67,1727,447.23,447.23,0,0,121,638,56,TYPE_B,7.0,Rice Bowl,Indian
1047967,63,67,1727,447.23,445.23,0,0,500,638,56,TYPE_B,7.0,Rice Bowl,Indian
1332722,64,67,1727,446.23,446.23,0,0,649,638,56,TYPE_B,7.0,Rice Bowl,Indian
1080217,65,67,1727,445.23,447.23,0,0,379,638,56,TYPE_B,7.0,Rice Bowl,Indian
1267649,66,67,1727,440.41,441.41,0,0,541,638,56,TYPE_B,7.0,Rice Bowl,Indian
1299502,67,67,1727,445.29,443.29,0,0,648,638,56,TYPE_B,7.0,Rice Bowl,Indian
1158479,68,67,1727,447.23,447.23,0,0,485,638,56,TYPE_B,7.0,Rice Bowl,Indian
1316978,69,67,1727,447.23,446.23,0,0,608,638,56,TYPE_B,7.0,Rice Bowl,Indian
1153168,70,67,1727,446.23,445.23,0,0,472,638,56,TYPE_B,7.0,Rice Bowl,Indian
1065327,71,67,1727,446.23,446.23,0,0,555,638,56,TYPE_B,7.0,Rice Bowl,Indian
1160400,72,67,1727,445.23,445.23,0,0,350,638,56,TYPE_B,7.0,Rice Bowl,Indian
1471013,73,67,1727,446.23,446.23,0,0,716,638,56,TYPE_B,7.0,Rice Bowl,Indian
1020256,74,67,1727,434.59,435.59,0,0,526,638,56,TYPE_B,7.0,Rice Bowl,Indian
1316816,75,67,1727,445.23,446.23,0,0,554,638,56,TYPE_B,7.0,Rice Bowl,Indian
1052837,76,67,1727,441.38,441.38,0,0,607,638,56,TYPE_B,7.0,Rice Bowl,Indian
1484164,77,67,1727,244.47,442.38,1,1,2538,638,56,TYPE_B,7.0,Rice Bowl,Indian
1345404,78,67,1727,240.56,441.38,1,1,2269,638,56,TYPE_B,7.0,Rice Bowl,Indian
1261352,79,67,1727,369.6,440.38,1,0,607,638,56,TYPE_B,7.0,Rice Bowl,Indian
1250036,80,67,1727,447.23,447.23,0,0,513,638,56,TYPE_B,7.0,Rice Bowl,Indian
1012187,81,67,1727,446.23,446.23,0,0,459,638,56,TYPE_B,7.0,Rice Bowl,Indian
1027889,82,67,1727,447.23,445.23,0,0,595,638,56,TYPE_B,7.0,Rice Bowl,Indian
1039620,83,67,1727,232.83,445.23,1,0,5278,638,56,TYPE_B,7.0,Rice Bowl,Indian
1292138,84,67,1727,437.47,439.47,0,0,405,638,56,TYPE_B,7.0,Rice Bowl,Indian
1187330,85,67,1727,445.23,445.23,0,0,378,638,56,TYPE_B,7.0,Rice Bowl,Indian
1407924,86,67,1727,445.23,447.23,0,0,595,638,56,TYPE_B,7.0,Rice Bowl,Indian
1096485,87,67,1727,443.29,444.29,0,0,296,638,56,TYPE_B,7.0,Rice Bowl,Indian
1292866,88,67,1727,447.23,445.23,0,0,500,638,56,TYPE_B,7.0,Rice Bowl,Indian
1400007,89,67,1727,447.23,447.23,0,0,500,638,56,TYPE_B,7.0,Rice Bowl,Indian
1063018,90,67,1727,446.23,445.23,0,0,432,638,56,TYPE_B,7.0,Rice Bowl,Indian
1203816,91,67,1727,447.23,445.23,0,0,553,638,56,TYPE_B,7.0,Rice Bowl,Indian
1277000,92,67,1727,446.23,446.23,0,0,499,638,56,TYPE_B,7.0,Rice Bowl,Indian
1418323,93,67,1727,445.23,445.23,0,0,472,638,56,TYPE_B,7.0,Rice Bowl,Indian
1210292,94,67,1727,445.23,445.23,0,0,500,638,56,TYPE_B,7.0,Rice Bowl,Indian
1239369,95,67,1727,447.23,447.23,0,0,649,638,56,TYPE_B,7.0,Rice Bowl,Indian
1172376,96,67,1727,446.23,447.23,0,0,500,638,56,TYPE_B,7.0,Rice Bowl,Indian
1384625,97,67,1727,447.23,446.23,0,0,256,638,56,TYPE_B,7.0,Rice Bowl,Indian
1377522,98,67,1727,446.23,446.23,0,0,621,638,56,TYPE_B,7.0,Rice Bowl,Indian
1108536,99,67,1727,445.23,446.23,0,0,324,638,56,TYPE_B,7.0,Rice Bowl,Indian
1042764,100,67,1727,445.23,447.23,0,0,513,638,56,TYPE_B,7.0,Rice Bowl,Indian
1007547,101,67,1727,447.23,445.23,0,0,446,638,56,TYPE_B,7.0,Rice Bowl,Indian
1493323,102,67,1727,439.44,438.44,0,0,419,638,56,TYPE_B,7.0,Rice Bowl,Indian
1244103,103,67,1727,445.23,447.23,0,0,337,638,56,TYPE_B,7.0,Rice Bowl,Indian
1073604,104,67,1727,445.23,445.23,0,0,458,638,56,TYPE_B,7.0,Rice Bowl,Indian
1201388,105,67,1727,447.23,446.23,0,0,715,638,56,TYPE_B,7.0,Rice Bowl,Indian
1287194,106,67,1727,447.23,445.23,0,0,514,638,56,TYPE_B,7.0,Rice Bowl,Indian
1401365,107,67,1727,445.23,445.23,0,0,296,638,56,TYPE_B,7.0,Rice Bowl,Indian
1321467,108,67,1727,447.23,445.23,0,0,593,638,56,TYPE_B,7.0,Rice Bowl,Indian
1379704,109,67,1727,447.23,447.23,0,0,674,638,56,TYPE_B,7.0,Rice Bowl,Indian
1230136,110,67,1727,445.23,446.23,0,0,635,638,56,TYPE_B,7.0,Rice Bowl,Indian
1144956,111,67,1727,246.41,447.23,1,1,3714,638,56,TYPE_B,7.0,Rice Bowl,Indian
1172153,112,67,1727,238.62,447.23,1,1,3173,638,56,TYPE_B,7.0,Rice Bowl,Indian
1448407,113,67,1727,457.87,458.87,0,0,581,638,56,TYPE_B,7.0,Rice Bowl,Indian
1284302,114,67,1727,464.63,464.63,0,0,514,638,56,TYPE_B,7.0,Rice Bowl,Indian
