Data set/Center wise/Center_67_Rank6.csv
id,week,center_id,meal_id,checkout_price,base_price,emailer_for_promotion,homepage_featured,num_orders,city_code,region_code,center_type,op_area,category,cuisine
1438088,1,67,1109,240.62,268.69,1,0,998,638,56,TYPE_B,7.0,Rice Bowl,Indian
1278420,2,67,1109,263.9,262.9,0,0,946,638,56,TYPE_B,7.0,Rice Bowl,Indian
1353178,3,67,1109,307.49,307.49,0,0,1202,638,56,TYPE_B,7.0,Rice Bowl,Indian
1216572,4,67,1109,311.43,310.43,0,0,756,638,56,TYPE_B,7.0,Rice Bowl,Indian
1192680,5,67,1109,136.83,309.43,0,0,958,638,56,TYPE_B,7.0,Rice Bowl,Indian
1436494,6,67,1109,132.95,309.43,0,0,987,638,56,TYPE_B,7.0,Rice Bowl,Indian
1171055,7,67,1109,186.27,311.43,0,0,1216,638,56,TYPE_B,7.0,Rice Bowl,Indian
1074141,8,67,1109,213.46,311.43,0,0,1148,638,56,TYPE_B,7.0,Rice Bowl,Indian
1138031,9,67,1109,238.62,310.43,0,0,1120,638,56,TYPE_B,7.0,Rice Bowl,Indian
1448447,10,67,1109,266.75,311.43,0,0,1080,638,56,TYPE_B,7.0,Rice Bowl,Indian
1389805,11,67,1109,257.05,257.05,0,0,541,638,56,TYPE_B,7.0,Rice Bowl,Indian
1466601,12,67,1109,283.24,285.24,0,0,971,638,56,TYPE_B,7.0,Rice Bowl,Indian
1355707,13,67,1109,267.75,268.75,0,0,878,638,56,TYPE_B,7.0,Rice Bowl,Indian
1050502,14,67,1109,277.45,276.45,0,0,890,638,56,TYPE_B,7.0,Rice Bowl,Indian
1375703,15,67,1109,269.72,269.72,0,0,904,638,56,TYPE_B,7.0,Rice Bowl,Indian
1496110,16,67,1109,309.43,311.43,0,0,784,638,56,TYPE_B,7.0,Rice Bowl,Indian
1288219,17,67,1109,311.43,310.43,0,0,674,638,56,TYPE_B,7.0,Rice Bowl,Indian
1495370,18,67,1109,240.59,311.43,0,0,663,638,56,TYPE_B,7.0,Rice Bowl,Indian
1428830,19,67,1109,197.88,310.43,1,1,2229,638,56,TYPE_B,7.0,Rice Bowl,Indian
1060122,20,67,1109,211.52,309.43,0,1,1134,638,56,TYPE_B,7.0,Rice Bowl,Indian
1257817,21,67,1109,254.2,310.43,0,1,1093,638,56,TYPE_B,7.0,Rice Bowl,Indian
1086288,22,67,1109,251.23,310.43,0,0,1027,638,56,TYPE_B,7.0,Rice Bowl,Indian
1155899,23,67,1109,261.96,309.43,0,0,1041,638,56,TYPE_B,7.0,Rice Bowl,Indian
1212419,24,67,1109,276.48,309.43,0,0,851,638,56,TYPE_B,7.0,Rice Bowl,Indian
1032410,25,67,1109,283.24,283.24,0,0,501,638,56,TYPE_B,7.0,Rice Bowl,Indian
1188392,26,67,1109,275.54,275.54,0,0,703,638,56,TYPE_B,7.0,Rice Bowl,Indian
1217860,27,67,1109,282.3,283.3,0,0,1040,638,56,TYPE_B,7.0,Rice Bowl,Indian
1482259,28,67,1109,291.97,293.97,0,0,971,638,56,TYPE_B,7.0,Rice Bowl,Indian
1308338,29,67,1109,309.46,309.46,0,0,701,638,56,TYPE_B,7.0,Rice Bowl,Indian
1158043,30,67,1109,242.5,309.46,0,1,1674,638,56,TYPE_B,7.0,Rice Bowl,Indian
1075880,31,67,1109,217.34,308.46,0,1,1202,638,56,TYPE_B,7.0,Rice Bowl,Indian
1492818,32,67,1109,223.1,310.46,0,0,1540,638,56,TYPE_B,7.0,Rice Bowl,Indian
1247819,33,67,1109,206.61,308.46,0,0,985,638,56,TYPE_B,7.0,Rice Bowl,Indian
1448206,34,67,1109,255.11,310.46,0,0,931,638,56,TYPE_B,7.0,Rice Bowl,Indian
1244142,35,67,1109,270.63,310.46,0,0,257,638,56,TYPE_B,7.0,Rice Bowl,Indian
1228600,36,67,1109,251.23,309.46,0,0,825,638,56,TYPE_B,7.0,Rice Bowl,Indian
1255609,37,67,1109,290.03,290.03,0,0,729,638,56,TYPE_B,7.0,Rice Bowl,Indian
1336150,38,67,1109,269.69,270.69,0,0,932,638,56,TYPE_B,7.0,Rice Bowl,Indian
1042649,39,67,1109,262.93,261.93,0,0,811,638,56,TYPE_B,7.0,Rice Bowl,Indian
1493268,40,67,1109,286.21,286.21,0,0,985,638,56,TYPE_B,7.0,Rice Bowl,Indian
1394625,41,67,1109,231.83,285.21,1,1,2458,638,56,TYPE_B,7.0,Rice Bowl,Indian
1183894,42,67,1109,319.13,321.13,0,0,649,638,56,TYPE_B,7.0,Rice Bowl,Indian
1306377,43,67,1109,320.13,320.13,0,0,798,638,56,TYPE_B,7.0,Rice Bowl,Indian
1255541,44,67,1109,271.63,319.13,0,0,972,638,56,TYPE_B,7.0,Rice Bowl,Indian
1018290,45,67,1109,259.05,321.13,0,0,1513,638,56,TYPE_B,7.0,Rice Bowl,Indian
1338026,46,67,1109,226.07,320.13,1,1,3011,638,56,TYPE_B,7.0,Rice Bowl,Indian
1429615,47,67,1109,230.86,319.13,0,1,1728,638,56,TYPE_B,7.0,Rice Bowl,Indian
1050322,48,67,1109,258.99,319.13,0,0,1648,638,56,TYPE_B,7.0,Rice Bowl,Indian
1326191,49,67,1109,232.83,320.13,0,0,1552,638,56,TYPE_B,7.0,Rice Bowl,Indian
1478698,50,67,1109,288.15,321.13,0,0,919,638,56,TYPE_B,7.0,Rice Bowl,Indian
1209241,51,67,1109,300.7,300.7,0,0,717,638,56,TYPE_B,7.0,Rice Bowl,Indian
1095138,52,67,1109,298.79,299.79,0,0,825,638,56,TYPE_B,7.0,Rice Bowl,Indian
1060406,53,67,1109,292.94,293.94,0,0,852,638,56,TYPE_B,7.0,Rice Bowl,Indian
1097892,54,67,1109,293.97,293.97,0,0,258,638,56,TYPE_B,7.0,Rice Bowl,Indian
1303399,55,67,1109,262.9,291.97,1,1,1365,638,56,TYPE_B,7.0,Rice Bowl,Indian
1331919,56,67,1109,318.22,318.22,0,0,1040,638,56,TYPE_B,7.0,Rice Bowl,Indian
1288506,57,67,1109,245.44,318.22,0,0,973,638,56,TYPE_B,7.0,Rice Bowl,Indian
1330725,58,67,1109,144.59,317.22,0,0,1013,638,56,TYPE_B,7.0,Rice Bowl,Indian
1182714,59,67,1109,146.47,317.22,0,0,823,638,56,TYPE_B,7.0,Rice Bowl,Indian
1499063,60,67,1109,205.64,316.22,0,0,1054,638,56,TYPE_B,7.0,Rice Bowl,Indian
1358940,61,67,1109,243.5,316.22,0,0,890,638,56,TYPE_B,7.0,Rice Bowl,Indian
1106825,62,67,1109,261.9,316.22,0,0,365,638,56,TYPE_B,7.0,Rice Bowl,Indian
1189768,63,67,1109,251.26,251.26,0,0,689,638,56,TYPE_B,7.0,Rice Bowl,Indian
1129310,64,67,1109,270.69,269.69,0,0,917,638,56,TYPE_B,7.0,Rice Bowl,Indian
1351649,65,67,1109,241.53,242.53,0,0,837,638,56,TYPE_B,7.0,Rice Bowl,Indian
1479547,66,67,1109,254.17,255.17,0,0,474,638,56,TYPE_B,7.0,Rice Bowl,Indian
1168738,67,67,1109,236.71,235.71,0,0,823,638,56,TYPE_B,7.0,Rice Bowl,Indian
1115182,68,67,1109,314.34,314.34,0,0,609,638,56,TYPE_B,7.0,Rice Bowl,Indian
1198234,69,67,1109,275.48,313.34,0,0,877,638,56,TYPE_B,7.0,Rice Bowl,Indian
1472792,70,67,1109,220.19,313.34,0,0,865,638,56,TYPE_B,7.0,Rice Bowl,Indian
1136257,71,67,1109,230.89,314.34,0,0,931,638,56,TYPE_B,7.0,Rice Bowl,Indian
1064571,72,67,1109,239.62,312.34,0,0,906,638,56,TYPE_B,7.0,Rice Bowl,Indian
1280542,73,67,1109,278.42,313.34,0,0,744,638,56,TYPE_B,7.0,Rice Bowl,Indian
1440529,74,67,1109,288.15,288.15,0,0,919,638,56,TYPE_B,7.0,Rice Bowl,Indian
1241948,75,67,1109,283.3,283.3,0,0,851,638,56,TYPE_B,7.0,Rice Bowl,Indian
1417811,76,67,1109,299.76,298.76,0,0,609,638,56,TYPE_B,7.0,Rice Bowl,Indian
1077643,77,67,1109,290.06,290.06,0,0,432,638,56,TYPE_B,7.0,Rice Bowl,Indian
1395499,78,67,1109,292.94,294.94,0,0,500,638,56,TYPE_B,7.0,Rice Bowl,Indian
1384486,79,67,1109,288.15,287.15,0,0,892,638,56,TYPE_B,7.0,Rice Bowl,Indian
1281852,80,67,1109,269.72,268.72,0,0,890,638,56,TYPE_B,7.0,Rice Bowl,Indian
1255414,81,67,1109,311.43,310.43,0,0,783,638,56,TYPE_B,7.0,Rice Bowl,Indian
1375613,82,67,1109,311.43,310.43,0,0,796,638,56,TYPE_B,7.0,Rice Bowl,Indian
1258548,83,67,1109,270.69,311.43,0,0,877,638,56,TYPE_B,7.0,Rice Bowl,Indian
1287613,84,67,1109,233.83,310.43,0,0,688,638,56,TYPE_B,7.0,Rice Bowl,Indian
1355633,85,67,1109,260.96,310.43,0,0,688,638,56,TYPE_B,7.0,Rice Bowl,Indian
1148690,86,67,1109,257.05,310.43,0,0,541,638,56,TYPE_B,7.0,Rice Bowl,Indian
1218277,87,67,1109,287.12,288.12,0,0,379,638,56,TYPE_B,7.0,Rice Bowl,Indian
1036504,88,67,1109,292.03,292.03,0,0,703,638,56,TYPE_B,7.0,Rice Bowl,Indian
1322454,89,67,1109,267.78,265.78,0,0,676,638,56,TYPE_B,7.0,Rice Bowl,Indian
1261782,90,67,1109,303.61,304.61,0,0,662,638,56,TYPE_B,7.0,Rice Bowl,Indian
1161697,91,67,1109,287.15,286.15,0,0,716,638,56,TYPE_B,7.0,Rice Bowl,Indian
1017059,92,67,1109,286.15,287.15,0,0,717,638,56,TYPE_B,7.0,Rice Bowl,Indian
1423666,93,67,1109,290.09,290.09,0,0,757,638,56,TYPE_B,7.0,Rice Bowl,Indian
1060660,94,67,1109,310.43,310.43,0,0,647,638,56,TYPE_B,7.0,Rice Bowl,Indian
1006781,95,67,1109,292.03,309.43,1,1,3605,638,56,TYPE_B,7.0,Rice Bowl,Indian
1214689,96,67,1109,310.43,311.43,0,0,634,638,56,TYPE_B,7.0,Rice Bowl,Indian
1389693,97,67,1109,204.7,311.43,0,0,310,638,56,TYPE_B,7.0,Rice Bowl,Indian
1450512,98,67,1109,226.04,310.43,1,1,3241,638,56,TYPE_B,7.0,Rice Bowl,Indian
1262647,99,67,1109,225.1,310.43,1,1,2458,638,56,TYPE_B,7.0,Rice Bowl,Indian
1393373,100,67,1109,277.42,311.43,0,0,755,638,56,TYPE_B,7.0,Rice Bowl,Indian
1405974,101,67,1109,252.2,309.43,0,0,661,638,56,TYPE_B,7.0,Rice Bowl,Indian
1242849,102,67,1109,258.08,311.43,0,0,377,638,56,TYPE_B,7.0,Rice Bowl,Indian
1265609,103,67,1109,215.34,311.43,0,0,636,638,56,TYPE_B,7.0,Rice Bowl,Indian
1271681,104,67,1109,275.51,310.43,0,0,474,638,56,TYPE_B,7.0,Rice Bowl,Indian
1246767,105,67,1109,290.09,288.09,0,0,796,638,56,TYPE_B,7.0,Rice Bowl,Indian
1352096,106,67,1109,230.92,289.09,1,1,1876,638,56,TYPE_B,7.0,Rice Bowl,Indian
1142478,107,67,1109,240.59,289.09,1,1,1390,638,56,TYPE_B,7.0,Rice Bowl,Indian
1386713,108,67,1109,311.43,311.43,0,0,743,638,56,TYPE_B,7.0,Rice Bowl,Indian
1321306,109,67,1109,244.44,311.43,0,0,959,638,56,TYPE_B,7.0,Rice Bowl,Indian
1299728,110,67,1109,233.77,311.43,0,0,825,638,56,TYPE_B,7.0,Rice Bowl,Indian
1090834,111,67,1109,227.04,310.43,0,0,593,638,56,TYPE_B,7.0,Rice Bowl,Indian
1162955,112,67,1109,239.65,311.43,0,0,528,638,56,TYPE_B,7.0,Rice Bowl,Indian
1414916,113,67,1109,242.5,310.43,0,0,675,638,56,TYPE_B,7.0,Rice Bowl,Indian
1468466,114,67,1109,291.0,291.0,0,0,905,638,56,TYPE_B,7.0,Rice Bowl,Indian
1131037,1,67,2577,280.33,280.33,0,0,271,638,56,TYPE_B,7.0,Starters,Thai
1019149,2,67,2577,282.33,282.33,0,0,148,638,56,TYPE_B,7.0,Starters,Thai
1498009,3,67,2577,244.5,282.33,0,0,243,638,56,TYPE_B,7.0,Starters,Thai
1383673,4,67,2577,242.5,282.33,0,0,323,638,56,TYPE_B,7.0,Starters,Thai
1136369,5,67,2577,242.53,280.33,0,0,177,638,56,TYPE_B,7.0,Starters,Thai
1299898,6,67,2577,243.53,280.33,0,0,188,638,56,TYPE_B,7.0,Starters,Thai
1298462,7,67,2577,242.53,281.33,0,0,271,638,56,TYPE_B,7.0,Starters,Thai
1168003,8,67,2577,243.53,280.33,0,0,176,638,56,TYPE_B,7.0,Starters,Thai
1431003,9,67,2577,244.47,243.47,0,0,325,638,56,TYPE_B,7.0,Starters,Thai
1360596,10,67,2577,282.33,281.33,0,0,121,638,56,TYPE_B,7.0,Starters,Thai
1130417,11,67,2577,282.33,280.33,0,0,134,638,56,TYPE_B,7.0,Starters,Thai
1373103,12,67,2577,281.33,282.33,0,0,176,638,56,TYPE_B,7.0,Starters,Thai
1277808,13,67,2577,282.33,282.33,0,0,202,638,56,TYPE_B,7.0,Starters,Thai
1163245,14,67,2577,280.33,280.33,0,0,161,638,56,TYPE_B,7.0,Starters,Thai
1182927,15,67,2577,282.33,280.33,0,0,204,638,56,TYPE_B,7.0,Starters,Thai
1259476,16,67,2577,282.33,282.33,0,0,270,638,56,TYPE_B,7.0,Starters,Thai
1369784,17,67,2577,281.33,281.33,0,0,190,638,56,TYPE_B,7.0,Starters,Thai
1062576,18,67,2577,280.33,281.33,0,0,204,638,56,TYPE_B,7.0,Starters,Thai
1441175,19,67,2577,282.33,281.33,0,0,177,638,56,TYPE_B,7.0,Starters,Thai
1386189,20,67,2577,281.33,280.33,0,0,244,638,56,TYPE_B,7.0,Starters,Thai
1400021,21,67,2577,281.33,280.33,0,0,296,638,56,TYPE_B,7.0,Starters,Thai
1239075,22,67,2577,282.33,282.33,0,0,284,638,56,TYPE_B,7.0,Starters,Thai
1157198,23,67,2577,280.33,281.33,0,0,393,638,56,TYPE_B,7.0,Starters,Thai
1115637,24,67,2577,281.33,280.33,0,0,310,638,56,TYPE_B,7.0,Starters,Thai
1382732,25,67,2577,281.33,280.33,0,0,203,638,56,TYPE_B,7.0,Starters,Thai
1247775,26,67,2577,281.33,280.33,0,0,404,638,56,TYPE_B,7.0,Starters,Thai
1409998,27,67,2577,282.33,280.33,0,0,242,638,56,TYPE_B,7.0,Starters,Thai
1299928,28,67,2577,281.33,281.33,0,0,231,638,56,TYPE_B,7.0,Starters,Thai
1246027,29,67,2577,282.33,281.33,0,0,297,638,56,TYPE_B,7.0,Starters,Thai
1221393,30,67,2577,281.33,280.33,0,0,298,638,56,TYPE_B,7.0,Starters,Thai
1088115,31,67,2577,280.33,280.33,0,0,230,638,56,TYPE_B,7.0,Starters,Thai
1331709,32,67,2577,282.33,281.33,0,0,244,638,56,TYPE_B,7.0,Starters,Thai
1133347,33,67,2577,280.33,280.33,0,0,150,638,56,TYPE_B,7.0,Starters,Thai
1248928,34,67,2577,282.33,281.33,0,0,231,638,56,TYPE_B,7.0,Starters,Thai
1004278,35,67,2577,281.33,280.33,0,0,162,638,56,TYPE_B,7.0,Starters,Thai
1355854,36,67,2577,281.33,282.33,0,0,162,638,56,TYPE_B,7.0,Starters,Thai
1029892,37,67,2577,281.33,280.33,0,0,177,638,56,TYPE_B,7.0,Starters,Thai
1348291,38,67,2577,279.42,278.42,0,0,136,638,56,TYPE_B,7.0,Starters,Thai
1302727,39,67,2577,281.33,280.33,0,0,229,638,56,TYPE_B,7.0,Starters,Thai
1412507,40,67,2577,280.33,282.33,0,0,203,638,56,TYPE_B,7.0,Starters,Thai
1452381,41,67,2577,281.33,282.33,0,0,202,638,56,TYPE_B,7.0,Starters,Thai
1423984,42,67,2577,280.33,280.33,0,0,217,638,56,TYPE_B,7.0,Starters,Thai
1376253,43,67,2577,281.33,280.33,0,0,94,638,56,TYPE_B,7.0,Starters,Thai
1004431,44,67,2577,280.33,280.33,0,0,243,638,56,TYPE_B,7.0,Starters,Thai
1149234,45,67,2577,280.33,282.33,0,0,188,638,56,TYPE_B,7.0,Starters,Thai
1248467,46,67,2577,281.33,280.33,0,0,204,638,56,TYPE_B,7.0,Starters,Thai
1225277,47,67,2577,282.33,280.33,0,0,162,638,56,TYPE_B,7.0,Starters,Thai
1469076,48,67,2577,281.33,282.33,0,0,122,638,56,TYPE_B,7.0,Starters,Thai
1448388,49,67,2577,281.33,280.33,0,0,148,638,56,TYPE_B,7.0,Starters,Thai
1026337,50,67,2577,280.33,280.33,0,0,150,638,56,TYPE_B,7.0,Starters,Thai
1424390,51,67,2577,282.33,281.33,0,0,161,638,56,TYPE_B,7.0,Starters,Thai
1330809,52,67,2577,282.33,282.33,0,0,163,638,56,TYPE_B,7.0,Starters,Thai
1320231,53,67,2577,280.33,282.33,0,0,216,638,56,TYPE_B,7.0,Starters,Thai
1060788,54,67,2577,282.33,280.33,0,1,162,638,56,TYPE_B,7.0,Starters,Thai
1166957,55,67,2577,282.33,280.33,0,0,204,638,56,TYPE_B,7.0,Starters,Thai
1266643,56,67,2577,282.33,282.33,0,0,242,638,56,TYPE_B,7.0,Starters,Thai
1138935,57,67,2577,292.03,290.03,0,0,231,638,56,TYPE_B,7.0,Starters,Thai
1202478,58,67,2577,292.03,291.03,0,0,149,638,56,TYPE_B,7.0,Starters,Thai
1064731,59,67,2577,292.03,290.03,0,0,244,638,56,TYPE_B,7.0,Starters,Thai
1114686,60,67,2577,291.03,291.03,0,0,311,638,56,TYPE_B,7.0,Starters,Thai
1336821,61,67,2577,291.03,290.03,0,0,244,638,56,TYPE_B,7.0,Starters,Thai
1461041,62,67,2577,291.03,291.03,0,0,177,638,56,TYPE_B,7.0,Starters,Thai
1425464,63,67,2577,290.03,291.03,0,0,229,638,56,TYPE_B,7.0,Starters,Thai
1218067,64,67,2577,290.03,292.03,0,0,270,638,56,TYPE_B,7.0,Starters,Thai
1403157,65,67,2577,290.03,290.03,0,0,296,638,56,TYPE_B,7.0,Starters,Thai
1263306,66,67,2577,291.03,290.03,0,0,203,638,56,TYPE_B,7.0,Starters,Thai
1080776,67,67,2577,291.03,290.03,0,0,230,638,56,TYPE_B,7.0,Starters,Thai
1248474,68,67,2577,290.03,291.03,0,0,230,638,56,TYPE_B,7.0,Starters,Thai
1494628,69,67,2577,292.03,290.03,0,0,325,638,56,TYPE_B,7.0,Starters,Thai
1243745,70,67,2577,289.06,291.06,0,0,378,638,56,TYPE_B,7.0,Starters,Thai
1217373,71,67,2577,291.03,291.03,0,0,338,638,56,TYPE_B,7.0,Starters,Thai
1004748,72,67,2577,292.03,292.03,0,0,217,638,56,TYPE_B,7.0,Starters,Thai
1021167,73,67,2577,291.03,292.03,0,0,284,638,56,TYPE_B,7.0,Starters,Thai
1148732,74,67,2577,290.03,290.03,0,0,242,638,56,TYPE_B,7.0,Starters,Thai
1181393,75,67,2577,290.03,292.03,0,0,269,638,56,TYPE_B,7.0,Starters,Thai
1378259,76,67,2577,291.03,292.03,0,0,256,638,56,TYPE_B,7.0,Starters,Thai
1388565,77,67,2577,291.03,290.03,0,0,365,638,56,TYPE_B,7.0,Starters,Thai
1291919,78,67,2577,290.03,292.03,0,0,162,638,56,TYPE_B,7.0,Starters,Thai
1369060,79,67,2577,291.03,292.03,0,0,217,638,56,TYPE_B,7.0,Starters,Thai
1005165,80,67,2577,292.03,290.03,0,0,447,638,56,TYPE_B,7.0,Starters,Thai
1436314,81,67,2577,291.03,291.03,0,0,269,638,56,TYPE_B,7.0,Starters,Thai
1419642,82,67,2577,292.03,290.03,0,0,256,638,56,TYPE_B,7.0,Starters,Thai
1244316,83,67,2577,291.03,292.03,0,0,351,638,56,TYPE_B,7.0,Starters,Thai
1059756,84,67,2577,290.03,292.03,0,0,256,638,56,TYPE_B,7.0,Starters,Thai
1162372,85,67,2577,195.03,291.03,1,0,446,638,56,TYPE_B,7.0,Starters,Thai
1492930,86,67,2577,194.03,290.03,1,0,553,638,56,TYPE_B,7.0,Starters,Thai
1139515,87,67,2577,195.03,291.03,1,0,350,638,56,TYPE_B,7.0,Starters,Thai
1394269,88,67,2577,263.84,291.03,1,0,447,638,56,TYPE_B,7.0,Starters,Thai
1379623,89,67,2577,290.03,291.03,0,0,393,638,56,TYPE_B,7.0,Starters,Thai
1455082,90,67,2577,291.03,292.03,0,0,379,638,56,TYPE_B,7.0,Starters,Thai
1052823,91,67,2577,292.03,292.03,0,0,285,638,56,TYPE_B,7.0,Starters,Thai
1413252,92,67,2577,292.03,292.03,0,0,188,638,56,TYPE_B,7.0,Starters,Thai
1401111,93,67,2577,292.03,292.03,0,0,298,638,56,TYPE_B,7.0,Starters,Thai
1182173,94,67,2577,290.03,290.03,0,0,324,638,56,TYPE_B,7.0,Starters,Thai
1168942,95,67,2577,292.03,292.03,0,0,176,638,56,TYPE_B,7.0,Starters,Thai
1266655,96,67,2577,292.03,290.03,0,0,204,638,56,TYPE_B,7.0,Starters,Thai
1474294,97,67,2577,292.03,291.03,0,0,243,638,56,TYPE_B,7.0,Starters,Thai
1076952,98,67,2577,290.03,290.03,0,0,311,638,56,TYPE_B,7.0,Starters,Thai
1463238,99,67,2577,291.03,292.03,0,0,366,638,56,TYPE_B,7.0,Starters,Thai
1289699,100,67,2577,290.03,292.03,0,0,122,638,56,TYPE_B,7.0,Starters,Thai
1278197,101,67,2577,291.03,292.03,0,0,177,638,56,TYPE_B,7.0,Starters,Thai
1421893,102,67,2577,292.03,290.03,0,0,231,638,56,TYPE_B,7.0,Starters,Thai
1039168,103,67,2577,292.03,292.03,0,0,231,638,56,TYPE_B,7.0,Starters,Thai
1098590,104,67,2577,290.03,291.03,0,0,203,638,56,TYPE_B,7.0,Starters,Thai
1361077,105,67,2577,290.03,290.03,0,0,136,638,56,TYPE_B,7.0,Starters,Thai
1267331,106,67,2577,292.03,291.03,0,0,242,638,56,TYPE_B,7.0,Starters,Thai
1061703,107,67,2577,211.46,292.03,1,0,473,638,56,TYPE_B,7.0,Starters,Thai
1298672,108,67,2577,211.46,292.03,1,0,297,638,56,TYPE_B,7.0,Starters,Thai
1305865,109,67,2577,211.46,290.03,1,0,258,638,56,TYPE_B,7.0,Starters,Thai
1002483,110,67,2577,213.46,291.03,0,0,339,638,56,TYPE_B,7.0,Starters,Thai
1286835,111,67,2577,290.03,291.03,0,0,123,638,56,TYPE_B,7.0,Starters,Thai
1480781,112,67,2577,291.03,290.03,0,0,163,638,56,TYPE_B,7.0,Starters,Thai
1193452,113,67,2577,290.03,292.03,0,0,339,638,56,TYPE_B,7.0,Starters,Thai
1225642,114,67,2577,291.03,292.03,0,0,202,638,56,TYPE_B,7.0,Starters,Thai
