Data set/Center wise/Center_67_Rank6.csv
id,week,center_id,meal_id,checkout_price,base_price,emailer_for_promotion,homepage_featured,num_orders,city_code,region_code,center_type,op_area,category,cuisine
1463566,1,67,2640,282.33,282.33,0,0,350,638,56,TYPE_B,7.0,Starters,Thai
1215770,2,67,2640,280.33,282.33,0,0,432,638,56,TYPE_B,7.0,Starters,Thai
1075975,3,67,2640,244.47,281.33,0,0,607,638,56,TYPE_B,7.0,Starters,Thai
1144611,4,67,2640,243.5,281.33,0,0,500,638,56,TYPE_B,7.0,Starters,Thai
1243660,5,67,2640,242.53,281.33,0,0,499,638,56,TYPE_B,7.0,Starters,Thai
1129481,6,67,2640,242.53,281.33,0,1,446,638,56,TYPE_B,7.0,Starters,Thai
1372064,7,67,2640,242.53,280.33,0,1,431,638,56,TYPE_B,7.0,Starters,Thai
1087019,8,67,2640,241.53,281.33,0,1,568,638,56,TYPE_B,7.0,Starters,Thai
1381718,9,67,2640,241.53,281.33,0,1,607,638,56,TYPE_B,7.0,Starters,Thai
1458895,10,67,2640,280.33,282.33,0,0,420,638,56,TYPE_B,7.0,Starters,Thai
1398581,11,67,2640,282.33,282.33,0,0,230,638,56,TYPE_B,7.0,Starters,Thai
1352168,12,67,2640,280.33,282.33,0,0,364,638,56,TYPE_B,7.0,Starters,Thai
1052494,13,67,2640,280.33,281.33,0,0,230,638,56,TYPE_B,7.0,Starters,Thai
1051551,14,67,2640,281.33,281.33,0,0,243,638,56,TYPE_B,7.0,Starters,Thai
1473275,15,67,2640,281.33,280.33,0,0,297,638,56,TYPE_B,7.0,Starters,Thai
1120563,16,67,2640,281.33,282.33,0,0,297,638,56,TYPE_B,7.0,Starters,Thai
1003053,17,67,2640,281.33,281.33,0,0,242,638,56,TYPE_B,7.0,Starters,Thai
1449359,18,67,2640,281.33,281.33,0,0,323,638,56,TYPE_B,7.0,Starters,Thai
1489754,19,67,2640,281.33,281.33,0,0,284,638,56,TYPE_B,7.0,Starters,Thai
1031017,20,67,2640,280.33,282.33,0,0,283,638,56,TYPE_B,7.0,Starters,Thai
1414227,21,67,2640,281.33,280.33,0,0,257,638,56,TYPE_B,7.0,Starters,Thai
1132207,22,67,2640,280.33,281.33,0,0,231,638,56,TYPE_B,7.0,Starters,Thai
1306510,23,67,2640,282.33,280.33,0,0,270,638,56,TYPE_B,7.0,Starters,Thai
1270746,24,67,2640,280.33,282.33,0,0,242,638,56,TYPE_B,7.0,Starters,Thai
1139359,25,67,2640,280.33,280.33,0,0,229,638,56,TYPE_B,7.0,Starters,Thai
1301203,26,67,2640,281.33,281.33,0,0,243,638,56,TYPE_B,7.0,Starters,Thai
1112512,27,67,2640,281.33,280.33,0,0,244,638,56,TYPE_B,7.0,Starters,Thai
1239785,28,67,2640,281.33,281.33,0,0,243,638,56,TYPE_B,7.0,Starters,Thai
1208309,29,67,2640,282.33,281.33,0,0,242,638,56,TYPE_B,7.0,Starters,Thai
1015313,30,67,2640,280.33,281.33,0,0,271,638,56,TYPE_B,7.0,Starters,Thai
1460926,31,67,2640,280.33,280.33,0,0,177,638,56,TYPE_B,7.0,Starters,Thai
1199201,32,67,2640,280.33,280.33,0,0,269,638,56,TYPE_B,7.0,Starters,Thai
1287165,33,67,2640,281.33,282.33,0,0,271,638,56,TYPE_B,7.0,Starters,Thai
1266106,34,67,2640,282.33,282.33,0,0,269,638,56,TYPE_B,7.0,Starters,Thai
1473462,35,67,2640,280.33,281.33,0,0,203,638,56,TYPE_B,7.0,Starters,Thai
1066480,36,67,2640,280.33,280.33,0,0,257,638,56,TYPE_B,7.0,Starters,Thai
1285055,37,67,2640,282.33,282.33,0,0,230,638,56,TYPE_B,7.0,Starters,Thai
1168597,38,67,2640,280.33,282.33,0,0,242,638,56,TYPE_B,7.0,Starters,Thai
1352673,39,67,2640,280.33,281.33,0,0,190,638,56,TYPE_B,7.0,Starters,Thai
1272653,40,67,2640,280.33,280.33,0,0,176,638,56,TYPE_B,7.0,Starters,Thai
1131646,41,67,2640,282.33,281.33,0,0,296,638,56,TYPE_B,7.0,Starters,Thai
1217381,42,67,2640,281.33,280.33,0,0,297,638,56,TYPE_B,7.0,Starters,Thai
1396462,43,67,2640,282.33,280.33,0,0,242,638,56,TYPE_B,7.0,Starters,Thai
1449860,44,67,2640,281.33,280.33,0,0,189,638,56,TYPE_B,7.0,Starters,Thai
1247796,45,67,2640,282.33,280.33,0,0,271,638,56,TYPE_B,7.0,Starters,Thai
1008047,46,67,2640,282.33,282.33,0,0,433,638,56,TYPE_B,7.0,Starters,Thai
1176578,47,67,2640,282.33,280.33,0,0,431,638,56,TYPE_B,7.0,Starters,Thai
1122057,48,67,2640,280.33,281.33,0,0,432,638,56,TYPE_B,7.0,Starters,Thai
1446991,49,67,2640,280.33,282.33,0,0,474,638,56,TYPE_B,7.0,Starters,Thai
1201970,50,67,2640,280.33,280.33,0,1,446,638,56,TYPE_B,7.0,Starters,Thai
1139212,51,67,2640,282.33,281.33,0,1,539,638,56,TYPE_B,7.0,Starters,Thai
1145227,52,67,2640,282.33,281.33,0,0,431,638,56,TYPE_B,7.0,Starters,Thai
1357105,53,67,2640,281.33,281.33,0,1,312,638,56,TYPE_B,7.0,Starters,Thai
1307408,54,67,2640,282.33,282.33,0,1,418,638,56,TYPE_B,7.0,Starters,Thai
1097272,55,67,2640,280.33,282.33,0,0,393,638,56,TYPE_B,7.0,Starters,Thai
1286029,56,67,2640,282.33,280.33,0,0,339,638,56,TYPE_B,7.0,Starters,Thai
1430053,57,67,2640,292.03,282.33,0,1,553,638,56,TYPE_B,7.0,Starters,Thai
1122578,58,67,2640,292.03,290.03,0,0,377,638,56,TYPE_B,7.0,Starters,Thai
1328214,59,67,2640,292.03,290.03,0,0,458,638,56,TYPE_B,7.0,Starters,Thai
1063288,60,67,2640,292.03,291.03,0,0,474,638,56,TYPE_B,7.0,Starters,Thai
1035837,61,67,2640,290.03,290.03,0,0,636,638,56,TYPE_B,7.0,Starters,Thai
1116047,62,67,2640,292.03,292.03,0,0,242,638,56,TYPE_B,7.0,Starters,Thai
1382707,63,67,2640,290.03,292.03,0,0,647,638,56,TYPE_B,7.0,Starters,Thai
1397240,64,67,2640,290.09,288.09,0,0,501,638,56,TYPE_B,7.0,Starters,Thai
1475604,65,67,2640,290.03,292.03,0,0,512,638,56,TYPE_B,7.0,Starters,Thai
1445140,66,67,2640,291.03,291.03,0,1,567,638,56,TYPE_B,7.0,Starters,Thai
1140417,67,67,2640,290.03,290.03,0,1,418,638,56,TYPE_B,7.0,Starters,Thai
1354539,68,67,2640,290.03,292.03,0,0,365,638,56,TYPE_B,7.0,Starters,Thai
1240380,69,67,2640,290.03,291.03,0,0,432,638,56,TYPE_B,7.0,Starters,Thai
1360769,70,67,2640,292.03,290.03,0,0,540,638,56,TYPE_B,7.0,Starters,Thai
1487451,71,67,2640,292.03,290.03,0,0,405,638,56,TYPE_B,7.0,Starters,Thai
1269744,72,67,2640,290.03,290.03,0,0,539,638,56,TYPE_B,7.0,Starters,Thai
1373669,73,67,2640,292.03,291.03,0,0,459,638,56,TYPE_B,7.0,Starters,Thai
1484634,74,67,2640,291.03,291.03,0,0,501,638,56,TYPE_B,7.0,Starters,Thai
1136097,75,67,2640,291.03,292.03,0,0,339,638,56,TYPE_B,7.0,Starters,Thai
1311119,76,67,2640,291.03,291.03,0,0,742,638,56,TYPE_B,7.0,Starters,Thai
1071141,77,67,2640,291.03,290.03,0,0,256,638,56,TYPE_B,7.0,Starters,Thai
1145251,78,67,2640,290.09,290.09,0,0,392,638,56,TYPE_B,7.0,Starters,Thai
1191705,79,67,2640,290.03,292.03,0,0,350,638,56,TYPE_B,7.0,Starters,Thai
1215071,80,67,2640,292.03,290.03,0,0,283,638,56,TYPE_B,7.0,Starters,Thai
1289945,81,67,2640,292.03,290.03,0,0,338,638,56,TYPE_B,7.0,Starters,Thai
1440409,82,67,2640,291.03,291.03,0,0,350,638,56,TYPE_B,7.0,Starters,Thai
1064854,83,67,2640,290.03,292.03,0,0,391,638,56,TYPE_B,7.0,Starters,Thai
1450881,84,67,2640,291.03,291.03,0,0,420,638,56,TYPE_B,7.0,Starters,Thai
1192436,85,67,2640,195.03,290.03,1,1,1012,638,56,TYPE_B,7.0,Starters,Thai
1385196,86,67,2640,194.03,291.03,1,0,823,638,56,TYPE_B,7.0,Starters,Thai
1169108,87,67,2640,195.03,290.03,1,1,1079,638,56,TYPE_B,7.0,Starters,Thai
1288702,88,67,2640,250.26,291.03,1,0,555,638,56,TYPE_B,7.0,Starters,Thai
1236821,89,67,2640,291.03,292.03,0,0,458,638,56,TYPE_B,7.0,Starters,Thai
1126392,90,67,2640,292.03,290.03,0,0,541,638,56,TYPE_B,7.0,Starters,Thai
1172641,91,67,2640,291.03,292.03,0,0,474,638,56,TYPE_B,7.0,Starters,Thai
1151137,92,67,2640,290.03,292.03,0,0,365,638,56,TYPE_B,7.0,Starters,Thai
1066908,93,67,2640,292.03,291.03,0,0,419,638,56,TYPE_B,7.0,Starters,Thai
1162044,94,67,2640,292.03,290.03,0,0,365,638,56,TYPE_B,7.0,Starters,Thai
1375170,95,67,2640,291.03,291.03,0,0,405,638,56,TYPE_B,7.0,Starters,Thai
1391160,96,67,2640,290.03,290.03,0,0,296,638,56,TYPE_B,7.0,Starters,Thai
1104689,97,67,2640,290.03,292.03,0,0,404,638,56,TYPE_B,7.0,Starters,Thai
1240979,98,67,2640,291.03,290.03,0,0,323,638,56,TYPE_B,7.0,Starters,Thai
1488323,99,67,2640,290.03,292.03,0,0,486,638,56,TYPE_B,7.0,Starters,Thai
1338391,100,67,2640,290.03,290.03,0,1,378,638,56,TYPE_B,7.0,Starters,Thai
1329440,101,67,2640,292.03,292.03,0,0,446,638,56,TYPE_B,7.0,Starters,Thai
1337013,102,67,2640,291.03,291.03,0,0,581,638,56,TYPE_B,7.0,Starters,Thai
1486358,103,67,2640,292.03,290.03,0,0,485,638,56,TYPE_B,7.0,Starters,Thai
1402176,104,67,2640,292.03,292.03,0,0,393,638,56,TYPE_B,7.0,Starters,Thai
1379656,105,67,2640,292.03,290.03,0,0,324,638,56,TYPE_B,7.0,Starters,Thai
1158513,106,67,2640,292.03,290.03,0,0,323,638,56,TYPE_B,7.0,Starters,Thai
1067927,107,67,2640,211.46,290.03,1,1,1000,638,56,TYPE_B,7.0,Starters,Thai
1198979,108,67,2640,213.46,290.03,1,0,972,638,56,TYPE_B,7.0,Starters,Thai
1211722,109,67,2640,214.43,291.03,1,1,1054,638,56,TYPE_B,7.0,Starters,Thai
1175456,110,67,2640,212.43,292.03,0,0,892,638,56,TYPE_B,7.0,Starters,Thai
1175422,111,67,2640,283.27,283.27,0,0,136,638,56,TYPE_B,7.0,Starters,Thai
1401227,112,67,2640,291.03,291.03,0,0,215,638,56,TYPE_B,7.0,Starters,Thai
1270559,113,67,2640,291.03,291.03,0,0,284,638,56,TYPE_B,7.0,Starters,Thai
1217370,114,67,2640,291.03,292.03,0,0,405,638,56,TYPE_B,7.0,Starters,Thai
1300097,1,67,1878,281.33,280.33,0,0,271,638,56,TYPE_B,7.0,Starters,Thai
1061000,2,67,1878,280.33,282.33,0,0,541,638,56,TYPE_B,7.0,Starters,Thai
1172630,3,67,1878,245.47,281.33,0,0,634,638,56,TYPE_B,7.0,Starters,Thai
1220077,4,67,1878,247.41,282.33,0,0,204,638,56,TYPE_B,7.0,Starters,Thai
1245354,5,67,1878,242.53,282.33,0,1,243,638,56,TYPE_B,7.0,Starters,Thai
1170015,6,67,1878,243.53,280.33,0,1,271,638,56,TYPE_B,7.0,Starters,Thai
1321036,7,67,1878,243.53,282.33,0,0,526,638,56,TYPE_B,7.0,Starters,Thai
1307786,8,67,1878,241.53,282.33,0,1,365,638,56,TYPE_B,7.0,Starters,Thai
1243391,9,67,1878,242.53,282.33,0,1,405,638,56,TYPE_B,7.0,Starters,Thai
1322056,10,67,1878,280.33,281.33,0,0,217,638,56,TYPE_B,7.0,Starters,Thai
1159278,11,67,1878,281.33,281.33,0,0,161,638,56,TYPE_B,7.0,Starters,Thai
1262528,12,67,1878,281.33,280.33,0,0,175,638,56,TYPE_B,7.0,Starters,Thai
1192951,13,67,1878,282.33,281.33,0,0,136,638,56,TYPE_B,7.0,Starters,Thai
1365463,14,67,1878,281.33,280.33,0,0,256,638,56,TYPE_B,7.0,Starters,Thai
1341111,15,67,1878,282.33,280.33,0,0,162,638,56,TYPE_B,7.0,Starters,Thai
1162885,16,67,1878,280.33,282.33,0,0,95,638,56,TYPE_B,7.0,Starters,Thai
1003025,17,67,1878,281.33,280.33,0,0,150,638,56,TYPE_B,7.0,Starters,Thai
1258325,18,67,1878,281.33,281.33,0,0,123,638,56,TYPE_B,7.0,Starters,Thai
1164797,19,67,1878,280.33,280.33,0,0,175,638,56,TYPE_B,7.0,Starters,Thai
1432008,20,67,1878,281.33,280.33,0,0,95,638,56,TYPE_B,7.0,Starters,Thai
1393885,21,67,1878,280.33,280.33,0,0,243,638,56,TYPE_B,7.0,Starters,Thai
1198437,22,67,1878,280.33,281.33,0,0,204,638,56,TYPE_B,7.0,Starters,Thai
1497354,23,67,1878,282.33,281.33,0,0,162,638,56,TYPE_B,7.0,Starters,Thai
1379559,24,67,1878,280.33,281.33,0,0,231,638,56,TYPE_B,7.0,Starters,Thai
1080851,25,67,1878,280.33,280.33,0,0,271,638,56,TYPE_B,7.0,Starters,Thai
1361027,26,67,1878,281.33,282.33,0,0,161,638,56,TYPE_B,7.0,Starters,Thai
1084780,27,67,1878,281.33,282.33,0,0,108,638,56,TYPE_B,7.0,Starters,Thai
1149964,28,67,1878,280.33,280.33,0,0,150,638,56,TYPE_B,7.0,Starters,Thai
1144892,29,67,1878,282.33,280.33,0,0,122,638,56,TYPE_B,7.0,Starters,Thai
1242631,30,67,1878,281.33,280.33,0,0,177,638,56,TYPE_B,7.0,Starters,Thai
1240372,31,67,1878,282.33,281.33,0,0,123,638,56,TYPE_B,7.0,Starters,Thai
1111381,32,67,1878,280.33,280.33,0,0,256,638,56,TYPE_B,7.0,Starters,Thai
1427283,33,67,1878,281.33,280.33,0,0,161,638,56,TYPE_B,7.0,Starters,Thai
1414368,34,67,1878,281.33,281.33,0,0,256,638,56,TYPE_B,7.0,Starters,Thai
1179120,35,67,1878,279.42,278.42,0,0,123,638,56,TYPE_B,7.0,Starters,Thai
1250947,36,67,1878,281.33,281.33,0,0,188,638,56,TYPE_B,7.0,Starters,Thai
1041592,37,67,1878,282.33,282.33,0,0,136,638,56,TYPE_B,7.0,Starters,Thai
1366999,38,67,1878,280.33,280.33,0,0,162,638,56,TYPE_B,7.0,Starters,Thai
1451689,39,67,1878,280.33,282.33,0,0,162,638,56,TYPE_B,7.0,Starters,Thai
1275795,40,67,1878,281.33,280.33,0,0,216,638,56,TYPE_B,7.0,Starters,Thai
1111211,41,67,1878,280.33,282.33,0,0,271,638,56,TYPE_B,7.0,Starters,Thai
1341072,42,67,1878,282.33,281.33,0,1,284,638,56,TYPE_B,7.0,Starters,Thai
1088282,43,67,1878,279.42,279.42,0,0,351,638,56,TYPE_B,7.0,Starters,Thai
1381949,44,67,1878,282.33,281.33,0,0,204,638,56,TYPE_B,7.0,Starters,Thai
1107765,45,67,1878,281.33,280.33,0,0,365,638,56,TYPE_B,7.0,Starters,Thai
1242566,46,67,1878,282.33,281.33,0,0,377,638,56,TYPE_B,7.0,Starters,Thai
1042326,47,67,1878,282.33,280.33,0,0,297,638,56,TYPE_B,7.0,Starters,Thai
1489031,48,67,1878,282.33,280.33,0,0,258,638,56,TYPE_B,7.0,Starters,Thai
1384769,49,67,1878,280.33,280.33,0,0,392,638,56,TYPE_B,7.0,Starters,Thai
1408798,50,67,1878,282.33,280.33,0,0,433,638,56,TYPE_B,7.0,Starters,Thai
1161718,51,67,1878,282.33,281.33,0,1,459,638,56,TYPE_B,7.0,Starters,Thai
1340593,52,67,1878,282.33,280.33,0,0,298,638,56,TYPE_B,7.0,Starters,Thai
1145306,53,67,1878,282.33,281.33,0,1,378,638,56,TYPE_B,7.0,Starters,Thai
1103512,54,67,1878,281.33,280.33,0,1,366,638,56,TYPE_B,7.0,Starters,Thai
1446849,55,67,1878,280.33,282.33,0,1,269,638,56,TYPE_B,7.0,Starters,Thai
1212947,56,67,1878,281.33,281.33,0,0,216,638,56,TYPE_B,7.0,Starters,Thai
1354530,57,67,1878,290.03,292.03,0,0,447,638,56,TYPE_B,7.0,Starters,Thai
1249613,58,67,1878,292.03,291.03,0,0,242,638,56,TYPE_B,7.0,Starters,Thai
1073325,59,67,1878,291.03,291.03,0,0,337,638,56,TYPE_B,7.0,Starters,Thai
1258069,60,67,1878,291.03,290.03,0,0,323,638,56,TYPE_B,7.0,Starters,Thai
1092307,61,67,1878,290.03,291.03,0,0,352,638,56,TYPE_B,7.0,Starters,Thai
1486755,62,67,1878,292.03,290.03,0,0,123,638,56,TYPE_B,7.0,Starters,Thai
1139940,63,67,1878,289.09,288.09,0,0,379,638,56,TYPE_B,7.0,Starters,Thai
1344874,64,67,1878,287.15,288.15,0,0,339,638,56,TYPE_B,7.0,Starters,Thai
1457217,65,67,1878,290.03,292.03,0,0,161,638,56,TYPE_B,7.0,Starters,Thai
1071728,66,67,1878,290.03,292.03,0,1,298,638,56,TYPE_B,7.0,Starters,Thai
1367346,67,67,1878,290.03,291.03,0,0,378,638,56,TYPE_B,7.0,Starters,Thai
1494582,68,67,1878,292.03,292.03,0,0,231,638,56,TYPE_B,7.0,Starters,Thai
1002459,69,67,1878,292.03,291.03,0,0,312,638,56,TYPE_B,7.0,Starters,Thai
1347814,70,67,1878,291.03,290.03,0,0,149,638,56,TYPE_B,7.0,Starters,Thai
1420474,71,67,1878,292.03,290.03,0,0,324,638,56,TYPE_B,7.0,Starters,Thai
1401511,72,67,1878,292.03,291.03,0,0,323,638,56,TYPE_B,7.0,Starters,Thai
1146819,73,67,1878,291.03,292.03,0,0,216,638,56,TYPE_B,7.0,Starters,Thai
1115967,74,67,1878,292.03,290.03,0,0,350,638,56,TYPE_B,7.0,Starters,Thai
1361472,75,67,1878,292.03,291.03,0,0,324,638,56,TYPE_B,7.0,Starters,Thai
1037693,76,67,1878,290.03,292.03,0,0,242,638,56,TYPE_B,7.0,Starters,Thai
1406435,77,67,1878,292.03,291.03,0,0,283,638,56,TYPE_B,7.0,Starters,Thai
1421032,78,67,1878,286.15,288.15,0,0,258,638,56,TYPE_B,7.0,Starters,Thai
1127634,79,67,1878,291.03,291.03,0,0,339,638,56,TYPE_B,7.0,Starters,Thai
1310143,80,67,1878,292.03,291.03,0,0,229,638,56,TYPE_B,7.0,Starters,Thai
1185278,81,67,1878,291.03,292.03,0,0,150,638,56,TYPE_B,7.0,Starters,Thai
1103352,82,67,1878,292.03,292.03,0,0,256,638,56,TYPE_B,7.0,Starters,Thai
1174323,83,67,1878,290.03,290.03,0,0,270,638,56,TYPE_B,7.0,Starters,Thai
1006016,84,67,1878,292.03,292.03,0,0,379,638,56,TYPE_B,7.0,Starters,Thai
1468421,85,67,1878,193.06,291.03,1,1,825,638,56,TYPE_B,7.0,Starters,Thai
1140654,86,67,1878,193.03,291.03,1,0,756,638,56,TYPE_B,7.0,Starters,Thai
1495264,87,67,1878,193.03,292.03,1,1,919,638,56,TYPE_B,7.0,Starters,Thai
1034376,88,67,1878,264.84,292.03,1,0,202,638,56,TYPE_B,7.0,Starters,Thai
1345553,89,67,1878,291.03,292.03,0,0,271,638,56,TYPE_B,7.0,Starters,Thai
1137827,90,67,1878,291.03,292.03,0,0,231,638,56,TYPE_B,7.0,Starters,Thai
1498096,91,67,1878,291.03,290.03,0,0,269,638,56,TYPE_B,7.0,Starters,Thai
1374567,92,67,1878,290.03,291.03,0,0,188,638,56,TYPE_B,7.0,Starters,Thai
1436610,93,67,1878,290.03,292.03,0,0,311,638,56,TYPE_B,7.0,Starters,Thai
1030964,94,67,1878,291.03,290.03,0,0,190,638,56,TYPE_B,7.0,Starters,Thai
1358986,95,67,1878,290.03,291.03,0,0,243,638,56,TYPE_B,7.0,Starters,Thai
1361496,96,67,1878,292.03,291.03,0,0,162,638,56,TYPE_B,7.0,Starters,Thai
1269440,97,67,1878,292.03,292.03,0,0,216,638,56,TYPE_B,7.0,Starters,Thai
1189829,98,67,1878,292.03,290.03,0,0,216,638,56,TYPE_B,7.0,Starters,Thai
1065760,99,67,1878,290.03,292.03,0,0,312,638,56,TYPE_B,7.0,Starters,Thai
1361839,100,67,1878,292.03,290.03,0,0,284,638,56,TYPE_B,7.0,Starters,Thai
1009032,101,67,1878,291.03,290.03,0,0,257,638,56,TYPE_B,7.0,Starters,Thai
1226044,102,67,1878,290.03,290.03,0,0,352,638,56,TYPE_B,7.0,Starters,Thai
1456064,103,67,1878,291.03,292.03,0,0,379,638,56,TYPE_B,7.0,Starters,Thai
1487996,104,67,1878,290.03,292.03,0,0,244,638,56,TYPE_B,7.0,Starters,Thai
1013328,105,67,1878,292.03,291.03,0,0,285,638,56,TYPE_B,7.0,Starters,Thai
1180124,106,67,1878,290.03,292.03,0,0,217,638,56,TYPE_B,7.0,Starters,Thai
1474278,107,67,1878,215.34,290.03,1,1,540,638,56,TYPE_B,7.0,Starters,Thai
1417040,108,67,1878,213.4,292.03,1,1,582,638,56,TYPE_B,7.0,Starters,Thai
1017816,109,67,1878,214.4,290.03,1,1,458,638,56,TYPE_B,7.0,Starters,Thai
1043980,110,67,1878,212.46,291.03,0,1,648,638,56,TYPE_B,7.0,Starters,Thai
1430330,111,67,1878,287.18,286.18,0,0,53,638,56,TYPE_B,7.0,Starters,Thai
1178700,112,67,1878,292.03,290.03,0,0,107,638,56,TYPE_B,7.0,Starters,Thai
1268282,113,67,1878,291.03,292.03,0,0,242,638,56,TYPE_B,7.0,Starters,Thai
1314523,114,67,1878,291.03,290.03,0,0,257,638,56,TYPE_B,7.0,Starters,Thai
