Data set/Center wise/Center_67_Rank6.csv
id,week,center_id,meal_id,checkout_price,base_price,emailer_for_promotion,homepage_featured,num_orders,city_code,region_code,center_type,op_area,category,cuisine
1196262,1,67,2306,242.5,340.53,0,0,419,638,56,TYPE_B,7.0,Pasta,Italian
1462786,2,67,2306,244.5,244.5,0,0,258,638,56,TYPE_B,7.0,Pasta,Italian
1105807,3,67,2306,236.68,237.68,0,0,242,638,56,TYPE_B,7.0,Pasta,Italian
1283451,4,67,2306,338.53,340.53,0,0,80,638,56,TYPE_B,7.0,Pasta,Italian
1236620,7,67,2306,339.53,340.53,0,0,54,638,56,TYPE_B,7.0,Pasta,Italian
1221414,8,67,2306,244.5,338.53,1,1,123,638,56,TYPE_B,7.0,Pasta,Italian
1435348,9,67,2306,244.5,338.53,0,1,109,638,56,TYPE_B,7.0,Pasta,Italian
1194665,10,67,2306,243.5,340.53,0,0,15,638,56,TYPE_B,7.0,Pasta,Italian
1015379,11,67,2306,242.5,339.53,0,0,150,638,56,TYPE_B,7.0,Pasta,Italian
1044132,12,67,2306,244.5,340.53,1,0,258,638,56,TYPE_B,7.0,Pasta,Italian
1135456,13,67,2306,242.5,339.53,0,1,122,638,56,TYPE_B,7.0,Pasta,Italian
1496319,14,67,2306,244.5,339.53,0,0,122,638,56,TYPE_B,7.0,Pasta,Italian
1236434,15,67,2306,242.5,339.53,0,0,148,638,56,TYPE_B,7.0,Pasta,Italian
1394763,16,67,2306,340.53,340.53,0,0,26,638,56,TYPE_B,7.0,Pasta,Italian
1156201,17,67,2306,338.53,339.53,0,0,67,638,56,TYPE_B,7.0,Pasta,Italian
1137304,18,67,2306,242.5,340.53,0,0,80,638,56,TYPE_B,7.0,Pasta,Italian
1149932,19,67,2306,242.5,340.53,0,0,162,638,56,TYPE_B,7.0,Pasta,Italian
1429707,20,67,2306,243.5,339.53,0,0,68,638,56,TYPE_B,7.0,Pasta,Italian
1353879,21,67,2306,227.95,339.53,0,0,270,638,56,TYPE_B,7.0,Pasta,Italian
1439368,22,67,2306,339.53,340.53,0,0,27,638,56,TYPE_B,7.0,Pasta,Italian
1136321,23,67,2306,339.53,338.53,0,0,68,638,56,TYPE_B,7.0,Pasta,Italian
1179881,24,67,2306,338.53,339.53,0,0,27,638,56,TYPE_B,7.0,Pasta,Italian
1339577,25,67,2306,254.2,340.53,1,0,135,638,56,TYPE_B,7.0,Pasta,Italian
1360078,26,67,2306,243.5,340.53,0,0,177,638,56,TYPE_B,7.0,Pasta,Italian
1442993,27,67,2306,247.35,338.53,1,1,285,638,56,TYPE_B,7.0,Pasta,Italian
1048872,28,67,2306,339.53,339.53,0,0,80,638,56,TYPE_B,7.0,Pasta,Italian
1197886,29,67,2306,339.53,340.53,0,0,53,638,56,TYPE_B,7.0,Pasta,Italian
1220821,30,67,2306,340.53,340.53,0,0,67,638,56,TYPE_B,7.0,Pasta,Italian
1038689,31,67,2306,339.53,339.53,0,0,28,638,56,TYPE_B,7.0,Pasta,Italian
1162558,32,67,2306,338.53,339.53,0,0,14,638,56,TYPE_B,7.0,Pasta,Italian
1438046,33,67,2306,259.99,338.53,0,0,163,638,56,TYPE_B,7.0,Pasta,Italian
1057175,34,67,2306,254.2,339.53,0,0,134,638,56,TYPE_B,7.0,Pasta,Italian
1444749,35,67,2306,242.5,339.53,0,0,82,638,56,TYPE_B,7.0,Pasta,Italian
1112726,36,67,2306,244.5,340.53,0,0,108,638,56,TYPE_B,7.0,Pasta,Italian
1371743,37,67,2306,339.53,339.53,0,0,68,638,56,TYPE_B,7.0,Pasta,Italian
1032449,38,67,2306,292.03,338.53,0,0,95,638,56,TYPE_B,7.0,Pasta,Italian
1352145,39,67,2306,243.5,339.53,0,0,136,638,56,TYPE_B,7.0,Pasta,Italian
1090445,40,67,2306,242.5,340.53,0,0,54,638,56,TYPE_B,7.0,Pasta,Italian
1113074,41,67,2306,244.5,338.53,0,0,161,638,56,TYPE_B,7.0,Pasta,Italian
1369110,42,67,2306,243.5,338.53,0,0,80,638,56,TYPE_B,7.0,Pasta,Italian
1074297,43,67,2306,338.53,340.53,0,0,94,638,56,TYPE_B,7.0,Pasta,Italian
1288268,44,67,2306,338.53,340.53,0,0,40,638,56,TYPE_B,7.0,Pasta,Italian
1493278,45,67,2306,339.53,338.53,0,0,28,638,56,TYPE_B,7.0,Pasta,Italian
1291881,46,67,2306,339.53,338.53,0,0,81,638,56,TYPE_B,7.0,Pasta,Italian
1100513,47,67,2306,340.53,340.53,0,0,55,638,56,TYPE_B,7.0,Pasta,Italian
1224613,48,67,2306,339.53,338.53,0,0,26,638,56,TYPE_B,7.0,Pasta,Italian
1327477,49,67,2306,340.53,340.53,0,0,42,638,56,TYPE_B,7.0,Pasta,Italian
1207488,50,67,2306,339.53,339.53,0,0,42,638,56,TYPE_B,7.0,Pasta,Italian
1035940,51,67,2306,340.53,340.53,0,0,41,638,56,TYPE_B,7.0,Pasta,Italian
1330186,52,67,2306,243.5,339.53,0,0,231,638,56,TYPE_B,7.0,Pasta,Italian
1390549,53,67,2306,243.5,339.53,1,0,96,638,56,TYPE_B,7.0,Pasta,Italian
1358888,54,67,2306,242.5,338.53,0,0,135,638,56,TYPE_B,7.0,Pasta,Italian
1060514,55,67,2306,242.5,340.53,0,0,123,638,56,TYPE_B,7.0,Pasta,Italian
1392638,56,67,2306,339.53,339.53,0,0,15,638,56,TYPE_B,7.0,Pasta,Italian
1369967,57,67,2306,340.53,339.53,0,0,42,638,56,TYPE_B,7.0,Pasta,Italian
1376315,58,67,2306,339.53,340.53,0,0,26,638,56,TYPE_B,7.0,Pasta,Italian
1284990,59,67,2306,340.53,338.53,0,0,95,638,56,TYPE_B,7.0,Pasta,Italian
1489163,60,67,2306,338.53,339.53,0,0,15,638,56,TYPE_B,7.0,Pasta,Italian
1202647,61,67,2306,338.53,340.53,0,0,54,638,56,TYPE_B,7.0,Pasta,Italian
1355698,62,67,2306,169.75,339.53,0,0,13,638,56,TYPE_B,7.0,Pasta,Italian
1044401,64,67,2306,338.53,338.53,0,0,122,638,56,TYPE_B,7.0,Pasta,Italian
1215893,65,67,2306,339.53,340.53,0,0,27,638,56,TYPE_B,7.0,Pasta,Italian
1280165,66,67,2306,243.5,340.53,0,0,150,638,56,TYPE_B,7.0,Pasta,Italian
1144405,67,67,2306,242.5,338.53,0,0,109,638,56,TYPE_B,7.0,Pasta,Italian
1187122,68,67,2306,244.5,338.53,0,0,108,638,56,TYPE_B,7.0,Pasta,Italian
1476378,69,67,2306,340.53,339.53,0,0,68,638,56,TYPE_B,7.0,Pasta,Italian
1038202,70,67,2306,244.5,339.53,1,1,217,638,56,TYPE_B,7.0,Pasta,Italian
1196237,71,67,2306,243.5,338.53,1,1,162,638,56,TYPE_B,7.0,Pasta,Italian
1036615,72,67,2306,244.5,340.53,0,0,13,638,56,TYPE_B,7.0,Pasta,Italian
1394946,73,67,2306,242.5,338.53,0,0,81,638,56,TYPE_B,7.0,Pasta,Italian
1100874,74,67,2306,278.39,338.53,0,0,109,638,56,TYPE_B,7.0,Pasta,Italian
1317455,75,67,2306,349.26,347.26,0,0,81,638,56,TYPE_B,7.0,Pasta,Italian
1008344,81,67,2306,348.26,347.26,0,0,28,638,56,TYPE_B,7.0,Pasta,Italian
1434103,83,67,2306,347.26,349.26,0,0,69,638,56,TYPE_B,7.0,Pasta,Italian
1053111,84,67,2306,347.26,349.26,0,0,82,638,56,TYPE_B,7.0,Pasta,Italian
1110434,85,67,2306,244.5,348.26,0,0,81,638,56,TYPE_B,7.0,Pasta,Italian
1408629,86,67,2306,243.5,349.26,0,0,162,638,56,TYPE_B,7.0,Pasta,Italian
1143442,87,67,2306,243.5,347.26,1,0,96,638,56,TYPE_B,7.0,Pasta,Italian
1207751,88,67,2306,242.5,348.26,0,0,177,638,56,TYPE_B,7.0,Pasta,Italian
1418200,89,67,2306,348.26,347.26,0,0,54,638,56,TYPE_B,7.0,Pasta,Italian
1123231,90,67,2306,347.26,348.26,0,0,80,638,56,TYPE_B,7.0,Pasta,Italian
1280027,91,67,2306,349.26,347.26,0,0,40,638,56,TYPE_B,7.0,Pasta,Italian
1216381,92,67,2306,347.26,349.26,0,0,40,638,56,TYPE_B,7.0,Pasta,Italian
1487489,93,67,2306,348.26,349.26,0,0,190,638,56,TYPE_B,7.0,Pasta,Italian
1332961,94,67,2306,349.26,349.26,0,0,121,638,56,TYPE_B,7.0,Pasta,Italian
1230656,95,67,2306,348.26,349.26,0,0,41,638,56,TYPE_B,7.0,Pasta,Italian
1452609,96,67,2306,349.26,347.26,0,0,14,638,56,TYPE_B,7.0,Pasta,Italian
1355294,97,67,2306,347.26,348.26,0,0,13,638,56,TYPE_B,7.0,Pasta,Italian
1262204,98,67,2306,349.26,349.26,0,0,28,638,56,TYPE_B,7.0,Pasta,Italian
1279669,99,67,2306,349.26,347.26,0,0,55,638,56,TYPE_B,7.0,Pasta,Italian
1166627,101,67,2306,347.26,347.26,0,0,13,638,56,TYPE_B,7.0,Pasta,Italian
1358370,102,67,2306,348.26,347.26,0,0,28,638,56,TYPE_B,7.0,Pasta,Italian
1471536,103,67,2306,251.26,349.26,1,0,188,638,56,TYPE_B,7.0,Pasta,Italian
1054520,104,67,2306,242.5,347.26,1,1,256,638,56,TYPE_B,7.0,Pasta,Italian
1355631,105,67,2306,244.5,348.26,1,1,431,638,56,TYPE_B,7.0,Pasta,Italian
1186961,106,67,2306,243.5,349.26,0,1,134,638,56,TYPE_B,7.0,Pasta,Italian
1446179,107,67,2306,357.93,349.26,0,1,42,638,56,TYPE_B,7.0,Pasta,Italian
1150327,108,67,2306,359.93,358.93,0,0,26,638,56,TYPE_B,7.0,Pasta,Italian
1022853,109,67,2306,359.93,359.93,0,1,121,638,56,TYPE_B,7.0,Pasta,Italian
1031821,110,67,2306,358.93,358.93,0,1,68,638,56,TYPE_B,7.0,Pasta,Italian
1390290,111,67,2306,357.93,358.93,0,1,229,638,56,TYPE_B,7.0,Pasta,Italian
1347714,112,67,2306,359.93,359.93,0,1,107,638,56,TYPE_B,7.0,Pasta,Italian
1000773,113,67,2306,248.35,359.93,1,1,296,638,56,TYPE_B,7.0,Pasta,Italian
1112453,114,67,2306,232.8,358.93,1,1,135,638,56,TYPE_B,7.0,Pasta,Italian
1148454,1,67,1216,454.93,454.93,0,0,41,638,56,TYPE_B,7.0,Pasta,Italian
1307386,2,67,1216,456.93,456.93,0,0,42,638,56,TYPE_B,7.0,Pasta,Italian
1017425,3,67,1216,456.93,456.93,0,0,82,638,56,TYPE_B,7.0,Pasta,Italian
1012955,4,67,1216,456.93,455.93,0,0,80,638,56,TYPE_B,7.0,Pasta,Italian
1460021,5,67,1216,455.93,455.93,0,0,123,638,56,TYPE_B,7.0,Pasta,Italian
1285864,6,67,1216,456.93,455.93,0,0,55,638,56,TYPE_B,7.0,Pasta,Italian
1030875,7,67,1216,455.93,455.93,0,0,81,638,56,TYPE_B,7.0,Pasta,Italian
1471681,8,67,1216,341.5,454.93,0,0,95,638,56,TYPE_B,7.0,Pasta,Italian
1492012,9,67,1216,340.5,454.93,0,0,28,638,56,TYPE_B,7.0,Pasta,Italian
1188921,10,67,1216,340.5,456.93,0,0,41,638,56,TYPE_B,7.0,Pasta,Italian
1061583,11,67,1216,341.5,456.93,0,0,96,638,56,TYPE_B,7.0,Pasta,Italian
1089798,12,67,1216,406.43,455.93,0,0,26,638,56,TYPE_B,7.0,Pasta,Italian
1259954,13,67,1216,408.43,454.93,0,0,94,638,56,TYPE_B,7.0,Pasta,Italian
1496272,14,67,1216,407.43,407.43,0,0,80,638,56,TYPE_B,7.0,Pasta,Italian
1483048,15,67,1216,408.43,407.43,0,0,82,638,56,TYPE_B,7.0,Pasta,Italian
1421521,17,67,1216,406.43,408.43,0,0,15,638,56,TYPE_B,7.0,Pasta,Italian
1141872,18,67,1216,408.43,407.43,0,0,13,638,56,TYPE_B,7.0,Pasta,Italian
1319868,20,67,1216,408.43,407.43,0,0,40,638,56,TYPE_B,7.0,Pasta,Italian
1274815,21,67,1216,359.93,407.43,0,0,41,638,56,TYPE_B,7.0,Pasta,Italian
1300530,22,67,1216,354.08,408.43,0,1,67,638,56,TYPE_B,7.0,Pasta,Italian
1207898,23,67,1216,340.5,407.43,0,1,121,638,56,TYPE_B,7.0,Pasta,Italian
1147327,24,67,1216,341.5,407.43,0,1,96,638,56,TYPE_B,7.0,Pasta,Italian
1255739,25,67,1216,407.43,408.43,0,1,80,638,56,TYPE_B,7.0,Pasta,Italian
1340430,26,67,1216,407.43,407.43,0,1,53,638,56,TYPE_B,7.0,Pasta,Italian
1237453,27,67,1216,408.43,406.43,0,0,95,638,56,TYPE_B,7.0,Pasta,Italian
1127089,28,67,1216,407.43,408.43,0,0,26,638,56,TYPE_B,7.0,Pasta,Italian
1085924,29,67,1216,407.43,408.43,0,0,67,638,56,TYPE_B,7.0,Pasta,Italian
1139881,30,67,1216,408.43,406.43,0,0,109,638,56,TYPE_B,7.0,Pasta,Italian
1122250,31,67,1216,406.43,406.43,0,0,175,638,56,TYPE_B,7.0,Pasta,Italian
1065863,32,67,1216,406.43,408.43,0,0,109,638,56,TYPE_B,7.0,Pasta,Italian
1296891,33,67,1216,408.43,407.43,0,0,82,638,56,TYPE_B,7.0,Pasta,Italian
1206020,34,67,1216,406.43,407.43,0,0,107,638,56,TYPE_B,7.0,Pasta,Italian
1373047,35,67,1216,336.59,407.43,1,0,96,638,56,TYPE_B,7.0,Pasta,Italian
1084760,36,67,1216,337.59,407.43,1,0,94,638,56,TYPE_B,7.0,Pasta,Italian
1038851,37,67,1216,338.59,407.43,0,0,67,638,56,TYPE_B,7.0,Pasta,Italian
1415254,38,67,1216,338.59,408.43,0,0,107,638,56,TYPE_B,7.0,Pasta,Italian
1275553,39,67,1216,368.63,367.63,0,0,107,638,56,TYPE_B,7.0,Pasta,Italian
1017742,40,67,1216,371.51,371.51,0,0,122,638,56,TYPE_B,7.0,Pasta,Italian
1178293,41,67,1216,377.33,377.33,0,0,54,638,56,TYPE_B,7.0,Pasta,Italian
1175639,42,67,1216,368.63,378.33,0,1,41,638,56,TYPE_B,7.0,Pasta,Italian
1273950,43,67,1216,406.43,379.33,0,1,68,638,56,TYPE_B,7.0,Pasta,Italian
1286270,44,67,1216,408.43,408.43,0,0,81,638,56,TYPE_B,7.0,Pasta,Italian
1021135,45,67,1216,408.43,408.43,0,1,82,638,56,TYPE_B,7.0,Pasta,Italian
1345185,46,67,1216,407.43,407.43,0,0,80,638,56,TYPE_B,7.0,Pasta,Italian
1147869,47,67,1216,406.43,407.43,0,0,108,638,56,TYPE_B,7.0,Pasta,Italian
1355529,48,67,1216,407.43,408.43,0,0,95,638,56,TYPE_B,7.0,Pasta,Italian
1239315,49,67,1216,406.43,407.43,0,0,68,638,56,TYPE_B,7.0,Pasta,Italian
1185676,50,67,1216,408.43,407.43,0,0,13,638,56,TYPE_B,7.0,Pasta,Italian
1040865,51,67,1216,407.43,406.43,0,0,54,638,56,TYPE_B,7.0,Pasta,Italian
1296785,52,67,1216,408.43,407.43,0,0,82,638,56,TYPE_B,7.0,Pasta,Italian
1174948,53,67,1216,408.43,408.43,0,0,134,638,56,TYPE_B,7.0,Pasta,Italian
1098309,54,67,1216,406.43,406.43,0,0,15,638,56,TYPE_B,7.0,Pasta,Italian
1055691,55,67,1216,407.43,407.43,0,0,53,638,56,TYPE_B,7.0,Pasta,Italian
1050637,56,67,1216,407.43,406.43,0,0,68,638,56,TYPE_B,7.0,Pasta,Italian
1389130,57,67,1216,406.43,407.43,0,0,81,638,56,TYPE_B,7.0,Pasta,Italian
1057966,58,67,1216,406.43,407.43,0,0,42,638,56,TYPE_B,7.0,Pasta,Italian
1251966,59,67,1216,408.43,406.43,0,0,55,638,56,TYPE_B,7.0,Pasta,Italian
1378710,60,67,1216,407.43,406.43,0,0,108,638,56,TYPE_B,7.0,Pasta,Italian
1098460,61,67,1216,408.43,408.43,0,0,55,638,56,TYPE_B,7.0,Pasta,Italian
1204497,62,67,1216,408.43,406.43,0,0,67,638,56,TYPE_B,7.0,Pasta,Italian
1065139,63,67,1216,407.43,408.43,0,0,55,638,56,TYPE_B,7.0,Pasta,Italian
1360839,64,67,1216,407.43,407.43,0,0,80,638,56,TYPE_B,7.0,Pasta,Italian
1237292,65,67,1216,407.43,407.43,0,0,94,638,56,TYPE_B,7.0,Pasta,Italian
1341995,66,67,1216,407.43,408.43,0,0,54,638,56,TYPE_B,7.0,Pasta,Italian
1202067,67,67,1216,408.43,407.43,0,0,67,638,56,TYPE_B,7.0,Pasta,Italian
1431717,68,67,1216,408.43,408.43,0,0,81,638,56,TYPE_B,7.0,Pasta,Italian
1108138,69,67,1216,406.43,406.43,0,0,81,638,56,TYPE_B,7.0,Pasta,Italian
1065365,70,67,1216,407.43,407.43,0,0,81,638,56,TYPE_B,7.0,Pasta,Italian
1200218,71,67,1216,406.43,407.43,0,0,14,638,56,TYPE_B,7.0,Pasta,Italian
1031448,72,67,1216,407.43,406.43,0,0,95,638,56,TYPE_B,7.0,Pasta,Italian
1095229,73,67,1216,388.03,389.03,0,0,67,638,56,TYPE_B,7.0,Pasta,Italian
1252452,74,67,1216,389.03,387.03,0,0,27,638,56,TYPE_B,7.0,Pasta,Italian
1496609,75,67,1216,389.03,388.03,0,0,107,638,56,TYPE_B,7.0,Pasta,Italian
1498944,76,67,1216,387.03,388.03,0,0,42,638,56,TYPE_B,7.0,Pasta,Italian
1065199,77,67,1216,408.43,408.43,0,0,15,638,56,TYPE_B,7.0,Pasta,Italian
1329944,78,67,1216,408.43,407.43,0,0,109,638,56,TYPE_B,7.0,Pasta,Italian
1134104,80,67,1216,407.43,408.43,0,0,82,638,56,TYPE_B,7.0,Pasta,Italian
1491910,81,67,1216,406.43,407.43,0,0,80,638,56,TYPE_B,7.0,Pasta,Italian
1247984,82,67,1216,406.43,408.43,0,0,68,638,56,TYPE_B,7.0,Pasta,Italian
1187486,83,67,1216,408.43,406.43,0,0,81,638,56,TYPE_B,7.0,Pasta,Italian
1346852,84,67,1216,408.43,408.43,0,0,26,638,56,TYPE_B,7.0,Pasta,Italian
1333195,85,67,1216,406.43,406.43,0,0,41,638,56,TYPE_B,7.0,Pasta,Italian
1149192,86,67,1216,408.43,406.43,0,0,108,638,56,TYPE_B,7.0,Pasta,Italian
1296879,87,67,1216,407.43,408.43,0,0,82,638,56,TYPE_B,7.0,Pasta,Italian
1206198,88,67,1216,418.13,418.13,0,0,27,638,56,TYPE_B,7.0,Pasta,Italian
1047899,89,67,1216,417.13,417.13,0,0,80,638,56,TYPE_B,7.0,Pasta,Italian
1064437,90,67,1216,340.5,416.13,1,0,28,638,56,TYPE_B,7.0,Pasta,Italian
1423690,91,67,1216,341.5,417.13,1,0,40,638,56,TYPE_B,7.0,Pasta,Italian
1443116,92,67,1216,346.29,418.13,0,0,161,638,56,TYPE_B,7.0,Pasta,Italian
1265149,93,67,1216,351.2,417.13,0,0,109,638,56,TYPE_B,7.0,Pasta,Italian
1475101,94,67,1216,341.5,416.13,0,0,67,638,56,TYPE_B,7.0,Pasta,Italian
1478356,95,67,1216,418.13,418.13,0,0,55,638,56,TYPE_B,7.0,Pasta,Italian
1495693,96,67,1216,416.13,417.13,0,0,40,638,56,TYPE_B,7.0,Pasta,Italian
1296325,97,67,1216,416.13,416.13,0,0,94,638,56,TYPE_B,7.0,Pasta,Italian
1299608,98,67,1216,290.03,418.13,1,0,69,638,56,TYPE_B,7.0,Pasta,Italian
1255066,99,67,1216,291.03,417.13,1,0,109,638,56,TYPE_B,7.0,Pasta,Italian
1078036,100,67,1216,291.03,418.13,0,0,108,638,56,TYPE_B,7.0,Pasta,Italian
1339155,101,67,1216,290.03,417.13,0,0,188,638,56,TYPE_B,7.0,Pasta,Italian
1324455,102,67,1216,388.03,388.03,0,0,95,638,56,TYPE_B,7.0,Pasta,Italian
1388867,103,67,1216,388.03,387.03,0,1,28,638,56,TYPE_B,7.0,Pasta,Italian
1391554,105,67,1216,387.03,389.03,0,0,40,638,56,TYPE_B,7.0,Pasta,Italian
1062696,106,67,1216,388.03,387.03,0,0,109,638,56,TYPE_B,7.0,Pasta,Italian
1307347,107,67,1216,389.03,387.03,0,0,82,638,56,TYPE_B,7.0,Pasta,Italian
1126361,108,67,1216,340.5,388.03,0,0,53,638,56,TYPE_B,7.0,Pasta,Italian
1233167,109,67,1216,340.5,388.03,0,0,82,638,56,TYPE_B,7.0,Pasta,Italian
1019809,110,67,1216,339.5,388.03,0,0,53,638,56,TYPE_B,7.0,Pasta,Italian
1178178,111,67,1216,340.5,389.03,0,0,95,638,56,TYPE_B,7.0,Pasta,Italian
1089340,112,67,1216,416.13,418.13,0,0,26,638,56,TYPE_B,7.0,Pasta,Italian
1221771,113,67,1216,417.13,418.13,0,0,163,638,56,TYPE_B,7.0,Pasta,Italian
1322720,114,67,1216,417.13,417.13,0,0,26,638,56,TYPE_B,7.0,Pasta,Italian
