Data set/Center wise/Center_67_Rank6.csv
id,week,center_id,meal_id,checkout_price,base_price,emailer_for_promotion,homepage_featured,num_orders,city_code,region_code,center_type,op_area,category,cuisine
1224623,1,67,2126,487.0,487.0,0,0,15,638,56,TYPE_B,7.0,Pasta,Italian
1099947,2,67,2126,485.0,486.0,0,1,28,638,56,TYPE_B,7.0,Pasta,Italian
1287751,3,67,2126,486.0,486.0,0,1,96,638,56,TYPE_B,7.0,Pasta,Italian
1475510,4,67,2126,489.85,489.85,0,0,121,638,56,TYPE_B,7.0,Pasta,Italian
1318442,6,67,2126,486.03,486.03,0,0,13,638,56,TYPE_B,7.0,Pasta,Italian
1090333,7,67,2126,485.03,486.03,0,0,41,638,56,TYPE_B,7.0,Pasta,Italian
1447128,8,67,2126,533.53,532.53,0,0,96,638,56,TYPE_B,7.0,Pasta,Italian
1234973,9,67,2126,534.53,533.53,0,0,40,638,56,TYPE_B,7.0,Pasta,Italian
1165616,10,67,2126,532.53,533.53,0,0,94,638,56,TYPE_B,7.0,Pasta,Italian
1102371,11,67,2126,533.53,533.53,0,0,67,638,56,TYPE_B,7.0,Pasta,Italian
1173115,12,67,2126,485.03,532.53,0,1,123,638,56,TYPE_B,7.0,Pasta,Italian
1397054,13,67,2126,485.03,533.53,0,1,53,638,56,TYPE_B,7.0,Pasta,Italian
1011516,14,67,2126,485.03,532.53,0,1,135,638,56,TYPE_B,7.0,Pasta,Italian
1468057,15,67,2126,484.03,532.53,0,1,177,638,56,TYPE_B,7.0,Pasta,Italian
1412684,16,67,2126,534.53,533.53,0,1,41,638,56,TYPE_B,7.0,Pasta,Italian
1499026,17,67,2126,532.53,533.53,0,1,55,638,56,TYPE_B,7.0,Pasta,Italian
1280628,18,67,2126,486.03,534.53,0,1,161,638,56,TYPE_B,7.0,Pasta,Italian
1381781,19,67,2126,484.03,534.53,0,1,161,638,56,TYPE_B,7.0,Pasta,Italian
1430386,20,67,2126,485.03,534.53,0,1,69,638,56,TYPE_B,7.0,Pasta,Italian
1499038,21,67,2126,485.03,532.53,0,1,54,638,56,TYPE_B,7.0,Pasta,Italian
1334357,22,67,2126,532.53,533.53,0,0,94,638,56,TYPE_B,7.0,Pasta,Italian
1317088,23,67,2126,534.53,534.53,0,0,81,638,56,TYPE_B,7.0,Pasta,Italian
1178701,24,67,2126,534.53,533.53,0,0,54,638,56,TYPE_B,7.0,Pasta,Italian
1282936,25,67,2126,485.03,486.03,0,0,188,638,56,TYPE_B,7.0,Pasta,Italian
1392133,26,67,2126,486.03,484.03,0,0,67,638,56,TYPE_B,7.0,Pasta,Italian
1011022,27,67,2126,485.03,486.03,0,0,94,638,56,TYPE_B,7.0,Pasta,Italian
1229094,28,67,2126,521.89,521.89,0,0,53,638,56,TYPE_B,7.0,Pasta,Italian
1049421,29,67,2126,491.82,492.82,0,0,95,638,56,TYPE_B,7.0,Pasta,Italian
1452790,30,67,2126,486.03,486.03,0,0,96,638,56,TYPE_B,7.0,Pasta,Italian
1468596,31,67,2126,534.53,533.53,0,0,80,638,56,TYPE_B,7.0,Pasta,Italian
1200298,32,67,2126,532.53,534.53,0,0,69,638,56,TYPE_B,7.0,Pasta,Italian
1107599,33,67,2126,435.59,534.53,0,1,176,638,56,TYPE_B,7.0,Pasta,Italian
1072233,34,67,2126,433.59,534.53,0,1,161,638,56,TYPE_B,7.0,Pasta,Italian
1464727,35,67,2126,434.59,533.53,0,1,107,638,56,TYPE_B,7.0,Pasta,Italian
1225877,36,67,2126,435.59,532.53,0,1,54,638,56,TYPE_B,7.0,Pasta,Italian
1108340,37,67,2126,533.53,532.53,0,1,53,638,56,TYPE_B,7.0,Pasta,Italian
1462407,38,67,2126,533.53,533.53,0,1,41,638,56,TYPE_B,7.0,Pasta,Italian
1436984,39,67,2126,484.03,533.53,0,1,107,638,56,TYPE_B,7.0,Pasta,Italian
1296795,40,67,2126,485.03,532.53,0,1,96,638,56,TYPE_B,7.0,Pasta,Italian
1110782,41,67,2126,486.03,534.53,0,1,189,638,56,TYPE_B,7.0,Pasta,Italian
1120455,42,67,2126,494.7,534.53,0,1,123,638,56,TYPE_B,7.0,Pasta,Italian
1223497,43,67,2126,532.53,533.53,0,1,41,638,56,TYPE_B,7.0,Pasta,Italian
1318329,44,67,2126,503.43,532.53,0,1,109,638,56,TYPE_B,7.0,Pasta,Italian
1404422,45,67,2126,505.43,534.53,0,1,67,638,56,TYPE_B,7.0,Pasta,Italian
1407044,46,67,2126,503.43,534.53,0,1,41,638,56,TYPE_B,7.0,Pasta,Italian
1010538,47,67,2126,505.43,534.53,0,1,94,638,56,TYPE_B,7.0,Pasta,Italian
1227520,48,67,2126,533.53,534.53,0,0,26,638,56,TYPE_B,7.0,Pasta,Italian
1073172,49,67,2126,532.53,532.53,0,1,41,638,56,TYPE_B,7.0,Pasta,Italian
1204810,50,67,2126,533.53,533.53,0,1,94,638,56,TYPE_B,7.0,Pasta,Italian
1279747,51,67,2126,532.53,533.53,0,1,54,638,56,TYPE_B,7.0,Pasta,Italian
1455736,52,67,2126,438.5,533.53,0,1,148,638,56,TYPE_B,7.0,Pasta,Italian
1240224,53,67,2126,437.5,534.53,0,0,149,638,56,TYPE_B,7.0,Pasta,Italian
1434357,54,67,2126,437.5,534.53,0,1,68,638,56,TYPE_B,7.0,Pasta,Italian
1430859,55,67,2126,437.5,533.53,0,1,188,638,56,TYPE_B,7.0,Pasta,Italian
1067423,56,67,2126,532.53,534.53,0,0,26,638,56,TYPE_B,7.0,Pasta,Italian
1025229,57,67,2126,533.53,532.53,0,0,122,638,56,TYPE_B,7.0,Pasta,Italian
1033134,58,67,2126,533.53,534.53,0,0,108,638,56,TYPE_B,7.0,Pasta,Italian
1444284,59,67,2126,532.53,532.53,0,0,80,638,56,TYPE_B,7.0,Pasta,Italian
1358204,60,67,2126,532.53,533.53,0,0,81,638,56,TYPE_B,7.0,Pasta,Italian
1011852,61,67,2126,437.53,533.53,1,1,135,638,56,TYPE_B,7.0,Pasta,Italian
1391646,62,67,2126,436.53,532.53,1,1,80,638,56,TYPE_B,7.0,Pasta,Italian
1176860,63,67,2126,437.53,533.53,0,0,55,638,56,TYPE_B,7.0,Pasta,Italian
1426618,64,67,2126,435.53,532.53,0,0,42,638,56,TYPE_B,7.0,Pasta,Italian
1183649,69,67,2126,533.53,534.53,0,0,67,638,56,TYPE_B,7.0,Pasta,Italian
1194909,70,67,2126,489.91,532.53,1,1,161,638,56,TYPE_B,7.0,Pasta,Italian
1431964,71,67,2126,485.03,534.53,1,1,94,638,56,TYPE_B,7.0,Pasta,Italian
1256819,72,67,2126,484.03,533.53,0,1,53,638,56,TYPE_B,7.0,Pasta,Italian
1247501,73,67,2126,486.03,532.53,0,1,122,638,56,TYPE_B,7.0,Pasta,Italian
1100097,74,67,2126,527.74,533.53,0,1,96,638,56,TYPE_B,7.0,Pasta,Italian
1129976,75,67,2126,534.53,532.53,0,1,94,638,56,TYPE_B,7.0,Pasta,Italian
1338550,76,67,2126,533.53,534.53,0,1,82,638,56,TYPE_B,7.0,Pasta,Italian
1189113,77,67,2126,533.53,534.53,0,0,69,638,56,TYPE_B,7.0,Pasta,Italian
1080038,78,67,2126,532.53,533.53,0,1,67,638,56,TYPE_B,7.0,Pasta,Italian
1420571,79,67,2126,532.53,532.53,0,1,69,638,56,TYPE_B,7.0,Pasta,Italian
1221876,80,67,2126,533.53,533.53,0,1,109,638,56,TYPE_B,7.0,Pasta,Italian
1086869,81,67,2126,464.63,534.53,0,1,121,638,56,TYPE_B,7.0,Pasta,Italian
1371515,82,67,2126,466.63,532.53,0,1,258,638,56,TYPE_B,7.0,Pasta,Italian
1417321,83,67,2126,464.63,534.53,0,1,177,638,56,TYPE_B,7.0,Pasta,Italian
1372016,84,67,2126,465.63,534.53,0,1,55,638,56,TYPE_B,7.0,Pasta,Italian
1190490,85,67,2126,532.53,534.53,0,1,82,638,56,TYPE_B,7.0,Pasta,Italian
1018479,86,67,2126,534.53,534.53,0,1,81,638,56,TYPE_B,7.0,Pasta,Italian
1231817,87,67,2126,534.53,533.53,0,1,107,638,56,TYPE_B,7.0,Pasta,Italian
1345546,88,67,2126,443.29,534.53,1,1,161,638,56,TYPE_B,7.0,Pasta,Italian
1459631,89,67,2126,435.53,532.53,0,1,148,638,56,TYPE_B,7.0,Pasta,Italian
1100195,90,67,2126,436.53,533.53,0,0,95,638,56,TYPE_B,7.0,Pasta,Italian
1451858,91,67,2126,435.53,534.53,0,1,162,638,56,TYPE_B,7.0,Pasta,Italian
1382160,92,67,2126,488.88,534.53,0,1,161,638,56,TYPE_B,7.0,Pasta,Italian
1075645,93,67,2126,534.53,532.53,0,0,149,638,56,TYPE_B,7.0,Pasta,Italian
1318967,94,67,2126,534.53,532.53,0,1,175,638,56,TYPE_B,7.0,Pasta,Italian
1300359,95,67,2126,533.53,534.53,0,1,189,638,56,TYPE_B,7.0,Pasta,Italian
1123191,96,67,2126,436.5,534.53,0,1,162,638,56,TYPE_B,7.0,Pasta,Italian
1029329,97,67,2126,437.5,534.53,0,0,244,638,56,TYPE_B,7.0,Pasta,Italian
1076714,98,67,2126,532.53,532.53,0,0,148,638,56,TYPE_B,7.0,Pasta,Italian
1247829,99,67,2126,533.53,533.53,0,0,134,638,56,TYPE_B,7.0,Pasta,Italian
1451811,100,67,2126,534.53,532.53,0,0,121,638,56,TYPE_B,7.0,Pasta,Italian
1330781,101,67,2126,532.53,532.53,0,0,109,638,56,TYPE_B,7.0,Pasta,Italian
1027026,102,67,2126,532.53,534.53,0,0,13,638,56,TYPE_B,7.0,Pasta,Italian
1229819,103,67,2126,435.53,532.53,0,0,81,638,56,TYPE_B,7.0,Pasta,Italian
1069671,104,67,2126,425.83,534.53,0,1,80,638,56,TYPE_B,7.0,Pasta,Italian
1263036,105,67,2126,441.35,532.53,0,0,217,638,56,TYPE_B,7.0,Pasta,Italian
1002011,106,67,2126,436.53,532.53,0,1,149,638,56,TYPE_B,7.0,Pasta,Italian
1455467,107,67,2126,534.53,534.53,0,0,177,638,56,TYPE_B,7.0,Pasta,Italian
1200788,108,67,2126,534.53,532.53,0,0,80,638,56,TYPE_B,7.0,Pasta,Italian
1113965,109,67,2126,533.53,533.53,0,0,175,638,56,TYPE_B,7.0,Pasta,Italian
1156116,110,67,2126,534.53,534.53,0,0,109,638,56,TYPE_B,7.0,Pasta,Italian
1065010,111,67,2126,534.53,532.53,0,0,149,638,56,TYPE_B,7.0,Pasta,Italian
1146382,112,67,2126,533.53,533.53,0,0,203,638,56,TYPE_B,7.0,Pasta,Italian
1012008,113,67,2126,447.2,534.53,0,1,121,638,56,TYPE_B,7.0,Pasta,Italian
1338934,114,67,2126,435.53,532.53,0,1,80,638,56,TYPE_B,7.0,Pasta,Italian
1099955,1,67,2826,328.83,330.83,0,0,690,638,56,TYPE_B,7.0,Sandwich,Italian
1179186,2,67,2826,328.83,329.83,0,0,621,638,56,TYPE_B,7.0,Sandwich,Italian
1357902,3,67,2826,329.83,330.83,0,0,744,638,56,TYPE_B,7.0,Sandwich,Italian
1315971,4,67,2826,329.83,330.83,0,0,581,638,56,TYPE_B,7.0,Sandwich,Italian
1450964,5,67,2826,329.83,329.83,0,0,271,638,56,TYPE_B,7.0,Sandwich,Italian
1304043,6,67,2826,330.83,330.83,0,0,446,638,56,TYPE_B,7.0,Sandwich,Italian
1430876,7,67,2826,298.79,297.79,0,0,662,638,56,TYPE_B,7.0,Sandwich,Italian
1018642,8,67,2826,299.76,298.76,0,0,553,638,56,TYPE_B,7.0,Sandwich,Italian
1134173,9,67,2826,298.82,297.82,0,0,485,638,56,TYPE_B,7.0,Sandwich,Italian
1240288,10,67,2826,240.56,297.82,1,0,1646,638,56,TYPE_B,7.0,Sandwich,Italian
1039682,11,67,2826,242.53,297.82,1,0,1552,638,56,TYPE_B,7.0,Sandwich,Italian
1160144,12,67,2826,243.53,298.82,0,0,1189,638,56,TYPE_B,7.0,Sandwich,Italian
1279469,13,67,2826,297.82,297.82,0,0,392,638,56,TYPE_B,7.0,Sandwich,Italian
1427090,14,67,2826,298.76,298.76,0,0,568,638,56,TYPE_B,7.0,Sandwich,Italian
1227683,15,67,2826,321.13,321.13,0,0,485,638,56,TYPE_B,7.0,Sandwich,Italian
1360131,16,67,2826,321.13,319.13,0,0,404,638,56,TYPE_B,7.0,Sandwich,Italian
1218473,17,67,2826,320.13,321.13,0,0,485,638,56,TYPE_B,7.0,Sandwich,Italian
1057332,18,67,2826,195.0,320.13,1,1,1876,638,56,TYPE_B,7.0,Sandwich,Italian
1121294,19,67,2826,244.5,320.13,0,1,1648,638,56,TYPE_B,7.0,Sandwich,Italian
1130472,20,67,2826,321.13,320.13,0,0,513,638,56,TYPE_B,7.0,Sandwich,Italian
1407243,21,67,2826,320.13,321.13,0,0,728,638,56,TYPE_B,7.0,Sandwich,Italian
1330680,22,67,2826,318.19,319.19,0,0,1120,638,56,TYPE_B,7.0,Sandwich,Italian
1084856,23,67,2826,320.13,321.13,0,0,608,638,56,TYPE_B,7.0,Sandwich,Italian
1389552,24,67,2826,320.13,319.13,0,0,500,638,56,TYPE_B,7.0,Sandwich,Italian
1304430,25,67,2826,319.13,319.13,0,0,391,638,56,TYPE_B,7.0,Sandwich,Italian
1078677,26,67,2826,321.13,321.13,0,0,528,638,56,TYPE_B,7.0,Sandwich,Italian
1054727,27,67,2826,319.13,319.13,0,0,528,638,56,TYPE_B,7.0,Sandwich,Italian
1143732,28,67,2826,292.03,320.13,1,0,1284,638,56,TYPE_B,7.0,Sandwich,Italian
1164184,29,67,2826,290.03,319.13,1,0,1081,638,56,TYPE_B,7.0,Sandwich,Italian
1159906,30,67,2826,317.22,318.22,0,0,850,638,56,TYPE_B,7.0,Sandwich,Italian
1405390,31,67,2826,314.34,314.34,0,0,662,638,56,TYPE_B,7.0,Sandwich,Italian
1213023,32,67,2826,320.13,319.13,0,0,904,638,56,TYPE_B,7.0,Sandwich,Italian
1359611,33,67,2826,309.46,308.46,0,0,634,638,56,TYPE_B,7.0,Sandwich,Italian
1342324,34,67,2826,303.67,302.67,0,0,554,638,56,TYPE_B,7.0,Sandwich,Italian
1367037,35,67,2826,319.13,319.13,0,0,148,638,56,TYPE_B,7.0,Sandwich,Italian
1152376,36,67,2826,321.13,319.13,0,0,919,638,56,TYPE_B,7.0,Sandwich,Italian
1223987,37,67,2826,319.13,320.13,0,0,703,638,56,TYPE_B,7.0,Sandwich,Italian
1264622,38,67,2826,320.13,320.13,0,0,635,638,56,TYPE_B,7.0,Sandwich,Italian
1255573,39,67,2826,319.13,321.13,0,0,688,638,56,TYPE_B,7.0,Sandwich,Italian
1167925,40,67,2826,321.13,319.13,0,0,716,638,56,TYPE_B,7.0,Sandwich,Italian
1211969,41,67,2826,321.13,319.13,0,0,593,638,56,TYPE_B,7.0,Sandwich,Italian
1406909,42,67,2826,319.13,321.13,0,0,663,638,56,TYPE_B,7.0,Sandwich,Italian
1232465,43,67,2826,319.13,319.13,0,0,649,638,56,TYPE_B,7.0,Sandwich,Italian
1268125,44,67,2826,320.13,321.13,0,0,865,638,56,TYPE_B,7.0,Sandwich,Italian
1117226,45,67,2826,321.13,320.13,0,0,717,638,56,TYPE_B,7.0,Sandwich,Italian
1164572,46,67,2826,243.47,321.13,1,0,566,638,56,TYPE_B,7.0,Sandwich,Italian
1463574,47,67,2826,244.5,319.13,0,0,1025,638,56,TYPE_B,7.0,Sandwich,Italian
1414270,48,67,2826,318.22,317.22,0,0,757,638,56,TYPE_B,7.0,Sandwich,Italian
1306167,49,67,2826,319.13,319.13,0,0,648,638,56,TYPE_B,7.0,Sandwich,Italian
1028385,50,67,2826,319.13,320.13,0,0,567,638,56,TYPE_B,7.0,Sandwich,Italian
1133036,51,67,2826,321.13,319.13,0,0,728,638,56,TYPE_B,7.0,Sandwich,Italian
1163675,52,67,2826,320.13,319.13,0,0,811,638,56,TYPE_B,7.0,Sandwich,Italian
1251867,53,67,2826,320.13,321.13,0,0,823,638,56,TYPE_B,7.0,Sandwich,Italian
1481704,54,67,2826,320.13,319.13,0,0,540,638,56,TYPE_B,7.0,Sandwich,Italian
1135257,55,67,2826,321.13,320.13,0,0,730,638,56,TYPE_B,7.0,Sandwich,Italian
1215450,56,67,2826,321.13,319.13,0,0,541,638,56,TYPE_B,7.0,Sandwich,Italian
1413754,57,67,2826,320.13,320.13,0,0,620,638,56,TYPE_B,7.0,Sandwich,Italian
1120067,58,67,2826,320.13,319.13,0,0,701,638,56,TYPE_B,7.0,Sandwich,Italian
1353588,59,67,2826,320.13,319.13,0,0,689,638,56,TYPE_B,7.0,Sandwich,Italian
1127209,60,67,2826,242.5,319.13,1,0,1850,638,56,TYPE_B,7.0,Sandwich,Italian
1192061,61,67,2826,321.13,320.13,0,0,473,638,56,TYPE_B,7.0,Sandwich,Italian
1158268,62,67,2826,317.25,316.25,0,0,176,638,56,TYPE_B,7.0,Sandwich,Italian
1436588,63,67,2826,270.69,317.25,1,0,1188,638,56,TYPE_B,7.0,Sandwich,Italian
1180151,64,67,2826,269.69,316.25,1,0,1120,638,56,TYPE_B,7.0,Sandwich,Italian
1432297,65,67,2826,321.13,319.13,0,0,431,638,56,TYPE_B,7.0,Sandwich,Italian
1254267,66,67,2826,320.13,320.13,0,0,703,638,56,TYPE_B,7.0,Sandwich,Italian
1474391,67,67,2826,321.13,320.13,0,0,567,638,56,TYPE_B,7.0,Sandwich,Italian
1492573,68,67,2826,320.13,319.13,0,0,647,638,56,TYPE_B,7.0,Sandwich,Italian
1418562,69,67,2826,242.5,320.13,1,1,1635,638,56,TYPE_B,7.0,Sandwich,Italian
1477712,70,67,2826,316.25,315.25,0,0,608,638,56,TYPE_B,7.0,Sandwich,Italian
1468785,71,67,2826,321.13,319.13,0,0,717,638,56,TYPE_B,7.0,Sandwich,Italian
1229337,72,67,2826,321.13,321.13,0,0,701,638,56,TYPE_B,7.0,Sandwich,Italian
1216687,73,67,2826,319.13,319.13,0,0,486,638,56,TYPE_B,7.0,Sandwich,Italian
1082619,74,67,2826,320.13,319.13,1,0,811,638,56,TYPE_B,7.0,Sandwich,Italian
1483170,75,67,2826,242.5,320.13,1,1,1646,638,56,TYPE_B,7.0,Sandwich,Italian
1150552,76,67,2826,242.53,320.13,0,1,1257,638,56,TYPE_B,7.0,Sandwich,Italian
1223024,77,67,2826,321.13,320.13,0,0,580,638,56,TYPE_B,7.0,Sandwich,Italian
1168396,78,67,2826,321.13,319.13,0,0,365,638,56,TYPE_B,7.0,Sandwich,Italian
1024169,79,67,2826,205.7,321.13,1,0,1309,638,56,TYPE_B,7.0,Sandwich,Italian
1357086,80,67,2826,319.13,319.13,0,0,487,638,56,TYPE_B,7.0,Sandwich,Italian
1008704,81,67,2826,319.13,320.13,0,0,566,638,56,TYPE_B,7.0,Sandwich,Italian
1244991,82,67,2826,320.13,320.13,0,0,568,638,56,TYPE_B,7.0,Sandwich,Italian
1219303,83,67,2826,319.13,320.13,0,0,582,638,56,TYPE_B,7.0,Sandwich,Italian
1245090,84,67,2826,320.13,321.13,0,0,568,638,56,TYPE_B,7.0,Sandwich,Italian
1396098,85,67,2826,319.13,319.13,0,0,486,638,56,TYPE_B,7.0,Sandwich,Italian
1196061,86,67,2826,320.13,319.13,0,0,459,638,56,TYPE_B,7.0,Sandwich,Italian
1230264,87,67,2826,321.13,320.13,0,0,527,638,56,TYPE_B,7.0,Sandwich,Italian
1498266,88,67,2826,320.13,321.13,0,0,244,638,56,TYPE_B,7.0,Sandwich,Italian
1199288,89,67,2826,307.55,307.55,0,0,311,638,56,TYPE_B,7.0,Sandwich,Italian
1200930,90,67,2826,321.13,319.13,0,0,364,638,56,TYPE_B,7.0,Sandwich,Italian
1140259,91,67,2826,321.13,319.13,0,0,472,638,56,TYPE_B,7.0,Sandwich,Italian
1339233,92,67,2826,319.13,319.13,0,0,366,638,56,TYPE_B,7.0,Sandwich,Italian
1456044,93,67,2826,319.13,319.13,0,0,648,638,56,TYPE_B,7.0,Sandwich,Italian
1164021,94,67,2826,243.5,321.13,0,0,1215,638,56,TYPE_B,7.0,Sandwich,Italian
1336459,95,67,2826,244.5,320.13,0,0,1203,638,56,TYPE_B,7.0,Sandwich,Italian
1313579,96,67,2826,239.62,321.13,0,0,879,638,56,TYPE_B,7.0,Sandwich,Italian
1487584,97,67,2826,243.5,320.13,0,0,756,638,56,TYPE_B,7.0,Sandwich,Italian
1306105,98,67,2826,244.5,320.13,0,0,1025,638,56,TYPE_B,7.0,Sandwich,Italian
1333065,99,67,2826,328.86,327.86,0,0,553,638,56,TYPE_B,7.0,Sandwich,Italian
1120202,100,67,2826,327.86,327.86,0,0,703,638,56,TYPE_B,7.0,Sandwich,Italian
1051350,101,67,2826,328.86,329.86,0,0,755,638,56,TYPE_B,7.0,Sandwich,Italian
1387239,102,67,2826,327.86,328.86,0,0,527,638,56,TYPE_B,7.0,Sandwich,Italian
1335344,103,67,2826,329.86,327.86,0,0,513,638,56,TYPE_B,7.0,Sandwich,Italian
1338007,104,67,2826,327.86,328.86,0,0,620,638,56,TYPE_B,7.0,Sandwich,Italian
1320323,105,67,2826,326.92,326.92,0,0,1337,638,56,TYPE_B,7.0,Sandwich,Italian
1151318,106,67,2826,328.86,329.86,0,0,676,638,56,TYPE_B,7.0,Sandwich,Italian
1379590,107,67,2826,327.86,328.86,0,0,716,638,56,TYPE_B,7.0,Sandwich,Italian
1320031,108,67,2826,329.86,327.86,0,0,756,638,56,TYPE_B,7.0,Sandwich,Italian
1225018,109,67,2826,293.97,328.86,0,0,771,638,56,TYPE_B,7.0,Sandwich,Italian
1468711,110,67,2826,245.47,327.86,1,1,1997,638,56,TYPE_B,7.0,Sandwich,Italian
1322133,111,67,2826,243.47,329.86,0,1,1971,638,56,TYPE_B,7.0,Sandwich,Italian
1185527,112,67,2826,241.53,329.86,0,1,1781,638,56,TYPE_B,7.0,Sandwich,Italian
1025271,113,67,2826,328.86,328.86,0,0,662,638,56,TYPE_B,7.0,Sandwich,Italian
1477557,114,67,2826,326.89,327.89,0,0,566,638,56,TYPE_B,7.0,Sandwich,Italian
