Data set/Center wise/Center_67_Rank6.csv
id,week,center_id,meal_id,checkout_price,base_price,emailer_for_promotion,homepage_featured,num_orders,city_code,region_code,center_type,op_area,category,cuisine
1120719,1,67,1754,280.36,279.36,0,0,757,638,56,TYPE_B,7.0,Sandwich,Italian
1272432,2,67,1754,292.03,292.03,0,0,688,638,56,TYPE_B,7.0,Sandwich,Italian
1384315,3,67,1754,292.03,292.03,0,0,662,638,56,TYPE_B,7.0,Sandwich,Italian
1239282,4,67,1754,292.03,292.03,0,0,540,638,56,TYPE_B,7.0,Sandwich,Italian
1430182,5,67,1754,221.16,291.03,0,0,566,638,56,TYPE_B,7.0,Sandwich,Italian
1217420,6,67,1754,238.62,292.03,0,0,377,638,56,TYPE_B,7.0,Sandwich,Italian
1327644,7,67,1754,260.93,290.03,0,0,555,638,56,TYPE_B,7.0,Sandwich,Italian
1400434,8,67,1754,266.81,264.81,0,0,459,638,56,TYPE_B,7.0,Sandwich,Italian
1318745,9,67,1754,257.08,257.08,0,0,460,638,56,TYPE_B,7.0,Sandwich,Italian
1043095,10,67,1754,291.03,291.03,0,0,676,638,56,TYPE_B,7.0,Sandwich,Italian
1101550,11,67,1754,267.75,268.75,0,0,675,638,56,TYPE_B,7.0,Sandwich,Italian
1408621,12,67,1754,284.24,283.24,0,0,581,638,56,TYPE_B,7.0,Sandwich,Italian
1238805,13,67,1754,222.16,284.24,0,0,283,638,56,TYPE_B,7.0,Sandwich,Italian
1443528,14,67,1754,266.75,267.75,0,0,339,638,56,TYPE_B,7.0,Sandwich,Italian
1017782,15,67,1754,281.33,281.33,0,0,404,638,56,TYPE_B,7.0,Sandwich,Italian
1414595,16,67,1754,292.03,290.03,0,0,701,638,56,TYPE_B,7.0,Sandwich,Italian
1248227,17,67,1754,290.03,291.03,0,0,838,638,56,TYPE_B,7.0,Sandwich,Italian
1154917,18,67,1754,195.03,290.03,1,1,2471,638,56,TYPE_B,7.0,Sandwich,Italian
1323918,19,67,1754,218.25,292.03,0,1,1876,638,56,TYPE_B,7.0,Sandwich,Italian
1214663,20,67,1754,262.9,291.03,0,1,1080,638,56,TYPE_B,7.0,Sandwich,Italian
1331151,21,67,1754,270.63,271.63,0,0,836,638,56,TYPE_B,7.0,Sandwich,Italian
1495240,22,67,1754,233.8,270.63,1,1,1446,638,56,TYPE_B,7.0,Sandwich,Italian
1402337,23,67,1754,239.62,272.63,1,1,1054,638,56,TYPE_B,7.0,Sandwich,Italian
1295500,24,67,1754,272.6,272.6,0,0,917,638,56,TYPE_B,7.0,Sandwich,Italian
1178709,25,67,1754,280.36,279.36,0,0,566,638,56,TYPE_B,7.0,Sandwich,Italian
1491340,26,67,1754,280.36,280.36,0,0,445,638,56,TYPE_B,7.0,Sandwich,Italian
1072457,27,67,1754,279.36,281.36,0,0,555,638,56,TYPE_B,7.0,Sandwich,Italian
1470507,28,67,1754,273.57,273.57,0,0,539,638,56,TYPE_B,7.0,Sandwich,Italian
1005284,29,67,1754,280.36,281.36,0,0,230,638,56,TYPE_B,7.0,Sandwich,Italian
1237717,30,67,1754,154.26,281.36,1,0,4902,638,56,TYPE_B,7.0,Sandwich,Italian
1335994,31,67,1754,228.01,280.36,0,0,690,638,56,TYPE_B,7.0,Sandwich,Italian
1336591,32,67,1754,237.65,280.36,1,1,1904,638,56,TYPE_B,7.0,Sandwich,Italian
1395518,33,67,1754,260.96,259.96,0,0,594,638,56,TYPE_B,7.0,Sandwich,Italian
1189800,34,67,1754,284.21,285.21,0,0,649,638,56,TYPE_B,7.0,Sandwich,Italian
1078035,35,67,1754,278.45,278.45,0,0,69,638,56,TYPE_B,7.0,Sandwich,Italian
1034285,36,67,1754,285.18,285.18,0,0,755,638,56,TYPE_B,7.0,Sandwich,Italian
1318898,37,67,1754,284.21,285.21,0,0,676,638,56,TYPE_B,7.0,Sandwich,Italian
1366820,38,67,1754,284.24,285.24,0,0,582,638,56,TYPE_B,7.0,Sandwich,Italian
1062250,39,67,1754,302.7,301.7,0,0,474,638,56,TYPE_B,7.0,Sandwich,Italian
1348566,40,67,1754,309.43,311.43,0,0,499,638,56,TYPE_B,7.0,Sandwich,Italian
1413365,41,67,1754,301.7,301.7,0,0,486,638,56,TYPE_B,7.0,Sandwich,Italian
1121758,42,67,1754,309.43,310.43,0,0,501,638,56,TYPE_B,7.0,Sandwich,Italian
1345416,43,67,1754,310.43,310.43,0,0,297,638,56,TYPE_B,7.0,Sandwich,Italian
1273671,44,67,1754,288.09,288.09,0,0,391,638,56,TYPE_B,7.0,Sandwich,Italian
1046775,45,67,1754,286.18,286.18,0,0,852,638,56,TYPE_B,7.0,Sandwich,Italian
1137853,46,67,1754,239.62,286.18,1,1,608,638,56,TYPE_B,7.0,Sandwich,Italian
1020217,47,67,1754,242.5,286.18,0,1,1323,638,56,TYPE_B,7.0,Sandwich,Italian
1176672,48,67,1754,174.66,285.18,1,0,3471,638,56,TYPE_B,7.0,Sandwich,Italian
1230577,49,67,1754,302.64,302.64,0,0,594,638,56,TYPE_B,7.0,Sandwich,Italian
1456564,50,67,1754,300.7,302.7,0,0,487,638,56,TYPE_B,7.0,Sandwich,Italian
1382893,51,67,1754,309.43,310.43,0,0,472,638,56,TYPE_B,7.0,Sandwich,Italian
1158386,52,67,1754,311.43,311.43,0,0,431,638,56,TYPE_B,7.0,Sandwich,Italian
1096461,53,67,1754,304.61,303.61,0,0,769,638,56,TYPE_B,7.0,Sandwich,Italian
1112780,54,67,1754,304.61,304.61,0,0,310,638,56,TYPE_B,7.0,Sandwich,Italian
1126170,55,67,1754,311.43,310.43,0,0,676,638,56,TYPE_B,7.0,Sandwich,Italian
1030710,56,67,1754,310.43,311.43,0,0,352,638,56,TYPE_B,7.0,Sandwich,Italian
1209809,57,67,1754,263.9,310.43,0,0,473,638,56,TYPE_B,7.0,Sandwich,Italian
1151045,58,67,1754,263.87,309.43,0,0,447,638,56,TYPE_B,7.0,Sandwich,Italian
1329340,59,67,1754,269.66,310.43,0,0,418,638,56,TYPE_B,7.0,Sandwich,Italian
1368394,60,67,1754,242.56,309.43,1,1,3052,638,56,TYPE_B,7.0,Sandwich,Italian
1212427,61,67,1754,289.12,288.12,0,0,663,638,56,TYPE_B,7.0,Sandwich,Italian
1015883,62,67,1754,310.43,311.43,0,0,270,638,56,TYPE_B,7.0,Sandwich,Italian
1199248,63,67,1754,310.43,311.43,0,0,338,638,56,TYPE_B,7.0,Sandwich,Italian
1138497,64,67,1754,279.36,280.36,0,0,324,638,56,TYPE_B,7.0,Sandwich,Italian
1238706,65,67,1754,272.57,274.57,0,0,701,638,56,TYPE_B,7.0,Sandwich,Italian
1380741,66,67,1754,281.36,281.36,0,0,755,638,56,TYPE_B,7.0,Sandwich,Italian
1168781,67,67,1754,269.72,267.72,0,0,944,638,56,TYPE_B,7.0,Sandwich,Italian
1071550,68,67,1754,195.0,268.72,1,1,3443,638,56,TYPE_B,7.0,Sandwich,Italian
1003388,69,67,1754,192.12,268.72,0,1,3389,638,56,TYPE_B,7.0,Sandwich,Italian
1302993,70,67,1754,193.09,269.72,1,1,3510,638,56,TYPE_B,7.0,Sandwich,Italian
1123243,71,67,1754,190.15,269.72,0,1,3065,638,56,TYPE_B,7.0,Sandwich,Italian
1289594,72,67,1754,268.69,269.69,0,0,1135,638,56,TYPE_B,7.0,Sandwich,Italian
1083542,73,67,1754,272.6,273.6,0,0,933,638,56,TYPE_B,7.0,Sandwich,Italian
1108867,74,67,1754,272.57,271.6,1,0,1080,638,56,TYPE_B,7.0,Sandwich,Italian
1487887,75,67,1754,242.56,272.6,1,1,1418,638,56,TYPE_B,7.0,Sandwich,Italian
1271342,76,67,1754,243.5,271.6,0,0,1122,638,56,TYPE_B,7.0,Sandwich,Italian
1179240,77,67,1754,281.36,281.36,0,0,690,638,56,TYPE_B,7.0,Sandwich,Italian
1473265,78,67,1754,279.36,280.36,0,0,824,638,56,TYPE_B,7.0,Sandwich,Italian
1455232,79,67,1754,202.79,279.36,1,1,2497,638,56,TYPE_B,7.0,Sandwich,Italian
1456019,80,67,1754,278.45,277.45,0,0,1068,638,56,TYPE_B,7.0,Sandwich,Italian
1153482,81,67,1754,280.39,276.45,0,1,1566,638,56,TYPE_B,7.0,Sandwich,Italian
1425812,82,67,1754,279.36,281.36,0,0,757,638,56,TYPE_B,7.0,Sandwich,Italian
1499830,83,67,1754,271.66,269.66,0,0,931,638,56,TYPE_B,7.0,Sandwich,Italian
1135876,84,67,1754,276.51,274.51,0,0,810,638,56,TYPE_B,7.0,Sandwich,Italian
1155830,85,67,1754,275.54,273.54,0,0,676,638,56,TYPE_B,7.0,Sandwich,Italian
1205355,86,67,1754,268.69,270.69,0,0,365,638,56,TYPE_B,7.0,Sandwich,Italian
1289477,87,67,1754,300.76,298.76,0,0,378,638,56,TYPE_B,7.0,Sandwich,Italian
1196464,88,67,1754,310.43,310.43,0,0,325,638,56,TYPE_B,7.0,Sandwich,Italian
1380404,89,67,1754,296.88,294.88,0,0,284,638,56,TYPE_B,7.0,Sandwich,Italian
1415756,90,67,1754,310.43,311.43,0,0,202,638,56,TYPE_B,7.0,Sandwich,Italian
1228788,91,67,1754,273.57,310.43,0,0,339,638,56,TYPE_B,7.0,Sandwich,Italian
1341220,92,67,1754,311.43,309.43,0,0,242,638,56,TYPE_B,7.0,Sandwich,Italian
1401554,93,67,1754,311.43,309.43,0,0,541,638,56,TYPE_B,7.0,Sandwich,Italian
1176676,94,67,1754,309.46,308.46,0,0,701,638,56,TYPE_B,7.0,Sandwich,Italian
1211822,95,67,1754,310.43,311.43,0,0,485,638,56,TYPE_B,7.0,Sandwich,Italian
1090653,96,67,1754,310.43,309.43,0,0,500,638,56,TYPE_B,7.0,Sandwich,Italian
1002066,97,67,1754,263.84,309.43,0,0,215,638,56,TYPE_B,7.0,Sandwich,Italian
1321758,98,67,1754,309.49,307.49,0,0,593,638,56,TYPE_B,7.0,Sandwich,Italian
1427894,99,67,1754,300.73,300.73,0,0,595,638,56,TYPE_B,7.0,Sandwich,Italian
1161444,100,67,1754,324.04,323.04,0,0,838,638,56,TYPE_B,7.0,Sandwich,Italian
1434132,101,67,1754,324.04,323.04,0,0,405,638,56,TYPE_B,7.0,Sandwich,Italian
1095020,102,67,1754,324.04,324.04,0,0,513,638,56,TYPE_B,7.0,Sandwich,Italian
1060239,103,67,1754,311.4,312.4,0,0,366,638,56,TYPE_B,7.0,Sandwich,Italian
1315450,104,67,1754,314.31,315.31,0,0,512,638,56,TYPE_B,7.0,Sandwich,Italian
1465897,105,67,1754,317.22,318.22,0,0,782,638,56,TYPE_B,7.0,Sandwich,Italian
1014618,106,67,1754,315.25,317.25,0,0,648,638,56,TYPE_B,7.0,Sandwich,Italian
1447245,107,67,1754,324.04,323.04,0,0,540,638,56,TYPE_B,7.0,Sandwich,Italian
1380591,108,67,1754,324.04,324.04,0,0,391,638,56,TYPE_B,7.0,Sandwich,Italian
1434782,109,67,1754,304.64,304.64,0,0,648,638,56,TYPE_B,7.0,Sandwich,Italian
1043782,110,67,1754,240.62,304.64,1,1,2079,638,56,TYPE_B,7.0,Sandwich,Italian
1203443,111,67,1754,244.5,303.64,0,1,1849,638,56,TYPE_B,7.0,Sandwich,Italian
1489438,112,67,1754,241.53,303.64,0,1,1673,638,56,TYPE_B,7.0,Sandwich,Italian
1070454,113,67,1754,315.31,314.31,0,0,432,638,56,TYPE_B,7.0,Sandwich,Italian
1311307,114,67,1754,322.04,323.04,0,0,566,638,56,TYPE_B,7.0,Sandwich,Italian
1325785,1,67,1971,259.99,323.04,1,0,647,638,56,TYPE_B,7.0,Sandwich,Italian
1184042,2,67,1971,259.99,323.04,1,0,636,638,56,TYPE_B,7.0,Sandwich,Italian
1059617,3,67,1971,328.83,329.83,0,0,269,638,56,TYPE_B,7.0,Sandwich,Italian
1354315,4,67,1971,328.83,330.83,0,0,257,638,56,TYPE_B,7.0,Sandwich,Italian
1276782,5,67,1971,328.83,328.83,0,0,135,638,56,TYPE_B,7.0,Sandwich,Italian
1443019,6,67,1971,312.4,311.4,0,0,150,638,56,TYPE_B,7.0,Sandwich,Italian
1186973,7,67,1971,310.4,311.4,0,0,94,638,56,TYPE_B,7.0,Sandwich,Italian
1302684,8,67,1971,310.4,310.4,0,0,81,638,56,TYPE_B,7.0,Sandwich,Italian
1018046,9,67,1971,310.4,311.4,0,0,150,638,56,TYPE_B,7.0,Sandwich,Italian
1425865,10,67,1971,243.53,312.4,1,0,1215,638,56,TYPE_B,7.0,Sandwich,Italian
1134965,11,67,1971,241.53,312.4,1,1,1095,638,56,TYPE_B,7.0,Sandwich,Italian
1320067,12,67,1971,242.53,312.4,0,1,756,638,56,TYPE_B,7.0,Sandwich,Italian
1157921,13,67,1971,311.4,310.4,0,1,338,638,56,TYPE_B,7.0,Sandwich,Italian
1094257,14,67,1971,310.4,310.4,0,1,339,638,56,TYPE_B,7.0,Sandwich,Italian
1214287,15,67,1971,310.4,312.4,0,0,270,638,56,TYPE_B,7.0,Sandwich,Italian
1048169,16,67,1971,311.4,311.4,0,0,163,638,56,TYPE_B,7.0,Sandwich,Italian
1319810,17,67,1971,311.4,310.4,0,0,188,638,56,TYPE_B,7.0,Sandwich,Italian
1491581,18,67,1971,311.4,311.4,0,0,203,638,56,TYPE_B,7.0,Sandwich,Italian
1115308,19,67,1971,310.4,310.4,0,0,190,638,56,TYPE_B,7.0,Sandwich,Italian
1498792,20,67,1971,312.4,311.4,0,0,379,638,56,TYPE_B,7.0,Sandwich,Italian
1491911,21,67,1971,310.4,310.4,0,0,377,638,56,TYPE_B,7.0,Sandwich,Italian
1450212,22,67,1971,242.53,312.4,1,1,1000,638,56,TYPE_B,7.0,Sandwich,Italian
1168444,23,67,1971,241.53,312.4,1,0,836,638,56,TYPE_B,7.0,Sandwich,Italian
1310432,24,67,1971,311.4,312.4,0,0,189,638,56,TYPE_B,7.0,Sandwich,Italian
1046339,25,67,1971,310.4,310.4,0,0,161,638,56,TYPE_B,7.0,Sandwich,Italian
1410622,26,67,1971,310.4,312.4,0,0,229,638,56,TYPE_B,7.0,Sandwich,Italian
1400379,27,67,1971,310.4,312.4,0,0,283,638,56,TYPE_B,7.0,Sandwich,Italian
1282889,28,67,1971,312.4,311.4,0,0,229,638,56,TYPE_B,7.0,Sandwich,Italian
1420239,29,67,1971,312.4,312.4,0,0,229,638,56,TYPE_B,7.0,Sandwich,Italian
1481048,30,67,1971,161.99,310.4,1,0,4576,638,56,TYPE_B,7.0,Sandwich,Italian
1205885,31,67,1971,269.69,312.4,0,0,540,638,56,TYPE_B,7.0,Sandwich,Italian
1178441,32,67,1971,244.5,310.4,1,1,1310,638,56,TYPE_B,7.0,Sandwich,Italian
1325328,33,67,1971,297.82,298.82,0,0,310,638,56,TYPE_B,7.0,Sandwich,Italian
1041528,34,67,1971,205.67,298.82,0,1,1068,638,56,TYPE_B,7.0,Sandwich,Italian
1010556,35,67,1971,194.0,296.82,0,0,1405,638,56,TYPE_B,7.0,Sandwich,Italian
1431746,36,67,1971,298.79,299.79,0,0,621,638,56,TYPE_B,7.0,Sandwich,Italian
1375961,37,67,1971,312.4,312.4,0,0,298,638,56,TYPE_B,7.0,Sandwich,Italian
1040058,38,67,1971,310.4,312.4,0,0,297,638,56,TYPE_B,7.0,Sandwich,Italian
1318420,39,67,1971,311.4,310.4,0,0,202,638,56,TYPE_B,7.0,Sandwich,Italian
1366606,40,67,1971,243.5,312.4,0,0,998,638,56,TYPE_B,7.0,Sandwich,Italian
1082968,41,67,1971,243.53,310.4,0,1,1243,638,56,TYPE_B,7.0,Sandwich,Italian
1225778,42,67,1971,242.53,312.4,0,0,620,638,56,TYPE_B,7.0,Sandwich,Italian
1051197,43,67,1971,243.53,311.4,0,0,661,638,56,TYPE_B,7.0,Sandwich,Italian
1228113,44,67,1971,310.4,310.4,0,0,446,638,56,TYPE_B,7.0,Sandwich,Italian
1103085,45,67,1971,312.4,310.4,0,0,419,638,56,TYPE_B,7.0,Sandwich,Italian
1366464,46,67,1971,243.5,312.4,1,1,1080,638,56,TYPE_B,7.0,Sandwich,Italian
1462484,47,67,1971,242.5,310.4,0,1,1066,638,56,TYPE_B,7.0,Sandwich,Italian
1169133,48,67,1971,170.75,312.4,1,0,3214,638,56,TYPE_B,7.0,Sandwich,Italian
1460723,49,67,1971,310.4,311.4,0,0,458,638,56,TYPE_B,7.0,Sandwich,Italian
1307840,50,67,1971,312.4,310.4,0,0,379,638,56,TYPE_B,7.0,Sandwich,Italian
1277547,51,67,1971,309.49,307.49,0,0,312,638,56,TYPE_B,7.0,Sandwich,Italian
1404260,52,67,1971,311.4,310.4,0,0,405,638,56,TYPE_B,7.0,Sandwich,Italian
1213021,53,67,1971,311.4,311.4,0,0,446,638,56,TYPE_B,7.0,Sandwich,Italian
1089647,54,67,1971,312.4,311.4,0,0,337,638,56,TYPE_B,7.0,Sandwich,Italian
1185805,55,67,1971,311.4,311.4,0,0,404,638,56,TYPE_B,7.0,Sandwich,Italian
1160988,56,67,1971,310.4,312.4,0,0,446,638,56,TYPE_B,7.0,Sandwich,Italian
1456654,57,67,1971,304.61,303.61,0,0,486,638,56,TYPE_B,7.0,Sandwich,Italian
1142387,58,67,1971,304.61,304.61,0,0,296,638,56,TYPE_B,7.0,Sandwich,Italian
1232942,59,67,1971,302.64,302.64,0,0,419,638,56,TYPE_B,7.0,Sandwich,Italian
1171084,60,67,1971,243.53,302.64,1,1,1918,638,56,TYPE_B,7.0,Sandwich,Italian
1394838,61,67,1971,304.61,305.61,0,0,391,638,56,TYPE_B,7.0,Sandwich,Italian
1460158,62,67,1971,297.79,298.79,0,0,94,638,56,TYPE_B,7.0,Sandwich,Italian
1194514,63,67,1971,303.61,303.61,0,0,352,638,56,TYPE_B,7.0,Sandwich,Italian
1134418,64,67,1971,291.03,291.03,0,0,243,638,56,TYPE_B,7.0,Sandwich,Italian
1072807,65,67,1971,286.18,287.18,0,0,392,638,56,TYPE_B,7.0,Sandwich,Italian
1193585,66,67,1971,287.15,286.15,0,0,568,638,56,TYPE_B,7.0,Sandwich,Italian
1494074,67,67,1971,290.03,291.03,0,0,431,638,56,TYPE_B,7.0,Sandwich,Italian
1252600,68,67,1971,194.03,292.03,1,1,2850,638,56,TYPE_B,7.0,Sandwich,Italian
1370924,69,67,1971,193.09,291.03,0,1,2660,638,56,TYPE_B,7.0,Sandwich,Italian
1271637,70,67,1971,194.06,290.03,1,1,2700,638,56,TYPE_B,7.0,Sandwich,Italian
1077191,71,67,1971,192.09,292.03,0,1,2552,638,56,TYPE_B,7.0,Sandwich,Italian
1385104,72,67,1971,286.15,286.15,0,0,636,638,56,TYPE_B,7.0,Sandwich,Italian
1198418,73,67,1971,283.27,283.27,0,0,364,638,56,TYPE_B,7.0,Sandwich,Italian
1241009,74,67,1971,290.06,282.27,1,0,715,638,56,TYPE_B,7.0,Sandwich,Italian
1150539,75,67,1971,242.5,284.27,1,0,1094,638,56,TYPE_B,7.0,Sandwich,Italian
1118425,76,67,1971,243.5,282.27,0,0,810,638,56,TYPE_B,7.0,Sandwich,Italian
1126520,77,67,1971,291.03,292.03,0,0,419,638,56,TYPE_B,7.0,Sandwich,Italian
1222340,78,67,1971,290.03,290.03,0,0,190,638,56,TYPE_B,7.0,Sandwich,Italian
1177821,79,67,1971,290.03,292.03,0,0,379,638,56,TYPE_B,7.0,Sandwich,Italian
1010587,80,67,1971,292.03,291.03,0,0,607,638,56,TYPE_B,7.0,Sandwich,Italian
1183751,81,67,1971,292.03,292.03,0,0,554,638,56,TYPE_B,7.0,Sandwich,Italian
1393898,82,67,1971,291.03,292.03,0,0,419,638,56,TYPE_B,7.0,Sandwich,Italian
1286723,83,67,1971,292.03,292.03,0,0,500,638,56,TYPE_B,7.0,Sandwich,Italian
1017003,84,67,1971,291.03,290.03,0,0,460,638,56,TYPE_B,7.0,Sandwich,Italian
1384536,85,67,1971,290.03,292.03,0,0,271,638,56,TYPE_B,7.0,Sandwich,Italian
1195527,86,67,1971,290.03,292.03,0,0,366,638,56,TYPE_B,7.0,Sandwich,Italian
1182431,87,67,1971,301.73,299.73,0,0,230,638,56,TYPE_B,7.0,Sandwich,Italian
1299732,88,67,1971,299.73,299.73,0,0,311,638,56,TYPE_B,7.0,Sandwich,Italian
1357029,89,67,1971,299.73,301.73,0,0,177,638,56,TYPE_B,7.0,Sandwich,Italian
1352932,90,67,1971,324.04,324.04,0,0,256,638,56,TYPE_B,7.0,Sandwich,Italian
1266568,91,67,1971,323.04,323.04,0,0,350,638,56,TYPE_B,7.0,Sandwich,Italian
1396333,92,67,1971,193.03,324.04,1,1,1930,638,56,TYPE_B,7.0,Sandwich,Italian
1495773,93,67,1971,195.0,323.04,1,1,1849,638,56,TYPE_B,7.0,Sandwich,Italian
1422853,94,67,1971,324.04,322.04,0,0,431,638,56,TYPE_B,7.0,Sandwich,Italian
1200639,95,67,1971,323.04,324.04,0,0,351,638,56,TYPE_B,7.0,Sandwich,Italian
1394948,96,67,1971,324.04,324.04,0,0,271,638,56,TYPE_B,7.0,Sandwich,Italian
1296527,97,67,1971,320.13,321.13,0,0,392,638,56,TYPE_B,7.0,Sandwich,Italian
1073425,98,67,1971,324.04,324.04,0,0,419,638,56,TYPE_B,7.0,Sandwich,Italian
1340722,99,67,1971,324.04,324.04,0,0,527,638,56,TYPE_B,7.0,Sandwich,Italian
1226742,100,67,1971,324.04,323.04,0,0,526,638,56,TYPE_B,7.0,Sandwich,Italian
1342709,101,67,1971,323.04,323.04,0,0,338,638,56,TYPE_B,7.0,Sandwich,Italian
1018282,102,67,1971,322.04,324.04,0,0,150,638,56,TYPE_B,7.0,Sandwich,Italian
1302360,103,67,1971,323.04,323.04,0,0,324,638,56,TYPE_B,7.0,Sandwich,Italian
1372101,104,67,1971,322.04,324.04,0,0,404,638,56,TYPE_B,7.0,Sandwich,Italian
1175070,105,67,1971,321.13,321.13,0,0,717,638,56,TYPE_B,7.0,Sandwich,Italian
1029608,106,67,1971,323.04,324.04,0,0,472,638,56,TYPE_B,7.0,Sandwich,Italian
1086760,107,67,1971,323.04,322.04,0,0,379,638,56,TYPE_B,7.0,Sandwich,Italian
1221533,108,67,1971,241.53,323.04,1,0,2606,638,56,TYPE_B,7.0,Sandwich,Italian
1200744,109,67,1971,241.53,324.04,1,0,2147,638,56,TYPE_B,7.0,Sandwich,Italian
1216843,110,67,1971,320.1,322.1,0,0,501,638,56,TYPE_B,7.0,Sandwich,Italian
1138809,111,67,1971,323.04,324.04,0,0,445,638,56,TYPE_B,7.0,Sandwich,Italian
1243052,112,67,1971,324.04,322.04,0,0,703,638,56,TYPE_B,7.0,Sandwich,Italian
1099593,113,67,1971,322.04,324.04,0,0,445,638,56,TYPE_B,7.0,Sandwich,Italian
1338966,114,67,1971,324.04,322.04,0,0,447,638,56,TYPE_B,7.0,Sandwich,Italian
