Data set/Center wise/Center_67_Rank6.csv
id,week,center_id,meal_id,checkout_price,base_price,emailer_for_promotion,homepage_featured,num_orders,city_code,region_code,center_type,op_area,category,cuisine
1191872,1,67,1902,389.03,446.23,0,0,123,638,56,TYPE_B,7.0,Biryani,Indian
1092545,2,67,1902,389.03,447.23,0,0,67,638,56,TYPE_B,7.0,Biryani,Indian
1276996,3,67,1902,389.03,445.23,0,0,95,638,56,TYPE_B,7.0,Biryani,Indian
1434595,4,67,1902,389.03,447.23,0,0,69,638,56,TYPE_B,7.0,Biryani,Indian
1055401,5,67,1902,447.23,446.23,0,0,26,638,56,TYPE_B,7.0,Biryani,Indian
1412141,6,67,1902,445.23,446.23,0,0,68,638,56,TYPE_B,7.0,Biryani,Indian
1375359,7,67,1902,445.23,446.23,0,0,54,638,56,TYPE_B,7.0,Biryani,Indian
1073815,8,67,1902,445.23,445.23,0,0,28,638,56,TYPE_B,7.0,Biryani,Indian
1213729,9,67,1902,446.23,447.23,0,0,27,638,56,TYPE_B,7.0,Biryani,Indian
1340804,10,67,1902,446.23,447.23,0,0,95,638,56,TYPE_B,7.0,Biryani,Indian
1344558,11,67,1902,446.23,446.23,0,0,13,638,56,TYPE_B,7.0,Biryani,Indian
1111866,12,67,1902,446.23,446.23,0,0,68,638,56,TYPE_B,7.0,Biryani,Indian
1269249,13,67,1902,446.23,445.23,0,0,27,638,56,TYPE_B,7.0,Biryani,Indian
1378814,14,67,1902,445.23,446.23,0,0,67,638,56,TYPE_B,7.0,Biryani,Indian
1174536,15,67,1902,417.13,418.13,0,0,80,638,56,TYPE_B,7.0,Biryani,Indian
1300998,16,67,1902,416.13,417.13,0,0,82,638,56,TYPE_B,7.0,Biryani,Indian
1241065,17,67,1902,417.13,416.13,0,0,42,638,56,TYPE_B,7.0,Biryani,Indian
1097674,18,67,1902,417.13,418.13,0,0,109,638,56,TYPE_B,7.0,Biryani,Indian
1041630,19,67,1902,447.23,446.23,0,0,28,638,56,TYPE_B,7.0,Biryani,Indian
1071901,20,67,1902,445.23,447.23,0,0,54,638,56,TYPE_B,7.0,Biryani,Indian
1341938,21,67,1902,445.23,447.23,0,0,95,638,56,TYPE_B,7.0,Biryani,Indian
1445452,22,67,1902,445.23,445.23,0,0,69,638,56,TYPE_B,7.0,Biryani,Indian
1062575,23,67,1902,445.23,446.23,0,0,109,638,56,TYPE_B,7.0,Biryani,Indian
1457321,24,67,1902,446.23,447.23,0,0,67,638,56,TYPE_B,7.0,Biryani,Indian
1301323,25,67,1902,445.23,446.23,0,0,42,638,56,TYPE_B,7.0,Biryani,Indian
1052984,26,67,1902,445.23,447.23,0,0,14,638,56,TYPE_B,7.0,Biryani,Indian
1109750,27,67,1902,447.23,445.23,0,0,41,638,56,TYPE_B,7.0,Biryani,Indian
1441156,28,67,1902,447.23,447.23,0,0,28,638,56,TYPE_B,7.0,Biryani,Indian
1147992,30,67,1902,445.23,445.23,0,0,68,638,56,TYPE_B,7.0,Biryani,Indian
1322775,31,67,1902,445.23,445.23,0,0,13,638,56,TYPE_B,7.0,Biryani,Indian
1440756,32,67,1902,446.23,447.23,0,0,68,638,56,TYPE_B,7.0,Biryani,Indian
1298389,33,67,1902,446.23,447.23,0,0,54,638,56,TYPE_B,7.0,Biryani,Indian
1242238,34,67,1902,445.23,445.23,0,0,53,638,56,TYPE_B,7.0,Biryani,Indian
1257934,35,67,1902,445.23,446.23,0,0,26,638,56,TYPE_B,7.0,Biryani,Indian
1411277,36,67,1902,446.23,446.23,0,0,28,638,56,TYPE_B,7.0,Biryani,Indian
1481262,37,67,1902,447.23,447.23,0,0,55,638,56,TYPE_B,7.0,Biryani,Indian
1209355,38,67,1902,445.23,445.23,0,0,54,638,56,TYPE_B,7.0,Biryani,Indian
1226987,39,67,1902,445.23,447.23,0,0,41,638,56,TYPE_B,7.0,Biryani,Indian
1299891,40,67,1902,447.23,446.23,0,0,69,638,56,TYPE_B,7.0,Biryani,Indian
1121553,41,67,1902,446.23,446.23,0,0,67,638,56,TYPE_B,7.0,Biryani,Indian
1348837,42,67,1902,447.23,446.23,0,0,68,638,56,TYPE_B,7.0,Biryani,Indian
1338660,43,67,1902,446.23,445.23,0,0,13,638,56,TYPE_B,7.0,Biryani,Indian
1379092,44,67,1902,445.23,447.23,0,0,82,638,56,TYPE_B,7.0,Biryani,Indian
1100800,45,67,1902,357.93,445.23,0,0,53,638,56,TYPE_B,7.0,Biryani,Indian
1109606,46,67,1902,357.93,447.23,0,0,53,638,56,TYPE_B,7.0,Biryani,Indian
1490896,47,67,1902,376.39,447.23,0,0,68,638,56,TYPE_B,7.0,Biryani,Indian
1363928,48,67,1902,359.93,446.23,0,0,54,638,56,TYPE_B,7.0,Biryani,Indian
1049666,50,67,1902,446.23,445.23,0,0,15,638,56,TYPE_B,7.0,Biryani,Indian
1127441,51,67,1902,445.23,446.23,0,0,15,638,56,TYPE_B,7.0,Biryani,Indian
1004941,52,67,1902,447.23,446.23,0,0,69,638,56,TYPE_B,7.0,Biryani,Indian
1260716,53,67,1902,416.13,417.13,0,0,107,638,56,TYPE_B,7.0,Biryani,Indian
1412198,54,67,1902,418.13,418.13,0,0,67,638,56,TYPE_B,7.0,Biryani,Indian
1294303,55,67,1902,416.13,417.13,0,0,40,638,56,TYPE_B,7.0,Biryani,Indian
1458268,56,67,1902,418.13,418.13,0,0,42,638,56,TYPE_B,7.0,Biryani,Indian
1312874,57,67,1902,445.23,445.23,0,0,41,638,56,TYPE_B,7.0,Biryani,Indian
1099138,58,67,1902,445.23,446.23,0,0,42,638,56,TYPE_B,7.0,Biryani,Indian
1071425,59,67,1902,447.23,447.23,0,0,15,638,56,TYPE_B,7.0,Biryani,Indian
1053743,60,67,1902,447.23,445.23,0,0,53,638,56,TYPE_B,7.0,Biryani,Indian
1170615,61,67,1902,447.23,446.23,0,0,40,638,56,TYPE_B,7.0,Biryani,Indian
1366077,62,67,1902,445.23,445.23,0,0,14,638,56,TYPE_B,7.0,Biryani,Indian
1463861,63,67,1902,445.23,447.23,0,0,67,638,56,TYPE_B,7.0,Biryani,Indian
1423041,64,67,1902,445.23,445.23,0,0,95,638,56,TYPE_B,7.0,Biryani,Indian
1313395,65,67,1902,445.23,446.23,0,0,15,638,56,TYPE_B,7.0,Biryani,Indian
1251323,66,67,1902,446.23,447.23,0,0,27,638,56,TYPE_B,7.0,Biryani,Indian
1064483,67,67,1902,446.23,447.23,0,0,26,638,56,TYPE_B,7.0,Biryani,Indian
1050491,68,67,1902,417.13,417.13,0,0,122,638,56,TYPE_B,7.0,Biryani,Indian
1015209,69,67,1902,416.13,418.13,0,0,26,638,56,TYPE_B,7.0,Biryani,Indian
1333731,70,67,1902,416.13,416.13,0,0,55,638,56,TYPE_B,7.0,Biryani,Indian
1084524,71,67,1902,418.13,416.13,0,0,67,638,56,TYPE_B,7.0,Biryani,Indian
1291067,72,67,1902,446.23,446.23,0,0,28,638,56,TYPE_B,7.0,Biryani,Indian
1383545,73,67,1902,447.23,446.23,0,0,41,638,56,TYPE_B,7.0,Biryani,Indian
1207511,74,67,1902,445.23,447.23,0,0,41,638,56,TYPE_B,7.0,Biryani,Indian
1333780,75,67,1902,447.23,446.23,0,0,15,638,56,TYPE_B,7.0,Biryani,Indian
1162308,76,67,1902,446.23,445.23,0,0,40,638,56,TYPE_B,7.0,Biryani,Indian
1205515,77,67,1902,447.23,447.23,0,0,41,638,56,TYPE_B,7.0,Biryani,Indian
1268566,78,67,1902,445.23,446.23,0,0,53,638,56,TYPE_B,7.0,Biryani,Indian
1456657,79,67,1902,446.23,445.23,0,0,27,638,56,TYPE_B,7.0,Biryani,Indian
1454527,80,67,1902,447.23,446.23,0,0,26,638,56,TYPE_B,7.0,Biryani,Indian
1027359,81,67,1902,447.23,447.23,0,0,68,638,56,TYPE_B,7.0,Biryani,Indian
1446369,82,67,1902,447.23,447.23,0,0,42,638,56,TYPE_B,7.0,Biryani,Indian
1180945,83,67,1902,437.53,435.53,0,0,15,638,56,TYPE_B,7.0,Biryani,Indian
1185906,84,67,1902,437.53,436.53,0,0,123,638,56,TYPE_B,7.0,Biryani,Indian
1063278,85,67,1902,435.53,437.53,0,0,109,638,56,TYPE_B,7.0,Biryani,Indian
1488287,86,67,1902,436.53,435.53,0,0,81,638,56,TYPE_B,7.0,Biryani,Indian
1071689,87,67,1902,447.23,447.23,0,0,42,638,56,TYPE_B,7.0,Biryani,Indian
1027244,88,67,1902,445.23,445.23,0,0,94,638,56,TYPE_B,7.0,Biryani,Indian
1263426,89,67,1902,446.23,446.23,0,0,68,638,56,TYPE_B,7.0,Biryani,Indian
1406285,90,67,1902,447.23,446.23,0,0,53,638,56,TYPE_B,7.0,Biryani,Indian
1141373,91,67,1902,447.23,446.23,0,0,149,638,56,TYPE_B,7.0,Biryani,Indian
1362212,92,67,1902,447.23,446.23,0,0,28,638,56,TYPE_B,7.0,Biryani,Indian
1388232,93,67,1902,445.23,445.23,0,0,68,638,56,TYPE_B,7.0,Biryani,Indian
1333975,94,67,1902,446.23,447.23,0,0,14,638,56,TYPE_B,7.0,Biryani,Indian
1281322,95,67,1902,447.23,447.23,0,0,82,638,56,TYPE_B,7.0,Biryani,Indian
1138846,96,67,1902,447.23,445.23,0,0,53,638,56,TYPE_B,7.0,Biryani,Indian
1025758,97,67,1902,447.23,447.23,0,1,26,638,56,TYPE_B,7.0,Biryani,Indian
1057304,98,67,1902,447.23,446.23,0,1,54,638,56,TYPE_B,7.0,Biryani,Indian
1268095,99,67,1902,445.23,446.23,0,1,41,638,56,TYPE_B,7.0,Biryani,Indian
1091355,100,67,1902,445.23,447.23,0,1,26,638,56,TYPE_B,7.0,Biryani,Indian
1469443,101,67,1902,446.23,447.23,0,1,26,638,56,TYPE_B,7.0,Biryani,Indian
1480656,102,67,1902,445.23,446.23,0,1,41,638,56,TYPE_B,7.0,Biryani,Indian
1038967,103,67,1902,445.23,446.23,0,1,40,638,56,TYPE_B,7.0,Biryani,Indian
1436342,104,67,1902,447.23,446.23,0,1,94,638,56,TYPE_B,7.0,Biryani,Indian
1309405,105,67,1902,387.03,445.23,0,1,26,638,56,TYPE_B,7.0,Biryani,Indian
1046908,106,67,1902,387.03,447.23,0,1,95,638,56,TYPE_B,7.0,Biryani,Indian
1302948,107,67,1902,407.43,447.23,0,1,41,638,56,TYPE_B,7.0,Biryani,Indian
1484265,108,67,1902,389.03,445.23,0,1,53,638,56,TYPE_B,7.0,Biryani,Indian
1253872,109,67,1902,432.68,445.23,0,1,55,638,56,TYPE_B,7.0,Biryani,Indian
1024502,110,67,1902,445.23,445.23,0,1,41,638,56,TYPE_B,7.0,Biryani,Indian
1394690,111,67,1902,447.23,447.23,0,1,26,638,56,TYPE_B,7.0,Biryani,Indian
1421198,112,67,1902,447.23,447.23,0,1,15,638,56,TYPE_B,7.0,Biryani,Indian
1320648,113,67,1902,445.23,447.23,0,0,54,638,56,TYPE_B,7.0,Biryani,Indian
1295368,114,67,1902,446.23,446.23,0,0,41,638,56,TYPE_B,7.0,Biryani,Indian
1344944,1,67,1247,389.03,445.23,0,0,123,638,56,TYPE_B,7.0,Biryani,Indian
1457544,2,67,1247,387.03,446.23,0,0,82,638,56,TYPE_B,7.0,Biryani,Indian
1018120,3,67,1247,389.03,446.23,0,0,94,638,56,TYPE_B,7.0,Biryani,Indian
1155888,4,67,1247,389.03,447.23,0,0,109,638,56,TYPE_B,7.0,Biryani,Indian
1407205,5,67,1247,445.23,445.23,0,0,53,638,56,TYPE_B,7.0,Biryani,Indian
1099169,6,67,1247,446.23,446.23,0,0,109,638,56,TYPE_B,7.0,Biryani,Indian
1099159,7,67,1247,447.23,447.23,0,0,68,638,56,TYPE_B,7.0,Biryani,Indian
1387979,8,67,1247,446.23,446.23,0,0,148,638,56,TYPE_B,7.0,Biryani,Indian
1133665,9,67,1247,446.23,446.23,0,0,53,638,56,TYPE_B,7.0,Biryani,Indian
1486225,10,67,1247,445.23,447.23,0,0,67,638,56,TYPE_B,7.0,Biryani,Indian
1127312,11,67,1247,445.23,445.23,0,0,26,638,56,TYPE_B,7.0,Biryani,Indian
1096035,12,67,1247,446.23,446.23,0,0,14,638,56,TYPE_B,7.0,Biryani,Indian
1281158,13,67,1247,447.23,445.23,0,0,54,638,56,TYPE_B,7.0,Biryani,Indian
1222527,14,67,1247,447.23,447.23,0,0,42,638,56,TYPE_B,7.0,Biryani,Indian
1186578,15,67,1247,418.13,417.13,0,0,68,638,56,TYPE_B,7.0,Biryani,Indian
1167317,16,67,1247,418.13,418.13,0,0,26,638,56,TYPE_B,7.0,Biryani,Indian
1270147,17,67,1247,416.13,416.13,0,0,94,638,56,TYPE_B,7.0,Biryani,Indian
1394572,18,67,1247,418.13,418.13,0,0,55,638,56,TYPE_B,7.0,Biryani,Indian
1242472,19,67,1247,447.23,447.23,0,0,108,638,56,TYPE_B,7.0,Biryani,Indian
1191041,20,67,1247,446.23,445.23,0,0,27,638,56,TYPE_B,7.0,Biryani,Indian
1308798,21,67,1247,446.23,447.23,0,0,27,638,56,TYPE_B,7.0,Biryani,Indian
1308044,22,67,1247,446.23,446.23,0,0,69,638,56,TYPE_B,7.0,Biryani,Indian
1226679,23,67,1247,447.23,446.23,0,0,26,638,56,TYPE_B,7.0,Biryani,Indian
1333282,24,67,1247,446.23,447.23,0,0,69,638,56,TYPE_B,7.0,Biryani,Indian
1499079,25,67,1247,446.23,445.23,0,0,81,638,56,TYPE_B,7.0,Biryani,Indian
1031706,26,67,1247,447.23,447.23,0,0,69,638,56,TYPE_B,7.0,Biryani,Indian
1409885,27,67,1247,446.23,445.23,0,0,27,638,56,TYPE_B,7.0,Biryani,Indian
1255239,28,67,1247,446.23,447.23,0,0,41,638,56,TYPE_B,7.0,Biryani,Indian
1280992,29,67,1247,446.23,447.23,0,0,68,638,56,TYPE_B,7.0,Biryani,Indian
1232532,30,67,1247,447.23,447.23,0,0,123,638,56,TYPE_B,7.0,Biryani,Indian
1162014,31,67,1247,446.23,445.23,0,0,67,638,56,TYPE_B,7.0,Biryani,Indian
1163356,32,67,1247,447.23,445.23,0,0,108,638,56,TYPE_B,7.0,Biryani,Indian
1420983,33,67,1247,445.23,447.23,0,0,68,638,56,TYPE_B,7.0,Biryani,Indian
1166146,34,67,1247,445.23,446.23,0,0,40,638,56,TYPE_B,7.0,Biryani,Indian
1269765,35,67,1247,447.23,446.23,0,0,40,638,56,TYPE_B,7.0,Biryani,Indian
1122219,36,67,1247,446.23,447.23,0,0,82,638,56,TYPE_B,7.0,Biryani,Indian
1218287,37,67,1247,447.23,447.23,0,0,82,638,56,TYPE_B,7.0,Biryani,Indian
1077436,38,67,1247,446.23,446.23,0,0,108,638,56,TYPE_B,7.0,Biryani,Indian
1231371,39,67,1247,445.23,445.23,0,0,82,638,56,TYPE_B,7.0,Biryani,Indian
1174378,40,67,1247,446.23,446.23,0,0,68,638,56,TYPE_B,7.0,Biryani,Indian
1116594,41,67,1247,445.23,447.23,0,0,54,638,56,TYPE_B,7.0,Biryani,Indian
1378722,42,67,1247,447.23,446.23,0,0,107,638,56,TYPE_B,7.0,Biryani,Indian
1123816,43,67,1247,447.23,447.23,0,0,82,638,56,TYPE_B,7.0,Biryani,Indian
1286191,44,67,1247,447.23,445.23,0,0,95,638,56,TYPE_B,7.0,Biryani,Indian
1005316,45,67,1247,357.93,445.23,0,0,94,638,56,TYPE_B,7.0,Biryani,Indian
1137405,46,67,1247,357.93,447.23,0,0,53,638,56,TYPE_B,7.0,Biryani,Indian
1250496,47,67,1247,359.93,447.23,0,0,69,638,56,TYPE_B,7.0,Biryani,Indian
1273790,48,67,1247,359.93,446.23,0,0,81,638,56,TYPE_B,7.0,Biryani,Indian
1149301,49,67,1247,446.23,445.23,0,0,80,638,56,TYPE_B,7.0,Biryani,Indian
1109577,50,67,1247,445.23,447.23,0,0,40,638,56,TYPE_B,7.0,Biryani,Indian
1236378,51,67,1247,446.23,446.23,0,0,41,638,56,TYPE_B,7.0,Biryani,Indian
1110470,52,67,1247,446.23,447.23,0,0,82,638,56,TYPE_B,7.0,Biryani,Indian
1050267,53,67,1247,418.13,418.13,0,0,148,638,56,TYPE_B,7.0,Biryani,Indian
1485345,54,67,1247,417.13,418.13,0,0,81,638,56,TYPE_B,7.0,Biryani,Indian
1394953,55,67,1247,417.13,418.13,0,0,53,638,56,TYPE_B,7.0,Biryani,Indian
1219330,56,67,1247,418.13,417.13,0,0,82,638,56,TYPE_B,7.0,Biryani,Indian
1449343,57,67,1247,447.23,445.23,0,0,41,638,56,TYPE_B,7.0,Biryani,Indian
1354296,58,67,1247,447.23,446.23,0,0,67,638,56,TYPE_B,7.0,Biryani,Indian
1457242,59,67,1247,445.23,446.23,0,0,96,638,56,TYPE_B,7.0,Biryani,Indian
1116898,60,67,1247,446.23,445.23,0,0,109,638,56,TYPE_B,7.0,Biryani,Indian
1421337,61,67,1247,446.23,447.23,0,0,42,638,56,TYPE_B,7.0,Biryani,Indian
1020305,62,67,1247,446.23,445.23,0,0,13,638,56,TYPE_B,7.0,Biryani,Indian
1221092,63,67,1247,447.23,447.23,0,0,95,638,56,TYPE_B,7.0,Biryani,Indian
1025009,64,67,1247,446.23,446.23,0,0,54,638,56,TYPE_B,7.0,Biryani,Indian
1173845,65,67,1247,445.23,447.23,0,0,14,638,56,TYPE_B,7.0,Biryani,Indian
1346442,66,67,1247,447.23,445.23,0,0,80,638,56,TYPE_B,7.0,Biryani,Indian
1313486,67,67,1247,447.23,446.23,0,0,67,638,56,TYPE_B,7.0,Biryani,Indian
1479139,68,67,1247,417.13,418.13,0,0,27,638,56,TYPE_B,7.0,Biryani,Indian
1481966,69,67,1247,416.13,417.13,0,0,81,638,56,TYPE_B,7.0,Biryani,Indian
1385206,70,67,1247,418.13,417.13,0,0,42,638,56,TYPE_B,7.0,Biryani,Indian
1165856,71,67,1247,418.13,417.13,0,0,108,638,56,TYPE_B,7.0,Biryani,Indian
1294948,72,67,1247,447.23,446.23,0,0,27,638,56,TYPE_B,7.0,Biryani,Indian
1084683,73,67,1247,446.23,447.23,0,0,40,638,56,TYPE_B,7.0,Biryani,Indian
1079705,74,67,1247,446.23,447.23,0,0,55,638,56,TYPE_B,7.0,Biryani,Indian
1041062,75,67,1247,446.23,445.23,0,0,28,638,56,TYPE_B,7.0,Biryani,Indian
1118684,76,67,1247,445.23,447.23,0,0,69,638,56,TYPE_B,7.0,Biryani,Indian
1460666,77,67,1247,447.23,446.23,0,0,80,638,56,TYPE_B,7.0,Biryani,Indian
1226172,78,67,1247,445.23,446.23,0,0,27,638,56,TYPE_B,7.0,Biryani,Indian
1275847,79,67,1247,446.23,445.23,0,0,42,638,56,TYPE_B,7.0,Biryani,Indian
1494623,80,67,1247,446.23,446.23,0,0,27,638,56,TYPE_B,7.0,Biryani,Indian
1035952,81,67,1247,446.23,446.23,0,0,42,638,56,TYPE_B,7.0,Biryani,Indian
1425759,82,67,1247,447.23,445.23,0,0,95,638,56,TYPE_B,7.0,Biryani,Indian
1272687,83,67,1247,435.53,436.53,0,0,53,638,56,TYPE_B,7.0,Biryani,Indian
1268391,84,67,1247,437.53,435.53,0,0,80,638,56,TYPE_B,7.0,Biryani,Indian
1011345,85,67,1247,437.53,436.53,0,0,80,638,56,TYPE_B,7.0,Biryani,Indian
1172868,86,67,1247,435.53,437.53,0,0,40,638,56,TYPE_B,7.0,Biryani,Indian
1308762,87,67,1247,445.23,447.23,0,0,121,638,56,TYPE_B,7.0,Biryani,Indian
1063995,88,67,1247,447.23,446.23,0,0,80,638,56,TYPE_B,7.0,Biryani,Indian
1243640,89,67,1247,447.23,447.23,0,0,95,638,56,TYPE_B,7.0,Biryani,Indian
1034334,90,67,1247,447.23,447.23,0,0,28,638,56,TYPE_B,7.0,Biryani,Indian
1493030,91,67,1247,445.23,446.23,0,0,53,638,56,TYPE_B,7.0,Biryani,Indian
1340583,92,67,1247,446.23,447.23,0,0,42,638,56,TYPE_B,7.0,Biryani,Indian
1139097,93,67,1247,445.23,447.23,0,0,53,638,56,TYPE_B,7.0,Biryani,Indian
1138050,94,67,1247,447.23,447.23,0,0,40,638,56,TYPE_B,7.0,Biryani,Indian
1207103,95,67,1247,447.23,445.23,0,0,68,638,56,TYPE_B,7.0,Biryani,Indian
1039115,96,67,1247,447.23,446.23,0,0,41,638,56,TYPE_B,7.0,Biryani,Indian
1371876,97,67,1247,447.23,446.23,0,0,69,638,56,TYPE_B,7.0,Biryani,Indian
1245655,98,67,1247,445.23,446.23,0,0,40,638,56,TYPE_B,7.0,Biryani,Indian
1089002,99,67,1247,447.23,446.23,0,0,54,638,56,TYPE_B,7.0,Biryani,Indian
1214181,100,67,1247,447.23,445.23,0,0,42,638,56,TYPE_B,7.0,Biryani,Indian
1181890,101,67,1247,446.23,445.23,0,0,68,638,56,TYPE_B,7.0,Biryani,Indian
1193346,102,67,1247,446.23,447.23,0,0,26,638,56,TYPE_B,7.0,Biryani,Indian
1329470,103,67,1247,446.23,446.23,0,0,82,638,56,TYPE_B,7.0,Biryani,Indian
1046346,104,67,1247,445.23,447.23,0,0,27,638,56,TYPE_B,7.0,Biryani,Indian
1332248,105,67,1247,388.03,446.23,0,0,54,638,56,TYPE_B,7.0,Biryani,Indian
1135392,106,67,1247,387.03,446.23,0,0,53,638,56,TYPE_B,7.0,Biryani,Indian
1281992,107,67,1247,387.03,445.23,0,0,107,638,56,TYPE_B,7.0,Biryani,Indian
1021723,108,67,1247,389.03,446.23,0,0,95,638,56,TYPE_B,7.0,Biryani,Indian
1103690,109,67,1247,446.23,446.23,0,0,26,638,56,TYPE_B,7.0,Biryani,Indian
1174925,110,67,1247,446.23,447.23,0,0,80,638,56,TYPE_B,7.0,Biryani,Indian
1428767,112,67,1247,445.23,446.23,0,0,13,638,56,TYPE_B,7.0,Biryani,Indian
1188607,113,67,1247,445.23,445.23,0,0,55,638,56,TYPE_B,7.0,Biryani,Indian
1067022,114,67,1247,446.23,447.23,0,0,26,638,56,TYPE_B,7.0,Biryani,Indian
