Data set/Center wise/Center_67_Rank6.csv
id,week,center_id,meal_id,checkout_price,base_price,emailer_for_promotion,homepage_featured,num_orders,city_code,region_code,center_type,op_area,category,cuisine
1237566,1,67,1770,339.53,486.03,0,0,94,638,56,TYPE_B,7.0,Biryani,Indian
1476400,2,67,1770,338.53,484.03,0,0,27,638,56,TYPE_B,7.0,Biryani,Indian
1032565,3,67,1770,338.53,485.03,0,0,40,638,56,TYPE_B,7.0,Biryani,Indian
1450418,4,67,1770,339.53,486.03,0,0,41,638,56,TYPE_B,7.0,Biryani,Indian
1020998,5,67,1770,486.03,485.03,0,0,55,638,56,TYPE_B,7.0,Biryani,Indian
1460884,6,67,1770,485.03,485.03,0,0,67,638,56,TYPE_B,7.0,Biryani,Indian
1020031,7,67,1770,484.03,484.03,0,0,13,638,56,TYPE_B,7.0,Biryani,Indian
1403969,8,67,1770,485.03,485.03,0,0,42,638,56,TYPE_B,7.0,Biryani,Indian
1488034,9,67,1770,486.03,485.03,0,0,28,638,56,TYPE_B,7.0,Biryani,Indian
1433493,10,67,1770,486.03,485.03,0,0,28,638,56,TYPE_B,7.0,Biryani,Indian
1152192,11,67,1770,484.03,486.03,0,0,67,638,56,TYPE_B,7.0,Biryani,Indian
1468129,12,67,1770,484.03,486.03,0,0,26,638,56,TYPE_B,7.0,Biryani,Indian
1278008,13,67,1770,484.03,485.03,0,0,26,638,56,TYPE_B,7.0,Biryani,Indian
1164789,14,67,1770,484.03,485.03,0,0,26,638,56,TYPE_B,7.0,Biryani,Indian
1428048,15,67,1770,484.03,486.03,0,0,27,638,56,TYPE_B,7.0,Biryani,Indian
1108684,17,67,1770,435.53,485.03,0,0,15,638,56,TYPE_B,7.0,Biryani,Indian
1429544,18,67,1770,436.53,484.03,0,0,14,638,56,TYPE_B,7.0,Biryani,Indian
1146012,19,67,1770,435.53,484.03,0,0,14,638,56,TYPE_B,7.0,Biryani,Indian
1006667,20,67,1770,437.53,485.03,0,0,15,638,56,TYPE_B,7.0,Biryani,Indian
1210425,21,67,1770,486.03,486.03,0,0,28,638,56,TYPE_B,7.0,Biryani,Indian
1120952,22,67,1770,486.03,486.03,0,0,40,638,56,TYPE_B,7.0,Biryani,Indian
1302559,25,67,1770,486.03,486.03,0,0,15,638,56,TYPE_B,7.0,Biryani,Indian
1318262,26,67,1770,486.03,484.03,0,0,40,638,56,TYPE_B,7.0,Biryani,Indian
1051488,28,67,1770,485.03,486.03,0,0,42,638,56,TYPE_B,7.0,Biryani,Indian
1324119,29,67,1770,389.03,485.03,0,0,53,638,56,TYPE_B,7.0,Biryani,Indian
1003738,31,67,1770,388.03,485.03,0,0,28,638,56,TYPE_B,7.0,Biryani,Indian
1336949,32,67,1770,387.03,485.03,0,0,40,638,56,TYPE_B,7.0,Biryani,Indian
1013827,33,67,1770,484.03,484.03,0,0,14,638,56,TYPE_B,7.0,Biryani,Indian
1452006,34,67,1770,484.03,485.03,0,0,13,638,56,TYPE_B,7.0,Biryani,Indian
1292811,35,67,1770,484.03,486.03,0,0,28,638,56,TYPE_B,7.0,Biryani,Indian
1334416,36,67,1770,485.03,485.03,0,0,14,638,56,TYPE_B,7.0,Biryani,Indian
1458420,40,67,1770,484.03,484.03,0,0,13,638,56,TYPE_B,7.0,Biryani,Indian
1326711,41,67,1770,486.03,484.03,0,0,68,638,56,TYPE_B,7.0,Biryani,Indian
1282324,42,67,1770,485.03,484.03,0,0,27,638,56,TYPE_B,7.0,Biryani,Indian
1482996,43,67,1770,484.03,486.03,0,0,27,638,56,TYPE_B,7.0,Biryani,Indian
1463195,45,67,1770,436.53,484.03,0,0,27,638,56,TYPE_B,7.0,Biryani,Indian
1155050,46,67,1770,436.53,486.03,0,0,15,638,56,TYPE_B,7.0,Biryani,Indian
1329241,47,67,1770,437.53,485.03,0,0,14,638,56,TYPE_B,7.0,Biryani,Indian
1290403,48,67,1770,435.53,486.03,0,0,27,638,56,TYPE_B,7.0,Biryani,Indian
1210125,49,67,1770,484.03,485.03,0,0,13,638,56,TYPE_B,7.0,Biryani,Indian
1007592,51,67,1770,484.03,484.03,0,0,41,638,56,TYPE_B,7.0,Biryani,Indian
1236618,52,67,1770,484.03,484.03,0,0,55,638,56,TYPE_B,7.0,Biryani,Indian
1441236,53,67,1770,435.53,484.03,0,0,80,638,56,TYPE_B,7.0,Biryani,Indian
1169389,54,67,1770,437.53,486.03,0,0,14,638,56,TYPE_B,7.0,Biryani,Indian
1134917,55,67,1770,436.53,486.03,0,0,28,638,56,TYPE_B,7.0,Biryani,Indian
1258098,56,67,1770,436.53,485.03,0,0,40,638,56,TYPE_B,7.0,Biryani,Indian
1106076,57,67,1770,485.03,484.03,0,0,26,638,56,TYPE_B,7.0,Biryani,Indian
1033263,59,67,1770,485.03,484.03,0,0,27,638,56,TYPE_B,7.0,Biryani,Indian
1410216,60,67,1770,486.03,486.03,0,0,13,638,56,TYPE_B,7.0,Biryani,Indian
1428782,61,67,1770,484.03,484.03,0,0,28,638,56,TYPE_B,7.0,Biryani,Indian
1050579,62,67,1770,485.03,485.03,0,0,14,638,56,TYPE_B,7.0,Biryani,Indian
1299068,63,67,1770,484.03,486.03,0,0,54,638,56,TYPE_B,7.0,Biryani,Indian
1008482,64,67,1770,485.03,484.03,0,0,54,638,56,TYPE_B,7.0,Biryani,Indian
1371389,65,67,1770,484.03,484.03,0,0,41,638,56,TYPE_B,7.0,Biryani,Indian
1038375,66,67,1770,486.03,485.03,0,0,14,638,56,TYPE_B,7.0,Biryani,Indian
1075827,67,67,1770,485.03,484.03,0,0,28,638,56,TYPE_B,7.0,Biryani,Indian
1466820,68,67,1770,464.63,465.63,0,0,14,638,56,TYPE_B,7.0,Biryani,Indian
1020020,69,67,1770,464.63,464.63,0,0,68,638,56,TYPE_B,7.0,Biryani,Indian
1189755,70,67,1770,466.63,466.63,0,0,40,638,56,TYPE_B,7.0,Biryani,Indian
1227794,71,67,1770,466.63,464.63,0,0,40,638,56,TYPE_B,7.0,Biryani,Indian
1295643,72,67,1770,485.03,484.03,0,0,54,638,56,TYPE_B,7.0,Biryani,Indian
1296518,73,67,1770,486.03,484.03,0,0,26,638,56,TYPE_B,7.0,Biryani,Indian
1249910,75,67,1770,484.03,485.03,0,0,15,638,56,TYPE_B,7.0,Biryani,Indian
1247083,76,67,1770,484.03,486.03,0,0,14,638,56,TYPE_B,7.0,Biryani,Indian
1047906,77,67,1770,484.03,485.03,0,0,28,638,56,TYPE_B,7.0,Biryani,Indian
1488554,78,67,1770,484.03,484.03,0,0,42,638,56,TYPE_B,7.0,Biryani,Indian
1257742,79,67,1770,485.03,484.03,0,0,27,638,56,TYPE_B,7.0,Biryani,Indian
1006212,80,67,1770,486.03,484.03,0,0,15,638,56,TYPE_B,7.0,Biryani,Indian
1315647,81,67,1770,486.03,485.03,0,0,15,638,56,TYPE_B,7.0,Biryani,Indian
1267432,82,67,1770,486.03,484.03,0,0,27,638,56,TYPE_B,7.0,Biryani,Indian
1403893,83,67,1770,485.03,485.03,0,0,15,638,56,TYPE_B,7.0,Biryani,Indian
1240028,84,67,1770,486.03,486.03,0,0,55,638,56,TYPE_B,7.0,Biryani,Indian
1470776,85,67,1770,484.03,486.03,0,0,14,638,56,TYPE_B,7.0,Biryani,Indian
1231591,86,67,1770,485.03,485.03,0,0,42,638,56,TYPE_B,7.0,Biryani,Indian
1433951,89,67,1770,456.93,456.93,0,0,27,638,56,TYPE_B,7.0,Biryani,Indian
1088959,90,67,1770,456.93,455.93,0,0,27,638,56,TYPE_B,7.0,Biryani,Indian
1064922,91,67,1770,454.93,456.93,0,0,42,638,56,TYPE_B,7.0,Biryani,Indian
1238057,92,67,1770,485.03,484.03,0,0,15,638,56,TYPE_B,7.0,Biryani,Indian
1170910,93,67,1770,484.03,486.03,0,0,14,638,56,TYPE_B,7.0,Biryani,Indian
1267902,94,67,1770,485.03,484.03,0,0,28,638,56,TYPE_B,7.0,Biryani,Indian
1076166,95,67,1770,484.03,486.03,0,0,28,638,56,TYPE_B,7.0,Biryani,Indian
1458971,96,67,1770,484.03,486.03,0,0,41,638,56,TYPE_B,7.0,Biryani,Indian
1256184,97,67,1770,484.03,484.03,0,0,26,638,56,TYPE_B,7.0,Biryani,Indian
1051882,98,67,1770,486.03,485.03,0,0,41,638,56,TYPE_B,7.0,Biryani,Indian
1439586,99,67,1770,485.03,485.03,0,0,27,638,56,TYPE_B,7.0,Biryani,Indian
1187835,100,67,1770,484.03,486.03,0,0,28,638,56,TYPE_B,7.0,Biryani,Indian
1034118,101,67,1770,485.03,484.03,0,0,54,638,56,TYPE_B,7.0,Biryani,Indian
1291906,102,67,1770,485.03,484.03,0,0,40,638,56,TYPE_B,7.0,Biryani,Indian
1234227,103,67,1770,485.03,485.03,0,0,42,638,56,TYPE_B,7.0,Biryani,Indian
1449525,104,67,1770,486.03,485.03,0,0,27,638,56,TYPE_B,7.0,Biryani,Indian
1025520,105,67,1770,411.28,485.03,0,0,53,638,56,TYPE_B,7.0,Biryani,Indian
1446135,106,67,1770,411.28,486.03,0,0,28,638,56,TYPE_B,7.0,Biryani,Indian
1063555,107,67,1770,411.28,486.03,0,0,41,638,56,TYPE_B,7.0,Biryani,Indian
1059307,108,67,1770,485.03,485.03,0,0,14,638,56,TYPE_B,7.0,Biryani,Indian
1397701,109,67,1770,485.03,486.03,0,0,27,638,56,TYPE_B,7.0,Biryani,Indian
1350964,110,67,1770,485.03,486.03,0,0,54,638,56,TYPE_B,7.0,Biryani,Indian
1358613,111,67,1770,485.03,486.03,0,0,41,638,56,TYPE_B,7.0,Biryani,Indian
1255349,112,67,1770,486.03,485.03,0,0,13,638,56,TYPE_B,7.0,Biryani,Indian
1259153,113,67,1770,485.03,486.03,0,0,40,638,56,TYPE_B,7.0,Biryani,Indian
1167499,114,67,1770,484.03,484.03,0,0,26,638,56,TYPE_B,7.0,Biryani,Indian
1037009,1,67,1311,166.84,168.84,0,0,620,638,56,TYPE_B,7.0,Extras,Thai
1389620,2,67,1311,182.36,183.36,0,0,474,638,56,TYPE_B,7.0,Extras,Thai
1398308,3,67,1311,170.75,171.75,0,0,609,638,56,TYPE_B,7.0,Extras,Thai
1367585,4,67,1311,157.14,159.14,0,0,769,638,56,TYPE_B,7.0,Extras,Thai
1046963,5,67,1311,156.2,156.2,0,0,500,638,56,TYPE_B,7.0,Extras,Thai
1434563,6,67,1311,184.3,186.3,0,0,514,638,56,TYPE_B,7.0,Extras,Thai
1484695,7,67,1311,161.05,184.3,0,0,836,638,56,TYPE_B,7.0,Extras,Thai
1395045,8,67,1311,153.26,186.3,0,0,366,638,56,TYPE_B,7.0,Extras,Thai
1467442,9,67,1311,154.23,186.3,0,0,419,638,56,TYPE_B,7.0,Extras,Thai
1369509,10,67,1311,175.63,175.63,0,0,620,638,56,TYPE_B,7.0,Extras,Thai
1207168,11,67,1311,163.96,162.96,0,0,717,638,56,TYPE_B,7.0,Extras,Thai
1441271,12,67,1311,170.78,168.78,0,0,689,638,56,TYPE_B,7.0,Extras,Thai
1252760,13,67,1311,174.63,173.63,0,0,297,638,56,TYPE_B,7.0,Extras,Thai
1214761,14,67,1311,170.75,169.75,0,0,431,638,56,TYPE_B,7.0,Extras,Thai
1145607,15,67,1311,186.27,186.27,0,0,582,638,56,TYPE_B,7.0,Extras,Thai
1281890,16,67,1311,155.26,187.27,0,0,366,638,56,TYPE_B,7.0,Extras,Thai
1372370,17,67,1311,171.69,171.69,0,0,528,638,56,TYPE_B,7.0,Extras,Thai
1219995,18,67,1311,156.17,157.17,0,0,663,638,56,TYPE_B,7.0,Extras,Thai
1290043,19,67,1311,170.75,170.75,0,0,635,638,56,TYPE_B,7.0,Extras,Thai
1413362,20,67,1311,158.17,157.17,0,0,581,638,56,TYPE_B,7.0,Extras,Thai
1478761,21,67,1311,154.26,153.26,0,0,648,638,56,TYPE_B,7.0,Extras,Thai
1422765,22,67,1311,161.05,160.05,0,0,620,638,56,TYPE_B,7.0,Extras,Thai
1066119,23,67,1311,160.05,162.05,0,0,676,638,56,TYPE_B,7.0,Extras,Thai
1119236,24,67,1311,175.57,176.57,0,0,688,638,56,TYPE_B,7.0,Extras,Thai
1154960,25,67,1311,163.93,164.93,0,0,999,638,56,TYPE_B,7.0,Extras,Thai
1086269,26,67,1311,165.93,165.93,0,0,757,638,56,TYPE_B,7.0,Extras,Thai
1331590,27,67,1311,153.26,155.26,0,0,648,638,56,TYPE_B,7.0,Extras,Thai
1357027,28,67,1311,176.54,178.54,0,0,634,638,56,TYPE_B,7.0,Extras,Thai
1302002,29,67,1311,186.3,186.3,0,0,513,638,56,TYPE_B,7.0,Extras,Thai
1257682,30,67,1311,181.39,181.39,0,0,594,638,56,TYPE_B,7.0,Extras,Thai
1227201,31,67,1311,173.63,173.63,0,0,743,638,56,TYPE_B,7.0,Extras,Thai
1496243,32,67,1311,171.75,171.75,0,0,607,638,56,TYPE_B,7.0,Extras,Thai
1463029,33,67,1311,174.66,174.66,0,0,852,638,56,TYPE_B,7.0,Extras,Thai
1310125,34,67,1311,172.66,174.66,0,0,823,638,56,TYPE_B,7.0,Extras,Thai
1320477,35,67,1311,172.69,172.69,0,0,701,638,56,TYPE_B,7.0,Extras,Thai
1039640,36,67,1311,170.75,170.75,0,0,810,638,56,TYPE_B,7.0,Extras,Thai
1261639,37,67,1311,162.99,162.99,0,0,743,638,56,TYPE_B,7.0,Extras,Thai
1385209,38,67,1311,161.05,162.05,0,0,703,638,56,TYPE_B,7.0,Extras,Thai
1290979,39,67,1311,161.05,161.05,0,0,487,638,56,TYPE_B,7.0,Extras,Thai
1053241,40,67,1311,130.95,161.05,0,0,459,638,56,TYPE_B,7.0,Extras,Thai
1132017,41,67,1311,153.29,153.29,0,0,284,638,56,TYPE_B,7.0,Extras,Thai
1489065,42,67,1311,161.05,160.05,0,0,378,638,56,TYPE_B,7.0,Extras,Thai
1499786,43,67,1311,108.7,162.05,0,0,202,638,56,TYPE_B,7.0,Extras,Thai
1133832,44,67,1311,166.87,167.87,0,0,339,638,56,TYPE_B,7.0,Extras,Thai
1265388,45,67,1311,181.42,180.42,0,0,528,638,56,TYPE_B,7.0,Extras,Thai
1096764,46,67,1311,173.69,173.69,0,0,351,638,56,TYPE_B,7.0,Extras,Thai
1416436,47,67,1311,172.72,170.72,0,0,582,638,56,TYPE_B,7.0,Extras,Thai
1437691,48,67,1311,170.75,169.75,0,0,635,638,56,TYPE_B,7.0,Extras,Thai
1322653,49,67,1311,186.27,186.27,0,0,580,638,56,TYPE_B,7.0,Extras,Thai
1251381,50,67,1311,154.29,187.27,0,0,567,638,56,TYPE_B,7.0,Extras,Thai
1169771,51,67,1311,172.66,173.66,0,0,649,638,56,TYPE_B,7.0,Extras,Thai
1447783,52,67,1311,152.32,174.66,0,0,541,638,56,TYPE_B,7.0,Extras,Thai
1121932,53,67,1311,165.87,167.87,0,0,338,638,56,TYPE_B,7.0,Extras,Thai
1285545,54,67,1311,177.54,178.54,0,0,393,638,56,TYPE_B,7.0,Extras,Thai
1081211,55,67,1311,154.23,178.54,0,0,391,638,56,TYPE_B,7.0,Extras,Thai
1083334,56,67,1311,165.87,165.87,0,0,339,638,56,TYPE_B,7.0,Extras,Thai
1042215,57,67,1311,184.36,183.36,0,0,472,638,56,TYPE_B,7.0,Extras,Thai
1128493,58,67,1311,160.05,182.36,0,0,460,638,56,TYPE_B,7.0,Extras,Thai
1227891,59,67,1311,174.6,174.6,0,0,418,638,56,TYPE_B,7.0,Extras,Thai
1233181,60,67,1311,160.05,162.05,0,0,405,638,56,TYPE_B,7.0,Extras,Thai
1388136,61,67,1311,129.04,162.05,0,0,539,638,56,TYPE_B,7.0,Extras,Thai
1336474,62,67,1311,165.93,163.93,0,0,527,638,56,TYPE_B,7.0,Extras,Thai
1418248,63,67,1311,162.05,161.05,0,0,270,638,56,TYPE_B,7.0,Extras,Thai
1279478,64,67,1311,202.79,201.79,0,0,474,638,56,TYPE_B,7.0,Extras,Thai
1088824,65,67,1311,129.04,201.79,0,0,202,638,56,TYPE_B,7.0,Extras,Thai
1412523,66,67,1311,167.87,202.79,0,0,337,638,56,TYPE_B,7.0,Extras,Thai
1132014,67,67,1311,161.05,202.79,0,0,378,638,56,TYPE_B,7.0,Extras,Thai
1323325,68,67,1311,170.78,200.79,0,0,458,638,56,TYPE_B,7.0,Extras,Thai
1126293,69,67,1311,179.45,200.79,0,0,433,638,56,TYPE_B,7.0,Extras,Thai
1070561,70,67,1311,191.09,192.09,0,0,339,638,56,TYPE_B,7.0,Extras,Thai
1063118,71,67,1311,175.63,173.63,0,0,447,638,56,TYPE_B,7.0,Extras,Thai
1389611,72,67,1311,170.75,170.75,0,0,431,638,56,TYPE_B,7.0,Extras,Thai
1470897,73,67,1311,155.2,157.2,0,0,473,638,56,TYPE_B,7.0,Extras,Thai
1010233,74,67,1311,129.04,155.2,0,0,337,638,56,TYPE_B,7.0,Extras,Thai
1176903,75,67,1311,171.75,170.75,0,0,432,638,56,TYPE_B,7.0,Extras,Thai
1120604,76,67,1311,157.17,157.17,0,0,582,638,56,TYPE_B,7.0,Extras,Thai
1240139,77,67,1311,149.41,150.41,0,0,377,638,56,TYPE_B,7.0,Extras,Thai
1094997,78,67,1311,176.6,174.6,0,0,392,638,56,TYPE_B,7.0,Extras,Thai
1378251,79,67,1311,176.54,178.54,0,0,513,638,56,TYPE_B,7.0,Extras,Thai
1028317,80,67,1311,166.84,166.84,0,0,311,638,56,TYPE_B,7.0,Extras,Thai
1462701,81,67,1311,108.7,167.84,0,0,243,638,56,TYPE_B,7.0,Extras,Thai
1298801,82,67,1311,124.19,168.84,0,0,351,638,56,TYPE_B,7.0,Extras,Thai
1213926,83,67,1311,167.84,167.84,0,0,284,638,56,TYPE_B,7.0,Extras,Thai
1040438,84,67,1311,175.63,174.63,0,0,474,638,56,TYPE_B,7.0,Extras,Thai
1310328,85,67,1311,177.51,178.51,0,0,242,638,56,TYPE_B,7.0,Extras,Thai
1296977,86,67,1311,153.29,178.51,0,0,310,638,56,TYPE_B,7.0,Extras,Thai
1459694,87,67,1311,171.69,172.69,0,0,350,638,56,TYPE_B,7.0,Extras,Thai
1466974,88,67,1311,192.09,193.09,0,0,269,638,56,TYPE_B,7.0,Extras,Thai
1150948,89,67,1311,167.84,192.09,0,0,312,638,56,TYPE_B,7.0,Extras,Thai
1073801,90,67,1311,179.48,180.48,0,0,337,638,56,TYPE_B,7.0,Extras,Thai
1397454,91,67,1311,180.45,179.45,0,0,216,638,56,TYPE_B,7.0,Extras,Thai
1437698,92,67,1311,185.27,185.27,0,0,418,638,56,TYPE_B,7.0,Extras,Thai
1001049,93,67,1311,170.78,168.78,0,0,459,638,56,TYPE_B,7.0,Extras,Thai
1000659,94,67,1311,195.94,196.94,0,0,177,638,56,TYPE_B,7.0,Extras,Thai
1463279,95,67,1311,158.11,195.94,0,0,379,638,56,TYPE_B,7.0,Extras,Thai
1062472,96,67,1311,149.38,197.94,0,0,202,638,56,TYPE_B,7.0,Extras,Thai
1471982,97,67,1311,161.05,197.94,0,0,270,638,56,TYPE_B,7.0,Extras,Thai
1498955,98,67,1311,199.82,201.82,0,0,324,638,56,TYPE_B,7.0,Extras,Thai
1138516,99,67,1311,162.05,200.82,0,0,269,638,56,TYPE_B,7.0,Extras,Thai
1372603,100,67,1311,198.88,197.88,0,0,283,638,56,TYPE_B,7.0,Extras,Thai
1105764,101,67,1311,180.45,181.45,0,0,433,638,56,TYPE_B,7.0,Extras,Thai
1127747,102,67,1311,185.33,185.33,0,0,445,638,56,TYPE_B,7.0,Extras,Thai
1093603,103,67,1311,152.32,184.33,0,0,513,638,56,TYPE_B,7.0,Extras,Thai
1183237,104,67,1311,123.19,185.33,0,0,351,638,56,TYPE_B,7.0,Extras,Thai
1109011,105,67,1311,155.2,185.33,0,0,527,638,56,TYPE_B,7.0,Extras,Thai
1250829,106,67,1311,195.94,195.94,0,0,176,638,56,TYPE_B,7.0,Extras,Thai
1081716,107,67,1311,150.41,197.94,0,0,378,638,56,TYPE_B,7.0,Extras,Thai
1345625,108,67,1311,181.45,179.45,0,0,554,638,56,TYPE_B,7.0,Extras,Thai
1251616,109,67,1311,165.93,164.93,0,0,527,638,56,TYPE_B,7.0,Extras,Thai
1410107,110,67,1311,168.78,169.78,0,0,460,638,56,TYPE_B,7.0,Extras,Thai
1455540,111,67,1311,189.21,187.21,0,0,337,638,56,TYPE_B,7.0,Extras,Thai
1444121,112,67,1311,155.23,187.21,0,0,188,638,56,TYPE_B,7.0,Extras,Thai
1085914,113,67,1311,153.32,188.21,0,0,514,638,56,TYPE_B,7.0,Extras,Thai
1358313,114,67,1311,144.56,187.21,0,0,270,638,56,TYPE_B,7.0,Extras,Thai
