Data set/Center wise/Center_67_Rank6.csv
id,week,center_id,meal_id,checkout_price,base_price,emailer_for_promotion,homepage_featured,num_orders,city_code,region_code,center_type,op_area,category,cuisine
1407786,1,67,1803,162.96,163.96,0,0,634,638,56,TYPE_B,7.0,Extras,Thai
1151417,2,67,1803,178.54,178.54,0,0,755,638,56,TYPE_B,7.0,Extras,Thai
1020675,3,67,1803,158.14,177.54,0,0,824,638,56,TYPE_B,7.0,Extras,Thai
1061537,4,67,1803,188.18,189.18,0,0,688,638,56,TYPE_B,7.0,Extras,Thai
1327370,5,67,1803,171.75,170.75,0,0,729,638,56,TYPE_B,7.0,Extras,Thai
1405324,6,67,1803,157.17,157.17,0,0,634,638,56,TYPE_B,7.0,Extras,Thai
1389085,7,67,1803,157.14,158.14,0,0,906,638,56,TYPE_B,7.0,Extras,Thai
1040354,8,67,1803,182.42,182.42,0,0,526,638,56,TYPE_B,7.0,Extras,Thai
1382946,9,67,1803,167.81,168.81,0,0,539,638,56,TYPE_B,7.0,Extras,Thai
1267911,10,67,1803,160.05,160.05,0,0,809,638,56,TYPE_B,7.0,Extras,Thai
1271315,11,67,1803,192.12,192.12,0,0,500,638,56,TYPE_B,7.0,Extras,Thai
1420899,12,67,1803,161.05,190.12,0,0,566,638,56,TYPE_B,7.0,Extras,Thai
1152102,13,67,1803,169.81,191.12,0,0,513,638,56,TYPE_B,7.0,Extras,Thai
1077474,14,67,1803,168.84,191.12,0,0,595,638,56,TYPE_B,7.0,Extras,Thai
1033335,15,67,1803,144.56,192.12,0,0,663,638,56,TYPE_B,7.0,Extras,Thai
1273675,16,67,1803,183.33,183.33,0,0,730,638,56,TYPE_B,7.0,Extras,Thai
1199274,17,67,1803,165.87,165.87,0,0,674,638,56,TYPE_B,7.0,Extras,Thai
1225564,18,67,1803,167.81,167.81,0,0,797,638,56,TYPE_B,7.0,Extras,Thai
1416402,19,67,1803,168.81,169.81,0,0,771,638,56,TYPE_B,7.0,Extras,Thai
1066272,20,67,1803,185.3,185.3,0,0,798,638,56,TYPE_B,7.0,Extras,Thai
1214874,21,67,1803,191.12,190.12,0,0,566,638,56,TYPE_B,7.0,Extras,Thai
1171303,22,67,1803,163.99,192.12,0,0,797,638,56,TYPE_B,7.0,Extras,Thai
1363775,23,67,1803,177.51,179.51,0,0,701,638,56,TYPE_B,7.0,Extras,Thai
1201972,24,67,1803,151.38,178.51,0,0,609,638,56,TYPE_B,7.0,Extras,Thai
1202308,25,67,1803,170.75,169.75,0,0,865,638,56,TYPE_B,7.0,Extras,Thai
1071638,26,67,1803,157.2,156.2,0,0,635,638,56,TYPE_B,7.0,Extras,Thai
1450526,27,67,1803,190.18,188.18,0,0,756,638,56,TYPE_B,7.0,Extras,Thai
1138557,28,67,1803,148.44,190.18,0,0,555,638,56,TYPE_B,7.0,Extras,Thai
1400471,29,67,1803,153.32,190.18,0,0,540,638,56,TYPE_B,7.0,Extras,Thai
1469360,30,67,1803,162.99,188.18,0,0,771,638,56,TYPE_B,7.0,Extras,Thai
1045035,31,67,1803,154.29,190.18,0,0,593,638,56,TYPE_B,7.0,Extras,Thai
1415085,32,67,1803,167.84,189.18,0,0,566,638,56,TYPE_B,7.0,Extras,Thai
1032494,33,67,1803,169.75,170.75,0,0,635,638,56,TYPE_B,7.0,Extras,Thai
1261629,34,67,1803,158.14,159.14,0,0,796,638,56,TYPE_B,7.0,Extras,Thai
1187385,35,67,1803,152.32,153.32,0,0,798,638,56,TYPE_B,7.0,Extras,Thai
1272556,36,67,1803,169.75,169.75,0,0,635,638,56,TYPE_B,7.0,Extras,Thai
1035521,37,67,1803,158.17,156.17,0,0,607,638,56,TYPE_B,7.0,Extras,Thai
1137442,38,67,1803,160.05,161.05,0,0,540,638,56,TYPE_B,7.0,Extras,Thai
1135465,39,67,1803,161.05,161.05,0,0,593,638,56,TYPE_B,7.0,Extras,Thai
1431060,40,67,1803,190.18,190.18,0,0,595,638,56,TYPE_B,7.0,Extras,Thai
1094592,41,67,1803,165.87,189.18,0,0,366,638,56,TYPE_B,7.0,Extras,Thai
1464210,42,67,1803,167.87,189.18,0,0,365,638,56,TYPE_B,7.0,Extras,Thai
1134278,43,67,1803,193.03,195.03,0,0,582,638,56,TYPE_B,7.0,Extras,Thai
1401742,44,67,1803,177.51,179.51,0,0,366,638,56,TYPE_B,7.0,Extras,Thai
1462149,45,67,1803,157.2,178.51,0,0,554,638,56,TYPE_B,7.0,Extras,Thai
1480983,46,67,1803,172.66,173.66,0,0,851,638,56,TYPE_B,7.0,Extras,Thai
1007499,47,67,1803,177.54,178.54,0,0,392,638,56,TYPE_B,7.0,Extras,Thai
1381981,48,67,1803,148.44,177.54,0,0,555,638,56,TYPE_B,7.0,Extras,Thai
1344456,49,67,1803,165.93,164.93,0,0,892,638,56,TYPE_B,7.0,Extras,Thai
1094197,50,67,1803,196.97,196.97,0,0,729,638,56,TYPE_B,7.0,Extras,Thai
1420331,51,67,1803,171.75,196.97,0,0,432,638,56,TYPE_B,7.0,Extras,Thai
1168602,52,67,1803,206.64,207.64,0,0,420,638,56,TYPE_B,7.0,Extras,Thai
1334200,53,67,1803,199.85,200.85,0,0,500,638,56,TYPE_B,7.0,Extras,Thai
1034990,54,67,1803,164.9,198.85,0,0,419,638,56,TYPE_B,7.0,Extras,Thai
1414830,55,67,1803,177.51,200.85,0,0,364,638,56,TYPE_B,7.0,Extras,Thai
1100602,56,67,1803,162.05,199.85,0,0,486,638,56,TYPE_B,7.0,Extras,Thai
1128263,57,67,1803,154.29,198.85,0,0,566,638,56,TYPE_B,7.0,Extras,Thai
1220492,58,67,1803,155.26,200.85,0,0,364,638,56,TYPE_B,7.0,Extras,Thai
1014350,59,67,1803,126.1,199.85,0,0,446,638,56,TYPE_B,7.0,Extras,Thai
1431699,60,67,1803,163.93,164.93,0,0,500,638,56,TYPE_B,7.0,Extras,Thai
1395672,61,67,1803,200.82,200.82,0,0,431,638,56,TYPE_B,7.0,Extras,Thai
1237876,62,67,1803,147.5,199.82,0,0,447,638,56,TYPE_B,7.0,Extras,Thai
1247304,63,67,1803,162.05,199.82,0,0,539,638,56,TYPE_B,7.0,Extras,Thai
1261233,64,67,1803,118.4,200.82,0,0,406,638,56,TYPE_B,7.0,Extras,Thai
1274869,65,67,1803,162.05,199.82,0,0,324,638,56,TYPE_B,7.0,Extras,Thai
1092561,66,67,1803,167.87,201.82,0,0,365,638,56,TYPE_B,7.0,Extras,Thai
1271461,67,67,1803,178.48,200.82,0,0,339,638,56,TYPE_B,7.0,Extras,Thai
1401260,68,67,1803,150.35,151.35,0,0,459,638,56,TYPE_B,7.0,Extras,Thai
1076338,69,67,1803,155.26,153.26,0,0,730,638,56,TYPE_B,7.0,Extras,Thai
1150935,70,67,1803,175.57,177.57,0,0,541,638,56,TYPE_B,7.0,Extras,Thai
1239084,71,67,1803,172.66,173.66,0,0,674,638,56,TYPE_B,7.0,Extras,Thai
1194751,72,67,1803,156.17,156.17,0,0,581,638,56,TYPE_B,7.0,Extras,Thai
1472735,73,67,1803,173.63,173.63,0,0,622,638,56,TYPE_B,7.0,Extras,Thai
1145652,74,67,1803,161.05,162.05,0,0,379,638,56,TYPE_B,7.0,Extras,Thai
1428355,75,67,1803,145.53,145.53,0,0,420,638,56,TYPE_B,7.0,Extras,Thai
1290347,76,67,1803,191.09,193.09,0,0,135,638,56,TYPE_B,7.0,Extras,Thai
1349168,77,67,1803,174.63,174.63,0,0,446,638,56,TYPE_B,7.0,Extras,Thai
1048602,78,67,1803,153.26,173.63,0,0,365,638,56,TYPE_B,7.0,Extras,Thai
1309682,79,67,1803,178.54,176.54,0,0,512,638,56,TYPE_B,7.0,Extras,Thai
1056331,80,67,1803,168.81,169.81,0,0,539,638,56,TYPE_B,7.0,Extras,Thai
1328607,81,67,1803,208.55,209.55,0,0,310,638,56,TYPE_B,7.0,Extras,Thai
1484400,82,67,1803,180.48,208.55,0,0,582,638,56,TYPE_B,7.0,Extras,Thai
1028598,83,67,1803,171.75,208.55,0,0,431,638,56,TYPE_B,7.0,Extras,Thai
1445448,84,67,1803,162.05,210.55,0,0,621,638,56,TYPE_B,7.0,Extras,Thai
1329734,85,67,1803,177.51,210.55,0,0,485,638,56,TYPE_B,7.0,Extras,Thai
1279258,86,67,1803,195.03,193.03,0,0,513,638,56,TYPE_B,7.0,Extras,Thai
1452954,87,67,1803,173.63,195.03,0,0,473,638,56,TYPE_B,7.0,Extras,Thai
1435409,88,67,1803,157.2,193.03,0,0,446,638,56,TYPE_B,7.0,Extras,Thai
1334882,89,67,1803,149.38,194.03,0,0,404,638,56,TYPE_B,7.0,Extras,Thai
1289046,90,67,1803,131.95,195.03,0,0,458,638,56,TYPE_B,7.0,Extras,Thai
1442320,91,67,1803,162.05,193.03,0,0,458,638,56,TYPE_B,7.0,Extras,Thai
1040079,92,67,1803,162.05,195.03,0,0,432,638,56,TYPE_B,7.0,Extras,Thai
1158082,93,67,1803,160.05,161.05,0,0,406,638,56,TYPE_B,7.0,Extras,Thai
1374271,94,67,1803,156.2,156.2,0,0,472,638,56,TYPE_B,7.0,Extras,Thai
1017947,95,67,1803,165.93,165.93,0,0,555,638,56,TYPE_B,7.0,Extras,Thai
1356003,96,67,1803,178.51,177.51,0,0,365,638,56,TYPE_B,7.0,Extras,Thai
1286156,97,67,1803,163.93,164.93,0,0,526,638,56,TYPE_B,7.0,Extras,Thai
1096554,98,67,1803,184.36,182.36,0,0,474,638,56,TYPE_B,7.0,Extras,Thai
1359498,99,67,1803,179.51,177.51,0,0,487,638,56,TYPE_B,7.0,Extras,Thai
1434657,100,67,1803,152.35,179.51,0,0,486,638,56,TYPE_B,7.0,Extras,Thai
1035651,101,67,1803,179.48,180.48,0,0,458,638,56,TYPE_B,7.0,Extras,Thai
1288754,102,67,1803,169.75,169.75,0,0,863,638,56,TYPE_B,7.0,Extras,Thai
1101671,103,67,1803,176.6,175.6,0,0,419,638,56,TYPE_B,7.0,Extras,Thai
1199148,104,67,1803,172.69,173.69,0,0,352,638,56,TYPE_B,7.0,Extras,Thai
1371296,105,67,1803,172.69,172.69,0,0,351,638,56,TYPE_B,7.0,Extras,Thai
1042589,106,67,1803,134.86,171.69,0,0,419,638,56,TYPE_B,7.0,Extras,Thai
1254703,107,67,1803,171.75,170.75,0,0,405,638,56,TYPE_B,7.0,Extras,Thai
1119129,108,67,1803,171.75,171.75,0,0,432,638,56,TYPE_B,7.0,Extras,Thai
1375300,109,67,1803,188.24,188.24,0,0,486,638,56,TYPE_B,7.0,Extras,Thai
1352481,110,67,1803,167.87,188.24,0,0,364,638,56,TYPE_B,7.0,Extras,Thai
1009856,111,67,1803,160.05,186.24,0,0,352,638,56,TYPE_B,7.0,Extras,Thai
1389740,112,67,1803,175.6,175.6,0,0,177,638,56,TYPE_B,7.0,Extras,Thai
1137008,113,67,1803,162.05,162.05,0,0,648,638,56,TYPE_B,7.0,Extras,Thai
1351106,114,67,1803,188.24,188.24,0,0,649,638,56,TYPE_B,7.0,Extras,Thai
1320558,1,67,1438,244.5,272.63,0,0,150,638,56,TYPE_B,7.0,Soup,Thai
1079736,2,67,1438,242.5,272.63,0,0,122,638,56,TYPE_B,7.0,Soup,Thai
1148294,3,67,1438,243.5,271.63,0,0,96,638,56,TYPE_B,7.0,Soup,Thai
1323616,4,67,1438,245.41,247.41,0,0,123,638,56,TYPE_B,7.0,Soup,Thai
1330473,5,67,1438,244.5,242.5,0,0,53,638,56,TYPE_B,7.0,Soup,Thai
1412806,6,67,1438,243.5,244.5,0,0,94,638,56,TYPE_B,7.0,Soup,Thai
1404234,7,67,1438,242.5,243.5,0,0,96,638,56,TYPE_B,7.0,Soup,Thai
1202484,8,67,1438,243.5,243.5,0,0,80,638,56,TYPE_B,7.0,Soup,Thai
1209242,9,67,1438,270.63,271.63,0,0,68,638,56,TYPE_B,7.0,Soup,Thai
1129344,10,67,1438,271.63,272.63,0,0,54,638,56,TYPE_B,7.0,Soup,Thai
1118678,11,67,1438,271.63,272.63,0,0,81,638,56,TYPE_B,7.0,Soup,Thai
1165742,12,67,1438,271.63,270.63,0,0,53,638,56,TYPE_B,7.0,Soup,Thai
1389934,13,67,1438,243.5,270.63,0,0,54,638,56,TYPE_B,7.0,Soup,Thai
1365973,14,67,1438,243.5,272.63,0,0,161,638,56,TYPE_B,7.0,Soup,Thai
1067219,15,67,1438,244.5,270.63,0,0,80,638,56,TYPE_B,7.0,Soup,Thai
1067391,16,67,1438,246.41,246.41,0,0,134,638,56,TYPE_B,7.0,Soup,Thai
1340232,17,67,1438,244.5,244.5,0,0,80,638,56,TYPE_B,7.0,Soup,Thai
1311557,18,67,1438,244.5,242.5,0,0,96,638,56,TYPE_B,7.0,Soup,Thai
1393440,19,67,1438,244.5,243.5,0,0,96,638,56,TYPE_B,7.0,Soup,Thai
1250716,20,67,1438,244.5,243.5,0,0,67,638,56,TYPE_B,7.0,Soup,Thai
1418539,21,67,1438,244.5,242.5,0,0,81,638,56,TYPE_B,7.0,Soup,Thai
1411166,22,67,1438,244.5,244.5,0,0,150,638,56,TYPE_B,7.0,Soup,Thai
1387670,23,67,1438,242.5,244.5,0,0,121,638,56,TYPE_B,7.0,Soup,Thai
1062458,24,67,1438,243.5,244.5,0,0,53,638,56,TYPE_B,7.0,Soup,Thai
1352425,25,67,1438,242.5,242.5,0,0,68,638,56,TYPE_B,7.0,Soup,Thai
1152932,26,67,1438,242.5,243.5,0,0,109,638,56,TYPE_B,7.0,Soup,Thai
1189283,27,67,1438,243.5,242.5,0,0,175,638,56,TYPE_B,7.0,Soup,Thai
1389155,28,67,1438,243.5,242.5,0,0,94,638,56,TYPE_B,7.0,Soup,Thai
1419172,29,67,1438,203.76,242.5,0,0,135,638,56,TYPE_B,7.0,Soup,Thai
1055706,30,67,1438,196.0,243.5,0,0,109,638,56,TYPE_B,7.0,Soup,Thai
1036635,31,67,1438,195.0,244.5,0,0,80,638,56,TYPE_B,7.0,Soup,Thai
1273185,32,67,1438,194.0,242.5,0,0,82,638,56,TYPE_B,7.0,Soup,Thai
1397609,33,67,1438,257.08,257.08,0,0,82,638,56,TYPE_B,7.0,Soup,Thai
1484441,34,67,1438,258.08,257.08,0,0,80,638,56,TYPE_B,7.0,Soup,Thai
1022322,35,67,1438,260.99,260.99,0,0,82,638,56,TYPE_B,7.0,Soup,Thai
1202790,36,67,1438,257.08,256.08,0,0,28,638,56,TYPE_B,7.0,Soup,Thai
1041589,37,67,1438,196.0,257.08,0,0,42,638,56,TYPE_B,7.0,Soup,Thai
1414772,38,67,1438,193.09,256.08,0,0,94,638,56,TYPE_B,7.0,Soup,Thai
1440508,39,67,1438,194.0,257.08,0,0,109,638,56,TYPE_B,7.0,Soup,Thai
1453140,40,67,1438,195.0,257.08,0,0,188,638,56,TYPE_B,7.0,Soup,Thai
1489896,41,67,1438,218.28,257.08,0,0,189,638,56,TYPE_B,7.0,Soup,Thai
1229610,42,67,1438,219.28,257.08,0,0,337,638,56,TYPE_B,7.0,Soup,Thai
1245905,43,67,1438,223.16,222.16,0,0,176,638,56,TYPE_B,7.0,Soup,Thai
1315665,44,67,1438,217.28,218.28,0,0,96,638,56,TYPE_B,7.0,Soup,Thai
1377157,45,67,1438,234.8,233.8,0,0,122,638,56,TYPE_B,7.0,Soup,Thai
1353269,46,67,1438,233.8,232.8,0,0,80,638,56,TYPE_B,7.0,Soup,Thai
1166044,47,67,1438,234.8,232.8,0,0,176,638,56,TYPE_B,7.0,Soup,Thai
1300781,48,67,1438,238.65,239.65,0,0,230,638,56,TYPE_B,7.0,Soup,Thai
1400086,49,67,1438,241.56,242.56,0,0,149,638,56,TYPE_B,7.0,Soup,Thai
1086158,50,67,1438,240.56,241.56,0,0,244,638,56,TYPE_B,7.0,Soup,Thai
1306325,51,67,1438,240.56,242.56,0,0,136,638,56,TYPE_B,7.0,Soup,Thai
1433483,52,67,1438,240.56,241.56,0,0,230,638,56,TYPE_B,7.0,Soup,Thai
1037741,53,67,1438,240.56,241.56,0,0,80,638,56,TYPE_B,7.0,Soup,Thai
1214684,54,67,1438,240.56,242.56,0,0,54,638,56,TYPE_B,7.0,Soup,Thai
1332265,55,67,1438,241.56,241.56,0,0,53,638,56,TYPE_B,7.0,Soup,Thai
1005674,56,67,1438,242.56,241.56,0,0,136,638,56,TYPE_B,7.0,Soup,Thai
1216173,57,67,1438,242.53,242.53,0,0,150,638,56,TYPE_B,7.0,Soup,Thai
1349314,58,67,1438,243.53,241.53,0,0,80,638,56,TYPE_B,7.0,Soup,Thai
1459394,59,67,1438,243.53,241.53,0,0,148,638,56,TYPE_B,7.0,Soup,Thai
1078518,60,67,1438,242.53,242.53,0,0,134,638,56,TYPE_B,7.0,Soup,Thai
1239560,61,67,1438,242.53,241.53,0,0,122,638,56,TYPE_B,7.0,Soup,Thai
1146784,62,67,1438,243.53,241.53,0,0,94,638,56,TYPE_B,7.0,Soup,Thai
1121465,63,67,1438,248.38,246.38,0,0,81,638,56,TYPE_B,7.0,Soup,Thai
1375198,64,67,1438,242.53,242.53,0,0,94,638,56,TYPE_B,7.0,Soup,Thai
1256578,65,67,1438,242.53,241.53,0,0,95,638,56,TYPE_B,7.0,Soup,Thai
1383188,66,67,1438,241.53,243.53,0,0,55,638,56,TYPE_B,7.0,Soup,Thai
1422585,67,67,1438,243.53,242.53,0,0,108,638,56,TYPE_B,7.0,Soup,Thai
1216207,68,67,1438,241.53,242.53,0,0,67,638,56,TYPE_B,7.0,Soup,Thai
1226774,69,67,1438,235.74,236.74,0,0,177,638,56,TYPE_B,7.0,Soup,Thai
1202543,70,67,1438,233.83,232.83,0,0,204,638,56,TYPE_B,7.0,Soup,Thai
1249646,71,67,1438,232.83,233.83,0,0,162,638,56,TYPE_B,7.0,Soup,Thai
1052234,72,67,1438,233.83,231.83,0,0,163,638,56,TYPE_B,7.0,Soup,Thai
1282390,73,67,1438,233.83,232.83,0,0,162,638,56,TYPE_B,7.0,Soup,Thai
1290486,74,67,1438,232.83,233.83,0,0,96,638,56,TYPE_B,7.0,Soup,Thai
1146031,75,67,1438,232.83,233.83,0,0,80,638,56,TYPE_B,7.0,Soup,Thai
1341881,76,67,1438,233.83,232.83,0,0,94,638,56,TYPE_B,7.0,Soup,Thai
1197062,77,67,1438,232.83,231.83,0,0,122,638,56,TYPE_B,7.0,Soup,Thai
1258769,78,67,1438,232.83,233.83,0,0,283,638,56,TYPE_B,7.0,Soup,Thai
1116887,79,67,1438,231.83,233.83,0,0,81,638,56,TYPE_B,7.0,Soup,Thai
1128564,80,67,1438,231.83,233.83,0,0,41,638,56,TYPE_B,7.0,Soup,Thai
1036453,81,67,1438,214.37,215.37,0,0,177,638,56,TYPE_B,7.0,Soup,Thai
1005432,82,67,1438,214.43,213.43,0,0,123,638,56,TYPE_B,7.0,Soup,Thai
1006070,83,67,1438,214.43,213.43,0,0,108,638,56,TYPE_B,7.0,Soup,Thai
1203753,84,67,1438,213.43,213.43,0,0,28,638,56,TYPE_B,7.0,Soup,Thai
1398731,85,67,1438,227.98,226.98,0,0,53,638,56,TYPE_B,7.0,Soup,Thai
1424593,86,67,1438,214.43,213.43,0,0,81,638,56,TYPE_B,7.0,Soup,Thai
1059425,87,67,1438,214.43,214.43,0,0,67,638,56,TYPE_B,7.0,Soup,Thai
1216646,88,67,1438,213.43,214.43,0,0,109,638,56,TYPE_B,7.0,Soup,Thai
1318009,89,67,1438,221.22,220.22,0,0,121,638,56,TYPE_B,7.0,Soup,Thai
1275273,90,67,1438,214.43,213.43,0,0,123,638,56,TYPE_B,7.0,Soup,Thai
1104004,91,67,1438,212.43,213.43,0,0,67,638,56,TYPE_B,7.0,Soup,Thai
1016051,92,67,1438,213.43,212.43,0,0,229,638,56,TYPE_B,7.0,Soup,Thai
1419434,93,67,1438,194.0,194.0,0,0,108,638,56,TYPE_B,7.0,Soup,Thai
1317436,94,67,1438,195.0,196.0,0,0,202,638,56,TYPE_B,7.0,Soup,Thai
1198740,95,67,1438,194.0,194.0,0,0,243,638,56,TYPE_B,7.0,Soup,Thai
1209091,96,67,1438,195.0,195.0,0,0,136,638,56,TYPE_B,7.0,Soup,Thai
1342950,97,67,1438,196.0,196.0,0,0,108,638,56,TYPE_B,7.0,Soup,Thai
1420722,98,67,1438,196.0,196.0,0,0,217,638,56,TYPE_B,7.0,Soup,Thai
1496008,99,67,1438,196.0,194.0,0,0,203,638,56,TYPE_B,7.0,Soup,Thai
1472516,100,67,1438,196.0,196.0,0,0,231,638,56,TYPE_B,7.0,Soup,Thai
1423827,101,67,1438,195.0,194.0,0,0,242,638,56,TYPE_B,7.0,Soup,Thai
1178396,102,67,1438,196.0,196.0,0,0,230,638,56,TYPE_B,7.0,Soup,Thai
1401980,103,67,1438,194.0,194.0,0,0,325,638,56,TYPE_B,7.0,Soup,Thai
1292282,104,67,1438,195.0,195.0,0,0,175,638,56,TYPE_B,7.0,Soup,Thai
1197204,105,67,1438,243.5,243.5,0,0,122,638,56,TYPE_B,7.0,Soup,Thai
1448587,106,67,1438,245.41,247.41,0,0,134,638,56,TYPE_B,7.0,Soup,Thai
1209923,107,67,1438,244.5,242.5,0,0,55,638,56,TYPE_B,7.0,Soup,Thai
1031103,108,67,1438,244.5,243.5,0,0,96,638,56,TYPE_B,7.0,Soup,Thai
1281173,109,67,1438,244.5,243.5,0,0,67,638,56,TYPE_B,7.0,Soup,Thai
1231940,110,67,1438,242.5,243.5,0,0,107,638,56,TYPE_B,7.0,Soup,Thai
1350128,111,67,1438,244.5,244.5,0,0,42,638,56,TYPE_B,7.0,Soup,Thai
1112871,113,67,1438,244.5,243.5,0,0,175,638,56,TYPE_B,7.0,Soup,Thai
1101203,114,67,1438,244.5,242.5,0,0,96,638,56,TYPE_B,7.0,Soup,Thai
