Data set/Center wise/Center_67_Rank6.csv
id,week,center_id,meal_id,checkout_price,base_price,emailer_for_promotion,homepage_featured,num_orders,city_code,region_code,center_type,op_area,category,cuisine
1271949,1,67,1847,243.5,271.63,0,0,94,638,56,TYPE_B,7.0,Soup,Thai
1103132,2,67,1847,244.5,272.63,0,0,41,638,56,TYPE_B,7.0,Soup,Thai
1344595,3,67,1847,242.5,271.63,0,0,42,638,56,TYPE_B,7.0,Soup,Thai
1116131,4,67,1847,244.5,270.63,0,0,53,638,56,TYPE_B,7.0,Soup,Thai
1457378,6,67,1847,244.5,270.63,0,0,55,638,56,TYPE_B,7.0,Soup,Thai
1112805,7,67,1847,244.5,270.63,0,0,28,638,56,TYPE_B,7.0,Soup,Thai
1166997,8,67,1847,243.5,242.5,0,0,54,638,56,TYPE_B,7.0,Soup,Thai
1032295,10,67,1847,270.63,271.63,0,0,13,638,56,TYPE_B,7.0,Soup,Thai
1438583,11,67,1847,272.63,271.63,0,0,26,638,56,TYPE_B,7.0,Soup,Thai
1026555,13,67,1847,243.5,270.63,0,0,55,638,56,TYPE_B,7.0,Soup,Thai
1226906,14,67,1847,242.5,270.63,0,0,55,638,56,TYPE_B,7.0,Soup,Thai
1057357,15,67,1847,244.5,271.63,0,0,42,638,56,TYPE_B,7.0,Soup,Thai
1319832,16,67,1847,243.5,270.63,0,0,13,638,56,TYPE_B,7.0,Soup,Thai
1371572,17,67,1847,244.5,271.63,0,0,82,638,56,TYPE_B,7.0,Soup,Thai
1403583,18,67,1847,243.5,271.63,0,0,42,638,56,TYPE_B,7.0,Soup,Thai
1036035,19,67,1847,242.5,243.5,0,0,27,638,56,TYPE_B,7.0,Soup,Thai
1277348,20,67,1847,242.5,243.5,0,0,67,638,56,TYPE_B,7.0,Soup,Thai
1347014,21,67,1847,244.5,244.5,0,0,40,638,56,TYPE_B,7.0,Soup,Thai
1181352,22,67,1847,248.32,249.32,0,0,136,638,56,TYPE_B,7.0,Soup,Thai
1168794,23,67,1847,243.5,243.5,0,0,80,638,56,TYPE_B,7.0,Soup,Thai
1069355,24,67,1847,244.5,242.5,0,0,40,638,56,TYPE_B,7.0,Soup,Thai
1192521,25,67,1847,244.5,242.5,0,0,27,638,56,TYPE_B,7.0,Soup,Thai
1388275,26,67,1847,242.5,243.5,0,0,55,638,56,TYPE_B,7.0,Soup,Thai
1466119,28,67,1847,244.5,244.5,0,0,67,638,56,TYPE_B,7.0,Soup,Thai
1177748,29,67,1847,194.0,242.5,0,0,69,638,56,TYPE_B,7.0,Soup,Thai
1235937,30,67,1847,195.0,242.5,0,0,68,638,56,TYPE_B,7.0,Soup,Thai
1110131,31,67,1847,196.0,242.5,0,0,55,638,56,TYPE_B,7.0,Soup,Thai
1093011,32,67,1847,195.0,244.5,0,0,96,638,56,TYPE_B,7.0,Soup,Thai
1174863,33,67,1847,258.08,256.08,0,0,28,638,56,TYPE_B,7.0,Soup,Thai
1110714,34,67,1847,258.08,257.08,0,0,94,638,56,TYPE_B,7.0,Soup,Thai
1357788,35,67,1847,257.08,257.08,0,0,40,638,56,TYPE_B,7.0,Soup,Thai
1463471,37,67,1847,196.0,257.08,0,0,13,638,56,TYPE_B,7.0,Soup,Thai
1249526,38,67,1847,196.0,257.08,0,0,67,638,56,TYPE_B,7.0,Soup,Thai
1221411,39,67,1847,194.0,258.08,0,0,94,638,56,TYPE_B,7.0,Soup,Thai
1324697,40,67,1847,195.0,257.08,0,0,136,638,56,TYPE_B,7.0,Soup,Thai
1060516,41,67,1847,223.13,256.08,0,0,161,638,56,TYPE_B,7.0,Soup,Thai
1053190,42,67,1847,219.28,256.08,0,0,229,638,56,TYPE_B,7.0,Soup,Thai
1459412,43,67,1847,222.19,221.19,0,0,257,638,56,TYPE_B,7.0,Soup,Thai
1132015,44,67,1847,217.28,218.28,0,0,109,638,56,TYPE_B,7.0,Soup,Thai
1439006,45,67,1847,233.8,233.8,0,0,161,638,56,TYPE_B,7.0,Soup,Thai
1358276,46,67,1847,233.8,233.8,0,0,123,638,56,TYPE_B,7.0,Soup,Thai
1345024,47,67,1847,234.8,234.8,0,0,161,638,56,TYPE_B,7.0,Soup,Thai
1320441,48,67,1847,232.8,233.8,0,0,68,638,56,TYPE_B,7.0,Soup,Thai
1253280,49,67,1847,242.56,240.56,0,0,188,638,56,TYPE_B,7.0,Soup,Thai
1244228,50,67,1847,240.56,241.56,0,0,134,638,56,TYPE_B,7.0,Soup,Thai
1310107,51,67,1847,242.56,241.56,0,0,162,638,56,TYPE_B,7.0,Soup,Thai
1400863,52,67,1847,241.56,242.56,0,0,121,638,56,TYPE_B,7.0,Soup,Thai
1449695,53,67,1847,242.56,240.56,0,0,94,638,56,TYPE_B,7.0,Soup,Thai
1203818,54,67,1847,241.56,240.56,0,0,136,638,56,TYPE_B,7.0,Soup,Thai
1416194,55,67,1847,242.56,242.56,0,0,81,638,56,TYPE_B,7.0,Soup,Thai
1357487,56,67,1847,242.56,240.56,0,0,135,638,56,TYPE_B,7.0,Soup,Thai
1379252,57,67,1847,242.53,242.53,0,0,94,638,56,TYPE_B,7.0,Soup,Thai
1158483,58,67,1847,242.53,243.53,0,0,53,638,56,TYPE_B,7.0,Soup,Thai
1146107,59,67,1847,242.53,243.53,0,0,69,638,56,TYPE_B,7.0,Soup,Thai
1205557,60,67,1847,242.53,242.53,0,0,82,638,56,TYPE_B,7.0,Soup,Thai
1158732,61,67,1847,241.53,241.53,0,0,80,638,56,TYPE_B,7.0,Soup,Thai
1303227,62,67,1847,242.53,243.53,0,0,54,638,56,TYPE_B,7.0,Soup,Thai
1430671,63,67,1847,243.53,243.53,0,0,68,638,56,TYPE_B,7.0,Soup,Thai
1479926,64,67,1847,249.35,248.35,0,0,68,638,56,TYPE_B,7.0,Soup,Thai
1234068,65,67,1847,241.53,242.53,0,0,53,638,56,TYPE_B,7.0,Soup,Thai
1297304,66,67,1847,242.53,242.53,0,0,13,638,56,TYPE_B,7.0,Soup,Thai
1460873,67,67,1847,242.53,243.53,0,0,82,638,56,TYPE_B,7.0,Soup,Thai
1466947,68,67,1847,252.23,251.23,0,0,81,638,56,TYPE_B,7.0,Soup,Thai
1124165,69,67,1847,232.83,232.83,0,0,68,638,56,TYPE_B,7.0,Soup,Thai
1046422,70,67,1847,231.83,232.83,0,0,15,638,56,TYPE_B,7.0,Soup,Thai
1358391,71,67,1847,231.83,231.83,0,0,69,638,56,TYPE_B,7.0,Soup,Thai
1289405,72,67,1847,236.71,236.71,0,0,135,638,56,TYPE_B,7.0,Soup,Thai
1125966,73,67,1847,231.83,231.83,0,0,148,638,56,TYPE_B,7.0,Soup,Thai
1472508,74,67,1847,231.83,233.83,0,0,14,638,56,TYPE_B,7.0,Soup,Thai
1064551,75,67,1847,232.83,232.83,0,0,96,638,56,TYPE_B,7.0,Soup,Thai
1146948,76,67,1847,231.83,231.83,0,0,14,638,56,TYPE_B,7.0,Soup,Thai
1366475,77,67,1847,231.83,232.83,0,0,55,638,56,TYPE_B,7.0,Soup,Thai
1268369,78,67,1847,231.83,233.83,0,0,80,638,56,TYPE_B,7.0,Soup,Thai
1150790,79,67,1847,233.83,233.83,0,0,108,638,56,TYPE_B,7.0,Soup,Thai
1030537,80,67,1847,231.83,233.83,0,0,40,638,56,TYPE_B,7.0,Soup,Thai
1238953,81,67,1847,212.43,213.43,0,0,69,638,56,TYPE_B,7.0,Soup,Thai
1007426,82,67,1847,212.43,212.43,0,0,26,638,56,TYPE_B,7.0,Soup,Thai
1245600,83,67,1847,212.43,212.43,0,0,68,638,56,TYPE_B,7.0,Soup,Thai
1126371,84,67,1847,213.43,213.43,0,0,53,638,56,TYPE_B,7.0,Soup,Thai
1319119,85,67,1847,213.43,213.43,0,0,28,638,56,TYPE_B,7.0,Soup,Thai
1200270,86,67,1847,213.43,213.43,0,0,123,638,56,TYPE_B,7.0,Soup,Thai
1074143,87,67,1847,213.43,212.43,0,0,67,638,56,TYPE_B,7.0,Soup,Thai
1402767,88,67,1847,213.43,214.43,0,0,55,638,56,TYPE_B,7.0,Soup,Thai
1142269,89,67,1847,212.43,213.43,0,0,42,638,56,TYPE_B,7.0,Soup,Thai
1194423,90,67,1847,226.07,225.07,0,0,67,638,56,TYPE_B,7.0,Soup,Thai
1460127,91,67,1847,212.43,214.43,0,0,40,638,56,TYPE_B,7.0,Soup,Thai
1372994,92,67,1847,226.07,226.07,0,0,69,638,56,TYPE_B,7.0,Soup,Thai
1000944,93,67,1847,195.0,225.07,0,0,95,638,56,TYPE_B,7.0,Soup,Thai
1197938,94,67,1847,195.0,226.07,0,0,121,638,56,TYPE_B,7.0,Soup,Thai
1441816,95,67,1847,193.06,225.07,0,0,177,638,56,TYPE_B,7.0,Soup,Thai
1444317,96,67,1847,195.0,226.07,0,0,81,638,56,TYPE_B,7.0,Soup,Thai
1484656,97,67,1847,196.0,225.07,0,0,94,638,56,TYPE_B,7.0,Soup,Thai
1094795,98,67,1847,201.76,226.07,0,0,136,638,56,TYPE_B,7.0,Soup,Thai
1469621,99,67,1847,196.0,194.0,0,0,109,638,56,TYPE_B,7.0,Soup,Thai
1399001,100,67,1847,195.0,194.0,0,0,81,638,56,TYPE_B,7.0,Soup,Thai
1127910,101,67,1847,194.0,196.0,0,0,150,638,56,TYPE_B,7.0,Soup,Thai
1041666,102,67,1847,195.0,194.0,0,0,176,638,56,TYPE_B,7.0,Soup,Thai
1147324,103,67,1847,196.0,196.0,0,0,150,638,56,TYPE_B,7.0,Soup,Thai
1101421,104,67,1847,194.0,194.0,0,0,150,638,56,TYPE_B,7.0,Soup,Thai
1452473,105,67,1847,242.5,242.5,0,0,82,638,56,TYPE_B,7.0,Soup,Thai
1327763,106,67,1847,243.5,242.5,0,0,96,638,56,TYPE_B,7.0,Soup,Thai
1368060,107,67,1847,244.5,242.5,0,0,82,638,56,TYPE_B,7.0,Soup,Thai
1383431,108,67,1847,244.5,242.5,0,0,95,638,56,TYPE_B,7.0,Soup,Thai
1015796,109,67,1847,257.05,257.05,0,0,27,638,56,TYPE_B,7.0,Soup,Thai
1090165,110,67,1847,243.5,244.5,0,0,69,638,56,TYPE_B,7.0,Soup,Thai
1048933,111,67,1847,242.5,243.5,0,0,26,638,56,TYPE_B,7.0,Soup,Thai
1393973,112,67,1847,243.5,243.5,0,0,14,638,56,TYPE_B,7.0,Soup,Thai
1482615,113,67,1847,242.5,242.5,0,0,82,638,56,TYPE_B,7.0,Soup,Thai
1003564,114,67,1847,242.5,243.5,0,0,26,638,56,TYPE_B,7.0,Soup,Thai
1002557,1,67,1558,581.03,612.13,1,0,215,638,56,TYPE_B,7.0,Pizza,Continental
1082659,2,67,1558,581.03,610.13,1,0,81,638,56,TYPE_B,7.0,Pizza,Continental
1110484,3,67,1558,630.53,629.53,0,0,81,638,56,TYPE_B,7.0,Pizza,Continental
1386042,4,67,1558,605.28,606.28,0,0,176,638,56,TYPE_B,7.0,Pizza,Continental
1171908,5,67,1558,612.13,610.13,0,0,13,638,56,TYPE_B,7.0,Pizza,Continental
1099522,6,67,1558,610.13,610.13,0,0,54,638,56,TYPE_B,7.0,Pizza,Continental
1191362,7,67,1558,611.13,612.13,0,0,69,638,56,TYPE_B,7.0,Pizza,Continental
1424999,8,67,1558,611.13,611.13,0,0,54,638,56,TYPE_B,7.0,Pizza,Continental
1216626,9,67,1558,581.03,582.03,0,0,122,638,56,TYPE_B,7.0,Pizza,Continental
1057646,10,67,1558,581.03,582.03,0,0,68,638,56,TYPE_B,7.0,Pizza,Continental
1296956,11,67,1558,582.03,583.03,0,0,96,638,56,TYPE_B,7.0,Pizza,Continental
1182042,12,67,1558,532.53,581.03,1,0,68,638,56,TYPE_B,7.0,Pizza,Continental
1225117,13,67,1558,550.02,581.03,1,0,161,638,56,TYPE_B,7.0,Pizza,Continental
1464526,14,67,1558,612.13,610.13,0,0,80,638,56,TYPE_B,7.0,Pizza,Continental
1180165,15,67,1558,610.13,610.13,0,0,69,638,56,TYPE_B,7.0,Pizza,Continental
1030547,16,67,1558,611.13,610.13,0,0,68,638,56,TYPE_B,7.0,Pizza,Continental
1331787,17,67,1558,610.13,612.13,0,0,95,638,56,TYPE_B,7.0,Pizza,Continental
1211345,18,67,1558,611.13,611.13,0,0,40,638,56,TYPE_B,7.0,Pizza,Continental
1417536,19,67,1558,610.13,610.13,0,0,81,638,56,TYPE_B,7.0,Pizza,Continental
1285772,20,67,1558,515.13,610.13,1,1,107,638,56,TYPE_B,7.0,Pizza,Continental
1377321,21,67,1558,513.13,610.13,1,1,107,638,56,TYPE_B,7.0,Pizza,Continental
1440103,22,67,1558,610.13,612.13,0,0,53,638,56,TYPE_B,7.0,Pizza,Continental
1199216,23,67,1558,610.13,611.13,0,0,40,638,56,TYPE_B,7.0,Pizza,Continental
1361228,24,67,1558,611.13,612.13,0,0,41,638,56,TYPE_B,7.0,Pizza,Continental
1344364,25,67,1558,610.13,610.13,0,0,107,638,56,TYPE_B,7.0,Pizza,Continental
1108207,26,67,1558,485.03,612.13,1,0,95,638,56,TYPE_B,7.0,Pizza,Continental
1198819,27,67,1558,485.03,612.13,1,0,161,638,56,TYPE_B,7.0,Pizza,Continental
1068112,28,67,1558,726.53,727.53,0,0,81,638,56,TYPE_B,7.0,Pizza,Continental
1399694,29,67,1558,728.53,726.53,0,0,13,638,56,TYPE_B,7.0,Pizza,Continental
1201294,30,67,1558,728.53,726.53,0,0,82,638,56,TYPE_B,7.0,Pizza,Continental
1013918,31,67,1558,726.53,727.53,0,0,122,638,56,TYPE_B,7.0,Pizza,Continental
1355751,32,67,1558,728.53,726.53,0,0,41,638,56,TYPE_B,7.0,Pizza,Continental
1280653,33,67,1558,726.53,726.53,0,0,40,638,56,TYPE_B,7.0,Pizza,Continental
1113230,34,67,1558,728.53,727.53,0,0,41,638,56,TYPE_B,7.0,Pizza,Continental
1474292,35,67,1558,678.03,678.03,0,0,96,638,56,TYPE_B,7.0,Pizza,Continental
1400667,36,67,1558,680.03,679.03,0,0,121,638,56,TYPE_B,7.0,Pizza,Continental
1422996,37,67,1558,439.41,678.03,1,1,568,638,56,TYPE_B,7.0,Pizza,Continental
1255382,38,67,1558,447.2,678.03,1,1,539,638,56,TYPE_B,7.0,Pizza,Continental
1399410,39,67,1558,435.59,679.03,0,1,553,638,56,TYPE_B,7.0,Pizza,Continental
1410827,40,67,1558,434.59,678.03,0,1,338,638,56,TYPE_B,7.0,Pizza,Continental
1155515,41,67,1558,679.03,680.03,0,0,107,638,56,TYPE_B,7.0,Pizza,Continental
1290982,42,67,1558,678.03,678.03,0,1,81,638,56,TYPE_B,7.0,Pizza,Continental
1176677,43,67,1558,680.03,678.03,0,0,94,638,56,TYPE_B,7.0,Pizza,Continental
1483732,44,67,1558,680.03,679.03,0,0,54,638,56,TYPE_B,7.0,Pizza,Continental
1065333,45,67,1558,490.88,680.03,1,0,593,638,56,TYPE_B,7.0,Pizza,Continental
1201360,46,67,1558,486.03,680.03,0,0,392,638,56,TYPE_B,7.0,Pizza,Continental
1003544,47,67,1558,460.78,678.03,0,1,420,638,56,TYPE_B,7.0,Pizza,Continental
1389368,48,67,1558,679.03,678.03,0,0,95,638,56,TYPE_B,7.0,Pizza,Continental
1315756,49,67,1558,678.03,679.03,0,0,135,638,56,TYPE_B,7.0,Pizza,Continental
1089756,50,67,1558,679.03,680.03,0,0,67,638,56,TYPE_B,7.0,Pizza,Continental
1068610,51,67,1558,680.03,680.03,0,0,67,638,56,TYPE_B,7.0,Pizza,Continental
1371730,52,67,1558,679.03,678.03,0,0,121,638,56,TYPE_B,7.0,Pizza,Continental
1386977,53,67,1558,680.03,678.03,0,0,215,638,56,TYPE_B,7.0,Pizza,Continental
1313091,54,67,1558,680.03,679.03,0,1,122,638,56,TYPE_B,7.0,Pizza,Continental
1464924,55,67,1558,484.03,679.03,1,1,432,638,56,TYPE_B,7.0,Pizza,Continental
1008896,56,67,1558,679.03,680.03,0,0,80,638,56,TYPE_B,7.0,Pizza,Continental
1041336,57,67,1558,678.03,678.03,0,0,176,638,56,TYPE_B,7.0,Pizza,Continental
1077359,58,67,1558,678.03,678.03,0,0,176,638,56,TYPE_B,7.0,Pizza,Continental
1302890,59,67,1558,679.03,678.03,0,0,243,638,56,TYPE_B,7.0,Pizza,Continental
1287350,60,67,1558,678.03,679.03,0,0,96,638,56,TYPE_B,7.0,Pizza,Continental
1069505,61,67,1558,441.35,680.03,1,1,810,638,56,TYPE_B,7.0,Pizza,Continental
1397809,62,67,1558,435.59,678.03,1,0,270,638,56,TYPE_B,7.0,Pizza,Continental
1463451,63,67,1558,434.59,678.03,1,0,622,638,56,TYPE_B,7.0,Pizza,Continental
1295340,64,67,1558,448.2,679.03,1,1,782,638,56,TYPE_B,7.0,Pizza,Continental
1476008,65,67,1558,679.03,680.03,0,0,81,638,56,TYPE_B,7.0,Pizza,Continental
1207610,66,67,1558,679.03,680.03,0,0,109,638,56,TYPE_B,7.0,Pizza,Continental
1048183,67,67,1558,678.03,680.03,0,0,162,638,56,TYPE_B,7.0,Pizza,Continental
1292888,68,67,1558,680.03,678.03,0,0,28,638,56,TYPE_B,7.0,Pizza,Continental
1370276,69,67,1558,680.03,680.03,0,0,80,638,56,TYPE_B,7.0,Pizza,Continental
1229040,70,67,1558,678.03,678.03,0,1,95,638,56,TYPE_B,7.0,Pizza,Continental
1250105,71,67,1558,680.03,680.03,0,0,41,638,56,TYPE_B,7.0,Pizza,Continental
1335788,72,67,1558,678.03,680.03,0,0,68,638,56,TYPE_B,7.0,Pizza,Continental
1366866,73,67,1558,679.03,680.03,0,0,55,638,56,TYPE_B,7.0,Pizza,Continental
1372398,74,67,1558,678.03,678.03,0,0,122,638,56,TYPE_B,7.0,Pizza,Continental
1421989,75,67,1558,486.03,678.03,1,0,404,638,56,TYPE_B,7.0,Pizza,Continental
1223792,76,67,1558,485.03,680.03,1,0,378,638,56,TYPE_B,7.0,Pizza,Continental
1266926,77,67,1558,678.03,679.03,0,0,28,638,56,TYPE_B,7.0,Pizza,Continental
1187715,78,67,1558,678.03,679.03,0,0,54,638,56,TYPE_B,7.0,Pizza,Continental
1277144,79,67,1558,469.48,679.03,1,1,445,638,56,TYPE_B,7.0,Pizza,Continental
1343255,80,67,1558,651.87,652.87,0,0,109,638,56,TYPE_B,7.0,Pizza,Continental
1398357,81,67,1558,678.03,678.03,0,0,42,638,56,TYPE_B,7.0,Pizza,Continental
1248839,82,67,1558,678.03,678.03,0,0,121,638,56,TYPE_B,7.0,Pizza,Continental
1400266,83,67,1558,678.03,678.03,0,0,81,638,56,TYPE_B,7.0,Pizza,Continental
1186461,84,67,1558,486.03,680.03,1,1,472,638,56,TYPE_B,7.0,Pizza,Continental
1199720,85,67,1558,485.03,679.03,1,0,474,638,56,TYPE_B,7.0,Pizza,Continental
1274465,86,67,1558,485.03,679.03,0,0,136,638,56,TYPE_B,7.0,Pizza,Continental
1264691,87,67,1558,484.03,678.03,0,0,243,638,56,TYPE_B,7.0,Pizza,Continental
1478448,88,67,1558,486.03,678.03,0,0,312,638,56,TYPE_B,7.0,Pizza,Continental
1375792,89,67,1558,464.66,679.03,1,1,419,638,56,TYPE_B,7.0,Pizza,Continental
1169335,90,67,1558,485.03,679.03,0,0,257,638,56,TYPE_B,7.0,Pizza,Continental
1447415,91,67,1558,484.03,679.03,0,0,324,638,56,TYPE_B,7.0,Pizza,Continental
1031809,92,67,1558,435.53,678.03,1,0,513,638,56,TYPE_B,7.0,Pizza,Continental
1347833,93,67,1558,435.53,680.03,1,0,717,638,56,TYPE_B,7.0,Pizza,Continental
1379952,94,67,1558,680.03,679.03,0,0,80,638,56,TYPE_B,7.0,Pizza,Continental
1488395,95,67,1558,678.03,679.03,0,0,94,638,56,TYPE_B,7.0,Pizza,Continental
1244377,96,67,1558,678.03,679.03,0,0,80,638,56,TYPE_B,7.0,Pizza,Continental
1490901,97,67,1558,678.03,678.03,0,0,123,638,56,TYPE_B,7.0,Pizza,Continental
1068626,98,67,1558,534.5,680.03,1,1,188,638,56,TYPE_B,7.0,Pizza,Continental
1461700,99,67,1558,535.5,679.03,1,1,134,638,56,TYPE_B,7.0,Pizza,Continental
1354289,100,67,1558,680.03,679.03,0,0,163,638,56,TYPE_B,7.0,Pizza,Continental
1426859,101,67,1558,679.03,680.03,0,0,229,638,56,TYPE_B,7.0,Pizza,Continental
1382515,102,67,1558,679.03,678.03,0,0,136,638,56,TYPE_B,7.0,Pizza,Continental
1306639,103,67,1558,678.03,678.03,0,0,96,638,56,TYPE_B,7.0,Pizza,Continental
1426954,104,67,1558,678.03,680.03,0,0,216,638,56,TYPE_B,7.0,Pizza,Continental
1455544,105,67,1558,679.03,680.03,0,0,54,638,56,TYPE_B,7.0,Pizza,Continental
1095999,106,67,1558,679.03,678.03,0,0,94,638,56,TYPE_B,7.0,Pizza,Continental
1154878,107,67,1558,679.03,680.03,0,0,80,638,56,TYPE_B,7.0,Pizza,Continental
1460456,108,67,1558,498.64,679.03,0,1,406,638,56,TYPE_B,7.0,Pizza,Continental
1340132,109,67,1558,489.88,680.03,1,0,1013,638,56,TYPE_B,7.0,Pizza,Continental
1430489,110,67,1558,680.03,680.03,0,1,122,638,56,TYPE_B,7.0,Pizza,Continental
1418397,111,67,1558,698.43,679.03,0,1,94,638,56,TYPE_B,7.0,Pizza,Continental
1401821,112,67,1558,699.43,678.03,0,1,123,638,56,TYPE_B,7.0,Pizza,Continental
1188220,113,67,1558,466.57,678.03,1,1,743,638,56,TYPE_B,7.0,Pizza,Continental
1217537,114,67,1558,464.69,678.03,1,1,594,638,56,TYPE_B,7.0,Pizza,Continental
