Data set/Center wise/Center_67_Rank6.csv
id,week,center_id,meal_id,checkout_price,base_price,emailer_for_promotion,homepage_featured,num_orders,city_code,region_code,center_type,op_area,category,cuisine
1023639,1,67,2581,583.03,612.13,1,1,351,638,56,TYPE_B,7.0,Pizza,Continental
1080061,2,67,2581,583.03,611.13,1,1,351,638,56,TYPE_B,7.0,Pizza,Continental
1470835,3,67,2581,611.13,610.13,0,0,311,638,56,TYPE_B,7.0,Pizza,Continental
1032876,4,67,2581,618.92,617.92,0,0,244,638,56,TYPE_B,7.0,Pizza,Continental
1057248,5,67,2581,611.13,611.13,0,0,258,638,56,TYPE_B,7.0,Pizza,Continental
1116531,6,67,2581,611.13,611.13,0,0,161,638,56,TYPE_B,7.0,Pizza,Continental
1139209,7,67,2581,612.13,612.13,0,0,217,638,56,TYPE_B,7.0,Pizza,Continental
1152917,8,67,2581,612.13,610.13,0,0,55,638,56,TYPE_B,7.0,Pizza,Continental
1392626,9,67,2581,581.03,581.03,0,0,134,638,56,TYPE_B,7.0,Pizza,Continental
1148663,10,67,2581,582.03,581.03,0,0,148,638,56,TYPE_B,7.0,Pizza,Continental
1265196,11,67,2581,582.03,582.03,0,0,123,638,56,TYPE_B,7.0,Pizza,Continental
1014566,12,67,2581,534.53,582.03,1,0,244,638,56,TYPE_B,7.0,Pizza,Continental
1094270,13,67,2581,533.53,582.03,1,1,243,638,56,TYPE_B,7.0,Pizza,Continental
1122439,14,67,2581,602.43,602.43,0,0,109,638,56,TYPE_B,7.0,Pizza,Continental
1441092,15,67,2581,612.13,611.13,0,0,189,638,56,TYPE_B,7.0,Pizza,Continental
1148767,16,67,2581,626.68,626.68,0,0,108,638,56,TYPE_B,7.0,Pizza,Continental
1015986,17,67,2581,610.13,611.13,0,0,148,638,56,TYPE_B,7.0,Pizza,Continental
1031562,18,67,2581,610.13,611.13,0,0,68,638,56,TYPE_B,7.0,Pizza,Continental
1248297,19,67,2581,617.89,617.89,0,0,217,638,56,TYPE_B,7.0,Pizza,Continental
1244559,20,67,2581,515.13,619.89,1,1,94,638,56,TYPE_B,7.0,Pizza,Continental
1300229,21,67,2581,515.13,618.89,1,1,229,638,56,TYPE_B,7.0,Pizza,Continental
1185908,22,67,2581,612.13,610.13,0,0,242,638,56,TYPE_B,7.0,Pizza,Continental
1103698,23,67,2581,610.13,610.13,0,0,162,638,56,TYPE_B,7.0,Pizza,Continental
1118680,24,67,2581,612.13,611.13,0,0,136,638,56,TYPE_B,7.0,Pizza,Continental
1095699,25,67,2581,612.13,612.13,0,0,217,638,56,TYPE_B,7.0,Pizza,Continental
1185383,26,67,2581,494.73,612.13,1,0,338,638,56,TYPE_B,7.0,Pizza,Continental
1375384,27,67,2581,495.67,612.13,1,0,283,638,56,TYPE_B,7.0,Pizza,Continental
1211412,28,67,2581,726.53,726.53,0,0,136,638,56,TYPE_B,7.0,Pizza,Continental
1421476,29,67,2581,727.53,726.53,0,0,121,638,56,TYPE_B,7.0,Pizza,Continental
1041019,30,67,2581,727.53,726.53,0,0,94,638,56,TYPE_B,7.0,Pizza,Continental
1216140,31,67,2581,727.53,726.53,0,0,67,638,56,TYPE_B,7.0,Pizza,Continental
1040112,32,67,2581,728.53,728.53,0,0,69,638,56,TYPE_B,7.0,Pizza,Continental
1093746,33,67,2581,727.53,726.53,0,0,109,638,56,TYPE_B,7.0,Pizza,Continental
1177179,34,67,2581,727.53,726.53,0,0,109,638,56,TYPE_B,7.0,Pizza,Continental
1061679,35,67,2581,678.03,679.03,0,0,189,638,56,TYPE_B,7.0,Pizza,Continental
1471889,36,67,2581,680.03,678.03,0,0,190,638,56,TYPE_B,7.0,Pizza,Continental
1369733,37,67,2581,438.47,678.03,1,1,919,638,56,TYPE_B,7.0,Pizza,Continental
1177093,38,67,2581,433.59,679.03,1,1,594,638,56,TYPE_B,7.0,Pizza,Continental
1275480,39,67,2581,435.59,679.03,0,1,514,638,56,TYPE_B,7.0,Pizza,Continental
1449925,40,67,2581,435.59,680.03,0,1,474,638,56,TYPE_B,7.0,Pizza,Continental
1144622,41,67,2581,678.03,680.03,0,0,123,638,56,TYPE_B,7.0,Pizza,Continental
1030338,42,67,2581,679.03,679.03,0,0,189,638,56,TYPE_B,7.0,Pizza,Continental
1386198,43,67,2581,679.03,678.03,0,0,123,638,56,TYPE_B,7.0,Pizza,Continental
1363793,44,67,2581,679.03,680.03,0,0,148,638,56,TYPE_B,7.0,Pizza,Continental
1057818,45,67,2581,485.03,680.03,1,1,486,638,56,TYPE_B,7.0,Pizza,Continental
1064142,46,67,2581,485.03,680.03,0,0,406,638,56,TYPE_B,7.0,Pizza,Continental
1419934,47,67,2581,452.99,680.03,0,0,447,638,56,TYPE_B,7.0,Pizza,Continental
1371244,48,67,2581,680.03,678.03,0,0,217,638,56,TYPE_B,7.0,Pizza,Continental
1440814,49,67,2581,679.03,679.03,0,0,258,638,56,TYPE_B,7.0,Pizza,Continental
1258573,50,67,2581,680.03,678.03,0,1,269,638,56,TYPE_B,7.0,Pizza,Continental
1115552,51,67,2581,678.03,679.03,0,0,161,638,56,TYPE_B,7.0,Pizza,Continental
1056759,52,67,2581,679.03,679.03,0,0,162,638,56,TYPE_B,7.0,Pizza,Continental
1011217,53,67,2581,679.03,679.03,0,0,231,638,56,TYPE_B,7.0,Pizza,Continental
1205277,54,67,2581,678.03,679.03,0,0,161,638,56,TYPE_B,7.0,Pizza,Continental
1230386,55,67,2581,485.03,678.03,1,1,635,638,56,TYPE_B,7.0,Pizza,Continental
1106989,56,67,2581,680.03,680.03,0,0,203,638,56,TYPE_B,7.0,Pizza,Continental
1332030,57,67,2581,678.03,680.03,0,1,150,638,56,TYPE_B,7.0,Pizza,Continental
1395837,58,67,2581,679.03,680.03,0,0,217,638,56,TYPE_B,7.0,Pizza,Continental
1449187,59,67,2581,679.03,679.03,0,0,190,638,56,TYPE_B,7.0,Pizza,Continental
1054289,60,67,2581,679.03,680.03,0,0,148,638,56,TYPE_B,7.0,Pizza,Continental
1157813,61,67,2581,438.47,679.03,1,1,769,638,56,TYPE_B,7.0,Pizza,Continental
1176046,62,67,2581,435.59,680.03,1,1,231,638,56,TYPE_B,7.0,Pizza,Continental
1483240,63,67,2581,433.59,680.03,1,0,593,638,56,TYPE_B,7.0,Pizza,Continental
1214055,64,67,2581,441.41,679.03,1,0,568,638,56,TYPE_B,7.0,Pizza,Continental
1292026,65,67,2581,597.55,679.03,0,0,80,638,56,TYPE_B,7.0,Pizza,Continental
1209079,66,67,2581,678.03,680.03,0,1,150,638,56,TYPE_B,7.0,Pizza,Continental
1431283,67,67,2581,678.03,678.03,0,0,107,638,56,TYPE_B,7.0,Pizza,Continental
1052971,68,67,2581,678.03,678.03,0,1,123,638,56,TYPE_B,7.0,Pizza,Continental
1331964,69,67,2581,680.03,679.03,0,0,67,638,56,TYPE_B,7.0,Pizza,Continental
1028673,70,67,2581,678.03,679.03,0,0,54,638,56,TYPE_B,7.0,Pizza,Continental
1180966,71,67,2581,679.03,680.03,0,0,109,638,56,TYPE_B,7.0,Pizza,Continental
1343395,72,67,2581,680.03,678.03,0,0,81,638,56,TYPE_B,7.0,Pizza,Continental
1309160,73,67,2581,678.03,680.03,0,0,67,638,56,TYPE_B,7.0,Pizza,Continental
1184693,74,67,2581,679.03,678.03,0,0,82,638,56,TYPE_B,7.0,Pizza,Continental
1328544,75,67,2581,484.03,678.03,1,0,378,638,56,TYPE_B,7.0,Pizza,Continental
1165369,76,67,2581,485.03,680.03,1,0,243,638,56,TYPE_B,7.0,Pizza,Continental
1490331,77,67,2581,680.03,678.03,0,0,55,638,56,TYPE_B,7.0,Pizza,Continental
1383425,78,67,2581,680.03,680.03,0,0,69,638,56,TYPE_B,7.0,Pizza,Continental
1305342,79,67,2581,463.69,678.03,1,1,298,638,56,TYPE_B,7.0,Pizza,Continental
1001083,80,67,2581,678.03,678.03,0,0,188,638,56,TYPE_B,7.0,Pizza,Continental
1402599,81,67,2581,678.03,678.03,0,0,122,638,56,TYPE_B,7.0,Pizza,Continental
1425279,82,67,2581,680.03,679.03,0,0,123,638,56,TYPE_B,7.0,Pizza,Continental
1451599,83,67,2581,679.03,678.03,0,0,81,638,56,TYPE_B,7.0,Pizza,Continental
1013327,84,67,2581,485.03,679.03,1,1,621,638,56,TYPE_B,7.0,Pizza,Continental
1282408,85,67,2581,493.79,679.03,1,0,351,638,56,TYPE_B,7.0,Pizza,Continental
1470796,86,67,2581,486.03,680.03,0,0,215,638,56,TYPE_B,7.0,Pizza,Continental
1445615,87,67,2581,485.03,680.03,0,0,123,638,56,TYPE_B,7.0,Pizza,Continental
1361434,88,67,2581,484.03,679.03,0,0,188,638,56,TYPE_B,7.0,Pizza,Continental
1023574,89,67,2581,464.69,678.03,1,1,460,638,56,TYPE_B,7.0,Pizza,Continental
1294425,90,67,2581,486.03,678.03,0,0,203,638,56,TYPE_B,7.0,Pizza,Continental
1167986,91,67,2581,484.03,679.03,0,0,217,638,56,TYPE_B,7.0,Pizza,Continental
1214858,92,67,2581,444.26,680.03,1,0,458,638,56,TYPE_B,7.0,Pizza,Continental
1241237,93,67,2581,443.35,678.03,1,1,527,638,56,TYPE_B,7.0,Pizza,Continental
1350243,94,67,2581,679.03,678.03,0,0,67,638,56,TYPE_B,7.0,Pizza,Continental
1359057,95,67,2581,680.03,680.03,0,0,109,638,56,TYPE_B,7.0,Pizza,Continental
1332346,96,67,2581,678.03,679.03,0,0,134,638,56,TYPE_B,7.0,Pizza,Continental
1367428,97,67,2581,680.03,680.03,0,0,95,638,56,TYPE_B,7.0,Pizza,Continental
1122197,98,67,2581,533.5,680.03,1,0,135,638,56,TYPE_B,7.0,Pizza,Continental
1356519,99,67,2581,533.5,679.03,1,0,123,638,56,TYPE_B,7.0,Pizza,Continental
1101047,100,67,2581,680.03,680.03,0,1,163,638,56,TYPE_B,7.0,Pizza,Continental
1394941,101,67,2581,679.03,679.03,0,0,95,638,56,TYPE_B,7.0,Pizza,Continental
1280877,102,67,2581,678.03,680.03,0,0,257,638,56,TYPE_B,7.0,Pizza,Continental
1410409,103,67,2581,679.03,680.03,0,1,188,638,56,TYPE_B,7.0,Pizza,Continental
1467887,104,67,2581,679.03,678.03,0,0,163,638,56,TYPE_B,7.0,Pizza,Continental
1424666,105,67,2581,680.03,678.03,0,0,107,638,56,TYPE_B,7.0,Pizza,Continental
1069817,106,67,2581,679.03,680.03,0,0,136,638,56,TYPE_B,7.0,Pizza,Continental
1142617,107,67,2581,679.03,679.03,0,0,69,638,56,TYPE_B,7.0,Pizza,Continental
1438148,108,67,2581,486.03,680.03,0,1,486,638,56,TYPE_B,7.0,Pizza,Continental
1006795,109,67,2581,486.03,680.03,1,1,931,638,56,TYPE_B,7.0,Pizza,Continental
1056234,110,67,2581,680.03,680.03,0,1,107,638,56,TYPE_B,7.0,Pizza,Continental
1281268,111,67,2581,699.43,680.03,0,1,96,638,56,TYPE_B,7.0,Pizza,Continental
1369316,112,67,2581,699.43,699.43,0,0,216,638,56,TYPE_B,7.0,Pizza,Continental
1137261,113,67,2581,462.69,697.43,1,1,594,638,56,TYPE_B,7.0,Pizza,Continental
1165473,114,67,2581,463.69,698.43,1,1,850,638,56,TYPE_B,7.0,Pizza,Continental
1023188,1,67,1962,582.0,612.13,1,1,418,638,56,TYPE_B,7.0,Pizza,Continental
1058644,2,67,1962,582.03,611.13,1,0,541,638,56,TYPE_B,7.0,Pizza,Continental
1268676,3,67,1962,612.13,612.13,0,0,366,638,56,TYPE_B,7.0,Pizza,Continental
1303139,4,67,1962,607.22,608.22,0,0,487,638,56,TYPE_B,7.0,Pizza,Continental
1287042,5,67,1962,615.98,615.98,0,0,324,638,56,TYPE_B,7.0,Pizza,Continental
1213410,6,67,1962,612.13,611.13,0,0,339,638,56,TYPE_B,7.0,Pizza,Continental
1238754,7,67,1962,612.13,610.13,0,0,366,638,56,TYPE_B,7.0,Pizza,Continental
1355659,8,67,1962,614.98,614.98,0,0,202,638,56,TYPE_B,7.0,Pizza,Continental
1258930,9,67,1962,581.03,581.03,0,0,364,638,56,TYPE_B,7.0,Pizza,Continental
1221359,10,67,1962,581.03,581.03,0,0,431,638,56,TYPE_B,7.0,Pizza,Continental
1192788,11,67,1962,581.03,581.03,0,0,242,638,56,TYPE_B,7.0,Pizza,Continental
1323837,12,67,1962,532.53,581.03,1,0,568,638,56,TYPE_B,7.0,Pizza,Continental
1060146,13,67,1962,533.53,581.03,1,1,553,638,56,TYPE_B,7.0,Pizza,Continental
1310824,14,67,1962,611.13,610.13,0,0,215,638,56,TYPE_B,7.0,Pizza,Continental
1330917,15,67,1962,611.13,612.13,0,0,283,638,56,TYPE_B,7.0,Pizza,Continental
1000681,16,67,1962,610.13,610.13,0,0,204,638,56,TYPE_B,7.0,Pizza,Continental
1496952,17,67,1962,615.98,616.98,0,0,325,638,56,TYPE_B,7.0,Pizza,Continental
1167355,18,67,1962,612.13,611.13,0,0,269,638,56,TYPE_B,7.0,Pizza,Continental
1007313,19,67,1962,612.13,611.13,0,0,285,638,56,TYPE_B,7.0,Pizza,Continental
1265198,20,67,1962,513.13,612.13,1,0,608,638,56,TYPE_B,7.0,Pizza,Continental
1338593,21,67,1962,513.13,610.13,1,1,391,638,56,TYPE_B,7.0,Pizza,Continental
1468493,22,67,1962,610.13,612.13,0,0,392,638,56,TYPE_B,7.0,Pizza,Continental
1247073,23,67,1962,610.13,610.13,0,0,243,638,56,TYPE_B,7.0,Pizza,Continental
1296957,24,67,1962,612.13,610.13,0,0,404,638,56,TYPE_B,7.0,Pizza,Continental
1005667,25,67,1962,611.13,610.13,0,0,338,638,56,TYPE_B,7.0,Pizza,Continental
1252609,26,67,1962,485.03,611.13,1,1,919,638,56,TYPE_B,7.0,Pizza,Continental
1467897,27,67,1962,485.03,612.13,1,0,675,638,56,TYPE_B,7.0,Pizza,Continental
1378247,28,67,1962,726.53,727.53,0,0,269,638,56,TYPE_B,7.0,Pizza,Continental
1070228,29,67,1962,728.53,727.53,0,0,231,638,56,TYPE_B,7.0,Pizza,Continental
1065969,30,67,1962,728.53,728.53,0,0,190,638,56,TYPE_B,7.0,Pizza,Continental
1115607,31,67,1962,726.53,727.53,0,0,189,638,56,TYPE_B,7.0,Pizza,Continental
1443062,32,67,1962,728.53,727.53,0,0,311,638,56,TYPE_B,7.0,Pizza,Continental
1474582,33,67,1962,726.53,726.53,0,0,242,638,56,TYPE_B,7.0,Pizza,Continental
1015253,34,67,1962,726.53,726.53,0,0,258,638,56,TYPE_B,7.0,Pizza,Continental
1418418,35,67,1962,680.94,681.94,0,0,258,638,56,TYPE_B,7.0,Pizza,Continental
1494919,36,67,1962,680.03,678.03,0,0,257,638,56,TYPE_B,7.0,Pizza,Continental
1254523,37,67,1962,435.59,680.03,1,1,1810,638,56,TYPE_B,7.0,Pizza,Continental
1476208,38,67,1962,433.59,679.03,1,0,1459,638,56,TYPE_B,7.0,Pizza,Continental
1431309,39,67,1962,436.5,679.03,0,0,1174,638,56,TYPE_B,7.0,Pizza,Continental
1020447,40,67,1962,434.59,679.03,0,0,972,638,56,TYPE_B,7.0,Pizza,Continental
1464844,41,67,1962,668.39,679.03,0,1,284,638,56,TYPE_B,7.0,Pizza,Continental
1439468,42,67,1962,680.03,679.03,0,0,404,638,56,TYPE_B,7.0,Pizza,Continental
1141358,43,67,1962,680.03,678.03,0,0,391,638,56,TYPE_B,7.0,Pizza,Continental
1000794,44,67,1962,678.03,680.03,0,0,445,638,56,TYPE_B,7.0,Pizza,Continental
1129645,45,67,1962,484.03,680.03,1,0,1296,638,56,TYPE_B,7.0,Pizza,Continental
1221345,46,67,1962,486.03,680.03,0,0,933,638,56,TYPE_B,7.0,Pizza,Continental
1120970,47,67,1962,452.05,680.03,0,0,985,638,56,TYPE_B,7.0,Pizza,Continental
1061403,48,67,1962,680.03,680.03,0,0,270,638,56,TYPE_B,7.0,Pizza,Continental
1203260,49,67,1962,679.03,680.03,0,0,189,638,56,TYPE_B,7.0,Pizza,Continental
1289463,50,67,1962,679.03,680.03,0,0,528,638,56,TYPE_B,7.0,Pizza,Continental
1001890,51,67,1962,679.03,678.03,0,0,378,638,56,TYPE_B,7.0,Pizza,Continental
1250251,52,67,1962,679.03,678.03,0,0,568,638,56,TYPE_B,7.0,Pizza,Continental
1074495,53,67,1962,679.03,680.03,0,0,365,638,56,TYPE_B,7.0,Pizza,Continental
1486814,54,67,1962,679.03,678.03,0,0,204,638,56,TYPE_B,7.0,Pizza,Continental
1062387,55,67,1962,485.97,678.03,1,0,1282,638,56,TYPE_B,7.0,Pizza,Continental
1268036,56,67,1962,678.03,678.03,0,0,501,638,56,TYPE_B,7.0,Pizza,Continental
1243398,57,67,1962,678.03,680.03,0,0,539,638,56,TYPE_B,7.0,Pizza,Continental
1341556,58,67,1962,680.03,679.03,0,0,460,638,56,TYPE_B,7.0,Pizza,Continental
1188241,59,67,1962,679.03,678.03,0,0,352,638,56,TYPE_B,7.0,Pizza,Continental
1370137,60,67,1962,667.39,667.39,0,0,567,638,56,TYPE_B,7.0,Pizza,Continental
1484449,61,67,1962,434.59,667.39,1,1,1932,638,56,TYPE_B,7.0,Pizza,Continental
1065385,62,67,1962,437.53,666.39,1,0,676,638,56,TYPE_B,7.0,Pizza,Continental
1249092,63,67,1962,434.59,666.39,1,1,1511,638,56,TYPE_B,7.0,Pizza,Continental
1205168,64,67,1962,439.47,668.39,1,0,1554,638,56,TYPE_B,7.0,Pizza,Continental
1366200,65,67,1962,659.63,658.63,0,0,513,638,56,TYPE_B,7.0,Pizza,Continental
1065620,66,67,1962,680.03,680.03,0,0,351,638,56,TYPE_B,7.0,Pizza,Continental
1184765,67,67,1962,678.03,680.03,0,0,325,638,56,TYPE_B,7.0,Pizza,Continental
1384581,68,67,1962,679.03,680.03,0,0,311,638,56,TYPE_B,7.0,Pizza,Continental
1362029,69,67,1962,680.03,679.03,0,0,271,638,56,TYPE_B,7.0,Pizza,Continental
1138932,70,67,1962,678.03,679.03,0,1,242,638,56,TYPE_B,7.0,Pizza,Continental
1379026,71,67,1962,678.03,678.03,0,0,377,638,56,TYPE_B,7.0,Pizza,Continental
1486060,72,67,1962,680.03,679.03,0,0,312,638,56,TYPE_B,7.0,Pizza,Continental
1186969,73,67,1962,678.03,679.03,0,0,338,638,56,TYPE_B,7.0,Pizza,Continental
1496368,74,67,1962,678.03,678.03,0,0,231,638,56,TYPE_B,7.0,Pizza,Continental
1035652,75,67,1962,487.97,680.03,1,1,1336,638,56,TYPE_B,7.0,Pizza,Continental
1154354,76,67,1962,485.03,680.03,1,0,958,638,56,TYPE_B,7.0,Pizza,Continental
1312418,77,67,1962,678.03,679.03,0,0,310,638,56,TYPE_B,7.0,Pizza,Continental
1233162,78,67,1962,679.03,679.03,0,0,311,638,56,TYPE_B,7.0,Pizza,Continental
1481601,79,67,1962,475.33,680.03,1,0,985,638,56,TYPE_B,7.0,Pizza,Continental
1459584,80,67,1962,674.21,672.21,0,0,514,638,56,TYPE_B,7.0,Pizza,Continental
1418964,81,67,1962,680.03,680.03,0,0,270,638,56,TYPE_B,7.0,Pizza,Continental
1329314,82,67,1962,679.03,678.03,0,0,392,638,56,TYPE_B,7.0,Pizza,Continental
1150468,83,67,1962,679.03,679.03,0,0,378,638,56,TYPE_B,7.0,Pizza,Continental
1253523,84,67,1962,484.03,678.03,1,1,1554,638,56,TYPE_B,7.0,Pizza,Continental
1485960,85,67,1962,485.03,679.03,1,0,892,638,56,TYPE_B,7.0,Pizza,Continental
1080885,86,67,1962,490.85,679.03,0,0,445,638,56,TYPE_B,7.0,Pizza,Continental
1306345,87,67,1962,485.03,678.03,0,0,647,638,56,TYPE_B,7.0,Pizza,Continental
1308887,88,67,1962,493.79,678.03,0,0,717,638,56,TYPE_B,7.0,Pizza,Continental
1307865,89,67,1962,464.69,679.03,1,0,960,638,56,TYPE_B,7.0,Pizza,Continental
1345044,90,67,1962,483.06,678.03,0,0,742,638,56,TYPE_B,7.0,Pizza,Continental
1104178,91,67,1962,486.03,678.03,0,0,836,638,56,TYPE_B,7.0,Pizza,Continental
1165829,92,67,1962,438.44,680.03,1,0,1241,638,56,TYPE_B,7.0,Pizza,Continental
1044587,93,67,1962,438.47,680.03,1,1,1863,638,56,TYPE_B,7.0,Pizza,Continental
1064915,94,67,1962,680.03,680.03,0,0,311,638,56,TYPE_B,7.0,Pizza,Continental
1112892,95,67,1962,679.03,678.03,0,0,458,638,56,TYPE_B,7.0,Pizza,Continental
1352167,96,67,1962,679.03,679.03,0,0,284,638,56,TYPE_B,7.0,Pizza,Continental
1036030,97,67,1962,678.03,678.03,0,0,296,638,56,TYPE_B,7.0,Pizza,Continental
1042504,98,67,1962,535.5,680.03,1,0,608,638,56,TYPE_B,7.0,Pizza,Continental
1170452,99,67,1962,534.5,678.03,1,1,675,638,56,TYPE_B,7.0,Pizza,Continental
1184894,100,67,1962,678.03,679.03,0,0,391,638,56,TYPE_B,7.0,Pizza,Continental
1388078,101,67,1962,680.03,680.03,0,0,433,638,56,TYPE_B,7.0,Pizza,Continental
1312432,102,67,1962,678.03,680.03,0,0,609,638,56,TYPE_B,7.0,Pizza,Continental
1277985,103,67,1962,680.03,678.03,0,1,554,638,56,TYPE_B,7.0,Pizza,Continental
1152463,104,67,1962,678.03,678.03,0,0,256,638,56,TYPE_B,7.0,Pizza,Continental
1266489,105,67,1962,678.03,679.03,0,0,366,638,56,TYPE_B,7.0,Pizza,Continental
1087047,106,67,1962,680.03,680.03,0,0,419,638,56,TYPE_B,7.0,Pizza,Continental
1265405,107,67,1962,678.03,678.03,0,0,231,638,56,TYPE_B,7.0,Pizza,Continental
1458137,108,67,1962,490.88,678.03,0,0,1120,638,56,TYPE_B,7.0,Pizza,Continental
1319102,109,67,1962,487.0,680.03,1,0,1997,638,56,TYPE_B,7.0,Pizza,Continental
1205246,110,67,1962,679.03,679.03,0,0,323,638,56,TYPE_B,7.0,Pizza,Continental
1235321,111,67,1962,698.43,678.03,0,1,433,638,56,TYPE_B,7.0,Pizza,Continental
1090176,112,67,1962,697.43,678.03,0,1,418,638,56,TYPE_B,7.0,Pizza,Continental
1248219,113,67,1962,462.69,679.03,1,1,2146,638,56,TYPE_B,7.0,Pizza,Continental
1129860,114,67,1962,464.69,679.03,1,0,1417,638,56,TYPE_B,7.0,Pizza,Continental
