Data set/Center wise/Center_67_Rank6.csv
id,week,center_id,meal_id,checkout_price,base_price,emailer_for_promotion,homepage_featured,num_orders,city_code,region_code,center_type,op_area,category,cuisine
1146260,1,67,1445,626.62,627.62,0,0,149,638,56,TYPE_B,7.0,Seafood,Continental
1200717,2,67,1445,626.62,628.62,0,0,177,638,56,TYPE_B,7.0,Seafood,Continental
1403212,3,67,1445,628.62,628.62,0,0,109,638,56,TYPE_B,7.0,Seafood,Continental
1462774,4,67,1445,628.62,626.62,0,0,269,638,56,TYPE_B,7.0,Seafood,Continental
1430964,5,67,1445,484.03,628.62,1,1,500,638,56,TYPE_B,7.0,Seafood,Continental
1065053,6,67,1445,484.03,628.62,0,0,513,638,56,TYPE_B,7.0,Seafood,Continental
1174083,7,67,1445,670.33,668.33,0,0,122,638,56,TYPE_B,7.0,Seafood,Continental
1352685,8,67,1445,668.33,668.33,0,0,69,638,56,TYPE_B,7.0,Seafood,Continental
1209360,9,67,1445,437.47,669.33,1,0,863,638,56,TYPE_B,7.0,Seafood,Continental
1483803,10,67,1445,436.53,668.33,1,0,904,638,56,TYPE_B,7.0,Seafood,Continental
1082525,11,67,1445,437.53,670.33,0,0,420,638,56,TYPE_B,7.0,Seafood,Continental
1220949,12,67,1445,618.86,618.86,0,0,28,638,56,TYPE_B,7.0,Seafood,Continental
1025115,13,67,1445,627.65,625.65,0,0,94,638,56,TYPE_B,7.0,Seafood,Continental
1340434,14,67,1445,619.86,619.86,0,0,176,638,56,TYPE_B,7.0,Seafood,Continental
1175517,15,67,1445,619.86,620.86,0,0,150,638,56,TYPE_B,7.0,Seafood,Continental
1074692,16,67,1445,620.86,620.86,0,0,123,638,56,TYPE_B,7.0,Seafood,Continental
1034622,17,67,1445,619.86,619.86,0,0,80,638,56,TYPE_B,7.0,Seafood,Continental
1172414,18,67,1445,618.86,619.86,0,0,81,638,56,TYPE_B,7.0,Seafood,Continental
1348093,19,67,1445,620.86,619.86,0,0,80,638,56,TYPE_B,7.0,Seafood,Continental
1313193,20,67,1445,618.86,620.86,0,0,95,638,56,TYPE_B,7.0,Seafood,Continental
1014915,21,67,1445,618.86,618.86,0,0,163,638,56,TYPE_B,7.0,Seafood,Continental
1464872,22,67,1445,619.86,620.86,0,0,80,638,56,TYPE_B,7.0,Seafood,Continental
1278001,23,67,1445,619.86,618.86,0,0,176,638,56,TYPE_B,7.0,Seafood,Continental
1194528,24,67,1445,636.35,637.35,0,0,40,638,56,TYPE_B,7.0,Seafood,Continental
1181099,25,67,1445,532.53,636.35,0,0,177,638,56,TYPE_B,7.0,Seafood,Continental
1461456,26,67,1445,533.53,635.35,0,0,149,638,56,TYPE_B,7.0,Seafood,Continental
1231568,27,67,1445,533.53,635.35,0,0,256,638,56,TYPE_B,7.0,Seafood,Continental
1488368,28,67,1445,533.53,637.35,0,1,258,638,56,TYPE_B,7.0,Seafood,Continental
1219160,29,67,1445,619.86,618.86,0,0,136,638,56,TYPE_B,7.0,Seafood,Continental
1223578,30,67,1445,623.71,624.71,0,0,150,638,56,TYPE_B,7.0,Seafood,Continental
1035522,31,67,1445,618.86,619.86,0,0,121,638,56,TYPE_B,7.0,Seafood,Continental
1011547,32,67,1445,618.86,619.86,0,0,55,638,56,TYPE_B,7.0,Seafood,Continental
1413728,33,67,1445,484.03,620.86,1,0,323,638,56,TYPE_B,7.0,Seafood,Continental
1158598,34,67,1445,500.58,618.86,0,1,337,638,56,TYPE_B,7.0,Seafood,Continental
1122928,35,67,1445,669.33,669.33,0,0,149,638,56,TYPE_B,7.0,Seafood,Continental
1399527,36,67,1445,670.33,668.33,0,0,69,638,56,TYPE_B,7.0,Seafood,Continental
1487642,37,67,1445,668.33,668.33,0,0,82,638,56,TYPE_B,7.0,Seafood,Continental
1214448,38,67,1445,669.33,668.33,0,1,177,638,56,TYPE_B,7.0,Seafood,Continental
1352196,39,67,1445,620.86,670.33,0,1,163,638,56,TYPE_B,7.0,Seafood,Continental
1452603,40,67,1445,486.03,668.33,1,1,473,638,56,TYPE_B,7.0,Seafood,Continental
1207060,41,67,1445,484.03,670.33,1,0,568,638,56,TYPE_B,7.0,Seafood,Continental
1317519,42,67,1445,620.86,619.86,0,0,96,638,56,TYPE_B,7.0,Seafood,Continental
1075758,43,67,1445,618.86,619.86,0,0,163,638,56,TYPE_B,7.0,Seafood,Continental
1203628,44,67,1445,620.86,619.86,0,0,80,638,56,TYPE_B,7.0,Seafood,Continental
1343098,45,67,1445,620.86,619.86,0,0,135,638,56,TYPE_B,7.0,Seafood,Continental
1293984,46,67,1445,620.86,619.86,0,0,230,638,56,TYPE_B,7.0,Seafood,Continental
1183883,47,67,1445,619.86,619.86,0,0,108,638,56,TYPE_B,7.0,Seafood,Continental
1080506,48,67,1445,620.86,619.86,0,0,203,638,56,TYPE_B,7.0,Seafood,Continental
1407331,49,67,1445,627.59,629.59,0,0,81,638,56,TYPE_B,7.0,Seafood,Continental
1372787,50,67,1445,619.86,619.86,0,0,107,638,56,TYPE_B,7.0,Seafood,Continental
1353377,51,67,1445,618.86,618.86,0,0,95,638,56,TYPE_B,7.0,Seafood,Continental
1134622,52,67,1445,388.03,620.86,1,1,1188,638,56,TYPE_B,7.0,Seafood,Continental
1335289,53,67,1445,388.03,618.86,1,0,931,638,56,TYPE_B,7.0,Seafood,Continental
1398472,54,67,1445,594.67,594.67,0,0,243,638,56,TYPE_B,7.0,Seafood,Continental
1060900,55,67,1445,620.86,619.86,0,0,162,638,56,TYPE_B,7.0,Seafood,Continental
1231152,56,67,1445,620.86,619.86,0,0,81,638,56,TYPE_B,7.0,Seafood,Continental
1088148,57,67,1445,610.19,609.19,0,0,177,638,56,TYPE_B,7.0,Seafood,Continental
1248807,58,67,1445,614.07,612.07,0,0,229,638,56,TYPE_B,7.0,Seafood,Continental
1499443,59,67,1445,609.19,609.19,0,0,121,638,56,TYPE_B,7.0,Seafood,Continental
1303278,60,67,1445,485.03,609.19,1,0,136,638,56,TYPE_B,7.0,Seafood,Continental
1403821,61,67,1445,608.19,610.19,0,0,82,638,56,TYPE_B,7.0,Seafood,Continental
1441683,62,67,1445,608.19,608.19,0,0,54,638,56,TYPE_B,7.0,Seafood,Continental
1276346,63,67,1445,609.19,608.19,0,0,80,638,56,TYPE_B,7.0,Seafood,Continental
1135415,64,67,1445,609.19,609.19,0,0,41,638,56,TYPE_B,7.0,Seafood,Continental
1249667,65,67,1445,486.03,608.19,1,0,339,638,56,TYPE_B,7.0,Seafood,Continental
1396706,66,67,1445,573.3,572.3,0,0,94,638,56,TYPE_B,7.0,Seafood,Continental
1300019,67,67,1445,608.19,608.19,0,0,175,638,56,TYPE_B,7.0,Seafood,Continental
1418582,68,67,1445,609.19,608.19,0,0,80,638,56,TYPE_B,7.0,Seafood,Continental
1015028,69,67,1445,485.03,608.19,1,1,528,638,56,TYPE_B,7.0,Seafood,Continental
1090078,70,67,1445,482.09,608.19,0,1,554,638,56,TYPE_B,7.0,Seafood,Continental
1378166,71,67,1445,612.13,612.13,0,0,82,638,56,TYPE_B,7.0,Seafood,Continental
1144311,72,67,1445,612.13,612.13,0,0,80,638,56,TYPE_B,7.0,Seafood,Continental
1216921,73,67,1445,611.13,610.13,0,0,148,638,56,TYPE_B,7.0,Seafood,Continental
1110275,74,67,1445,610.13,610.13,0,0,95,638,56,TYPE_B,7.0,Seafood,Continental
1443164,75,67,1445,610.13,611.13,0,0,80,638,56,TYPE_B,7.0,Seafood,Continental
1222721,76,67,1445,610.13,612.13,0,0,14,638,56,TYPE_B,7.0,Seafood,Continental
1213365,77,67,1445,563.63,561.63,0,0,135,638,56,TYPE_B,7.0,Seafood,Continental
1312297,78,67,1445,561.63,563.63,0,0,69,638,56,TYPE_B,7.0,Seafood,Continental
1151428,79,67,1445,563.63,562.63,0,0,122,638,56,TYPE_B,7.0,Seafood,Continental
1475298,80,67,1445,563.63,562.63,0,0,216,638,56,TYPE_B,7.0,Seafood,Continental
1091675,81,67,1445,670.33,670.33,0,0,67,638,56,TYPE_B,7.0,Seafood,Continental
1160308,82,67,1445,670.33,669.33,0,0,121,638,56,TYPE_B,7.0,Seafood,Continental
1075886,83,67,1445,668.33,670.33,0,0,28,638,56,TYPE_B,7.0,Seafood,Continental
1124618,84,67,1445,668.33,670.33,0,0,54,638,56,TYPE_B,7.0,Seafood,Continental
1242089,85,67,1445,670.33,670.33,0,0,15,638,56,TYPE_B,7.0,Seafood,Continental
1391604,86,67,1445,669.33,670.33,0,0,27,638,56,TYPE_B,7.0,Seafood,Continental
1068027,87,67,1445,669.33,668.33,0,0,80,638,56,TYPE_B,7.0,Seafood,Continental
1040925,88,67,1445,669.33,669.33,0,0,67,638,56,TYPE_B,7.0,Seafood,Continental
1262701,89,67,1445,668.33,670.33,0,0,82,638,56,TYPE_B,7.0,Seafood,Continental
1246608,90,67,1445,437.47,669.33,1,1,621,638,56,TYPE_B,7.0,Seafood,Continental
1223637,91,67,1445,435.53,668.33,1,1,647,638,56,TYPE_B,7.0,Seafood,Continental
1001722,92,67,1445,669.33,668.33,0,0,107,638,56,TYPE_B,7.0,Seafood,Continental
1109407,93,67,1445,669.33,669.33,0,0,81,638,56,TYPE_B,7.0,Seafood,Continental
1213065,94,67,1445,434.56,670.33,1,1,635,638,56,TYPE_B,7.0,Seafood,Continental
1015158,95,67,1445,436.56,670.33,1,1,689,638,56,TYPE_B,7.0,Seafood,Continental
1114873,96,67,1445,668.33,669.33,0,0,109,638,56,TYPE_B,7.0,Seafood,Continental
1005441,97,67,1445,668.33,669.33,0,0,176,638,56,TYPE_B,7.0,Seafood,Continental
1088303,98,67,1445,669.33,668.33,0,0,109,638,56,TYPE_B,7.0,Seafood,Continental
1022454,99,67,1445,670.33,669.33,0,0,107,638,56,TYPE_B,7.0,Seafood,Continental
1104642,100,67,1445,437.53,669.33,0,0,971,638,56,TYPE_B,7.0,Seafood,Continental
1026741,101,67,1445,436.53,669.33,1,1,825,638,56,TYPE_B,7.0,Seafood,Continental
1384401,102,67,1445,669.33,670.33,0,0,108,638,56,TYPE_B,7.0,Seafood,Continental
1012674,103,67,1445,660.6,660.6,0,0,109,638,56,TYPE_B,7.0,Seafood,Continental
1184617,104,67,1445,668.33,670.33,0,0,121,638,56,TYPE_B,7.0,Seafood,Continental
1283138,105,67,1445,668.33,668.33,0,0,82,638,56,TYPE_B,7.0,Seafood,Continental
1283778,106,67,1445,454.93,670.33,0,1,690,638,56,TYPE_B,7.0,Seafood,Continental
1473665,107,67,1445,459.81,668.33,1,1,283,638,56,TYPE_B,7.0,Seafood,Continental
1491653,108,67,1445,668.33,668.33,0,0,53,638,56,TYPE_B,7.0,Seafood,Continental
1256076,109,67,1445,670.33,670.33,0,0,54,638,56,TYPE_B,7.0,Seafood,Continental
1482754,110,67,1445,668.33,670.33,0,0,27,638,56,TYPE_B,7.0,Seafood,Continental
1158332,111,67,1445,669.33,670.33,0,0,121,638,56,TYPE_B,7.0,Seafood,Continental
1151560,112,67,1445,669.33,669.33,0,0,95,638,56,TYPE_B,7.0,Seafood,Continental
1291416,113,67,1445,670.33,669.33,0,0,41,638,56,TYPE_B,7.0,Seafood,Continental
1021132,114,67,1445,689.73,687.73,0,0,80,638,56,TYPE_B,7.0,Seafood,Continental
