Data set/Center wise/Center_67_Rank6.csv
id,week,center_id,meal_id,checkout_price,base_price,emailer_for_promotion,homepage_featured,num_orders,city_code,region_code,center_type,op_area,category,cuisine
1246075,1,67,2444,633.44,626.62,0,1,95,638,56,TYPE_B,7.0,Seafood,Continental
1373413,2,67,2444,631.53,630.53,0,0,176,638,56,TYPE_B,7.0,Seafood,Continental
1193795,3,67,2444,626.62,628.62,0,0,42,638,56,TYPE_B,7.0,Seafood,Continental
1409402,4,67,2444,627.62,626.62,0,0,108,638,56,TYPE_B,7.0,Seafood,Continental
1132347,5,67,2444,485.03,626.62,1,1,379,638,56,TYPE_B,7.0,Seafood,Continental
1307283,6,67,2444,486.03,626.62,0,1,406,638,56,TYPE_B,7.0,Seafood,Continental
1005944,7,67,2444,669.33,668.33,0,0,122,638,56,TYPE_B,7.0,Seafood,Continental
1137240,8,67,2444,670.33,668.33,0,0,14,638,56,TYPE_B,7.0,Seafood,Continental
1245657,9,67,2444,433.65,669.33,1,1,825,638,56,TYPE_B,7.0,Seafood,Continental
1016425,10,67,2444,436.53,669.33,1,1,581,638,56,TYPE_B,7.0,Seafood,Continental
1372628,11,67,2444,435.53,670.33,0,1,446,638,56,TYPE_B,7.0,Seafood,Continental
1072247,12,67,2444,618.86,618.86,0,0,68,638,56,TYPE_B,7.0,Seafood,Continental
1046632,13,67,2444,618.86,620.86,0,0,82,638,56,TYPE_B,7.0,Seafood,Continental
1159632,14,67,2444,618.86,618.86,0,0,82,638,56,TYPE_B,7.0,Seafood,Continental
1252334,15,67,2444,618.86,619.86,0,0,109,638,56,TYPE_B,7.0,Seafood,Continental
1377863,16,67,2444,619.86,618.86,0,0,42,638,56,TYPE_B,7.0,Seafood,Continental
1071682,17,67,2444,620.86,619.86,0,0,163,638,56,TYPE_B,7.0,Seafood,Continental
1040629,18,67,2444,618.86,619.86,0,0,67,638,56,TYPE_B,7.0,Seafood,Continental
1349193,19,67,2444,619.86,620.86,0,0,96,638,56,TYPE_B,7.0,Seafood,Continental
1407756,20,67,2444,620.86,619.86,0,0,41,638,56,TYPE_B,7.0,Seafood,Continental
1035979,21,67,2444,620.86,618.86,0,0,68,638,56,TYPE_B,7.0,Seafood,Continental
1436622,22,67,2444,619.86,619.86,0,0,108,638,56,TYPE_B,7.0,Seafood,Continental
1125084,23,67,2444,620.86,619.86,0,0,81,638,56,TYPE_B,7.0,Seafood,Continental
1145630,24,67,2444,619.86,619.86,0,0,68,638,56,TYPE_B,7.0,Seafood,Continental
1190671,25,67,2444,533.53,620.86,0,0,122,638,56,TYPE_B,7.0,Seafood,Continental
1408369,26,67,2444,534.53,619.86,0,0,135,638,56,TYPE_B,7.0,Seafood,Continental
1044854,27,67,2444,532.53,619.86,0,1,177,638,56,TYPE_B,7.0,Seafood,Continental
1112628,28,67,2444,532.53,618.86,0,0,175,638,56,TYPE_B,7.0,Seafood,Continental
1379089,29,67,2444,620.86,619.86,0,0,122,638,56,TYPE_B,7.0,Seafood,Continental
1121946,30,67,2444,619.86,618.86,0,0,96,638,56,TYPE_B,7.0,Seafood,Continental
1331447,31,67,2444,620.86,620.86,0,0,81,638,56,TYPE_B,7.0,Seafood,Continental
1266071,32,67,2444,620.86,619.86,0,0,14,638,56,TYPE_B,7.0,Seafood,Continental
1018149,33,67,2444,486.03,619.86,1,1,473,638,56,TYPE_B,7.0,Seafood,Continental
1203244,34,67,2444,484.03,618.86,0,1,231,638,56,TYPE_B,7.0,Seafood,Continental
1043126,35,67,2444,670.33,670.33,0,0,42,638,56,TYPE_B,7.0,Seafood,Continental
1341786,36,67,2444,669.33,670.33,0,0,69,638,56,TYPE_B,7.0,Seafood,Continental
1268376,37,67,2444,669.33,670.33,0,0,67,638,56,TYPE_B,7.0,Seafood,Continental
1386601,38,67,2444,668.33,669.33,0,1,121,638,56,TYPE_B,7.0,Seafood,Continental
1063892,39,67,2444,619.86,619.86,0,0,177,638,56,TYPE_B,7.0,Seafood,Continental
1184091,40,67,2444,485.03,620.86,1,0,406,638,56,TYPE_B,7.0,Seafood,Continental
1205601,41,67,2444,484.03,618.86,1,1,420,638,56,TYPE_B,7.0,Seafood,Continental
1186879,42,67,2444,607.22,607.22,0,0,163,638,56,TYPE_B,7.0,Seafood,Continental
1241688,43,67,2444,618.86,619.86,0,0,163,638,56,TYPE_B,7.0,Seafood,Continental
1352675,44,67,2444,620.86,620.86,0,0,163,638,56,TYPE_B,7.0,Seafood,Continental
1354215,45,67,2444,618.86,619.86,0,1,123,638,56,TYPE_B,7.0,Seafood,Continental
1495697,46,67,2444,622.77,618.86,0,1,217,638,56,TYPE_B,7.0,Seafood,Continental
1207798,47,67,2444,618.86,620.86,0,1,68,638,56,TYPE_B,7.0,Seafood,Continental
1076037,48,67,2444,620.86,619.86,0,0,136,638,56,TYPE_B,7.0,Seafood,Continental
1210466,49,67,2444,620.86,619.86,0,0,190,638,56,TYPE_B,7.0,Seafood,Continental
1192729,50,67,2444,618.86,620.86,0,0,109,638,56,TYPE_B,7.0,Seafood,Continental
1499465,51,67,2444,620.86,618.86,0,0,68,638,56,TYPE_B,7.0,Seafood,Continental
1088749,52,67,2444,389.03,618.86,1,0,1135,638,56,TYPE_B,7.0,Seafood,Continental
1133037,53,67,2444,389.03,620.86,1,0,905,638,56,TYPE_B,7.0,Seafood,Continental
1417808,54,67,2444,619.86,618.86,0,0,176,638,56,TYPE_B,7.0,Seafood,Continental
1041298,55,67,2444,620.86,619.86,0,0,67,638,56,TYPE_B,7.0,Seafood,Continental
1141409,56,67,2444,618.86,618.86,0,0,80,638,56,TYPE_B,7.0,Seafood,Continental
1120095,57,67,2444,610.19,609.19,0,0,162,638,56,TYPE_B,7.0,Seafood,Continental
1111697,58,67,2444,609.19,610.19,0,0,215,638,56,TYPE_B,7.0,Seafood,Continental
1350550,59,67,2444,606.31,606.31,0,0,189,638,56,TYPE_B,7.0,Seafood,Continental
1004765,60,67,2444,486.03,605.31,1,0,312,638,56,TYPE_B,7.0,Seafood,Continental
1288177,61,67,2444,609.19,610.19,0,0,67,638,56,TYPE_B,7.0,Seafood,Continental
1304977,62,67,2444,608.19,608.19,0,0,28,638,56,TYPE_B,7.0,Seafood,Continental
1447950,63,67,2444,609.19,608.19,0,0,123,638,56,TYPE_B,7.0,Seafood,Continental
1024685,64,67,2444,618.92,618.92,0,0,96,638,56,TYPE_B,7.0,Seafood,Continental
1215639,65,67,2444,484.03,618.92,1,1,541,638,56,TYPE_B,7.0,Seafood,Continental
1478146,66,67,2444,609.19,609.19,0,0,149,638,56,TYPE_B,7.0,Seafood,Continental
1205778,67,67,2444,609.19,609.19,0,0,270,638,56,TYPE_B,7.0,Seafood,Continental
1491369,68,67,2444,610.19,610.19,0,0,188,638,56,TYPE_B,7.0,Seafood,Continental
1021326,69,67,2444,486.03,608.19,1,1,432,638,56,TYPE_B,7.0,Seafood,Continental
1054428,70,67,2444,485.03,609.19,0,1,567,638,56,TYPE_B,7.0,Seafood,Continental
1261328,71,67,2444,612.13,611.13,0,0,122,638,56,TYPE_B,7.0,Seafood,Continental
1408962,72,67,2444,610.13,610.13,0,0,81,638,56,TYPE_B,7.0,Seafood,Continental
1094260,73,67,2444,611.13,612.13,0,0,107,638,56,TYPE_B,7.0,Seafood,Continental
1286504,74,67,2444,615.98,616.98,0,0,176,638,56,TYPE_B,7.0,Seafood,Continental
1329030,75,67,2444,611.13,612.13,0,0,150,638,56,TYPE_B,7.0,Seafood,Continental
1482675,76,67,2444,611.13,611.13,0,0,67,638,56,TYPE_B,7.0,Seafood,Continental
1181989,77,67,2444,561.63,563.63,0,0,177,638,56,TYPE_B,7.0,Seafood,Continental
1229161,78,67,2444,562.63,562.63,0,0,94,638,56,TYPE_B,7.0,Seafood,Continental
1467758,79,67,2444,563.63,563.63,0,0,177,638,56,TYPE_B,7.0,Seafood,Continental
1121171,80,67,2444,561.63,562.63,0,0,134,638,56,TYPE_B,7.0,Seafood,Continental
1372651,81,67,2444,669.33,668.33,0,0,96,638,56,TYPE_B,7.0,Seafood,Continental
1268079,82,67,2444,669.33,670.33,0,0,95,638,56,TYPE_B,7.0,Seafood,Continental
1364111,83,67,2444,669.33,668.33,0,0,42,638,56,TYPE_B,7.0,Seafood,Continental
1101601,84,67,2444,670.33,670.33,0,0,40,638,56,TYPE_B,7.0,Seafood,Continental
1244738,85,67,2444,669.33,669.33,0,0,26,638,56,TYPE_B,7.0,Seafood,Continental
1339833,86,67,2444,669.33,669.33,0,0,53,638,56,TYPE_B,7.0,Seafood,Continental
1299358,87,67,2444,669.33,668.33,0,0,41,638,56,TYPE_B,7.0,Seafood,Continental
1259638,88,67,2444,670.33,669.33,0,0,96,638,56,TYPE_B,7.0,Seafood,Continental
1111475,89,67,2444,668.33,668.33,0,0,121,638,56,TYPE_B,7.0,Seafood,Continental
1224771,90,67,2444,436.56,668.33,1,1,513,638,56,TYPE_B,7.0,Seafood,Continental
1329101,91,67,2444,437.53,670.33,1,0,447,638,56,TYPE_B,7.0,Seafood,Continental
1190670,92,67,2444,670.33,670.33,0,0,55,638,56,TYPE_B,7.0,Seafood,Continental
1198940,93,67,2444,670.33,668.33,0,0,122,638,56,TYPE_B,7.0,Seafood,Continental
1080720,94,67,2444,438.44,669.33,1,1,796,638,56,TYPE_B,7.0,Seafood,Continental
1281663,95,67,2444,436.56,669.33,1,0,568,638,56,TYPE_B,7.0,Seafood,Continental
1312398,96,67,2444,668.33,669.33,0,0,95,638,56,TYPE_B,7.0,Seafood,Continental
1460079,97,67,2444,669.33,669.33,0,0,135,638,56,TYPE_B,7.0,Seafood,Continental
1406910,98,67,2444,670.33,670.33,0,0,94,638,56,TYPE_B,7.0,Seafood,Continental
1260586,99,67,2444,670.33,669.33,0,0,81,638,56,TYPE_B,7.0,Seafood,Continental
1073512,100,67,2444,437.53,668.33,0,1,852,638,56,TYPE_B,7.0,Seafood,Continental
1192633,101,67,2444,435.53,668.33,1,0,998,638,56,TYPE_B,7.0,Seafood,Continental
1496278,102,67,2444,668.33,669.33,0,0,109,638,56,TYPE_B,7.0,Seafood,Continental
1420613,103,67,2444,658.63,658.63,0,0,96,638,56,TYPE_B,7.0,Seafood,Continental
1295992,104,67,2444,670.33,668.33,0,0,95,638,56,TYPE_B,7.0,Seafood,Continental
1141500,105,67,2444,668.33,669.33,0,0,134,638,56,TYPE_B,7.0,Seafood,Continental
1152994,106,67,2444,455.93,668.33,0,1,728,638,56,TYPE_B,7.0,Seafood,Continental
1337300,107,67,2444,456.93,668.33,1,1,298,638,56,TYPE_B,7.0,Seafood,Continental
1031391,108,67,2444,670.33,668.33,0,0,95,638,56,TYPE_B,7.0,Seafood,Continental
1235628,109,67,2444,668.33,669.33,0,0,108,638,56,TYPE_B,7.0,Seafood,Continental
1249917,110,67,2444,668.33,670.33,0,0,68,638,56,TYPE_B,7.0,Seafood,Continental
1072956,111,67,2444,668.33,669.33,0,0,108,638,56,TYPE_B,7.0,Seafood,Continental
1018340,112,67,2444,670.33,669.33,0,0,81,638,56,TYPE_B,7.0,Seafood,Continental
1045634,113,67,2444,669.33,669.33,0,0,122,638,56,TYPE_B,7.0,Seafood,Continental
1019663,114,67,2444,687.73,688.73,0,0,96,638,56,TYPE_B,7.0,Seafood,Continental
