Data set/Center wise/Center_67_Rank6.csv
id,week,center_id,meal_id,checkout_price,base_price,emailer_for_promotion,homepage_featured,num_orders,city_code,region_code,center_type,op_area,category,cuisine
1111133,1,67,2867,626.62,626.62,0,1,82,638,56,TYPE_B,7.0,Seafood,Continental
1078598,2,67,2867,626.62,627.62,0,0,123,638,56,TYPE_B,7.0,Seafood,Continental
1323597,3,67,2867,627.62,626.62,0,0,55,638,56,TYPE_B,7.0,Seafood,Continental
1319952,4,67,2867,627.62,627.62,0,0,122,638,56,TYPE_B,7.0,Seafood,Continental
1201834,5,67,2867,484.03,626.62,1,1,242,638,56,TYPE_B,7.0,Seafood,Continental
1299183,6,67,2867,485.03,626.62,0,1,526,638,56,TYPE_B,7.0,Seafood,Continental
1365310,7,67,2867,669.33,670.33,0,0,55,638,56,TYPE_B,7.0,Seafood,Continental
1209912,9,67,2867,435.53,669.33,1,1,809,638,56,TYPE_B,7.0,Seafood,Continental
1482137,10,67,2867,436.53,668.33,1,1,649,638,56,TYPE_B,7.0,Seafood,Continental
1198985,11,67,2867,435.53,670.33,0,0,325,638,56,TYPE_B,7.0,Seafood,Continental
1257502,12,67,2867,618.86,620.86,0,0,28,638,56,TYPE_B,7.0,Seafood,Continental
1171873,13,67,2867,619.86,620.86,0,0,69,638,56,TYPE_B,7.0,Seafood,Continental
1338423,14,67,2867,619.86,619.86,0,0,26,638,56,TYPE_B,7.0,Seafood,Continental
1499495,15,67,2867,619.86,619.86,0,0,68,638,56,TYPE_B,7.0,Seafood,Continental
1255115,16,67,2867,620.86,618.86,0,0,69,638,56,TYPE_B,7.0,Seafood,Continental
1458747,17,67,2867,619.86,620.86,0,0,135,638,56,TYPE_B,7.0,Seafood,Continental
1112147,18,67,2867,618.86,620.86,0,0,95,638,56,TYPE_B,7.0,Seafood,Continental
1404472,19,67,2867,620.86,620.86,0,0,54,638,56,TYPE_B,7.0,Seafood,Continental
1062730,20,67,2867,619.86,620.86,0,0,14,638,56,TYPE_B,7.0,Seafood,Continental
1080191,21,67,2867,618.86,618.86,0,0,14,638,56,TYPE_B,7.0,Seafood,Continental
1275956,22,67,2867,620.86,619.86,0,0,41,638,56,TYPE_B,7.0,Seafood,Continental
1245674,23,67,2867,639.26,638.26,0,0,69,638,56,TYPE_B,7.0,Seafood,Continental
1418042,24,67,2867,620.86,619.86,0,0,41,638,56,TYPE_B,7.0,Seafood,Continental
1478769,25,67,2867,534.53,620.86,0,0,150,638,56,TYPE_B,7.0,Seafood,Continental
1495351,26,67,2867,534.53,618.86,0,0,53,638,56,TYPE_B,7.0,Seafood,Continental
1155614,27,67,2867,534.53,619.86,0,0,109,638,56,TYPE_B,7.0,Seafood,Continental
1380576,28,67,2867,532.53,619.86,0,0,80,638,56,TYPE_B,7.0,Seafood,Continental
1106376,29,67,2867,619.86,618.86,0,0,81,638,56,TYPE_B,7.0,Seafood,Continental
1489143,30,67,2867,618.86,619.86,0,0,26,638,56,TYPE_B,7.0,Seafood,Continental
1126899,31,67,2867,618.86,619.86,0,0,67,638,56,TYPE_B,7.0,Seafood,Continental
1027880,32,67,2867,620.86,620.86,0,0,42,638,56,TYPE_B,7.0,Seafood,Continental
1311511,33,67,2867,486.03,620.86,1,1,447,638,56,TYPE_B,7.0,Seafood,Continental
1476251,34,67,2867,484.03,618.86,0,1,175,638,56,TYPE_B,7.0,Seafood,Continental
1054345,35,67,2867,669.33,669.33,0,0,40,638,56,TYPE_B,7.0,Seafood,Continental
1111910,36,67,2867,670.33,670.33,0,0,95,638,56,TYPE_B,7.0,Seafood,Continental
1393514,37,67,2867,670.33,669.33,0,0,14,638,56,TYPE_B,7.0,Seafood,Continental
1432698,38,67,2867,668.33,669.33,0,0,41,638,56,TYPE_B,7.0,Seafood,Continental
1063632,39,67,2867,619.86,620.86,0,0,96,638,56,TYPE_B,7.0,Seafood,Continental
1265820,40,67,2867,484.03,618.86,1,1,283,638,56,TYPE_B,7.0,Seafood,Continental
1177666,41,67,2867,486.03,620.86,1,0,432,638,56,TYPE_B,7.0,Seafood,Continental
1488551,42,67,2867,618.86,620.86,0,0,81,638,56,TYPE_B,7.0,Seafood,Continental
1132986,43,67,2867,619.86,620.86,0,0,188,638,56,TYPE_B,7.0,Seafood,Continental
1370518,44,67,2867,619.86,618.86,0,0,123,638,56,TYPE_B,7.0,Seafood,Continental
1429891,45,67,2867,620.86,618.86,0,0,53,638,56,TYPE_B,7.0,Seafood,Continental
1330551,46,67,2867,618.86,620.86,0,0,107,638,56,TYPE_B,7.0,Seafood,Continental
1337910,47,67,2867,619.86,619.86,0,0,26,638,56,TYPE_B,7.0,Seafood,Continental
1049369,48,67,2867,618.86,618.86,0,0,68,638,56,TYPE_B,7.0,Seafood,Continental
1041191,49,67,2867,620.86,619.86,0,0,80,638,56,TYPE_B,7.0,Seafood,Continental
1263604,50,67,2867,620.86,618.86,0,0,176,638,56,TYPE_B,7.0,Seafood,Continental
1037294,51,67,2867,619.86,619.86,0,0,134,638,56,TYPE_B,7.0,Seafood,Continental
1430776,52,67,2867,389.03,619.86,1,0,797,638,56,TYPE_B,7.0,Seafood,Continental
1273052,53,67,2867,389.03,619.86,1,0,485,638,56,TYPE_B,7.0,Seafood,Continental
1368797,54,67,2867,623.77,621.77,0,0,215,638,56,TYPE_B,7.0,Seafood,Continental
1026083,55,67,2867,620.86,619.86,0,0,42,638,56,TYPE_B,7.0,Seafood,Continental
1375175,56,67,2867,619.86,619.86,0,0,82,638,56,TYPE_B,7.0,Seafood,Continental
1086345,57,67,2867,609.19,608.19,0,0,95,638,56,TYPE_B,7.0,Seafood,Continental
1119091,58,67,2867,609.19,608.19,0,0,256,638,56,TYPE_B,7.0,Seafood,Continental
1419502,59,67,2867,609.19,609.19,0,0,176,638,56,TYPE_B,7.0,Seafood,Continental
1106178,60,67,2867,485.03,610.19,1,0,312,638,56,TYPE_B,7.0,Seafood,Continental
1390281,61,67,2867,610.19,608.19,0,0,136,638,56,TYPE_B,7.0,Seafood,Continental
1492611,62,67,2867,608.19,609.19,0,0,26,638,56,TYPE_B,7.0,Seafood,Continental
1372001,63,67,2867,608.19,609.19,0,0,176,638,56,TYPE_B,7.0,Seafood,Continental
1375944,64,67,2867,608.19,609.19,0,0,148,638,56,TYPE_B,7.0,Seafood,Continental
1098843,65,67,2867,486.03,609.19,1,1,404,638,56,TYPE_B,7.0,Seafood,Continental
1061925,66,67,2867,609.19,610.19,0,0,230,638,56,TYPE_B,7.0,Seafood,Continental
1301985,67,67,2867,609.19,609.19,0,0,217,638,56,TYPE_B,7.0,Seafood,Continental
1490857,68,67,2867,610.19,609.19,0,0,283,638,56,TYPE_B,7.0,Seafood,Continental
1243065,69,67,2867,485.03,608.19,1,1,622,638,56,TYPE_B,7.0,Seafood,Continental
1127219,70,67,2867,482.12,609.19,0,1,527,638,56,TYPE_B,7.0,Seafood,Continental
1385661,71,67,2867,612.13,612.13,0,0,176,638,56,TYPE_B,7.0,Seafood,Continental
1440406,72,67,2867,611.13,610.13,0,0,149,638,56,TYPE_B,7.0,Seafood,Continental
1193797,73,67,2867,612.13,612.13,0,0,122,638,56,TYPE_B,7.0,Seafood,Continental
1088737,74,67,2867,616.98,614.98,0,0,149,638,56,TYPE_B,7.0,Seafood,Continental
1177225,75,67,2867,612.13,610.13,0,0,135,638,56,TYPE_B,7.0,Seafood,Continental
1354434,76,67,2867,612.13,612.13,0,0,176,638,56,TYPE_B,7.0,Seafood,Continental
1106775,77,67,2867,573.3,574.3,0,0,136,638,56,TYPE_B,7.0,Seafood,Continental
1371651,78,67,2867,563.63,562.63,0,0,298,638,56,TYPE_B,7.0,Seafood,Continental
1103468,79,67,2867,562.63,562.63,0,0,135,638,56,TYPE_B,7.0,Seafood,Continental
1109886,80,67,2867,562.63,561.63,0,0,231,638,56,TYPE_B,7.0,Seafood,Continental
1472280,81,67,2867,669.33,669.33,0,0,27,638,56,TYPE_B,7.0,Seafood,Continental
1260062,82,67,2867,668.33,669.33,0,0,109,638,56,TYPE_B,7.0,Seafood,Continental
1436664,83,67,2867,670.33,670.33,0,0,163,638,56,TYPE_B,7.0,Seafood,Continental
1226986,84,67,2867,668.33,669.33,0,0,68,638,56,TYPE_B,7.0,Seafood,Continental
1345472,85,67,2867,669.33,670.33,0,0,55,638,56,TYPE_B,7.0,Seafood,Continental
1419084,86,67,2867,670.33,668.33,0,0,94,638,56,TYPE_B,7.0,Seafood,Continental
1187111,87,67,2867,670.33,668.33,0,0,67,638,56,TYPE_B,7.0,Seafood,Continental
1423807,88,67,2867,669.33,669.33,0,0,150,638,56,TYPE_B,7.0,Seafood,Continental
1431810,89,67,2867,670.33,670.33,0,0,68,638,56,TYPE_B,7.0,Seafood,Continental
1473816,90,67,2867,435.56,669.33,1,0,432,638,56,TYPE_B,7.0,Seafood,Continental
1077391,91,67,2867,440.38,668.33,1,0,392,638,56,TYPE_B,7.0,Seafood,Continental
1245576,92,67,2867,670.33,669.33,0,0,55,638,56,TYPE_B,7.0,Seafood,Continental
1062324,93,67,2867,670.33,670.33,0,0,123,638,56,TYPE_B,7.0,Seafood,Continental
1322943,94,67,2867,440.41,670.33,1,1,674,638,56,TYPE_B,7.0,Seafood,Continental
1404594,95,67,2867,436.56,669.33,1,0,568,638,56,TYPE_B,7.0,Seafood,Continental
1128004,96,67,2867,670.33,669.33,0,0,41,638,56,TYPE_B,7.0,Seafood,Continental
1066421,97,67,2867,669.33,670.33,0,0,148,638,56,TYPE_B,7.0,Seafood,Continental
1069559,98,67,2867,670.33,669.33,0,0,81,638,56,TYPE_B,7.0,Seafood,Continental
1384046,99,67,2867,668.33,669.33,0,0,81,638,56,TYPE_B,7.0,Seafood,Continental
1320386,100,67,2867,435.53,668.33,0,1,621,638,56,TYPE_B,7.0,Seafood,Continental
1093733,101,67,2867,436.53,669.33,1,1,1013,638,56,TYPE_B,7.0,Seafood,Continental
1184944,102,67,2867,670.33,670.33,0,0,121,638,56,TYPE_B,7.0,Seafood,Continental
1487739,103,67,2867,669.33,668.33,0,0,107,638,56,TYPE_B,7.0,Seafood,Continental
1362939,104,67,2867,670.33,670.33,0,0,136,638,56,TYPE_B,7.0,Seafood,Continental
1000217,105,67,2867,669.33,669.33,0,0,41,638,56,TYPE_B,7.0,Seafood,Continental
1338627,106,67,2867,454.93,668.33,0,0,757,638,56,TYPE_B,7.0,Seafood,Continental
1103298,107,67,2867,454.93,670.33,1,1,285,638,56,TYPE_B,7.0,Seafood,Continental
1379395,108,67,2867,669.33,668.33,0,0,94,638,56,TYPE_B,7.0,Seafood,Continental
1072662,109,67,2867,670.33,669.33,0,0,244,638,56,TYPE_B,7.0,Seafood,Continental
1311085,110,67,2867,669.33,669.33,0,0,41,638,56,TYPE_B,7.0,Seafood,Continental
1397908,111,67,2867,670.33,668.33,0,0,148,638,56,TYPE_B,7.0,Seafood,Continental
1062220,112,67,2867,669.33,668.33,0,0,204,638,56,TYPE_B,7.0,Seafood,Continental
1007811,113,67,2867,669.33,670.33,0,0,107,638,56,TYPE_B,7.0,Seafood,Continental
1301766,114,67,2867,688.73,689.73,0,0,55,638,56,TYPE_B,7.0,Seafood,Continental
1224889,1,67,2760,242.53,242.53,0,0,215,638,56,TYPE_B,7.0,Other Snacks,Thai
1105929,2,67,2760,241.53,243.53,0,0,163,638,56,TYPE_B,7.0,Other Snacks,Thai
1349333,3,67,2760,241.53,243.53,0,0,217,638,56,TYPE_B,7.0,Other Snacks,Thai
1380534,4,67,2760,241.53,243.53,0,0,297,638,56,TYPE_B,7.0,Other Snacks,Thai
1428385,5,67,2760,241.53,242.53,0,0,148,638,56,TYPE_B,7.0,Other Snacks,Thai
1336908,6,67,2760,242.53,242.53,0,0,364,638,56,TYPE_B,7.0,Other Snacks,Thai
1087471,7,67,2760,242.53,242.53,0,0,270,638,56,TYPE_B,7.0,Other Snacks,Thai
1265441,8,67,2760,243.53,243.53,0,0,230,638,56,TYPE_B,7.0,Other Snacks,Thai
1472203,9,67,2760,241.53,241.53,0,0,244,638,56,TYPE_B,7.0,Other Snacks,Thai
1280081,10,67,2760,242.53,241.53,0,0,296,638,56,TYPE_B,7.0,Other Snacks,Thai
1337627,11,67,2760,243.53,241.53,0,0,175,638,56,TYPE_B,7.0,Other Snacks,Thai
1438669,12,67,2760,242.53,243.53,0,0,148,638,56,TYPE_B,7.0,Other Snacks,Thai
1411781,13,67,2760,242.53,243.53,0,0,298,638,56,TYPE_B,7.0,Other Snacks,Thai
1016263,14,67,2760,117.43,243.53,0,0,1527,638,56,TYPE_B,7.0,Other Snacks,Thai
1050770,15,67,2760,195.0,242.53,0,0,269,638,56,TYPE_B,7.0,Other Snacks,Thai
1136520,16,67,2760,196.0,242.53,0,0,539,638,56,TYPE_B,7.0,Other Snacks,Thai
1151917,17,67,2760,241.53,242.53,0,0,230,638,56,TYPE_B,7.0,Other Snacks,Thai
1303935,18,67,2760,241.53,242.53,0,0,392,638,56,TYPE_B,7.0,Other Snacks,Thai
1215406,19,67,2760,241.53,242.53,0,0,243,638,56,TYPE_B,7.0,Other Snacks,Thai
1100558,20,67,2760,242.53,243.53,0,0,351,638,56,TYPE_B,7.0,Other Snacks,Thai
1133461,21,67,2760,242.53,243.53,0,0,391,638,56,TYPE_B,7.0,Other Snacks,Thai
1430627,22,67,2760,242.53,241.53,0,0,365,638,56,TYPE_B,7.0,Other Snacks,Thai
1394255,23,67,2760,243.53,241.53,0,0,257,638,56,TYPE_B,7.0,Other Snacks,Thai
1010405,24,67,2760,242.53,241.53,0,0,284,638,56,TYPE_B,7.0,Other Snacks,Thai
1170136,25,67,2760,175.63,242.53,0,0,419,638,56,TYPE_B,7.0,Other Snacks,Thai
1057295,26,67,2760,173.66,241.53,0,0,514,638,56,TYPE_B,7.0,Other Snacks,Thai
1120285,27,67,2760,177.57,243.53,0,0,609,638,56,TYPE_B,7.0,Other Snacks,Thai
1206609,28,67,2760,242.53,241.53,0,0,217,638,56,TYPE_B,7.0,Other Snacks,Thai
1409249,29,67,2760,241.53,242.53,0,0,325,638,56,TYPE_B,7.0,Other Snacks,Thai
1194885,30,67,2760,241.53,242.53,0,0,310,638,56,TYPE_B,7.0,Other Snacks,Thai
1220287,31,67,2760,243.53,242.53,0,0,269,638,56,TYPE_B,7.0,Other Snacks,Thai
1143268,32,67,2760,243.53,242.53,0,0,242,638,56,TYPE_B,7.0,Other Snacks,Thai
1131165,33,67,2760,242.53,243.53,0,0,95,638,56,TYPE_B,7.0,Other Snacks,Thai
1206626,34,67,2760,241.53,241.53,0,0,177,638,56,TYPE_B,7.0,Other Snacks,Thai
1324792,35,67,2760,241.56,242.56,0,0,312,638,56,TYPE_B,7.0,Other Snacks,Thai
1302210,36,67,2760,243.53,242.53,0,0,215,638,56,TYPE_B,7.0,Other Snacks,Thai
1242040,37,67,2760,242.53,243.53,0,0,352,638,56,TYPE_B,7.0,Other Snacks,Thai
1390685,38,67,2760,243.53,243.53,0,0,242,638,56,TYPE_B,7.0,Other Snacks,Thai
1338002,39,67,2760,176.54,242.53,0,0,337,638,56,TYPE_B,7.0,Other Snacks,Thai
1263012,40,67,2760,177.54,241.53,0,0,285,638,56,TYPE_B,7.0,Other Snacks,Thai
1009195,41,67,2760,175.63,242.53,0,0,298,638,56,TYPE_B,7.0,Other Snacks,Thai
1142013,42,67,2760,174.63,243.53,0,0,298,638,56,TYPE_B,7.0,Other Snacks,Thai
1114091,43,67,2760,243.53,241.53,0,0,163,638,56,TYPE_B,7.0,Other Snacks,Thai
1136917,44,67,2760,241.53,241.53,0,0,244,638,56,TYPE_B,7.0,Other Snacks,Thai
1407232,45,67,2760,241.53,243.53,0,0,176,638,56,TYPE_B,7.0,Other Snacks,Thai
1042659,46,67,2760,194.03,242.53,0,0,188,638,56,TYPE_B,7.0,Other Snacks,Thai
1462551,47,67,2760,195.03,242.53,0,0,202,638,56,TYPE_B,7.0,Other Snacks,Thai
1321861,48,67,2760,195.0,241.53,0,0,485,638,56,TYPE_B,7.0,Other Snacks,Thai
1044257,49,67,2760,242.53,242.53,0,0,323,638,56,TYPE_B,7.0,Other Snacks,Thai
1185083,50,67,2760,243.53,242.53,0,0,485,638,56,TYPE_B,7.0,Other Snacks,Thai
1130947,51,67,2760,242.53,243.53,0,0,298,638,56,TYPE_B,7.0,Other Snacks,Thai
1083212,52,67,2760,243.53,243.53,0,0,216,638,56,TYPE_B,7.0,Other Snacks,Thai
1498052,53,67,2760,218.25,219.25,0,0,163,638,56,TYPE_B,7.0,Other Snacks,Thai
1443371,54,67,2760,218.25,219.25,0,0,149,638,56,TYPE_B,7.0,Other Snacks,Thai
1486804,55,67,2760,218.25,219.25,0,0,190,638,56,TYPE_B,7.0,Other Snacks,Thai
1012993,56,67,2760,219.25,220.25,0,0,325,638,56,TYPE_B,7.0,Other Snacks,Thai
1324483,57,67,2760,241.53,243.53,0,0,217,638,56,TYPE_B,7.0,Other Snacks,Thai
1176157,58,67,2760,241.53,241.53,0,0,134,638,56,TYPE_B,7.0,Other Snacks,Thai
1142744,59,67,2760,214.43,241.53,0,0,177,638,56,TYPE_B,7.0,Other Snacks,Thai
1181693,60,67,2760,214.43,241.53,0,1,715,638,56,TYPE_B,7.0,Other Snacks,Thai
1437826,61,67,2760,214.43,243.53,0,0,150,638,56,TYPE_B,7.0,Other Snacks,Thai
1293104,62,67,2760,213.43,241.53,0,0,94,638,56,TYPE_B,7.0,Other Snacks,Thai
1159904,63,67,2760,241.53,243.53,0,0,244,638,56,TYPE_B,7.0,Other Snacks,Thai
1499004,64,67,2760,241.53,242.53,0,0,202,638,56,TYPE_B,7.0,Other Snacks,Thai
1014654,65,67,2760,243.53,241.53,0,0,323,638,56,TYPE_B,7.0,Other Snacks,Thai
1268103,66,67,2760,227.04,226.04,0,0,204,638,56,TYPE_B,7.0,Other Snacks,Thai
1256394,67,67,2760,225.1,223.1,0,0,284,638,56,TYPE_B,7.0,Other Snacks,Thai
1428912,68,67,2760,222.13,223.13,0,0,324,638,56,TYPE_B,7.0,Other Snacks,Thai
1211563,69,67,2760,243.53,243.53,0,0,269,638,56,TYPE_B,7.0,Other Snacks,Thai
1231865,70,67,2760,242.56,240.56,0,0,256,638,56,TYPE_B,7.0,Other Snacks,Thai
1466493,71,67,2760,243.53,242.53,0,0,216,638,56,TYPE_B,7.0,Other Snacks,Thai
1486940,72,67,2760,242.53,241.53,0,0,393,638,56,TYPE_B,7.0,Other Snacks,Thai
1459524,73,67,2760,241.53,242.53,0,0,379,638,56,TYPE_B,7.0,Other Snacks,Thai
1080949,74,67,2760,242.53,241.53,0,0,230,638,56,TYPE_B,7.0,Other Snacks,Thai
1458388,75,67,2760,242.53,242.53,0,0,176,638,56,TYPE_B,7.0,Other Snacks,Thai
1197591,76,67,2760,241.53,243.53,0,0,284,638,56,TYPE_B,7.0,Other Snacks,Thai
1030136,77,67,2760,213.43,241.53,0,0,203,638,56,TYPE_B,7.0,Other Snacks,Thai
1387389,78,67,2760,214.43,242.53,0,0,364,638,56,TYPE_B,7.0,Other Snacks,Thai
1094069,79,67,2760,215.4,241.53,0,0,431,638,56,TYPE_B,7.0,Other Snacks,Thai
1028021,80,67,2760,213.43,242.53,0,0,161,638,56,TYPE_B,7.0,Other Snacks,Thai
1278000,81,67,2760,243.53,242.53,0,0,188,638,56,TYPE_B,7.0,Other Snacks,Thai
1481003,82,67,2760,243.53,242.53,0,0,230,638,56,TYPE_B,7.0,Other Snacks,Thai
1465229,83,67,2760,242.53,242.53,0,0,256,638,56,TYPE_B,7.0,Other Snacks,Thai
1462387,84,67,2760,213.43,243.53,0,0,366,638,56,TYPE_B,7.0,Other Snacks,Thai
1144543,85,67,2760,212.43,241.53,0,0,242,638,56,TYPE_B,7.0,Other Snacks,Thai
1191612,86,67,2760,242.53,243.53,0,0,175,638,56,TYPE_B,7.0,Other Snacks,Thai
1327359,87,67,2760,242.53,243.53,0,0,285,638,56,TYPE_B,7.0,Other Snacks,Thai
1418452,88,67,2760,242.53,242.53,0,0,136,638,56,TYPE_B,7.0,Other Snacks,Thai
1394158,89,67,2760,242.53,242.53,0,0,231,638,56,TYPE_B,7.0,Other Snacks,Thai
1198515,90,67,2760,242.53,242.53,0,0,258,638,56,TYPE_B,7.0,Other Snacks,Thai
1132891,91,67,2760,243.53,243.53,0,0,217,638,56,TYPE_B,7.0,Other Snacks,Thai
1268026,92,67,2760,243.53,241.53,0,0,177,638,56,TYPE_B,7.0,Other Snacks,Thai
1041993,93,67,2760,243.53,242.53,0,0,230,638,56,TYPE_B,7.0,Other Snacks,Thai
1098862,94,67,2760,242.53,242.53,0,0,297,638,56,TYPE_B,7.0,Other Snacks,Thai
1358031,95,67,2760,243.53,242.53,0,0,242,638,56,TYPE_B,7.0,Other Snacks,Thai
1186652,96,67,2760,242.53,241.53,0,0,189,638,56,TYPE_B,7.0,Other Snacks,Thai
1382042,97,67,2760,241.53,243.53,0,0,122,638,56,TYPE_B,7.0,Other Snacks,Thai
1157362,98,67,2760,241.53,243.53,0,0,285,638,56,TYPE_B,7.0,Other Snacks,Thai
1118750,99,67,2760,222.13,224.13,0,0,243,638,56,TYPE_B,7.0,Other Snacks,Thai
1386655,100,67,2760,225.1,223.1,0,0,365,638,56,TYPE_B,7.0,Other Snacks,Thai
1389407,101,67,2760,222.13,224.13,0,0,269,638,56,TYPE_B,7.0,Other Snacks,Thai
1107986,102,67,2760,223.13,222.13,0,0,458,638,56,TYPE_B,7.0,Other Snacks,Thai
1274584,103,67,2760,223.1,224.1,0,0,500,638,56,TYPE_B,7.0,Other Snacks,Thai
1052470,104,67,2760,223.13,223.13,0,0,163,638,56,TYPE_B,7.0,Other Snacks,Thai
1231287,105,67,2760,242.53,241.53,0,0,109,638,56,TYPE_B,7.0,Other Snacks,Thai
1051282,106,67,2760,242.53,242.53,0,0,189,638,56,TYPE_B,7.0,Other Snacks,Thai
1323916,107,67,2760,242.53,243.53,0,0,177,638,56,TYPE_B,7.0,Other Snacks,Thai
1081788,108,67,2760,241.53,243.53,0,0,204,638,56,TYPE_B,7.0,Other Snacks,Thai
1417049,109,67,2760,241.53,243.53,0,0,285,638,56,TYPE_B,7.0,Other Snacks,Thai
1280683,110,67,2760,242.53,241.53,0,0,161,638,56,TYPE_B,7.0,Other Snacks,Thai
1426881,111,67,2760,243.53,241.53,0,0,244,638,56,TYPE_B,7.0,Other Snacks,Thai
1442570,112,67,2760,241.53,243.53,0,0,202,638,56,TYPE_B,7.0,Other Snacks,Thai
1077832,113,67,2760,242.53,241.53,0,0,136,638,56,TYPE_B,7.0,Other Snacks,Thai
1133849,114,67,2760,242.53,243.53,0,0,258,638,56,TYPE_B,7.0,Other Snacks,Thai
