Data set/Center wise/Center_67_Rank6.csv
id,week,center_id,meal_id,checkout_price,base_price,emailer_for_promotion,homepage_featured,num_orders,city_code,region_code,center_type,op_area,category,cuisine
1386439,1,67,1525,243.5,281.33,0,1,809,638,56,TYPE_B,7.0,Other Snacks,Thai
1049386,2,67,1525,243.5,282.33,0,1,647,638,56,TYPE_B,7.0,Other Snacks,Thai
1431571,3,67,1525,243.5,282.33,0,0,501,638,56,TYPE_B,7.0,Other Snacks,Thai
1341506,4,67,1525,243.5,280.33,0,1,743,638,56,TYPE_B,7.0,Other Snacks,Thai
1230680,5,67,1525,291.03,292.03,0,0,379,638,56,TYPE_B,7.0,Other Snacks,Thai
1119348,6,67,1525,290.03,291.03,0,0,431,638,56,TYPE_B,7.0,Other Snacks,Thai
1187150,7,67,1525,290.03,290.03,0,0,487,638,56,TYPE_B,7.0,Other Snacks,Thai
1222580,8,67,1525,291.03,291.03,0,0,527,638,56,TYPE_B,7.0,Other Snacks,Thai
1286412,9,67,1525,291.03,292.03,0,0,460,638,56,TYPE_B,7.0,Other Snacks,Thai
1394887,10,67,1525,242.53,292.03,0,1,877,638,56,TYPE_B,7.0,Other Snacks,Thai
1262446,11,67,1525,242.5,290.03,0,1,663,638,56,TYPE_B,7.0,Other Snacks,Thai
1344370,12,67,1525,243.53,290.03,0,1,756,638,56,TYPE_B,7.0,Other Snacks,Thai
1200290,13,67,1525,291.03,291.03,0,0,431,638,56,TYPE_B,7.0,Other Snacks,Thai
1153037,14,67,1525,290.03,290.03,0,0,338,638,56,TYPE_B,7.0,Other Snacks,Thai
1168100,15,67,1525,291.03,291.03,0,0,419,638,56,TYPE_B,7.0,Other Snacks,Thai
1457328,16,67,1525,291.03,291.03,0,0,581,638,56,TYPE_B,7.0,Other Snacks,Thai
1002131,17,67,1525,291.03,291.03,0,0,420,638,56,TYPE_B,7.0,Other Snacks,Thai
1067021,18,67,1525,291.03,292.03,0,0,404,638,56,TYPE_B,7.0,Other Snacks,Thai
1463921,19,67,1525,292.03,292.03,0,0,581,638,56,TYPE_B,7.0,Other Snacks,Thai
1165401,20,67,1525,291.03,290.03,0,0,339,638,56,TYPE_B,7.0,Other Snacks,Thai
1331700,21,67,1525,291.03,290.03,0,0,541,638,56,TYPE_B,7.0,Other Snacks,Thai
1104370,22,67,1525,245.47,291.03,0,0,567,638,56,TYPE_B,7.0,Other Snacks,Thai
1225487,23,67,1525,244.5,290.03,0,0,404,638,56,TYPE_B,7.0,Other Snacks,Thai
1432556,24,67,1525,242.5,290.03,0,0,513,638,56,TYPE_B,7.0,Other Snacks,Thai
1253144,25,67,1525,290.03,292.03,0,0,258,638,56,TYPE_B,7.0,Other Snacks,Thai
1116880,26,67,1525,290.09,290.09,0,0,352,638,56,TYPE_B,7.0,Other Snacks,Thai
1470966,27,67,1525,291.03,291.03,0,0,528,638,56,TYPE_B,7.0,Other Snacks,Thai
1266229,28,67,1525,261.93,292.03,0,1,432,638,56,TYPE_B,7.0,Other Snacks,Thai
1263665,29,67,1525,263.9,291.03,0,1,567,638,56,TYPE_B,7.0,Other Snacks,Thai
1180248,30,67,1525,261.93,292.03,0,0,188,638,56,TYPE_B,7.0,Other Snacks,Thai
1010283,41,67,1525,290.03,291.03,0,0,244,638,56,TYPE_B,7.0,Other Snacks,Thai
1233732,42,67,1525,292.03,290.03,0,0,404,638,56,TYPE_B,7.0,Other Snacks,Thai
1087022,43,67,1525,263.84,265.84,0,0,485,638,56,TYPE_B,7.0,Other Snacks,Thai
1244229,44,67,1525,263.87,263.87,0,0,757,638,56,TYPE_B,7.0,Other Snacks,Thai
1382073,45,67,1525,263.87,263.87,0,0,500,638,56,TYPE_B,7.0,Other Snacks,Thai
1010169,46,67,1525,291.03,291.03,0,0,391,638,56,TYPE_B,7.0,Other Snacks,Thai
1134795,47,67,1525,292.03,291.03,0,0,474,638,56,TYPE_B,7.0,Other Snacks,Thai
1131059,48,67,1525,291.03,290.03,0,0,432,638,56,TYPE_B,7.0,Other Snacks,Thai
1280312,49,67,1525,290.03,292.03,0,0,432,638,56,TYPE_B,7.0,Other Snacks,Thai
1174737,50,67,1525,290.03,290.03,0,0,540,638,56,TYPE_B,7.0,Other Snacks,Thai
1404513,51,67,1525,290.03,292.03,0,0,284,638,56,TYPE_B,7.0,Other Snacks,Thai
1168532,52,67,1525,290.03,292.03,0,0,595,638,56,TYPE_B,7.0,Other Snacks,Thai
1302821,53,67,1525,291.03,292.03,0,0,404,638,56,TYPE_B,7.0,Other Snacks,Thai
1012914,54,67,1525,292.03,292.03,0,0,377,638,56,TYPE_B,7.0,Other Snacks,Thai
1191170,55,67,1525,290.03,292.03,0,0,312,638,56,TYPE_B,7.0,Other Snacks,Thai
1159882,56,67,1525,242.53,292.03,0,0,783,638,56,TYPE_B,7.0,Other Snacks,Thai
1424765,57,67,1525,243.5,290.03,0,0,728,638,56,TYPE_B,7.0,Other Snacks,Thai
1216183,58,67,1525,243.53,290.03,0,0,391,638,56,TYPE_B,7.0,Other Snacks,Thai
1051310,59,67,1525,291.03,290.03,0,0,203,638,56,TYPE_B,7.0,Other Snacks,Thai
1254108,60,67,1525,292.03,291.03,0,0,310,638,56,TYPE_B,7.0,Other Snacks,Thai
1007310,61,67,1525,290.03,291.03,0,0,405,638,56,TYPE_B,7.0,Other Snacks,Thai
1109428,62,67,1525,291.03,290.03,0,0,188,638,56,TYPE_B,7.0,Other Snacks,Thai
1155258,63,67,1525,240.56,291.03,0,1,1052,638,56,TYPE_B,7.0,Other Snacks,Thai
1163390,64,67,1525,240.56,292.03,0,0,905,638,56,TYPE_B,7.0,Other Snacks,Thai
1327216,65,67,1525,241.53,291.03,0,0,310,638,56,TYPE_B,7.0,Other Snacks,Thai
1082224,66,67,1525,292.03,291.03,0,0,311,638,56,TYPE_B,7.0,Other Snacks,Thai
1218723,67,67,1525,292.03,290.03,0,0,285,638,56,TYPE_B,7.0,Other Snacks,Thai
1436415,68,67,1525,291.03,291.03,0,0,351,638,56,TYPE_B,7.0,Other Snacks,Thai
1325316,69,67,1525,290.03,291.03,0,0,366,638,56,TYPE_B,7.0,Other Snacks,Thai
1008326,70,67,1525,291.03,292.03,0,0,405,638,56,TYPE_B,7.0,Other Snacks,Thai
1212601,71,67,1525,291.03,292.03,0,0,406,638,56,TYPE_B,7.0,Other Snacks,Thai
1185760,72,67,1525,290.03,290.03,0,0,297,638,56,TYPE_B,7.0,Other Snacks,Thai
1328897,73,67,1525,244.5,291.03,0,0,661,638,56,TYPE_B,7.0,Other Snacks,Thai
1378514,74,67,1525,244.5,291.03,0,1,743,638,56,TYPE_B,7.0,Other Snacks,Thai
1431815,75,67,1525,244.5,291.03,0,0,620,638,56,TYPE_B,7.0,Other Snacks,Thai
1221150,76,67,1525,246.44,290.03,0,0,392,638,56,TYPE_B,7.0,Other Snacks,Thai
1406107,77,67,1525,292.03,290.03,0,0,392,638,56,TYPE_B,7.0,Other Snacks,Thai
1494707,78,67,1525,290.03,291.03,0,0,323,638,56,TYPE_B,7.0,Other Snacks,Thai
1414205,79,67,1525,290.03,292.03,0,0,445,638,56,TYPE_B,7.0,Other Snacks,Thai
1022465,80,67,1525,241.53,291.03,0,1,852,638,56,TYPE_B,7.0,Other Snacks,Thai
1453715,81,67,1525,243.53,292.03,0,1,770,638,56,TYPE_B,7.0,Other Snacks,Thai
1309672,82,67,1525,243.53,292.03,0,0,500,638,56,TYPE_B,7.0,Other Snacks,Thai
1210780,83,67,1525,290.03,291.03,0,0,350,638,56,TYPE_B,7.0,Other Snacks,Thai
1315980,84,67,1525,290.03,291.03,0,0,405,638,56,TYPE_B,7.0,Other Snacks,Thai
1382105,85,67,1525,247.41,291.03,0,0,528,638,56,TYPE_B,7.0,Other Snacks,Thai
1386986,86,67,1525,243.5,290.03,0,0,553,638,56,TYPE_B,7.0,Other Snacks,Thai
1081322,87,67,1525,244.5,290.03,0,0,418,638,56,TYPE_B,7.0,Other Snacks,Thai
1179755,88,67,1525,244.5,291.03,0,0,554,638,56,TYPE_B,7.0,Other Snacks,Thai
1362005,89,67,1525,290.03,291.03,0,0,432,638,56,TYPE_B,7.0,Other Snacks,Thai
1357226,90,67,1525,290.03,290.03,0,0,377,638,56,TYPE_B,7.0,Other Snacks,Thai
1126710,91,67,1525,292.03,292.03,0,0,514,638,56,TYPE_B,7.0,Other Snacks,Thai
1261585,92,67,1525,292.03,292.03,0,0,377,638,56,TYPE_B,7.0,Other Snacks,Thai
1062159,93,67,1525,292.03,292.03,0,0,431,638,56,TYPE_B,7.0,Other Snacks,Thai
1169755,94,67,1525,290.03,290.03,0,0,404,638,56,TYPE_B,7.0,Other Snacks,Thai
1344521,95,67,1525,291.06,291.06,0,0,379,638,56,TYPE_B,7.0,Other Snacks,Thai
1133402,96,67,1525,241.53,289.06,0,0,621,638,56,TYPE_B,7.0,Other Snacks,Thai
1217349,97,67,1525,243.53,291.06,0,0,419,638,56,TYPE_B,7.0,Other Snacks,Thai
1241426,98,67,1525,244.5,289.06,0,0,485,638,56,TYPE_B,7.0,Other Snacks,Thai
1351638,99,67,1525,292.03,292.03,0,0,393,638,56,TYPE_B,7.0,Other Snacks,Thai
1329517,100,67,1525,291.03,292.03,0,0,431,638,56,TYPE_B,7.0,Other Snacks,Thai
1236384,101,67,1525,291.03,291.03,0,0,324,638,56,TYPE_B,7.0,Other Snacks,Thai
1363477,102,67,1525,292.03,292.03,0,0,298,638,56,TYPE_B,7.0,Other Snacks,Thai
1108269,103,67,1525,291.03,290.03,0,0,177,638,56,TYPE_B,7.0,Other Snacks,Thai
1231104,104,67,1525,244.44,291.03,0,0,405,638,56,TYPE_B,7.0,Other Snacks,Thai
1426906,105,67,1525,244.5,292.03,0,1,701,638,56,TYPE_B,7.0,Other Snacks,Thai
1062992,106,67,1525,242.5,291.03,0,1,580,638,56,TYPE_B,7.0,Other Snacks,Thai
1107778,107,67,1525,242.5,291.03,0,1,634,638,56,TYPE_B,7.0,Other Snacks,Thai
1461190,108,67,1525,260.93,290.03,0,0,555,638,56,TYPE_B,7.0,Other Snacks,Thai
1200530,109,67,1525,263.9,263.9,0,0,661,638,56,TYPE_B,7.0,Other Snacks,Thai
1280110,110,67,1525,241.53,242.53,0,0,636,638,56,TYPE_B,7.0,Other Snacks,Thai
1299789,111,67,1525,243.53,241.53,0,0,648,638,56,TYPE_B,7.0,Other Snacks,Thai
1247548,112,67,1525,241.53,243.53,0,0,539,638,56,TYPE_B,7.0,Other Snacks,Thai
1357482,113,67,1525,242.53,242.53,0,0,703,638,56,TYPE_B,7.0,Other Snacks,Thai
1435075,114,67,1525,242.53,241.53,0,1,702,638,56,TYPE_B,7.0,Other Snacks,Thai
1318511,1,67,2704,244.5,281.33,0,1,339,638,56,TYPE_B,7.0,Other Snacks,Thai
1289121,2,67,2704,245.44,281.33,0,1,298,638,56,TYPE_B,7.0,Other Snacks,Thai
1460159,3,67,2704,244.5,280.33,0,0,215,638,56,TYPE_B,7.0,Other Snacks,Thai
1020887,4,67,2704,244.5,280.33,0,1,554,638,56,TYPE_B,7.0,Other Snacks,Thai
1324088,5,67,2704,291.03,290.03,0,0,244,638,56,TYPE_B,7.0,Other Snacks,Thai
1460031,6,67,2704,291.03,292.03,0,0,188,638,56,TYPE_B,7.0,Other Snacks,Thai
1309088,7,67,2704,290.03,290.03,0,0,149,638,56,TYPE_B,7.0,Other Snacks,Thai
1062410,8,67,2704,290.03,292.03,0,0,161,638,56,TYPE_B,7.0,Other Snacks,Thai
1052047,9,67,2704,291.03,291.03,0,0,215,638,56,TYPE_B,7.0,Other Snacks,Thai
1056932,10,67,2704,244.47,291.03,0,1,445,638,56,TYPE_B,7.0,Other Snacks,Thai
1166242,11,67,2704,243.5,290.03,0,1,486,638,56,TYPE_B,7.0,Other Snacks,Thai
1055796,12,67,2704,244.47,292.03,0,1,297,638,56,TYPE_B,7.0,Other Snacks,Thai
1140928,13,67,2704,292.03,292.03,0,0,150,638,56,TYPE_B,7.0,Other Snacks,Thai
1483440,14,67,2704,290.03,292.03,0,0,204,638,56,TYPE_B,7.0,Other Snacks,Thai
1414642,15,67,2704,290.03,290.03,0,0,162,638,56,TYPE_B,7.0,Other Snacks,Thai
1211641,16,67,2704,291.03,291.03,0,0,202,638,56,TYPE_B,7.0,Other Snacks,Thai
1424719,17,67,2704,292.03,291.03,0,0,337,638,56,TYPE_B,7.0,Other Snacks,Thai
1005744,18,67,2704,290.03,292.03,0,0,419,638,56,TYPE_B,7.0,Other Snacks,Thai
1427200,19,67,2704,292.03,292.03,0,0,244,638,56,TYPE_B,7.0,Other Snacks,Thai
1340816,20,67,2704,292.03,292.03,0,0,458,638,56,TYPE_B,7.0,Other Snacks,Thai
1441955,21,67,2704,290.03,291.03,0,0,296,638,56,TYPE_B,7.0,Other Snacks,Thai
1335861,22,67,2704,243.47,291.03,0,0,566,638,56,TYPE_B,7.0,Other Snacks,Thai
1251949,23,67,2704,243.5,290.03,0,0,405,638,56,TYPE_B,7.0,Other Snacks,Thai
1004553,24,67,2704,244.5,290.03,0,0,270,638,56,TYPE_B,7.0,Other Snacks,Thai
1351398,25,67,2704,292.03,292.03,0,0,379,638,56,TYPE_B,7.0,Other Snacks,Thai
1483835,26,67,2704,290.03,291.03,0,0,161,638,56,TYPE_B,7.0,Other Snacks,Thai
1246806,27,67,2704,290.03,290.03,0,0,364,638,56,TYPE_B,7.0,Other Snacks,Thai
1245742,28,67,2704,262.93,291.03,0,1,350,638,56,TYPE_B,7.0,Other Snacks,Thai
1463069,29,67,2704,261.93,291.03,0,1,351,638,56,TYPE_B,7.0,Other Snacks,Thai
1325751,30,67,2704,260.93,290.03,0,0,298,638,56,TYPE_B,7.0,Other Snacks,Thai
1249635,41,67,2704,290.03,291.03,0,0,95,638,56,TYPE_B,7.0,Other Snacks,Thai
1108519,42,67,2704,292.03,291.03,0,0,217,638,56,TYPE_B,7.0,Other Snacks,Thai
1444145,43,67,2704,263.87,264.87,0,0,377,638,56,TYPE_B,7.0,Other Snacks,Thai
1037818,44,67,2704,264.87,263.87,0,0,284,638,56,TYPE_B,7.0,Other Snacks,Thai
1097028,45,67,2704,264.87,262.87,0,0,323,638,56,TYPE_B,7.0,Other Snacks,Thai
1045533,46,67,2704,291.03,292.03,0,0,216,638,56,TYPE_B,7.0,Other Snacks,Thai
1494299,47,67,2704,291.03,290.03,0,0,284,638,56,TYPE_B,7.0,Other Snacks,Thai
1299606,48,67,2704,292.03,291.03,0,0,217,638,56,TYPE_B,7.0,Other Snacks,Thai
1128805,49,67,2704,292.03,292.03,0,0,351,638,56,TYPE_B,7.0,Other Snacks,Thai
1035301,50,67,2704,292.03,292.03,0,0,231,638,56,TYPE_B,7.0,Other Snacks,Thai
1263049,51,67,2704,292.03,292.03,0,0,242,638,56,TYPE_B,7.0,Other Snacks,Thai
1289745,52,67,2704,290.03,290.03,0,0,188,638,56,TYPE_B,7.0,Other Snacks,Thai
1209961,53,67,2704,290.03,292.03,0,0,109,638,56,TYPE_B,7.0,Other Snacks,Thai
1084580,54,67,2704,292.03,292.03,0,0,149,638,56,TYPE_B,7.0,Other Snacks,Thai
1263161,55,67,2704,292.03,292.03,0,0,285,638,56,TYPE_B,7.0,Other Snacks,Thai
1276463,56,67,2704,243.53,290.03,0,0,216,638,56,TYPE_B,7.0,Other Snacks,Thai
1456395,57,67,2704,241.53,291.03,0,0,473,638,56,TYPE_B,7.0,Other Snacks,Thai
1104295,58,67,2704,241.53,290.03,0,1,229,638,56,TYPE_B,7.0,Other Snacks,Thai
1120117,59,67,2704,290.03,291.03,0,0,203,638,56,TYPE_B,7.0,Other Snacks,Thai
1262081,60,67,2704,292.03,292.03,0,0,203,638,56,TYPE_B,7.0,Other Snacks,Thai
1413699,61,67,2704,290.03,292.03,0,0,176,638,56,TYPE_B,7.0,Other Snacks,Thai
1088092,62,67,2704,290.03,290.03,0,0,82,638,56,TYPE_B,7.0,Other Snacks,Thai
1327536,63,67,2704,244.47,290.03,0,0,649,638,56,TYPE_B,7.0,Other Snacks,Thai
1131411,64,67,2704,244.5,292.03,0,1,675,638,56,TYPE_B,7.0,Other Snacks,Thai
1049801,65,67,2704,243.53,291.03,0,0,285,638,56,TYPE_B,7.0,Other Snacks,Thai
1141722,66,67,2704,291.03,292.03,0,0,217,638,56,TYPE_B,7.0,Other Snacks,Thai
1265730,67,67,2704,291.03,292.03,0,0,188,638,56,TYPE_B,7.0,Other Snacks,Thai
1219661,68,67,2704,290.03,290.03,0,0,177,638,56,TYPE_B,7.0,Other Snacks,Thai
1171996,69,67,2704,291.03,290.03,0,0,310,638,56,TYPE_B,7.0,Other Snacks,Thai
1444401,70,67,2704,290.03,292.03,0,0,284,638,56,TYPE_B,7.0,Other Snacks,Thai
1120300,71,67,2704,292.03,291.03,0,0,337,638,56,TYPE_B,7.0,Other Snacks,Thai
1407776,72,67,2704,291.03,290.03,0,0,311,638,56,TYPE_B,7.0,Other Snacks,Thai
1396066,73,67,2704,243.5,290.03,0,1,513,638,56,TYPE_B,7.0,Other Snacks,Thai
1346686,74,67,2704,244.5,292.03,0,1,419,638,56,TYPE_B,7.0,Other Snacks,Thai
1035380,75,67,2704,245.47,291.03,0,0,512,638,56,TYPE_B,7.0,Other Snacks,Thai
1256856,76,67,2704,242.5,291.03,0,0,500,638,56,TYPE_B,7.0,Other Snacks,Thai
1191370,77,67,2704,292.03,291.03,0,0,284,638,56,TYPE_B,7.0,Other Snacks,Thai
1013487,78,67,2704,292.03,290.03,0,0,215,638,56,TYPE_B,7.0,Other Snacks,Thai
1008409,79,67,2704,291.03,290.03,0,0,258,638,56,TYPE_B,7.0,Other Snacks,Thai
1106200,80,67,2704,242.53,292.03,0,0,528,638,56,TYPE_B,7.0,Other Snacks,Thai
1162321,81,67,2704,241.53,291.03,0,0,378,638,56,TYPE_B,7.0,Other Snacks,Thai
1303687,82,67,2704,241.53,292.03,0,0,377,638,56,TYPE_B,7.0,Other Snacks,Thai
1467106,83,67,2704,291.03,290.03,0,0,323,638,56,TYPE_B,7.0,Other Snacks,Thai
1020616,84,67,2704,292.03,290.03,0,0,337,638,56,TYPE_B,7.0,Other Snacks,Thai
1064355,85,67,2704,242.5,292.03,0,0,230,638,56,TYPE_B,7.0,Other Snacks,Thai
1351250,86,67,2704,246.44,292.03,0,0,352,638,56,TYPE_B,7.0,Other Snacks,Thai
1452974,87,67,2704,244.5,291.03,0,0,338,638,56,TYPE_B,7.0,Other Snacks,Thai
1416995,88,67,2704,243.5,292.03,0,0,472,638,56,TYPE_B,7.0,Other Snacks,Thai
1144334,89,67,2704,292.03,290.03,0,0,270,638,56,TYPE_B,7.0,Other Snacks,Thai
1241469,90,67,2704,292.03,290.03,0,0,474,638,56,TYPE_B,7.0,Other Snacks,Thai
1167378,91,67,2704,292.03,290.03,0,0,391,638,56,TYPE_B,7.0,Other Snacks,Thai
1148664,92,67,2704,291.03,292.03,0,0,257,638,56,TYPE_B,7.0,Other Snacks,Thai
1152253,93,67,2704,292.03,291.03,0,0,243,638,56,TYPE_B,7.0,Other Snacks,Thai
1246065,94,67,2704,292.03,290.03,0,0,379,638,56,TYPE_B,7.0,Other Snacks,Thai
1001245,95,67,2704,290.03,290.03,0,0,270,638,56,TYPE_B,7.0,Other Snacks,Thai
1127739,96,67,2704,243.53,291.03,0,0,621,638,56,TYPE_B,7.0,Other Snacks,Thai
1398667,97,67,2704,243.53,290.03,0,0,541,638,56,TYPE_B,7.0,Other Snacks,Thai
1022191,98,67,2704,242.53,290.03,0,0,350,638,56,TYPE_B,7.0,Other Snacks,Thai
1201119,99,67,2704,290.03,292.03,0,0,419,638,56,TYPE_B,7.0,Other Snacks,Thai
1330532,100,67,2704,291.03,291.03,0,0,216,638,56,TYPE_B,7.0,Other Snacks,Thai
1190824,101,67,2704,292.03,291.03,0,0,473,638,56,TYPE_B,7.0,Other Snacks,Thai
1004177,102,67,2704,290.03,290.03,0,0,325,638,56,TYPE_B,7.0,Other Snacks,Thai
1244892,103,67,2704,290.03,291.03,0,0,175,638,56,TYPE_B,7.0,Other Snacks,Thai
1304966,104,67,2704,244.5,292.03,0,1,528,638,56,TYPE_B,7.0,Other Snacks,Thai
1361631,105,67,2704,242.5,292.03,0,1,391,638,56,TYPE_B,7.0,Other Snacks,Thai
1083606,106,67,2704,243.47,290.03,0,1,541,638,56,TYPE_B,7.0,Other Snacks,Thai
1012850,107,67,2704,242.5,291.03,0,1,432,638,56,TYPE_B,7.0,Other Snacks,Thai
1444456,108,67,2704,262.93,292.03,0,1,378,638,56,TYPE_B,7.0,Other Snacks,Thai
1278661,109,67,2704,262.93,292.03,0,1,540,638,56,TYPE_B,7.0,Other Snacks,Thai
1339625,110,67,2704,242.53,291.03,0,1,472,638,56,TYPE_B,7.0,Other Snacks,Thai
1442945,111,67,2704,242.53,290.03,0,1,607,638,56,TYPE_B,7.0,Other Snacks,Thai
1205377,112,67,2704,243.53,291.03,0,1,474,638,56,TYPE_B,7.0,Other Snacks,Thai
1095058,113,67,2704,244.5,292.03,0,1,796,638,56,TYPE_B,7.0,Other Snacks,Thai
1483684,114,67,2704,241.53,291.03,0,1,635,638,56,TYPE_B,7.0,Other Snacks,Thai
