Data set/Center wise/Center_67_Rank6.csv
id,week,center_id,meal_id,checkout_price,base_price,emailer_for_promotion,homepage_featured,num_orders,city_code,region_code,center_type,op_area,category,cuisine
1490867,1,67,2492,388.03,389.03,0,0,28,638,56,TYPE_B,7.0,Desert,Indian
1457408,2,67,2492,387.03,387.03,0,0,41,638,56,TYPE_B,7.0,Desert,Indian
1032113,3,67,2492,389.03,388.03,0,0,55,638,56,TYPE_B,7.0,Desert,Indian
1050228,4,67,2492,387.03,387.03,0,0,13,638,56,TYPE_B,7.0,Desert,Indian
1431443,5,67,2492,388.03,388.03,0,0,41,638,56,TYPE_B,7.0,Desert,Indian
1003986,6,67,2492,387.03,387.03,0,0,53,638,56,TYPE_B,7.0,Desert,Indian
1020284,7,67,2492,389.03,387.03,0,0,67,638,56,TYPE_B,7.0,Desert,Indian
1091730,8,67,2492,388.03,387.03,0,0,68,638,56,TYPE_B,7.0,Desert,Indian
1369639,9,67,2492,387.03,389.03,0,0,42,638,56,TYPE_B,7.0,Desert,Indian
1149122,10,67,2492,388.03,389.03,0,0,26,638,56,TYPE_B,7.0,Desert,Indian
1498186,11,67,2492,389.03,388.03,0,0,67,638,56,TYPE_B,7.0,Desert,Indian
1313892,12,67,2492,388.03,387.03,0,0,28,638,56,TYPE_B,7.0,Desert,Indian
1308048,13,67,2492,388.03,387.03,0,0,53,638,56,TYPE_B,7.0,Desert,Indian
1255656,14,67,2492,388.03,388.03,0,0,68,638,56,TYPE_B,7.0,Desert,Indian
1407101,15,67,2492,388.03,389.03,0,0,55,638,56,TYPE_B,7.0,Desert,Indian
1140420,16,67,2492,389.03,389.03,0,0,27,638,56,TYPE_B,7.0,Desert,Indian
1340344,17,67,2492,389.03,387.03,0,0,13,638,56,TYPE_B,7.0,Desert,Indian
1433511,18,67,2492,388.03,388.03,0,0,69,638,56,TYPE_B,7.0,Desert,Indian
1022082,19,67,2492,389.03,389.03,0,0,67,638,56,TYPE_B,7.0,Desert,Indian
1481692,20,67,2492,387.03,387.03,0,0,13,638,56,TYPE_B,7.0,Desert,Indian
1315632,22,67,2492,389.03,388.03,0,0,13,638,56,TYPE_B,7.0,Desert,Indian
1424076,23,67,2492,389.03,387.03,0,0,68,638,56,TYPE_B,7.0,Desert,Indian
1337654,24,67,2492,389.03,387.03,0,0,53,638,56,TYPE_B,7.0,Desert,Indian
1246829,25,67,2492,389.03,388.03,0,0,42,638,56,TYPE_B,7.0,Desert,Indian
1073770,26,67,2492,388.03,387.03,0,0,68,638,56,TYPE_B,7.0,Desert,Indian
1103529,27,67,2492,387.03,389.03,0,0,68,638,56,TYPE_B,7.0,Desert,Indian
1137541,28,67,2492,291.0,388.03,1,0,190,638,56,TYPE_B,7.0,Desert,Indian
1056421,29,67,2492,293.0,388.03,1,0,95,638,56,TYPE_B,7.0,Desert,Indian
1307295,30,67,2492,292.0,387.03,0,0,134,638,56,TYPE_B,7.0,Desert,Indian
1198775,31,67,2492,292.0,387.03,0,0,96,638,56,TYPE_B,7.0,Desert,Indian
1433817,32,67,2492,389.03,387.03,0,0,40,638,56,TYPE_B,7.0,Desert,Indian
1174901,33,67,2492,387.03,388.03,0,0,26,638,56,TYPE_B,7.0,Desert,Indian
1468771,35,67,2492,387.03,388.03,0,0,28,638,56,TYPE_B,7.0,Desert,Indian
1377903,36,67,2492,387.03,387.03,0,0,14,638,56,TYPE_B,7.0,Desert,Indian
1218508,38,67,2492,389.03,387.03,0,0,26,638,56,TYPE_B,7.0,Desert,Indian
1025649,39,67,2492,387.03,387.03,0,0,13,638,56,TYPE_B,7.0,Desert,Indian
1008711,40,67,2492,388.03,388.03,0,0,13,638,56,TYPE_B,7.0,Desert,Indian
1224086,41,67,2492,388.03,389.03,0,0,27,638,56,TYPE_B,7.0,Desert,Indian
1061257,42,67,2492,387.03,387.03,0,0,41,638,56,TYPE_B,7.0,Desert,Indian
1088415,43,67,2492,387.03,387.03,0,0,15,638,56,TYPE_B,7.0,Desert,Indian
1454767,45,67,2492,291.03,389.03,0,1,27,638,56,TYPE_B,7.0,Desert,Indian
1143931,46,67,2492,290.03,389.03,0,1,69,638,56,TYPE_B,7.0,Desert,Indian
1496758,47,67,2492,290.03,387.03,0,1,54,638,56,TYPE_B,7.0,Desert,Indian
1003131,48,67,2492,292.03,388.03,0,1,81,638,56,TYPE_B,7.0,Desert,Indian
1454423,49,67,2492,387.03,388.03,0,1,28,638,56,TYPE_B,7.0,Desert,Indian
1447534,50,67,2492,387.03,387.03,0,1,15,638,56,TYPE_B,7.0,Desert,Indian
1143904,51,67,2492,389.03,387.03,0,1,42,638,56,TYPE_B,7.0,Desert,Indian
1010009,52,67,2492,387.03,388.03,0,1,13,638,56,TYPE_B,7.0,Desert,Indian
1016804,53,67,2492,388.03,387.03,0,1,26,638,56,TYPE_B,7.0,Desert,Indian
1015277,54,67,2492,389.03,387.03,0,1,42,638,56,TYPE_B,7.0,Desert,Indian
1251978,55,67,2492,387.03,387.03,0,1,26,638,56,TYPE_B,7.0,Desert,Indian
1238574,56,67,2492,388.03,389.03,0,1,15,638,56,TYPE_B,7.0,Desert,Indian
1289218,57,67,2492,387.03,387.03,0,0,13,638,56,TYPE_B,7.0,Desert,Indian
1210697,58,67,2492,388.03,387.03,0,1,41,638,56,TYPE_B,7.0,Desert,Indian
1001587,59,67,2492,388.03,389.03,0,0,28,638,56,TYPE_B,7.0,Desert,Indian
1374746,60,67,2492,387.03,388.03,0,0,41,638,56,TYPE_B,7.0,Desert,Indian
1261092,61,67,2492,389.03,389.03,0,0,40,638,56,TYPE_B,7.0,Desert,Indian
1098979,62,67,2492,387.03,388.03,0,0,41,638,56,TYPE_B,7.0,Desert,Indian
1234941,63,67,2492,292.0,389.03,1,0,203,638,56,TYPE_B,7.0,Desert,Indian
1010678,64,67,2492,293.0,388.03,1,0,242,638,56,TYPE_B,7.0,Desert,Indian
1174909,65,67,2492,387.03,388.03,0,0,41,638,56,TYPE_B,7.0,Desert,Indian
1393678,66,67,2492,387.03,389.03,0,0,41,638,56,TYPE_B,7.0,Desert,Indian
1289320,67,67,2492,387.03,389.03,0,0,14,638,56,TYPE_B,7.0,Desert,Indian
1497556,68,67,2492,387.03,388.03,0,0,67,638,56,TYPE_B,7.0,Desert,Indian
1016710,69,67,2492,387.03,389.03,0,0,26,638,56,TYPE_B,7.0,Desert,Indian
1013018,70,67,2492,388.03,387.03,0,0,28,638,56,TYPE_B,7.0,Desert,Indian
1257447,71,67,2492,388.03,387.03,0,0,13,638,56,TYPE_B,7.0,Desert,Indian
1142606,72,67,2492,389.03,389.03,0,0,27,638,56,TYPE_B,7.0,Desert,Indian
1264047,73,67,2492,388.03,389.03,0,0,14,638,56,TYPE_B,7.0,Desert,Indian
1301270,74,67,2492,387.03,389.03,0,0,14,638,56,TYPE_B,7.0,Desert,Indian
1471921,75,67,2492,387.03,388.03,0,0,67,638,56,TYPE_B,7.0,Desert,Indian
1477107,76,67,2492,387.03,388.03,0,0,14,638,56,TYPE_B,7.0,Desert,Indian
1008026,77,67,2492,388.03,387.03,0,0,40,638,56,TYPE_B,7.0,Desert,Indian
1038516,78,67,2492,387.03,389.03,0,0,14,638,56,TYPE_B,7.0,Desert,Indian
1358234,79,67,2492,388.03,387.03,0,0,28,638,56,TYPE_B,7.0,Desert,Indian
1415418,80,67,2492,293.0,388.03,0,0,121,638,56,TYPE_B,7.0,Desert,Indian
1443193,81,67,2492,293.0,389.03,1,0,188,638,56,TYPE_B,7.0,Desert,Indian
1387674,82,67,2492,293.0,388.03,0,0,68,638,56,TYPE_B,7.0,Desert,Indian
1185206,83,67,2492,291.0,387.03,0,0,67,638,56,TYPE_B,7.0,Desert,Indian
1062689,85,67,2492,389.03,389.03,0,0,15,638,56,TYPE_B,7.0,Desert,Indian
1370753,86,67,2492,387.03,388.03,0,0,13,638,56,TYPE_B,7.0,Desert,Indian
1197452,87,67,2492,388.03,389.03,0,0,95,638,56,TYPE_B,7.0,Desert,Indian
1198980,89,67,2492,387.03,389.03,0,0,82,638,56,TYPE_B,7.0,Desert,Indian
1217543,90,67,2492,389.03,388.03,0,0,28,638,56,TYPE_B,7.0,Desert,Indian
1366339,91,67,2492,387.03,388.03,0,0,82,638,56,TYPE_B,7.0,Desert,Indian
1319882,92,67,2492,388.03,388.03,0,0,69,638,56,TYPE_B,7.0,Desert,Indian
1101684,93,67,2492,387.03,387.03,0,0,53,638,56,TYPE_B,7.0,Desert,Indian
1474872,94,67,2492,388.03,387.03,0,0,28,638,56,TYPE_B,7.0,Desert,Indian
1013836,95,67,2492,388.03,387.03,0,0,80,638,56,TYPE_B,7.0,Desert,Indian
1255515,96,67,2492,292.0,389.03,0,0,123,638,56,TYPE_B,7.0,Desert,Indian
1401443,97,67,2492,291.0,388.03,0,0,94,638,56,TYPE_B,7.0,Desert,Indian
1282912,98,67,2492,291.0,388.03,0,0,123,638,56,TYPE_B,7.0,Desert,Indian
1339498,99,67,2492,292.0,389.03,0,0,67,638,56,TYPE_B,7.0,Desert,Indian
1022177,100,67,2492,388.03,387.03,0,0,82,638,56,TYPE_B,7.0,Desert,Indian
1084744,101,67,2492,389.03,388.03,0,0,27,638,56,TYPE_B,7.0,Desert,Indian
1325019,105,67,2492,388.03,388.03,0,0,107,638,56,TYPE_B,7.0,Desert,Indian
1195470,106,67,2492,389.03,387.03,0,0,80,638,56,TYPE_B,7.0,Desert,Indian
1266518,107,67,2492,389.03,387.03,0,0,40,638,56,TYPE_B,7.0,Desert,Indian
1209696,108,67,2492,340.5,387.03,0,0,297,638,56,TYPE_B,7.0,Desert,Indian
1454368,109,67,2492,340.5,387.03,0,0,231,638,56,TYPE_B,7.0,Desert,Indian
1177804,110,67,2492,341.5,388.03,0,0,27,638,56,TYPE_B,7.0,Desert,Indian
1168140,111,67,2492,389.03,387.03,0,0,55,638,56,TYPE_B,7.0,Desert,Indian
1089701,112,67,2492,389.03,387.03,0,0,14,638,56,TYPE_B,7.0,Desert,Indian
1434820,113,67,2492,387.03,387.03,0,0,55,638,56,TYPE_B,7.0,Desert,Indian
1484101,114,67,2492,388.03,388.03,0,0,80,638,56,TYPE_B,7.0,Desert,Indian
1141162,1,67,1543,485.03,486.03,0,1,136,638,56,TYPE_B,7.0,Desert,Indian
1182624,2,67,1543,484.03,486.03,0,0,41,638,56,TYPE_B,7.0,Desert,Indian
1443175,3,67,1543,486.03,485.03,0,0,28,638,56,TYPE_B,7.0,Desert,Indian
1303666,4,67,1543,486.03,486.03,0,0,149,638,56,TYPE_B,7.0,Desert,Indian
1422676,5,67,1543,484.03,486.03,0,0,68,638,56,TYPE_B,7.0,Desert,Indian
1256429,6,67,1543,438.5,486.03,0,1,176,638,56,TYPE_B,7.0,Desert,Indian
1217054,7,67,1543,438.5,485.03,0,1,13,638,56,TYPE_B,7.0,Desert,Indian
1052973,8,67,1543,438.5,484.03,0,1,55,638,56,TYPE_B,7.0,Desert,Indian
1341201,9,67,1543,436.5,484.03,0,1,40,638,56,TYPE_B,7.0,Desert,Indian
1395541,10,67,1543,484.03,486.03,0,1,55,638,56,TYPE_B,7.0,Desert,Indian
1210144,11,67,1543,461.78,461.78,0,0,189,638,56,TYPE_B,7.0,Desert,Indian
1435598,12,67,1543,485.03,461.78,0,1,55,638,56,TYPE_B,7.0,Desert,Indian
1281949,13,67,1543,484.03,484.03,0,0,53,638,56,TYPE_B,7.0,Desert,Indian
1292901,14,67,1543,484.03,485.03,0,0,55,638,56,TYPE_B,7.0,Desert,Indian
1109410,15,67,1543,485.03,484.03,0,0,67,638,56,TYPE_B,7.0,Desert,Indian
1386293,16,67,1543,485.03,485.03,0,0,53,638,56,TYPE_B,7.0,Desert,Indian
1161653,17,67,1543,387.03,485.03,0,1,96,638,56,TYPE_B,7.0,Desert,Indian
1141466,18,67,1543,389.03,484.03,0,0,95,638,56,TYPE_B,7.0,Desert,Indian
1178285,19,67,1543,388.03,486.03,0,0,123,638,56,TYPE_B,7.0,Desert,Indian
1089853,20,67,1543,387.03,486.03,0,1,123,638,56,TYPE_B,7.0,Desert,Indian
1042746,21,67,1543,452.02,485.03,0,1,80,638,56,TYPE_B,7.0,Desert,Indian
1272960,22,67,1543,486.03,485.03,0,1,82,638,56,TYPE_B,7.0,Desert,Indian
1491054,23,67,1543,484.03,486.03,0,0,82,638,56,TYPE_B,7.0,Desert,Indian
1030126,24,67,1543,485.03,485.03,0,0,69,638,56,TYPE_B,7.0,Desert,Indian
1029789,25,67,1543,486.03,485.03,0,1,40,638,56,TYPE_B,7.0,Desert,Indian
1287871,26,67,1543,484.03,485.03,0,1,13,638,56,TYPE_B,7.0,Desert,Indian
1296268,27,67,1543,484.03,484.03,0,0,28,638,56,TYPE_B,7.0,Desert,Indian
1313595,28,67,1543,484.03,486.03,0,0,15,638,56,TYPE_B,7.0,Desert,Indian
1097207,30,67,1543,485.03,485.03,0,0,55,638,56,TYPE_B,7.0,Desert,Indian
1077632,31,67,1543,485.03,484.03,0,0,68,638,56,TYPE_B,7.0,Desert,Indian
1143772,32,67,1543,389.03,484.03,1,0,121,638,56,TYPE_B,7.0,Desert,Indian
1156481,33,67,1543,389.03,486.03,0,0,123,638,56,TYPE_B,7.0,Desert,Indian
1144257,34,67,1543,388.03,485.03,0,1,134,638,56,TYPE_B,7.0,Desert,Indian
1281519,35,67,1543,389.03,484.03,0,1,136,638,56,TYPE_B,7.0,Desert,Indian
1195871,36,67,1543,485.03,485.03,0,1,82,638,56,TYPE_B,7.0,Desert,Indian
1015532,37,67,1543,484.03,486.03,0,1,68,638,56,TYPE_B,7.0,Desert,Indian
1001097,38,67,1543,486.03,484.03,0,0,67,638,56,TYPE_B,7.0,Desert,Indian
1106930,39,67,1543,485.03,486.03,0,0,40,638,56,TYPE_B,7.0,Desert,Indian
1261628,40,67,1543,484.03,486.03,0,0,41,638,56,TYPE_B,7.0,Desert,Indian
1416979,41,67,1543,484.03,486.03,0,1,94,638,56,TYPE_B,7.0,Desert,Indian
1286091,42,67,1543,486.03,484.03,0,1,82,638,56,TYPE_B,7.0,Desert,Indian
1235204,43,67,1543,393.82,484.03,1,1,243,638,56,TYPE_B,7.0,Desert,Indian
1275330,44,67,1543,389.0,486.03,1,1,215,638,56,TYPE_B,7.0,Desert,Indian
1057715,45,67,1543,388.0,486.03,0,0,80,638,56,TYPE_B,7.0,Desert,Indian
1387296,46,67,1543,397.7,485.03,0,0,136,638,56,TYPE_B,7.0,Desert,Indian
1059400,47,67,1543,485.03,484.03,0,0,123,638,56,TYPE_B,7.0,Desert,Indian
1380311,48,67,1543,486.03,485.03,0,0,28,638,56,TYPE_B,7.0,Desert,Indian
1072723,49,67,1543,485.03,484.03,0,0,40,638,56,TYPE_B,7.0,Desert,Indian
1364943,50,67,1543,486.03,486.03,0,0,13,638,56,TYPE_B,7.0,Desert,Indian
1390074,51,67,1543,486.03,485.03,0,0,67,638,56,TYPE_B,7.0,Desert,Indian
1450202,52,67,1543,485.03,484.03,0,0,109,638,56,TYPE_B,7.0,Desert,Indian
1248290,53,67,1543,485.03,486.03,0,0,82,638,56,TYPE_B,7.0,Desert,Indian
1459037,54,67,1543,486.03,486.03,0,0,54,638,56,TYPE_B,7.0,Desert,Indian
1374624,55,67,1543,388.03,485.03,1,0,96,638,56,TYPE_B,7.0,Desert,Indian
1129726,56,67,1543,389.03,486.03,0,0,42,638,56,TYPE_B,7.0,Desert,Indian
1330576,57,67,1543,389.03,484.03,0,0,80,638,56,TYPE_B,7.0,Desert,Indian
1398070,58,67,1543,387.03,484.03,0,0,41,638,56,TYPE_B,7.0,Desert,Indian
1189742,59,67,1543,485.03,484.03,0,0,69,638,56,TYPE_B,7.0,Desert,Indian
1125616,60,67,1543,486.03,485.03,0,0,54,638,56,TYPE_B,7.0,Desert,Indian
1106559,61,67,1543,486.03,486.03,0,0,27,638,56,TYPE_B,7.0,Desert,Indian
1265957,62,67,1543,486.03,485.03,0,0,40,638,56,TYPE_B,7.0,Desert,Indian
1368047,63,67,1543,486.03,486.03,0,0,55,638,56,TYPE_B,7.0,Desert,Indian
1181220,64,67,1543,485.03,484.03,0,0,41,638,56,TYPE_B,7.0,Desert,Indian
1355544,65,67,1543,485.03,484.03,0,0,55,638,56,TYPE_B,7.0,Desert,Indian
1352287,66,67,1543,486.03,484.03,0,0,14,638,56,TYPE_B,7.0,Desert,Indian
1077878,67,67,1543,484.03,486.03,0,0,80,638,56,TYPE_B,7.0,Desert,Indian
1412623,68,67,1543,486.03,485.03,0,0,26,638,56,TYPE_B,7.0,Desert,Indian
1475354,69,67,1543,484.03,484.03,0,0,82,638,56,TYPE_B,7.0,Desert,Indian
1314861,70,67,1543,485.03,486.03,0,0,122,638,56,TYPE_B,7.0,Desert,Indian
1158766,71,67,1543,484.03,484.03,0,0,122,638,56,TYPE_B,7.0,Desert,Indian
1036015,72,67,1543,377.39,485.03,1,0,216,638,56,TYPE_B,7.0,Desert,Indian
1231227,73,67,1543,388.03,485.03,0,0,163,638,56,TYPE_B,7.0,Desert,Indian
1281884,74,67,1543,389.03,485.03,0,0,204,638,56,TYPE_B,7.0,Desert,Indian
1123633,75,67,1543,388.03,486.03,0,0,67,638,56,TYPE_B,7.0,Desert,Indian
1283579,76,67,1543,486.03,485.03,0,0,69,638,56,TYPE_B,7.0,Desert,Indian
1440049,77,67,1543,485.03,485.03,0,0,55,638,56,TYPE_B,7.0,Desert,Indian
1471902,78,67,1543,484.03,484.03,0,0,26,638,56,TYPE_B,7.0,Desert,Indian
1032183,79,67,1543,486.03,486.03,0,0,54,638,56,TYPE_B,7.0,Desert,Indian
1254875,80,67,1543,486.03,486.03,0,0,54,638,56,TYPE_B,7.0,Desert,Indian
1129106,81,67,1543,484.03,485.03,0,0,42,638,56,TYPE_B,7.0,Desert,Indian
1455921,82,67,1543,485.03,484.03,0,0,80,638,56,TYPE_B,7.0,Desert,Indian
1141857,83,67,1543,389.03,485.03,0,1,80,638,56,TYPE_B,7.0,Desert,Indian
1113883,84,67,1543,388.03,484.03,0,1,107,638,56,TYPE_B,7.0,Desert,Indian
1464284,85,67,1543,388.03,484.03,0,1,81,638,56,TYPE_B,7.0,Desert,Indian
1044759,86,67,1543,388.03,484.03,0,1,81,638,56,TYPE_B,7.0,Desert,Indian
1235660,87,67,1543,486.03,486.03,0,1,107,638,56,TYPE_B,7.0,Desert,Indian
1144201,88,67,1543,486.03,486.03,0,1,148,638,56,TYPE_B,7.0,Desert,Indian
1053863,89,67,1543,484.03,486.03,0,1,96,638,56,TYPE_B,7.0,Desert,Indian
1211041,90,67,1543,486.03,484.03,0,1,107,638,56,TYPE_B,7.0,Desert,Indian
1393655,91,67,1543,485.03,486.03,0,1,202,638,56,TYPE_B,7.0,Desert,Indian
1454209,92,67,1543,486.03,485.03,0,1,69,638,56,TYPE_B,7.0,Desert,Indian
1348267,93,67,1543,486.03,485.03,0,1,150,638,56,TYPE_B,7.0,Desert,Indian
1318465,94,67,1543,486.03,485.03,0,0,121,638,56,TYPE_B,7.0,Desert,Indian
1397028,95,67,1543,484.03,485.03,0,0,95,638,56,TYPE_B,7.0,Desert,Indian
1239918,96,67,1543,484.03,486.03,0,0,122,638,56,TYPE_B,7.0,Desert,Indian
1214063,97,67,1543,484.03,486.03,0,0,80,638,56,TYPE_B,7.0,Desert,Indian
1004320,98,67,1543,485.03,486.03,0,0,175,638,56,TYPE_B,7.0,Desert,Indian
1186328,99,67,1543,485.03,484.03,0,0,134,638,56,TYPE_B,7.0,Desert,Indian
1082776,100,67,1543,486.03,486.03,0,0,150,638,56,TYPE_B,7.0,Desert,Indian
1475685,101,67,1543,484.03,485.03,0,0,109,638,56,TYPE_B,7.0,Desert,Indian
1274891,102,67,1543,484.03,484.03,0,0,69,638,56,TYPE_B,7.0,Desert,Indian
1450726,103,67,1543,485.03,486.03,0,0,13,638,56,TYPE_B,7.0,Desert,Indian
1201527,104,67,1543,485.03,486.03,0,0,134,638,56,TYPE_B,7.0,Desert,Indian
1012547,105,67,1543,484.03,485.03,0,0,150,638,56,TYPE_B,7.0,Desert,Indian
1117252,106,67,1543,484.03,486.03,0,0,96,638,56,TYPE_B,7.0,Desert,Indian
1197447,107,67,1543,484.03,485.03,0,0,121,638,56,TYPE_B,7.0,Desert,Indian
1073504,108,67,1543,485.03,486.03,0,0,82,638,56,TYPE_B,7.0,Desert,Indian
1236361,109,67,1543,485.03,484.03,0,0,149,638,56,TYPE_B,7.0,Desert,Indian
1150103,110,67,1543,472.39,474.39,0,0,175,638,56,TYPE_B,7.0,Desert,Indian
1210774,111,67,1543,474.39,473.39,0,0,123,638,56,TYPE_B,7.0,Desert,Indian
1368707,112,67,1543,472.39,474.39,0,0,134,638,56,TYPE_B,7.0,Desert,Indian
1499452,113,67,1543,472.39,474.39,0,0,121,638,56,TYPE_B,7.0,Desert,Indian
1197497,114,67,1543,473.39,474.39,0,0,80,638,56,TYPE_B,7.0,Desert,Indian
