Data set/Center wise/Center_67_Rank6.csv
id,week,center_id,meal_id,checkout_price,base_price,emailer_for_promotion,homepage_featured,num_orders,city_code,region_code,center_type,op_area,category,cuisine
1416152,1,67,2304,485.03,486.03,0,0,163,638,56,TYPE_B,7.0,Desert,Indian
1370415,2,67,2304,484.03,485.03,0,0,123,638,56,TYPE_B,7.0,Desert,Indian
1417725,3,67,2304,486.03,484.03,0,0,107,638,56,TYPE_B,7.0,Desert,Indian
1152855,4,67,2304,485.03,486.03,0,0,68,638,56,TYPE_B,7.0,Desert,Indian
1264975,5,67,2304,486.03,484.03,0,0,42,638,56,TYPE_B,7.0,Desert,Indian
1424672,6,67,2304,438.5,438.5,0,0,41,638,56,TYPE_B,7.0,Desert,Indian
1311549,7,67,2304,449.14,449.14,0,0,54,638,56,TYPE_B,7.0,Desert,Indian
1078291,9,67,2304,437.5,436.5,0,0,40,638,56,TYPE_B,7.0,Desert,Indian
1461367,10,67,2304,475.33,476.33,0,0,69,638,56,TYPE_B,7.0,Desert,Indian
1449617,11,67,2304,486.03,484.03,0,0,80,638,56,TYPE_B,7.0,Desert,Indian
1034845,12,67,2304,484.03,485.03,0,0,15,638,56,TYPE_B,7.0,Desert,Indian
1273219,13,67,2304,485.03,484.03,0,0,27,638,56,TYPE_B,7.0,Desert,Indian
1288789,14,67,2304,485.03,486.03,0,0,42,638,56,TYPE_B,7.0,Desert,Indian
1054567,15,67,2304,486.03,486.03,0,0,28,638,56,TYPE_B,7.0,Desert,Indian
1371791,16,67,2304,484.03,486.03,0,0,26,638,56,TYPE_B,7.0,Desert,Indian
1461795,17,67,2304,389.03,486.03,0,0,108,638,56,TYPE_B,7.0,Desert,Indian
1162579,18,67,2304,388.03,486.03,0,0,15,638,56,TYPE_B,7.0,Desert,Indian
1385643,19,67,2304,388.03,485.03,0,0,42,638,56,TYPE_B,7.0,Desert,Indian
1410099,20,67,2304,388.03,486.03,0,0,108,638,56,TYPE_B,7.0,Desert,Indian
1472230,21,67,2304,455.96,455.96,0,0,108,638,56,TYPE_B,7.0,Desert,Indian
1499621,22,67,2304,484.03,484.03,0,0,13,638,56,TYPE_B,7.0,Desert,Indian
1199715,23,67,2304,486.03,484.03,0,0,54,638,56,TYPE_B,7.0,Desert,Indian
1015571,24,67,2304,484.03,484.03,0,0,41,638,56,TYPE_B,7.0,Desert,Indian
1260570,25,67,2304,485.03,486.03,0,0,13,638,56,TYPE_B,7.0,Desert,Indian
1306669,26,67,2304,484.03,485.03,0,0,40,638,56,TYPE_B,7.0,Desert,Indian
1016842,27,67,2304,484.03,484.03,0,0,54,638,56,TYPE_B,7.0,Desert,Indian
1209149,28,67,2304,484.03,486.03,0,0,13,638,56,TYPE_B,7.0,Desert,Indian
1088751,29,67,2304,485.03,485.03,0,0,27,638,56,TYPE_B,7.0,Desert,Indian
1159287,31,67,2304,485.03,484.03,0,0,27,638,56,TYPE_B,7.0,Desert,Indian
1492059,32,67,2304,389.03,486.03,1,0,54,638,56,TYPE_B,7.0,Desert,Indian
1437310,33,67,2304,388.03,485.03,0,0,14,638,56,TYPE_B,7.0,Desert,Indian
1143093,34,67,2304,388.03,486.03,0,1,96,638,56,TYPE_B,7.0,Desert,Indian
1030462,36,67,2304,484.03,486.03,0,0,15,638,56,TYPE_B,7.0,Desert,Indian
1029685,37,67,2304,486.03,484.03,0,0,54,638,56,TYPE_B,7.0,Desert,Indian
1447852,38,67,2304,486.03,485.03,0,0,69,638,56,TYPE_B,7.0,Desert,Indian
1183047,39,67,2304,484.03,484.03,0,0,14,638,56,TYPE_B,7.0,Desert,Indian
1489597,40,67,2304,484.03,486.03,0,0,107,638,56,TYPE_B,7.0,Desert,Indian
1183507,41,67,2304,486.03,485.03,0,0,80,638,56,TYPE_B,7.0,Desert,Indian
1183311,42,67,2304,485.03,486.03,0,0,54,638,56,TYPE_B,7.0,Desert,Indian
1385365,43,67,2304,390.0,484.03,1,0,176,638,56,TYPE_B,7.0,Desert,Indian
1017358,44,67,2304,388.0,484.03,1,1,215,638,56,TYPE_B,7.0,Desert,Indian
1083968,45,67,2304,389.0,485.03,0,0,26,638,56,TYPE_B,7.0,Desert,Indian
1194361,46,67,2304,388.0,485.03,0,0,68,638,56,TYPE_B,7.0,Desert,Indian
1051821,47,67,2304,484.03,484.03,0,0,80,638,56,TYPE_B,7.0,Desert,Indian
1478106,48,67,2304,484.03,486.03,0,0,41,638,56,TYPE_B,7.0,Desert,Indian
1202140,49,67,2304,485.03,484.03,0,0,54,638,56,TYPE_B,7.0,Desert,Indian
1432993,50,67,2304,485.03,485.03,0,0,27,638,56,TYPE_B,7.0,Desert,Indian
1254144,51,67,2304,484.03,484.03,0,0,40,638,56,TYPE_B,7.0,Desert,Indian
1467321,52,67,2304,486.03,484.03,0,0,163,638,56,TYPE_B,7.0,Desert,Indian
1251679,53,67,2304,486.03,486.03,0,0,121,638,56,TYPE_B,7.0,Desert,Indian
1392242,54,67,2304,484.03,485.03,0,0,80,638,56,TYPE_B,7.0,Desert,Indian
1087389,55,67,2304,388.03,485.03,1,0,122,638,56,TYPE_B,7.0,Desert,Indian
1325738,56,67,2304,397.76,485.03,0,0,148,638,56,TYPE_B,7.0,Desert,Indian
1443051,57,67,2304,396.76,486.03,0,0,148,638,56,TYPE_B,7.0,Desert,Indian
1427414,58,67,2304,388.03,486.03,0,0,148,638,56,TYPE_B,7.0,Desert,Indian
1124211,59,67,2304,485.03,486.03,0,0,122,638,56,TYPE_B,7.0,Desert,Indian
1312289,60,67,2304,485.03,484.03,0,0,81,638,56,TYPE_B,7.0,Desert,Indian
1442421,61,67,2304,484.03,484.03,0,0,69,638,56,TYPE_B,7.0,Desert,Indian
1037111,62,67,2304,485.03,486.03,0,0,28,638,56,TYPE_B,7.0,Desert,Indian
1439049,63,67,2304,484.03,486.03,0,0,175,638,56,TYPE_B,7.0,Desert,Indian
1462546,64,67,2304,486.03,485.03,0,0,204,638,56,TYPE_B,7.0,Desert,Indian
1108309,65,67,2304,484.03,484.03,0,0,69,638,56,TYPE_B,7.0,Desert,Indian
1380314,66,67,2304,484.03,485.03,0,0,82,638,56,TYPE_B,7.0,Desert,Indian
1079467,67,67,2304,485.03,486.03,0,0,148,638,56,TYPE_B,7.0,Desert,Indian
1377700,68,67,2304,485.03,486.03,0,0,122,638,56,TYPE_B,7.0,Desert,Indian
1235769,69,67,2304,486.03,484.03,0,0,69,638,56,TYPE_B,7.0,Desert,Indian
1276613,70,67,2304,484.03,484.03,0,0,82,638,56,TYPE_B,7.0,Desert,Indian
1110777,71,67,2304,486.03,484.03,0,0,134,638,56,TYPE_B,7.0,Desert,Indian
1238001,72,67,2304,377.39,484.03,1,0,243,638,56,TYPE_B,7.0,Desert,Indian
1258932,73,67,2304,387.03,485.03,0,0,80,638,56,TYPE_B,7.0,Desert,Indian
1022179,74,67,2304,389.03,485.03,0,0,68,638,56,TYPE_B,7.0,Desert,Indian
1494457,75,67,2304,388.03,485.03,0,0,68,638,56,TYPE_B,7.0,Desert,Indian
1486051,76,67,2304,486.03,486.03,0,0,28,638,56,TYPE_B,7.0,Desert,Indian
1140812,77,67,2304,486.03,485.03,0,0,81,638,56,TYPE_B,7.0,Desert,Indian
1385805,78,67,2304,486.03,486.03,0,0,40,638,56,TYPE_B,7.0,Desert,Indian
1090998,79,67,2304,486.03,485.03,0,0,96,638,56,TYPE_B,7.0,Desert,Indian
1387149,80,67,2304,484.03,484.03,0,0,123,638,56,TYPE_B,7.0,Desert,Indian
1375801,81,67,2304,485.03,486.03,0,0,28,638,56,TYPE_B,7.0,Desert,Indian
1393073,82,67,2304,484.03,486.03,0,0,40,638,56,TYPE_B,7.0,Desert,Indian
1437202,83,67,2304,388.03,486.03,0,0,69,638,56,TYPE_B,7.0,Desert,Indian
1251335,84,67,2304,388.03,486.03,0,0,123,638,56,TYPE_B,7.0,Desert,Indian
1401232,85,67,2304,387.03,486.03,0,0,95,638,56,TYPE_B,7.0,Desert,Indian
1465587,86,67,2304,387.03,486.03,0,0,123,638,56,TYPE_B,7.0,Desert,Indian
1430612,87,67,2304,486.03,485.03,0,0,68,638,56,TYPE_B,7.0,Desert,Indian
1340513,88,67,2304,486.03,484.03,0,0,95,638,56,TYPE_B,7.0,Desert,Indian
1071508,89,67,2304,485.03,486.03,0,0,148,638,56,TYPE_B,7.0,Desert,Indian
1467674,90,67,2304,485.03,486.03,0,0,109,638,56,TYPE_B,7.0,Desert,Indian
1189565,91,67,2304,484.03,484.03,0,0,54,638,56,TYPE_B,7.0,Desert,Indian
1054097,92,67,2304,484.03,486.03,0,1,28,638,56,TYPE_B,7.0,Desert,Indian
1350428,93,67,2304,486.03,485.03,0,1,109,638,56,TYPE_B,7.0,Desert,Indian
1049380,94,67,2304,486.03,484.03,0,0,109,638,56,TYPE_B,7.0,Desert,Indian
1406555,95,67,2304,486.03,486.03,0,0,108,638,56,TYPE_B,7.0,Desert,Indian
1172186,96,67,2304,485.03,484.03,0,0,148,638,56,TYPE_B,7.0,Desert,Indian
1264905,97,67,2304,485.03,485.03,0,0,68,638,56,TYPE_B,7.0,Desert,Indian
1353931,98,67,2304,484.03,486.03,0,0,80,638,56,TYPE_B,7.0,Desert,Indian
1421181,99,67,2304,486.03,486.03,0,0,27,638,56,TYPE_B,7.0,Desert,Indian
1106444,100,67,2304,484.03,485.03,0,0,82,638,56,TYPE_B,7.0,Desert,Indian
1160551,101,67,2304,484.03,486.03,0,0,121,638,56,TYPE_B,7.0,Desert,Indian
1295337,102,67,2304,485.03,484.03,0,0,28,638,56,TYPE_B,7.0,Desert,Indian
1066001,103,67,2304,485.03,485.03,0,0,13,638,56,TYPE_B,7.0,Desert,Indian
1399445,104,67,2304,484.03,484.03,0,0,69,638,56,TYPE_B,7.0,Desert,Indian
1175813,105,67,2304,486.03,485.03,0,0,109,638,56,TYPE_B,7.0,Desert,Indian
1142551,106,67,2304,486.03,485.03,0,0,108,638,56,TYPE_B,7.0,Desert,Indian
1157722,107,67,2304,484.03,485.03,0,0,69,638,56,TYPE_B,7.0,Desert,Indian
1378162,108,67,2304,485.03,486.03,0,0,81,638,56,TYPE_B,7.0,Desert,Indian
1110160,109,67,2304,484.03,486.03,0,0,26,638,56,TYPE_B,7.0,Desert,Indian
1422344,110,67,2304,472.39,472.39,0,0,42,638,56,TYPE_B,7.0,Desert,Indian
1331036,111,67,2304,472.39,474.39,0,0,96,638,56,TYPE_B,7.0,Desert,Indian
1045685,112,67,2304,474.39,473.39,0,0,69,638,56,TYPE_B,7.0,Desert,Indian
1084601,113,67,2304,474.39,474.39,0,0,148,638,56,TYPE_B,7.0,Desert,Indian
1098070,114,67,2304,474.39,474.39,0,0,94,638,56,TYPE_B,7.0,Desert,Indian
1170193,2,67,2494,243.5,272.63,0,0,26,638,56,TYPE_B,7.0,Soup,Thai
1249841,4,67,2494,244.5,270.63,0,0,26,638,56,TYPE_B,7.0,Soup,Thai
1054674,5,67,2494,243.5,272.63,0,0,28,638,56,TYPE_B,7.0,Soup,Thai
1386651,6,67,2494,242.5,272.63,0,0,15,638,56,TYPE_B,7.0,Soup,Thai
1032855,7,67,2494,242.5,271.63,0,0,26,638,56,TYPE_B,7.0,Soup,Thai
1243503,8,67,2494,242.5,272.63,0,0,42,638,56,TYPE_B,7.0,Soup,Thai
1176895,9,67,2494,272.63,272.63,0,0,41,638,56,TYPE_B,7.0,Soup,Thai
1135232,10,67,2494,272.63,272.63,0,0,42,638,56,TYPE_B,7.0,Soup,Thai
1064375,11,67,2494,270.63,270.63,0,0,15,638,56,TYPE_B,7.0,Soup,Thai
1060209,12,67,2494,270.63,272.63,0,0,28,638,56,TYPE_B,7.0,Soup,Thai
1307312,14,67,2494,243.5,272.63,0,0,40,638,56,TYPE_B,7.0,Soup,Thai
1134886,16,67,2494,243.5,272.63,0,0,27,638,56,TYPE_B,7.0,Soup,Thai
1441198,17,67,2494,243.5,272.63,0,0,26,638,56,TYPE_B,7.0,Soup,Thai
1374218,18,67,2494,244.5,271.63,0,0,69,638,56,TYPE_B,7.0,Soup,Thai
1272731,19,67,2494,242.5,270.63,0,0,26,638,56,TYPE_B,7.0,Soup,Thai
1480576,20,67,2494,243.5,272.63,0,0,15,638,56,TYPE_B,7.0,Soup,Thai
1358994,21,67,2494,244.5,242.5,0,0,82,638,56,TYPE_B,7.0,Soup,Thai
1395230,22,67,2494,242.5,243.5,0,0,14,638,56,TYPE_B,7.0,Soup,Thai
1040967,23,67,2494,244.5,243.5,0,0,41,638,56,TYPE_B,7.0,Soup,Thai
1255257,24,67,2494,244.5,244.5,0,0,14,638,56,TYPE_B,7.0,Soup,Thai
1358781,25,67,2494,242.5,243.5,0,0,69,638,56,TYPE_B,7.0,Soup,Thai
1379340,26,67,2494,243.5,243.5,0,0,69,638,56,TYPE_B,7.0,Soup,Thai
1185476,27,67,2494,243.5,244.5,0,0,82,638,56,TYPE_B,7.0,Soup,Thai
1450483,28,67,2494,242.5,243.5,0,0,40,638,56,TYPE_B,7.0,Soup,Thai
1086820,29,67,2494,195.0,243.5,0,0,54,638,56,TYPE_B,7.0,Soup,Thai
1158363,30,67,2494,194.0,242.5,0,0,68,638,56,TYPE_B,7.0,Soup,Thai
1023196,31,67,2494,203.7,242.5,0,0,107,638,56,TYPE_B,7.0,Soup,Thai
1463534,32,67,2494,196.0,243.5,0,0,68,638,56,TYPE_B,7.0,Soup,Thai
1268941,33,67,2494,258.08,257.08,0,0,54,638,56,TYPE_B,7.0,Soup,Thai
1462095,34,67,2494,256.08,257.08,0,0,134,638,56,TYPE_B,7.0,Soup,Thai
1009638,35,67,2494,257.08,257.08,0,0,27,638,56,TYPE_B,7.0,Soup,Thai
1026013,36,67,2494,257.08,258.08,0,0,13,638,56,TYPE_B,7.0,Soup,Thai
1162722,37,67,2494,196.0,257.08,0,0,108,638,56,TYPE_B,7.0,Soup,Thai
1086532,38,67,2494,196.0,256.08,0,0,26,638,56,TYPE_B,7.0,Soup,Thai
1457353,39,67,2494,194.0,257.08,0,0,80,638,56,TYPE_B,7.0,Soup,Thai
1298895,40,67,2494,194.0,257.08,0,0,136,638,56,TYPE_B,7.0,Soup,Thai
1376636,41,67,2494,218.28,258.08,0,0,107,638,56,TYPE_B,7.0,Soup,Thai
1140278,42,67,2494,219.28,258.08,0,0,82,638,56,TYPE_B,7.0,Soup,Thai
1272817,43,67,2494,219.28,217.28,0,0,257,638,56,TYPE_B,7.0,Soup,Thai
1374040,44,67,2494,217.28,218.28,0,0,204,638,56,TYPE_B,7.0,Soup,Thai
1485922,45,67,2494,233.8,232.8,0,0,161,638,56,TYPE_B,7.0,Soup,Thai
1385575,46,67,2494,232.8,233.8,0,0,108,638,56,TYPE_B,7.0,Soup,Thai
1017029,47,67,2494,234.8,232.8,0,0,121,638,56,TYPE_B,7.0,Soup,Thai
1125752,48,67,2494,233.8,234.8,0,0,121,638,56,TYPE_B,7.0,Soup,Thai
1202177,49,67,2494,242.56,242.56,0,0,135,638,56,TYPE_B,7.0,Soup,Thai
1066377,50,67,2494,241.56,240.56,0,0,67,638,56,TYPE_B,7.0,Soup,Thai
1389548,51,67,2494,240.56,241.56,0,0,69,638,56,TYPE_B,7.0,Soup,Thai
1139033,52,67,2494,241.56,241.56,0,0,67,638,56,TYPE_B,7.0,Soup,Thai
1482753,53,67,2494,241.56,240.56,0,0,108,638,56,TYPE_B,7.0,Soup,Thai
1340503,54,67,2494,241.56,241.56,0,0,53,638,56,TYPE_B,7.0,Soup,Thai
1099684,55,67,2494,242.56,240.56,0,0,68,638,56,TYPE_B,7.0,Soup,Thai
1480741,56,67,2494,245.44,246.44,0,0,94,638,56,TYPE_B,7.0,Soup,Thai
1081304,57,67,2494,245.44,245.44,0,0,150,638,56,TYPE_B,7.0,Soup,Thai
1112886,58,67,2494,241.53,242.53,0,0,69,638,56,TYPE_B,7.0,Soup,Thai
1376613,59,67,2494,242.53,241.53,0,0,81,638,56,TYPE_B,7.0,Soup,Thai
1186825,60,67,2494,243.53,243.53,0,0,67,638,56,TYPE_B,7.0,Soup,Thai
1110130,61,67,2494,243.53,242.53,0,0,54,638,56,TYPE_B,7.0,Soup,Thai
1232561,62,67,2494,242.53,243.53,0,0,81,638,56,TYPE_B,7.0,Soup,Thai
1455899,63,67,2494,242.53,243.53,0,0,53,638,56,TYPE_B,7.0,Soup,Thai
1384422,64,67,2494,241.53,242.53,0,0,67,638,56,TYPE_B,7.0,Soup,Thai
1360241,66,67,2494,241.53,243.53,0,0,109,638,56,TYPE_B,7.0,Soup,Thai
1111044,67,67,2494,241.53,241.53,0,0,67,638,56,TYPE_B,7.0,Soup,Thai
1297984,68,67,2494,241.53,243.53,0,0,55,638,56,TYPE_B,7.0,Soup,Thai
1268915,69,67,2494,233.83,233.83,0,0,67,638,56,TYPE_B,7.0,Soup,Thai
1059780,70,67,2494,232.83,231.83,0,0,96,638,56,TYPE_B,7.0,Soup,Thai
1315387,71,67,2494,231.83,232.83,0,0,148,638,56,TYPE_B,7.0,Soup,Thai
1110280,72,67,2494,233.83,233.83,0,0,134,638,56,TYPE_B,7.0,Soup,Thai
1438990,73,67,2494,233.83,233.83,0,0,82,638,56,TYPE_B,7.0,Soup,Thai
1455153,74,67,2494,231.83,233.83,0,0,80,638,56,TYPE_B,7.0,Soup,Thai
1136875,75,67,2494,233.83,233.83,0,0,67,638,56,TYPE_B,7.0,Soup,Thai
1048066,76,67,2494,232.83,232.83,0,0,95,638,56,TYPE_B,7.0,Soup,Thai
1368880,77,67,2494,233.83,232.83,0,0,109,638,56,TYPE_B,7.0,Soup,Thai
1449721,78,67,2494,230.89,231.89,0,0,135,638,56,TYPE_B,7.0,Soup,Thai
1016432,79,67,2494,236.71,235.71,0,0,121,638,56,TYPE_B,7.0,Soup,Thai
1068624,80,67,2494,233.83,232.83,0,0,80,638,56,TYPE_B,7.0,Soup,Thai
1407798,81,67,2494,212.43,214.43,0,0,107,638,56,TYPE_B,7.0,Soup,Thai
1039959,82,67,2494,214.43,213.43,0,0,67,638,56,TYPE_B,7.0,Soup,Thai
1231789,83,67,2494,212.43,212.43,0,0,108,638,56,TYPE_B,7.0,Soup,Thai
1441954,84,67,2494,212.43,214.43,0,0,107,638,56,TYPE_B,7.0,Soup,Thai
1278388,85,67,2494,212.43,214.43,0,0,82,638,56,TYPE_B,7.0,Soup,Thai
1200186,86,67,2494,212.43,214.43,0,0,95,638,56,TYPE_B,7.0,Soup,Thai
1486585,87,67,2494,212.43,214.43,0,0,15,638,56,TYPE_B,7.0,Soup,Thai
1219521,88,67,2494,213.43,213.43,0,0,95,638,56,TYPE_B,7.0,Soup,Thai
1452724,89,67,2494,213.43,212.43,0,0,108,638,56,TYPE_B,7.0,Soup,Thai
1449167,90,67,2494,214.43,213.43,0,0,121,638,56,TYPE_B,7.0,Soup,Thai
1246016,91,67,2494,213.43,212.43,0,0,68,638,56,TYPE_B,7.0,Soup,Thai
1136142,92,67,2494,213.43,214.43,0,0,107,638,56,TYPE_B,7.0,Soup,Thai
1113964,93,67,2494,202.73,204.73,0,0,123,638,56,TYPE_B,7.0,Soup,Thai
1248016,94,67,2494,194.0,196.0,0,0,109,638,56,TYPE_B,7.0,Soup,Thai
1177163,95,67,2494,194.0,195.0,0,0,96,638,56,TYPE_B,7.0,Soup,Thai
1315746,96,67,2494,195.0,196.0,0,0,135,638,56,TYPE_B,7.0,Soup,Thai
1156180,97,67,2494,196.0,194.0,0,0,121,638,56,TYPE_B,7.0,Soup,Thai
1206069,98,67,2494,195.0,195.0,0,0,80,638,56,TYPE_B,7.0,Soup,Thai
1324095,99,67,2494,195.0,195.0,0,0,67,638,56,TYPE_B,7.0,Soup,Thai
1094597,100,67,2494,196.0,195.0,0,0,108,638,56,TYPE_B,7.0,Soup,Thai
1221043,101,67,2494,195.0,194.0,0,0,149,638,56,TYPE_B,7.0,Soup,Thai
1283916,102,67,2494,194.0,195.0,0,0,80,638,56,TYPE_B,7.0,Soup,Thai
1070281,103,67,2494,195.0,195.0,0,0,67,638,56,TYPE_B,7.0,Soup,Thai
1279816,104,67,2494,196.0,195.0,0,0,109,638,56,TYPE_B,7.0,Soup,Thai
1151771,105,67,2494,243.5,242.5,0,0,80,638,56,TYPE_B,7.0,Soup,Thai
1337572,106,67,2494,243.5,243.5,0,0,95,638,56,TYPE_B,7.0,Soup,Thai
1440988,107,67,2494,242.5,243.5,0,0,80,638,56,TYPE_B,7.0,Soup,Thai
1134638,108,67,2494,242.5,242.5,0,0,41,638,56,TYPE_B,7.0,Soup,Thai
1054275,109,67,2494,242.5,244.5,0,0,55,638,56,TYPE_B,7.0,Soup,Thai
1287026,110,67,2494,244.5,243.5,0,0,94,638,56,TYPE_B,7.0,Soup,Thai
1252617,111,67,2494,242.5,244.5,0,0,67,638,56,TYPE_B,7.0,Soup,Thai
1194488,112,67,2494,242.5,243.5,0,0,27,638,56,TYPE_B,7.0,Soup,Thai
1444291,113,67,2494,244.5,242.5,0,0,69,638,56,TYPE_B,7.0,Soup,Thai
1317438,114,67,2494,243.5,244.5,0,0,42,638,56,TYPE_B,7.0,Soup,Thai
