Data set/Center wise/Center_67_Rank6.csv
id,week,center_id,meal_id,checkout_price,base_price,emailer_for_promotion,homepage_featured,num_orders,city_code,region_code,center_type,op_area,category,cuisine
1467850,17,67,2664,485.03,485.03,0,0,177,638,56,TYPE_B,7.0,Salad,Italian
1449905,18,67,2664,484.03,485.03,0,0,323,638,56,TYPE_B,7.0,Salad,Italian
1035922,19,67,2664,321.13,484.03,0,0,391,638,56,TYPE_B,7.0,Salad,Italian
1018156,20,67,2664,319.13,484.03,0,0,446,638,56,TYPE_B,7.0,Salad,Italian
1079032,21,67,2664,321.13,485.03,0,0,431,638,56,TYPE_B,7.0,Salad,Italian
1198089,22,67,2664,320.13,484.03,0,0,377,638,56,TYPE_B,7.0,Salad,Italian
1495987,23,67,2664,319.13,485.03,0,0,514,638,56,TYPE_B,7.0,Salad,Italian
1486600,24,67,2664,321.13,484.03,0,0,337,638,56,TYPE_B,7.0,Salad,Italian
1420254,25,67,2664,320.13,321.13,0,0,460,638,56,TYPE_B,7.0,Salad,Italian
1014419,26,67,2664,320.13,319.13,0,0,337,638,56,TYPE_B,7.0,Salad,Italian
1327047,27,67,2664,263.9,319.13,0,1,810,638,56,TYPE_B,7.0,Salad,Italian
1218942,28,67,2664,320.13,321.13,0,0,447,638,56,TYPE_B,7.0,Salad,Italian
1258935,29,67,2664,321.13,321.13,0,0,474,638,56,TYPE_B,7.0,Salad,Italian
1195467,30,67,2664,320.13,319.13,0,0,472,638,56,TYPE_B,7.0,Salad,Italian
1334848,31,67,2664,321.13,319.13,0,0,229,638,56,TYPE_B,7.0,Salad,Italian
1467665,32,67,2664,321.13,319.13,0,0,243,638,56,TYPE_B,7.0,Salad,Italian
1083763,33,67,2664,321.13,320.13,0,0,486,638,56,TYPE_B,7.0,Salad,Italian
1078503,34,67,2664,319.13,321.13,0,0,338,638,56,TYPE_B,7.0,Salad,Italian
1005785,35,67,2664,321.13,321.13,0,0,459,638,56,TYPE_B,7.0,Salad,Italian
1258892,36,67,2664,319.13,321.13,0,0,446,638,56,TYPE_B,7.0,Salad,Italian
1262812,37,67,2664,244.5,321.13,0,1,864,638,56,TYPE_B,7.0,Salad,Italian
1053829,38,67,2664,321.13,321.13,0,0,338,638,56,TYPE_B,7.0,Salad,Italian
1093808,39,67,2664,321.13,320.13,0,0,485,638,56,TYPE_B,7.0,Salad,Italian
1382447,40,67,2664,320.13,319.13,0,0,393,638,56,TYPE_B,7.0,Salad,Italian
1010217,41,67,2664,309.49,308.49,0,0,460,638,56,TYPE_B,7.0,Salad,Italian
1178856,42,67,2664,267.75,307.49,0,0,797,638,56,TYPE_B,7.0,Salad,Italian
1040393,43,67,2664,319.13,321.13,0,0,204,638,56,TYPE_B,7.0,Salad,Italian
1458715,44,67,2664,320.13,320.13,0,0,284,638,56,TYPE_B,7.0,Salad,Italian
1226663,45,67,2664,321.13,319.13,0,0,432,638,56,TYPE_B,7.0,Salad,Italian
1155007,46,67,2664,321.13,320.13,0,0,81,638,56,TYPE_B,7.0,Salad,Italian
1144789,47,67,2664,320.13,321.13,0,0,432,638,56,TYPE_B,7.0,Salad,Italian
1156627,48,67,2664,320.13,320.13,0,0,567,638,56,TYPE_B,7.0,Salad,Italian
1143526,49,67,2664,321.13,319.13,0,0,501,638,56,TYPE_B,7.0,Salad,Italian
1263937,50,67,2664,321.13,319.13,0,0,404,638,56,TYPE_B,7.0,Salad,Italian
1113800,51,67,2664,320.13,319.13,0,0,445,638,56,TYPE_B,7.0,Salad,Italian
1291182,52,67,2664,321.13,319.13,0,0,406,638,56,TYPE_B,7.0,Salad,Italian
1427269,53,67,2664,320.13,319.13,0,0,418,638,56,TYPE_B,7.0,Salad,Italian
1252336,54,67,2664,320.13,320.13,0,0,528,638,56,TYPE_B,7.0,Salad,Italian
1080112,55,67,2664,320.13,320.13,0,0,526,638,56,TYPE_B,7.0,Salad,Italian
1447300,56,67,2664,263.87,321.13,1,0,1499,638,56,TYPE_B,7.0,Salad,Italian
1307456,57,67,2664,263.9,321.13,1,1,1093,638,56,TYPE_B,7.0,Salad,Italian
1092806,58,67,2664,319.13,319.13,0,0,472,638,56,TYPE_B,7.0,Salad,Italian
1286301,59,67,2664,320.13,320.13,0,0,649,638,56,TYPE_B,7.0,Salad,Italian
1003086,60,67,2664,272.63,319.13,0,0,742,638,56,TYPE_B,7.0,Salad,Italian
1416576,61,67,2664,271.63,321.13,0,0,377,638,56,TYPE_B,7.0,Salad,Italian
1093716,63,67,2664,274.57,319.13,0,0,393,638,56,TYPE_B,7.0,Salad,Italian
1074291,64,67,2664,271.63,319.13,0,0,566,638,56,TYPE_B,7.0,Salad,Italian
1347547,65,67,2664,297.82,297.82,0,0,472,638,56,TYPE_B,7.0,Salad,Italian
1311784,66,67,2664,319.13,319.13,0,0,351,638,56,TYPE_B,7.0,Salad,Italian
1179047,67,67,2664,320.13,320.13,0,0,689,638,56,TYPE_B,7.0,Salad,Italian
1481940,68,67,2664,320.13,320.13,0,0,445,638,56,TYPE_B,7.0,Salad,Italian
1383159,69,67,2664,319.13,320.13,0,0,404,638,56,TYPE_B,7.0,Salad,Italian
1439546,70,67,2664,320.13,321.13,0,0,107,638,56,TYPE_B,7.0,Salad,Italian
1370523,71,67,2664,292.97,291.97,0,0,473,638,56,TYPE_B,7.0,Salad,Italian
1025812,72,67,2664,320.13,319.13,0,0,527,638,56,TYPE_B,7.0,Salad,Italian
1075014,73,67,2664,319.16,318.16,0,0,501,638,56,TYPE_B,7.0,Salad,Italian
1299618,74,67,2664,319.13,319.13,0,0,649,638,56,TYPE_B,7.0,Salad,Italian
1006469,75,67,2664,321.13,319.13,0,0,568,638,56,TYPE_B,7.0,Salad,Italian
1265632,76,67,2664,320.13,319.13,0,0,501,638,56,TYPE_B,7.0,Salad,Italian
1189328,77,67,2664,320.13,320.13,0,0,432,638,56,TYPE_B,7.0,Salad,Italian
1094867,78,67,2664,321.13,321.13,0,0,352,638,56,TYPE_B,7.0,Salad,Italian
1452897,79,67,2664,319.13,321.13,0,0,338,638,56,TYPE_B,7.0,Salad,Italian
1049106,80,67,2664,331.74,332.74,0,0,202,638,56,TYPE_B,7.0,Salad,Italian
1064709,81,67,2664,321.13,319.13,0,0,459,638,56,TYPE_B,7.0,Salad,Italian
1300277,82,67,2664,246.44,321.13,1,1,1540,638,56,TYPE_B,7.0,Salad,Italian
1190349,83,67,2664,314.34,313.34,0,0,447,638,56,TYPE_B,7.0,Salad,Italian
1415420,84,67,2664,315.28,314.28,0,0,567,638,56,TYPE_B,7.0,Salad,Italian
1201487,85,67,2664,315.28,315.28,0,0,634,638,56,TYPE_B,7.0,Salad,Italian
1012176,86,67,2664,314.28,316.28,0,0,555,638,56,TYPE_B,7.0,Salad,Italian
1201827,87,67,2664,312.4,311.4,0,0,595,638,56,TYPE_B,7.0,Salad,Italian
1188058,88,67,2664,315.28,315.28,0,0,554,638,56,TYPE_B,7.0,Salad,Italian
1255810,89,67,2664,312.34,312.34,0,0,649,638,56,TYPE_B,7.0,Salad,Italian
1411995,90,67,2664,315.28,316.28,0,0,405,638,56,TYPE_B,7.0,Salad,Italian
1462603,91,67,2664,305.55,307.55,0,0,459,638,56,TYPE_B,7.0,Salad,Italian
1202145,92,67,2664,314.28,315.28,0,0,528,638,56,TYPE_B,7.0,Salad,Italian
1344042,93,67,2664,305.55,307.55,0,0,729,638,56,TYPE_B,7.0,Salad,Italian
1416442,94,67,2664,287.15,286.15,0,0,458,638,56,TYPE_B,7.0,Salad,Italian
1451042,95,67,2664,309.46,308.46,0,0,662,638,56,TYPE_B,7.0,Salad,Italian
1375013,96,67,2664,309.46,309.46,0,0,431,638,56,TYPE_B,7.0,Salad,Italian
1144868,97,67,2664,309.46,309.46,0,0,135,638,56,TYPE_B,7.0,Salad,Italian
1388894,98,67,2664,310.46,309.46,0,0,446,638,56,TYPE_B,7.0,Salad,Italian
1089830,99,67,2664,303.64,303.64,0,0,715,638,56,TYPE_B,7.0,Salad,Italian
1007628,100,67,2664,309.46,308.46,0,0,567,638,56,TYPE_B,7.0,Salad,Italian
1059776,101,67,2664,302.64,303.64,0,0,675,638,56,TYPE_B,7.0,Salad,Italian
1239291,102,67,2664,309.46,308.46,0,0,472,638,56,TYPE_B,7.0,Salad,Italian
1354455,103,67,2664,302.64,303.64,0,0,512,638,56,TYPE_B,7.0,Salad,Italian
1384699,104,67,2664,303.64,304.64,0,0,607,638,56,TYPE_B,7.0,Salad,Italian
1462892,105,67,2664,303.64,302.64,0,0,661,638,56,TYPE_B,7.0,Salad,Italian
1006325,106,67,2664,302.64,304.64,0,0,513,638,56,TYPE_B,7.0,Salad,Italian
1104828,107,67,2664,303.64,303.64,0,0,797,638,56,TYPE_B,7.0,Salad,Italian
1383346,108,67,2664,304.64,302.64,0,0,675,638,56,TYPE_B,7.0,Salad,Italian
1367420,109,67,2664,302.67,303.67,0,0,554,638,56,TYPE_B,7.0,Salad,Italian
1228283,110,67,2664,294.91,295.91,0,0,474,638,56,TYPE_B,7.0,Salad,Italian
1487105,111,67,2664,302.64,302.64,0,0,445,638,56,TYPE_B,7.0,Salad,Italian
1359742,112,67,2664,304.64,304.64,0,0,418,638,56,TYPE_B,7.0,Salad,Italian
1410587,113,67,2664,304.64,302.64,0,0,486,638,56,TYPE_B,7.0,Salad,Italian
1017394,114,67,2664,302.64,302.64,0,0,472,638,56,TYPE_B,7.0,Salad,Italian
1088088,24,67,2569,363.81,363.81,0,0,258,638,56,TYPE_B,7.0,Salad,Italian
1452190,25,67,2569,362.81,363.81,0,0,296,638,56,TYPE_B,7.0,Salad,Italian
1045458,26,67,2569,361.81,362.81,0,0,337,638,56,TYPE_B,7.0,Salad,Italian
1426501,27,67,2569,264.87,362.81,0,0,823,638,56,TYPE_B,7.0,Salad,Italian
1495307,28,67,2569,362.81,363.81,0,0,433,638,56,TYPE_B,7.0,Salad,Italian
1459175,29,67,2569,361.81,361.81,0,0,256,638,56,TYPE_B,7.0,Salad,Italian
1215280,30,67,2569,362.81,363.81,0,0,337,638,56,TYPE_B,7.0,Salad,Italian
1179822,31,67,2569,362.81,363.81,0,0,283,638,56,TYPE_B,7.0,Salad,Italian
1407026,32,67,2569,363.81,362.81,0,0,433,638,56,TYPE_B,7.0,Salad,Italian
1231324,33,67,2569,361.81,363.81,0,0,418,638,56,TYPE_B,7.0,Salad,Italian
1259622,34,67,2569,361.81,361.81,0,0,323,638,56,TYPE_B,7.0,Salad,Italian
1309488,35,67,2569,361.81,362.81,0,0,446,638,56,TYPE_B,7.0,Salad,Italian
1431052,36,67,2569,363.81,362.81,0,0,473,638,56,TYPE_B,7.0,Salad,Italian
1398598,37,67,2569,243.5,362.81,0,1,796,638,56,TYPE_B,7.0,Salad,Italian
1046704,38,67,2569,244.5,362.81,0,0,447,638,56,TYPE_B,7.0,Salad,Italian
1193568,39,67,2569,243.5,362.81,0,0,877,638,56,TYPE_B,7.0,Salad,Italian
1293708,40,67,2569,363.81,361.81,0,0,377,638,56,TYPE_B,7.0,Salad,Italian
1215314,41,67,2569,361.81,362.81,0,0,297,638,56,TYPE_B,7.0,Salad,Italian
1416432,42,67,2569,292.0,362.81,0,0,593,638,56,TYPE_B,7.0,Salad,Italian
1142117,43,67,2569,363.81,362.81,0,0,202,638,56,TYPE_B,7.0,Salad,Italian
1204206,44,67,2569,363.81,363.81,0,0,216,638,56,TYPE_B,7.0,Salad,Italian
1068505,45,67,2569,363.81,362.81,0,0,269,638,56,TYPE_B,7.0,Salad,Italian
1202113,46,67,2569,361.81,361.81,0,0,257,638,56,TYPE_B,7.0,Salad,Italian
1454993,47,67,2569,359.9,358.9,0,0,350,638,56,TYPE_B,7.0,Salad,Italian
1409400,48,67,2569,361.81,361.81,0,0,459,638,56,TYPE_B,7.0,Salad,Italian
1267426,49,67,2569,362.81,363.81,0,0,446,638,56,TYPE_B,7.0,Salad,Italian
1375664,50,67,2569,350.17,351.17,0,0,405,638,56,TYPE_B,7.0,Salad,Italian
1303472,51,67,2569,361.81,361.81,0,0,270,638,56,TYPE_B,7.0,Salad,Italian
1223258,52,67,2569,363.81,363.81,0,0,311,638,56,TYPE_B,7.0,Salad,Italian
1323283,53,67,2569,362.81,362.81,0,0,325,638,56,TYPE_B,7.0,Salad,Italian
1215225,54,67,2569,363.81,361.81,0,0,217,638,56,TYPE_B,7.0,Salad,Italian
1353222,55,67,2569,362.81,361.81,0,0,378,638,56,TYPE_B,7.0,Salad,Italian
1397167,56,67,2569,263.87,362.81,1,0,1540,638,56,TYPE_B,7.0,Salad,Italian
1030145,57,67,2569,267.75,362.81,1,1,1013,638,56,TYPE_B,7.0,Salad,Italian
1410271,58,67,2569,362.81,363.81,0,0,350,638,56,TYPE_B,7.0,Salad,Italian
1452939,59,67,2569,361.81,362.81,0,0,351,638,56,TYPE_B,7.0,Salad,Italian
1435339,60,67,2569,315.28,362.81,0,0,566,638,56,TYPE_B,7.0,Salad,Italian
1083518,61,67,2569,313.31,363.81,0,0,649,638,56,TYPE_B,7.0,Salad,Italian
1392424,62,67,2569,313.31,361.81,0,0,149,638,56,TYPE_B,7.0,Salad,Italian
1124460,63,67,2569,315.28,363.81,0,0,527,638,56,TYPE_B,7.0,Salad,Italian
1179166,64,67,2569,309.43,362.81,0,0,501,638,56,TYPE_B,7.0,Salad,Italian
1219247,65,67,2569,361.81,363.81,0,0,350,638,56,TYPE_B,7.0,Salad,Italian
1331661,66,67,2569,362.81,361.81,0,0,242,638,56,TYPE_B,7.0,Salad,Italian
1288137,67,67,2569,362.81,361.81,0,0,377,638,56,TYPE_B,7.0,Salad,Italian
1073880,68,67,2569,363.81,363.81,0,0,242,638,56,TYPE_B,7.0,Salad,Italian
1118358,69,67,2569,362.81,362.81,0,0,312,638,56,TYPE_B,7.0,Salad,Italian
1269628,70,67,2569,361.81,362.81,0,0,121,638,56,TYPE_B,7.0,Salad,Italian
1361400,71,67,2569,327.86,327.86,0,0,433,638,56,TYPE_B,7.0,Salad,Italian
1361733,72,67,2569,363.81,363.81,0,0,350,638,56,TYPE_B,7.0,Salad,Italian
1358154,73,67,2569,362.81,363.81,0,0,445,638,56,TYPE_B,7.0,Salad,Italian
1482324,74,67,2569,355.02,355.02,0,0,473,638,56,TYPE_B,7.0,Salad,Italian
1165683,75,67,2569,362.81,361.81,0,0,311,638,56,TYPE_B,7.0,Salad,Italian
1231232,76,67,2569,363.81,362.81,0,0,325,638,56,TYPE_B,7.0,Salad,Italian
1301494,77,67,2569,361.81,363.81,0,0,350,638,56,TYPE_B,7.0,Salad,Italian
1266155,78,67,2569,361.81,362.81,0,0,352,638,56,TYPE_B,7.0,Salad,Italian
1455391,79,67,2569,323.07,363.81,0,0,284,638,56,TYPE_B,7.0,Salad,Italian
1082746,80,67,2569,361.81,361.81,0,0,95,638,56,TYPE_B,7.0,Salad,Italian
1095417,81,67,2569,362.81,362.81,0,0,270,638,56,TYPE_B,7.0,Salad,Italian
1103228,82,67,2569,241.53,361.81,1,1,1324,638,56,TYPE_B,7.0,Salad,Italian
1107419,83,67,2569,306.52,361.81,0,0,649,638,56,TYPE_B,7.0,Salad,Italian
1295898,84,67,2569,299.73,362.81,0,0,432,638,56,TYPE_B,7.0,Salad,Italian
1470482,85,67,2569,314.28,362.81,0,0,500,638,56,TYPE_B,7.0,Salad,Italian
1356596,86,67,2569,306.58,362.81,0,0,528,638,56,TYPE_B,7.0,Salad,Italian
1389053,87,67,2569,315.28,362.81,0,0,540,638,56,TYPE_B,7.0,Salad,Italian
1304924,88,67,2569,314.28,361.81,0,0,163,638,56,TYPE_B,7.0,Salad,Italian
1312301,89,67,2569,316.28,316.28,0,0,123,638,56,TYPE_B,7.0,Salad,Italian
1092726,90,67,2569,316.28,314.28,0,0,296,638,56,TYPE_B,7.0,Salad,Italian
1086608,91,67,2569,314.28,315.28,0,0,432,638,56,TYPE_B,7.0,Salad,Italian
1049601,92,67,2569,314.28,316.28,0,0,310,638,56,TYPE_B,7.0,Salad,Italian
1227481,93,67,2569,310.46,310.46,0,0,566,638,56,TYPE_B,7.0,Salad,Italian
1385851,94,67,2569,308.46,310.46,0,0,447,638,56,TYPE_B,7.0,Salad,Italian
1265821,95,67,2569,309.46,308.46,0,0,514,638,56,TYPE_B,7.0,Salad,Italian
1494806,96,67,2569,301.67,301.67,0,0,431,638,56,TYPE_B,7.0,Salad,Italian
1412831,97,67,2569,302.7,300.7,0,0,554,638,56,TYPE_B,7.0,Salad,Italian
1271180,98,67,2569,309.46,308.46,0,0,458,638,56,TYPE_B,7.0,Salad,Italian
1260850,99,67,2569,310.46,308.46,0,0,352,638,56,TYPE_B,7.0,Salad,Italian
1253945,100,67,2569,308.46,309.46,0,0,553,638,56,TYPE_B,7.0,Salad,Italian
1372874,101,67,2569,298.76,300.76,0,0,540,638,56,TYPE_B,7.0,Salad,Italian
1219072,102,67,2569,310.46,309.46,0,0,256,638,56,TYPE_B,7.0,Salad,Italian
1409270,103,67,2569,302.64,303.64,0,0,271,638,56,TYPE_B,7.0,Salad,Italian
1338564,104,67,2569,302.64,302.64,0,0,392,638,56,TYPE_B,7.0,Salad,Italian
1103725,105,67,2569,300.76,300.76,0,0,513,638,56,TYPE_B,7.0,Salad,Italian
1371685,106,67,2569,303.64,303.64,0,0,460,638,56,TYPE_B,7.0,Salad,Italian
1137825,107,67,2569,304.64,304.64,0,0,447,638,56,TYPE_B,7.0,Salad,Italian
1375830,108,67,2569,303.64,304.64,0,0,514,638,56,TYPE_B,7.0,Salad,Italian
1114312,109,67,2569,294.88,294.88,0,0,566,638,56,TYPE_B,7.0,Salad,Italian
1380318,110,67,2569,304.64,302.64,0,0,377,638,56,TYPE_B,7.0,Salad,Italian
1167179,111,67,2569,304.64,303.64,0,0,485,638,56,TYPE_B,7.0,Salad,Italian
1354288,112,67,2569,303.64,302.64,0,0,433,638,56,TYPE_B,7.0,Salad,Italian
1372232,113,67,2569,286.21,286.21,0,0,541,638,56,TYPE_B,7.0,Salad,Italian
1255019,114,67,2569,298.79,297.79,0,0,392,638,56,TYPE_B,7.0,Salad,Italian
