Data set/Center wise/Center_67_Rank6.csv
id,week,center_id,meal_id,checkout_price,base_price,emailer_for_promotion,homepage_featured,num_orders,city_code,region_code,center_type,op_area,category,cuisine
1041001,24,67,2490,254.2,254.2,0,0,324,638,56,TYPE_B,7.0,Salad,Italian
1167024,25,67,2490,252.2,253.2,0,0,419,638,56,TYPE_B,7.0,Salad,Italian
1121056,26,67,2490,252.2,254.2,0,0,378,638,56,TYPE_B,7.0,Salad,Italian
1037690,27,67,2490,253.2,252.2,0,0,366,638,56,TYPE_B,7.0,Salad,Italian
1466790,28,67,2490,253.2,254.2,0,0,487,638,56,TYPE_B,7.0,Salad,Italian
1105035,29,67,2490,254.2,253.2,0,0,406,638,56,TYPE_B,7.0,Salad,Italian
1440292,30,67,2490,253.2,253.2,0,0,365,638,56,TYPE_B,7.0,Salad,Italian
1179807,31,67,2490,196.94,252.2,1,1,1297,638,56,TYPE_B,7.0,Salad,Italian
1176840,32,67,2490,251.26,250.26,0,0,526,638,56,TYPE_B,7.0,Salad,Italian
1412742,33,67,2490,254.2,253.2,0,0,622,638,56,TYPE_B,7.0,Salad,Italian
1260813,34,67,2490,253.2,254.2,0,0,379,638,56,TYPE_B,7.0,Salad,Italian
1357872,35,67,2490,254.2,252.2,0,0,446,638,56,TYPE_B,7.0,Salad,Italian
1440193,36,67,2490,253.2,254.2,0,0,527,638,56,TYPE_B,7.0,Salad,Italian
1122020,37,67,2490,254.2,253.2,0,0,365,638,56,TYPE_B,7.0,Salad,Italian
1285543,38,67,2490,252.2,252.2,0,0,366,638,56,TYPE_B,7.0,Salad,Italian
1014881,39,67,2490,254.2,252.2,0,0,284,638,56,TYPE_B,7.0,Salad,Italian
1066573,40,67,2490,254.2,252.2,0,0,379,638,56,TYPE_B,7.0,Salad,Italian
1113188,41,67,2490,250.29,251.29,0,0,406,638,56,TYPE_B,7.0,Salad,Italian
1235174,42,67,2490,192.09,249.29,1,1,1336,638,56,TYPE_B,7.0,Salad,Italian
1266934,43,67,2490,252.2,253.2,0,0,555,638,56,TYPE_B,7.0,Salad,Italian
1452086,44,67,2490,240.56,242.56,0,0,593,638,56,TYPE_B,7.0,Salad,Italian
1425315,45,67,2490,252.2,254.2,0,0,554,638,56,TYPE_B,7.0,Salad,Italian
1026959,46,67,2490,253.2,254.2,0,0,647,638,56,TYPE_B,7.0,Salad,Italian
1359381,47,67,2490,252.2,253.2,0,0,513,638,56,TYPE_B,7.0,Salad,Italian
1451099,48,67,2490,191.09,253.2,1,1,1823,638,56,TYPE_B,7.0,Salad,Italian
1290202,49,67,2490,195.0,252.2,0,0,1337,638,56,TYPE_B,7.0,Salad,Italian
1047148,50,67,2490,254.2,254.2,0,0,459,638,56,TYPE_B,7.0,Salad,Italian
1450067,51,67,2490,253.2,254.2,0,0,310,638,56,TYPE_B,7.0,Salad,Italian
1385810,52,67,2490,195.03,252.2,1,1,2025,638,56,TYPE_B,7.0,Salad,Italian
1125463,53,67,2490,196.97,253.2,0,0,1256,638,56,TYPE_B,7.0,Salad,Italian
1067073,54,67,2490,252.2,253.2,0,0,512,638,56,TYPE_B,7.0,Salad,Italian
1001109,55,67,2490,253.2,254.2,0,0,352,638,56,TYPE_B,7.0,Salad,Italian
1200288,56,67,2490,253.2,253.2,0,0,190,638,56,TYPE_B,7.0,Salad,Italian
1335243,57,67,2490,252.2,252.2,0,0,256,638,56,TYPE_B,7.0,Salad,Italian
1463721,58,67,2490,254.2,252.2,0,0,472,638,56,TYPE_B,7.0,Salad,Italian
1308537,59,67,2490,253.2,254.2,0,0,486,638,56,TYPE_B,7.0,Salad,Italian
1309200,60,67,2490,254.2,254.2,0,0,285,638,56,TYPE_B,7.0,Salad,Italian
1471810,61,67,2490,252.2,253.2,0,0,242,638,56,TYPE_B,7.0,Salad,Italian
1102590,62,67,2490,253.2,253.2,0,0,324,638,56,TYPE_B,7.0,Salad,Italian
1419344,63,67,2490,254.2,252.2,0,0,177,638,56,TYPE_B,7.0,Salad,Italian
1125449,64,67,2490,253.2,252.2,0,0,229,638,56,TYPE_B,7.0,Salad,Italian
1023040,65,67,2490,164.9,252.2,1,1,2294,638,56,TYPE_B,7.0,Salad,Italian
1144246,66,67,2490,238.62,238.62,0,0,392,638,56,TYPE_B,7.0,Salad,Italian
1103174,67,67,2490,254.2,252.2,0,0,459,638,56,TYPE_B,7.0,Salad,Italian
1266921,68,67,2490,253.2,252.2,0,0,366,638,56,TYPE_B,7.0,Salad,Italian
1407450,69,67,2490,252.2,252.2,0,0,323,638,56,TYPE_B,7.0,Salad,Italian
1322634,70,67,2490,253.2,252.2,0,0,351,638,56,TYPE_B,7.0,Salad,Italian
1017238,71,67,2490,254.2,252.2,0,0,312,638,56,TYPE_B,7.0,Salad,Italian
1465801,72,67,2490,253.2,252.2,0,0,447,638,56,TYPE_B,7.0,Salad,Italian
1444690,73,67,2490,252.2,254.2,0,0,431,638,56,TYPE_B,7.0,Salad,Italian
1103784,74,67,2490,253.2,252.2,0,0,109,638,56,TYPE_B,7.0,Salad,Italian
1261218,75,67,2490,254.2,252.2,0,0,418,638,56,TYPE_B,7.0,Salad,Italian
1461154,76,67,2490,144.53,254.2,1,1,2566,638,56,TYPE_B,7.0,Salad,Italian
1345363,77,67,2490,149.44,252.2,0,1,1511,638,56,TYPE_B,7.0,Salad,Italian
1371484,78,67,2490,145.53,253.2,1,1,1619,638,56,TYPE_B,7.0,Salad,Italian
1317213,79,67,2490,146.5,254.2,1,1,1592,638,56,TYPE_B,7.0,Salad,Italian
1396986,80,67,2490,211.46,254.2,0,0,472,638,56,TYPE_B,7.0,Salad,Italian
1492663,81,67,2490,215.37,252.2,0,0,460,638,56,TYPE_B,7.0,Salad,Italian
1174551,82,67,2490,214.4,253.2,0,0,526,638,56,TYPE_B,7.0,Salad,Italian
1252093,83,67,2490,321.13,320.13,0,0,269,638,56,TYPE_B,7.0,Salad,Italian
1032030,84,67,2490,329.83,330.83,0,0,136,638,56,TYPE_B,7.0,Salad,Italian
1295506,85,67,2490,195.03,330.83,0,0,580,638,56,TYPE_B,7.0,Salad,Italian
1052701,86,67,2490,193.03,328.83,0,0,811,638,56,TYPE_B,7.0,Salad,Italian
1116545,87,67,2490,194.97,328.83,0,0,675,638,56,TYPE_B,7.0,Salad,Italian
1408953,88,67,2490,193.03,328.83,0,0,730,638,56,TYPE_B,7.0,Salad,Italian
1172115,89,67,2490,278.45,328.83,0,0,350,638,56,TYPE_B,7.0,Salad,Italian
1493758,90,67,2490,196.0,329.83,1,1,1230,638,56,TYPE_B,7.0,Salad,Italian
1410083,91,67,2490,192.06,328.83,1,1,1013,638,56,TYPE_B,7.0,Salad,Italian
1007836,92,67,2490,279.36,330.83,0,0,337,638,56,TYPE_B,7.0,Salad,Italian
1430077,93,67,2490,279.36,279.36,0,0,323,638,56,TYPE_B,7.0,Salad,Italian
1231900,94,67,2490,195.0,279.36,1,1,1161,638,56,TYPE_B,7.0,Salad,Italian
1355768,95,67,2490,250.29,281.36,0,0,270,638,56,TYPE_B,7.0,Salad,Italian
1193364,96,67,2490,280.36,280.36,0,0,217,638,56,TYPE_B,7.0,Salad,Italian
1152621,97,67,2490,279.36,280.36,0,0,283,638,56,TYPE_B,7.0,Salad,Italian
1248814,98,67,2490,279.36,281.36,0,0,257,638,56,TYPE_B,7.0,Salad,Italian
1043243,99,67,2490,280.36,280.36,0,0,296,638,56,TYPE_B,7.0,Salad,Italian
1409019,100,67,2490,281.36,279.36,0,0,460,638,56,TYPE_B,7.0,Salad,Italian
1115527,101,67,2490,281.36,279.36,0,0,298,638,56,TYPE_B,7.0,Salad,Italian
1354541,102,67,2490,279.36,281.36,0,0,350,638,56,TYPE_B,7.0,Salad,Italian
1357163,103,67,2490,281.36,280.36,0,0,229,638,56,TYPE_B,7.0,Salad,Italian
1268219,104,67,2490,281.36,280.36,0,0,512,638,56,TYPE_B,7.0,Salad,Italian
1156525,105,67,2490,279.36,281.36,0,0,554,638,56,TYPE_B,7.0,Salad,Italian
1178552,106,67,2490,281.36,279.36,0,0,580,638,56,TYPE_B,7.0,Salad,Italian
1453755,107,67,2490,281.36,279.36,0,0,393,638,56,TYPE_B,7.0,Salad,Italian
1491766,108,67,2490,280.36,280.36,0,0,177,638,56,TYPE_B,7.0,Salad,Italian
1119518,109,67,2490,279.39,278.39,0,0,406,638,56,TYPE_B,7.0,Salad,Italian
1118035,110,67,2490,262.93,260.93,0,0,419,638,56,TYPE_B,7.0,Salad,Italian
1355009,111,67,2490,292.03,290.03,0,0,420,638,56,TYPE_B,7.0,Salad,Italian
1300473,112,67,2490,292.03,290.03,0,0,365,638,56,TYPE_B,7.0,Salad,Italian
1070711,113,67,2490,292.03,292.03,0,0,296,638,56,TYPE_B,7.0,Salad,Italian
1061038,114,67,2490,290.03,290.03,0,0,243,638,56,TYPE_B,7.0,Salad,Italian
1102956,40,67,1198,202.73,204.73,0,0,148,638,56,TYPE_B,7.0,Extras,Thai
1028382,41,67,1198,186.24,187.24,0,0,325,638,56,TYPE_B,7.0,Extras,Thai
1193400,42,67,1198,169.75,171.75,0,0,433,638,56,TYPE_B,7.0,Extras,Thai
1451427,43,67,1198,160.05,161.05,0,0,269,638,56,TYPE_B,7.0,Extras,Thai
1261741,44,67,1198,154.26,153.26,0,0,337,638,56,TYPE_B,7.0,Extras,Thai
1311299,45,67,1198,193.09,191.09,0,0,338,638,56,TYPE_B,7.0,Extras,Thai
1446686,46,67,1198,154.26,192.09,0,0,338,638,56,TYPE_B,7.0,Extras,Thai
1086024,47,67,1198,181.42,180.42,0,0,310,638,56,TYPE_B,7.0,Extras,Thai
1313390,48,67,1198,161.05,180.42,0,0,351,638,56,TYPE_B,7.0,Extras,Thai
1411083,49,67,1198,167.87,167.87,0,0,365,638,56,TYPE_B,7.0,Extras,Thai
1352469,50,67,1198,164.96,162.96,0,0,662,638,56,TYPE_B,7.0,Extras,Thai
1175250,51,67,1198,168.84,166.84,0,0,312,638,56,TYPE_B,7.0,Extras,Thai
1185523,52,67,1198,179.48,180.48,0,0,338,638,56,TYPE_B,7.0,Extras,Thai
1290958,53,67,1198,171.69,173.69,0,0,176,638,56,TYPE_B,7.0,Extras,Thai
1202358,54,67,1198,179.48,179.48,0,0,339,638,56,TYPE_B,7.0,Extras,Thai
1227546,55,67,1198,204.73,204.73,0,0,297,638,56,TYPE_B,7.0,Extras,Thai
1231154,56,67,1198,166.87,202.73,0,0,337,638,56,TYPE_B,7.0,Extras,Thai
1400713,57,67,1198,201.76,202.76,0,0,257,638,56,TYPE_B,7.0,Extras,Thai
1058783,58,67,1198,190.18,188.18,0,0,230,638,56,TYPE_B,7.0,Extras,Thai
1157743,59,67,1198,169.78,189.18,0,0,230,638,56,TYPE_B,7.0,Extras,Thai
1158375,60,67,1198,173.66,173.66,0,0,324,638,56,TYPE_B,7.0,Extras,Thai
1037466,61,67,1198,79.54,174.66,0,0,55,638,56,TYPE_B,7.0,Extras,Thai
1487328,62,67,1198,194.97,196.97,0,0,243,638,56,TYPE_B,7.0,Extras,Thai
1067093,63,67,1198,227.95,228.95,0,0,95,638,56,TYPE_B,7.0,Extras,Thai
1486545,64,67,1198,189.18,229.95,0,0,230,638,56,TYPE_B,7.0,Extras,Thai
1169035,65,67,1198,161.05,227.95,0,0,189,638,56,TYPE_B,7.0,Extras,Thai
1402760,66,67,1198,196.94,227.95,0,0,176,638,56,TYPE_B,7.0,Extras,Thai
1340298,67,67,1198,160.05,228.95,0,0,190,638,56,TYPE_B,7.0,Extras,Thai
1158808,68,67,1198,145.5,227.95,0,0,149,638,56,TYPE_B,7.0,Extras,Thai
1217569,69,67,1198,146.5,228.95,0,0,298,638,56,TYPE_B,7.0,Extras,Thai
1340946,70,67,1198,143.62,141.62,0,0,122,638,56,TYPE_B,7.0,Extras,Thai
1481416,71,67,1198,129.04,141.62,0,0,271,638,56,TYPE_B,7.0,Extras,Thai
1261133,72,67,1198,207.61,206.61,0,0,231,638,56,TYPE_B,7.0,Extras,Thai
1000868,73,67,1198,134.83,208.61,0,0,256,638,56,TYPE_B,7.0,Extras,Thai
1327679,74,67,1198,208.61,206.61,0,0,229,638,56,TYPE_B,7.0,Extras,Thai
1246773,75,67,1198,160.05,208.61,0,0,271,638,56,TYPE_B,7.0,Extras,Thai
1186230,76,67,1198,188.24,187.24,0,0,324,638,56,TYPE_B,7.0,Extras,Thai
1061879,77,67,1198,190.18,189.18,0,0,229,638,56,TYPE_B,7.0,Extras,Thai
1408209,78,67,1198,201.82,200.82,0,0,107,638,56,TYPE_B,7.0,Extras,Thai
1470819,79,67,1198,184.36,184.36,0,0,283,638,56,TYPE_B,7.0,Extras,Thai
1086832,80,67,1198,168.78,170.78,0,0,230,638,56,TYPE_B,7.0,Extras,Thai
1116582,81,67,1198,151.38,170.78,0,0,203,638,56,TYPE_B,7.0,Extras,Thai
1119812,82,67,1198,162.05,161.05,0,0,269,638,56,TYPE_B,7.0,Extras,Thai
1064906,83,67,1198,172.69,173.69,0,0,350,638,56,TYPE_B,7.0,Extras,Thai
1227204,84,67,1198,192.09,192.09,0,0,134,638,56,TYPE_B,7.0,Extras,Thai
1361018,85,67,1198,160.05,193.09,0,0,26,638,56,TYPE_B,7.0,Extras,Thai
1042648,86,67,1198,169.78,192.09,0,0,230,638,56,TYPE_B,7.0,Extras,Thai
1203540,87,67,1198,181.45,180.45,0,0,217,638,56,TYPE_B,7.0,Extras,Thai
1456417,88,67,1198,201.82,201.82,0,0,109,638,56,TYPE_B,7.0,Extras,Thai
1329332,89,67,1198,150.38,200.82,0,0,204,638,56,TYPE_B,7.0,Extras,Thai
1263339,90,67,1198,202.76,202.76,0,0,256,638,56,TYPE_B,7.0,Extras,Thai
1392358,91,67,1198,183.36,183.36,0,0,190,638,56,TYPE_B,7.0,Extras,Thai
1048656,92,67,1198,191.09,192.09,0,0,136,638,56,TYPE_B,7.0,Extras,Thai
1297461,93,67,1198,191.09,191.09,0,0,203,638,56,TYPE_B,7.0,Extras,Thai
1459647,94,67,1198,133.89,191.09,0,0,163,638,56,TYPE_B,7.0,Extras,Thai
1408232,95,67,1198,196.94,195.94,0,0,176,638,56,TYPE_B,7.0,Extras,Thai
1224344,96,67,1198,241.59,240.59,0,0,53,638,56,TYPE_B,7.0,Extras,Thai
1395661,97,67,1198,192.09,240.59,0,0,203,638,56,TYPE_B,7.0,Extras,Thai
1301040,98,67,1198,179.51,241.59,0,0,122,638,56,TYPE_B,7.0,Extras,Thai
1180352,99,67,1198,177.51,241.59,0,0,123,638,56,TYPE_B,7.0,Extras,Thai
1317782,100,67,1198,149.38,240.59,0,0,204,638,56,TYPE_B,7.0,Extras,Thai
1368954,101,67,1198,161.05,240.59,0,0,459,638,56,TYPE_B,7.0,Extras,Thai
1357158,102,67,1198,204.67,239.59,0,0,338,638,56,TYPE_B,7.0,Extras,Thai
1252035,103,67,1198,180.48,180.48,0,0,338,638,56,TYPE_B,7.0,Extras,Thai
1338793,104,67,1198,212.43,214.43,0,0,162,638,56,TYPE_B,7.0,Extras,Thai
1225933,105,67,1198,171.69,214.43,0,0,352,638,56,TYPE_B,7.0,Extras,Thai
1367077,106,67,1198,80.54,212.43,0,0,108,638,56,TYPE_B,7.0,Extras,Thai
1165118,107,67,1198,188.24,214.43,0,0,162,638,56,TYPE_B,7.0,Extras,Thai
1008203,108,67,1198,184.36,212.43,0,0,285,638,56,TYPE_B,7.0,Extras,Thai
1412303,109,67,1198,193.09,214.43,0,0,135,638,56,TYPE_B,7.0,Extras,Thai
1133491,110,67,1198,172.69,212.43,0,0,350,638,56,TYPE_B,7.0,Extras,Thai
1165598,111,67,1198,142.62,141.62,0,0,26,638,56,TYPE_B,7.0,Extras,Thai
1057145,112,67,1198,179.45,180.45,0,0,94,638,56,TYPE_B,7.0,Extras,Thai
1205363,113,67,1198,161.05,181.45,0,0,190,638,56,TYPE_B,7.0,Extras,Thai
1204324,114,67,1198,149.44,179.45,0,0,175,638,56,TYPE_B,7.0,Extras,Thai
1039781,67,67,2956,631.53,629.53,0,0,26,638,56,TYPE_B,7.0,Fish,Continental
1219642,68,67,2956,629.53,630.53,0,0,28,638,56,TYPE_B,7.0,Fish,Continental
1083626,69,67,2956,631.53,630.53,0,0,40,638,56,TYPE_B,7.0,Fish,Continental
1256107,70,67,2956,631.53,631.53,0,0,80,638,56,TYPE_B,7.0,Fish,Continental
1313546,71,67,2956,631.53,630.53,0,0,69,638,56,TYPE_B,7.0,Fish,Continental
1439960,72,67,2956,631.53,629.53,0,0,67,638,56,TYPE_B,7.0,Fish,Continental
1236222,73,67,2956,582.03,581.03,0,0,27,638,56,TYPE_B,7.0,Fish,Continental
1474017,74,67,2956,581.03,583.03,0,0,94,638,56,TYPE_B,7.0,Fish,Continental
1280498,75,67,2956,582.03,582.03,0,0,95,638,56,TYPE_B,7.0,Fish,Continental
1342772,76,67,2956,581.03,583.03,0,0,177,638,56,TYPE_B,7.0,Fish,Continental
1179690,77,67,2956,581.03,581.03,0,0,149,638,56,TYPE_B,7.0,Fish,Continental
1138701,78,67,2956,583.03,582.03,0,0,80,638,56,TYPE_B,7.0,Fish,Continental
1158184,79,67,2956,581.03,581.03,0,0,150,638,56,TYPE_B,7.0,Fish,Continental
1020370,80,67,2956,581.03,581.03,0,0,177,638,56,TYPE_B,7.0,Fish,Continental
1378630,81,67,2956,582.03,582.03,0,0,122,638,56,TYPE_B,7.0,Fish,Continental
1441833,82,67,2956,581.03,581.03,0,0,81,638,56,TYPE_B,7.0,Fish,Continental
1417326,83,67,2956,583.03,581.03,0,0,150,638,56,TYPE_B,7.0,Fish,Continental
1344314,84,67,2956,583.03,582.03,0,0,123,638,56,TYPE_B,7.0,Fish,Continental
1136434,85,67,2956,581.03,583.03,0,0,256,638,56,TYPE_B,7.0,Fish,Continental
1168360,86,67,2956,583.03,583.03,0,0,175,638,56,TYPE_B,7.0,Fish,Continental
1214735,87,67,2956,582.03,583.03,0,0,176,638,56,TYPE_B,7.0,Fish,Continental
1173295,88,67,2956,584.94,583.94,0,0,204,638,56,TYPE_B,7.0,Fish,Continental
1029288,89,67,2956,582.03,583.03,0,0,202,638,56,TYPE_B,7.0,Fish,Continental
1459806,90,67,2956,581.03,581.03,0,0,136,638,56,TYPE_B,7.0,Fish,Continental
1362000,91,67,2956,583.03,582.03,0,0,243,638,56,TYPE_B,7.0,Fish,Continental
1486172,92,67,2956,582.03,581.03,0,0,203,638,56,TYPE_B,7.0,Fish,Continental
1187902,93,67,2956,583.03,582.03,0,0,188,638,56,TYPE_B,7.0,Fish,Continental
1407095,94,67,2956,587.85,586.85,0,0,231,638,56,TYPE_B,7.0,Fish,Continental
1225987,95,67,2956,583.03,582.03,0,0,204,638,56,TYPE_B,7.0,Fish,Continental
1094473,96,67,2956,582.03,582.03,0,0,269,638,56,TYPE_B,7.0,Fish,Continental
1487144,97,67,2956,581.03,581.03,0,0,284,638,56,TYPE_B,7.0,Fish,Continental
1486898,98,67,2956,583.03,582.03,0,0,175,638,56,TYPE_B,7.0,Fish,Continental
1020501,99,67,2956,583.03,583.03,0,0,148,638,56,TYPE_B,7.0,Fish,Continental
1314370,100,67,2956,484.03,583.03,0,0,378,638,56,TYPE_B,7.0,Fish,Continental
1081045,101,67,2956,486.03,582.03,0,0,393,638,56,TYPE_B,7.0,Fish,Continental
1112579,102,67,2956,581.03,581.03,0,0,188,638,56,TYPE_B,7.0,Fish,Continental
1085011,103,67,2956,581.03,581.03,0,0,109,638,56,TYPE_B,7.0,Fish,Continental
1276586,104,67,2956,583.03,583.03,0,0,189,638,56,TYPE_B,7.0,Fish,Continental
1224237,105,67,2956,583.03,582.03,0,0,121,638,56,TYPE_B,7.0,Fish,Continental
1287054,106,67,2956,581.03,581.03,0,0,217,638,56,TYPE_B,7.0,Fish,Continental
1002433,107,67,2956,583.03,582.03,0,0,135,638,56,TYPE_B,7.0,Fish,Continental
1062281,108,67,2956,583.03,583.03,0,0,203,638,56,TYPE_B,7.0,Fish,Continental
1250037,109,67,2956,582.03,583.03,0,0,258,638,56,TYPE_B,7.0,Fish,Continental
1371671,110,67,2956,583.03,582.03,0,0,96,638,56,TYPE_B,7.0,Fish,Continental
1452558,111,67,2956,581.03,581.03,0,0,202,638,56,TYPE_B,7.0,Fish,Continental
1117874,112,67,2956,583.03,582.03,0,0,122,638,56,TYPE_B,7.0,Fish,Continental
1108408,113,67,2956,581.03,582.03,0,0,161,638,56,TYPE_B,7.0,Fish,Continental
1252298,114,67,2956,581.03,582.03,0,0,189,638,56,TYPE_B,7.0,Fish,Continental
