Data set/Center wise/Center_67_Rank6.csv
id,week,center_id,meal_id,checkout_price,base_price,emailer_for_promotion,homepage_featured,num_orders,city_code,region_code,center_type,op_area,category,cuisine
1116980,71,67,1571,631.53,631.53,0,0,42,638,56,TYPE_B,7.0,Fish,Continental
1214580,72,67,1571,629.53,629.53,0,0,26,638,56,TYPE_B,7.0,Fish,Continental
1435798,73,67,1571,583.03,582.03,0,0,67,638,56,TYPE_B,7.0,Fish,Continental
1185541,74,67,1571,582.03,582.03,0,0,134,638,56,TYPE_B,7.0,Fish,Continental
1270488,75,67,1571,582.03,581.03,0,0,188,638,56,TYPE_B,7.0,Fish,Continental
1414890,76,67,1571,582.03,581.03,0,0,136,638,56,TYPE_B,7.0,Fish,Continental
1199922,77,67,1571,581.03,581.03,0,0,109,638,56,TYPE_B,7.0,Fish,Continental
1297125,78,67,1571,583.03,583.03,0,0,81,638,56,TYPE_B,7.0,Fish,Continental
1125907,79,67,1571,583.03,581.03,0,0,123,638,56,TYPE_B,7.0,Fish,Continental
1022817,80,67,1571,583.03,582.03,0,0,176,638,56,TYPE_B,7.0,Fish,Continental
1463680,81,67,1571,581.03,581.03,0,0,134,638,56,TYPE_B,7.0,Fish,Continental
1302053,82,67,1571,581.03,583.03,0,0,81,638,56,TYPE_B,7.0,Fish,Continental
1479915,83,67,1571,582.03,583.03,0,0,108,638,56,TYPE_B,7.0,Fish,Continental
1296102,84,67,1571,581.03,583.03,0,0,53,638,56,TYPE_B,7.0,Fish,Continental
1056587,85,67,1571,581.03,582.03,0,0,96,638,56,TYPE_B,7.0,Fish,Continental
1328217,86,67,1571,589.82,587.82,0,0,96,638,56,TYPE_B,7.0,Fish,Continental
1325918,87,67,1571,590.79,588.79,0,0,81,638,56,TYPE_B,7.0,Fish,Continental
1203957,88,67,1571,582.03,581.03,0,0,95,638,56,TYPE_B,7.0,Fish,Continental
1025296,89,67,1571,582.03,581.03,0,0,122,638,56,TYPE_B,7.0,Fish,Continental
1301583,90,67,1571,577.15,578.15,0,0,217,638,56,TYPE_B,7.0,Fish,Continental
1066690,91,67,1571,581.03,583.03,0,0,82,638,56,TYPE_B,7.0,Fish,Continental
1071403,92,67,1571,583.03,582.03,0,0,107,638,56,TYPE_B,7.0,Fish,Continental
1159786,93,67,1571,582.03,581.03,0,0,40,638,56,TYPE_B,7.0,Fish,Continental
1004789,94,67,1571,582.03,582.03,0,0,136,638,56,TYPE_B,7.0,Fish,Continental
1261685,95,67,1571,581.03,582.03,0,0,107,638,56,TYPE_B,7.0,Fish,Continental
1451160,96,67,1571,583.03,581.03,0,0,67,638,56,TYPE_B,7.0,Fish,Continental
1043490,97,67,1571,576.24,575.24,0,0,189,638,56,TYPE_B,7.0,Fish,Continental
1195956,98,67,1571,583.03,581.03,0,0,189,638,56,TYPE_B,7.0,Fish,Continental
1098681,99,67,1571,582.03,583.03,0,0,123,638,56,TYPE_B,7.0,Fish,Continental
1222973,100,67,1571,485.03,582.03,0,0,338,638,56,TYPE_B,7.0,Fish,Continental
1196822,101,67,1571,489.88,581.03,0,0,391,638,56,TYPE_B,7.0,Fish,Continental
1435017,102,67,1571,581.03,581.03,0,0,134,638,56,TYPE_B,7.0,Fish,Continental
1385637,103,67,1571,582.03,581.03,0,0,148,638,56,TYPE_B,7.0,Fish,Continental
1033545,104,67,1571,583.03,581.03,0,0,242,638,56,TYPE_B,7.0,Fish,Continental
1159339,105,67,1571,583.03,583.03,0,0,203,638,56,TYPE_B,7.0,Fish,Continental
1229875,106,67,1571,581.03,582.03,0,0,67,638,56,TYPE_B,7.0,Fish,Continental
1402838,107,67,1571,583.03,581.03,0,0,94,638,56,TYPE_B,7.0,Fish,Continental
1491855,108,67,1571,581.03,583.03,0,0,162,638,56,TYPE_B,7.0,Fish,Continental
1181632,109,67,1571,581.03,583.03,0,0,257,638,56,TYPE_B,7.0,Fish,Continental
1465335,110,67,1571,581.03,582.03,0,0,257,638,56,TYPE_B,7.0,Fish,Continental
1364333,111,67,1571,581.03,582.03,0,0,161,638,56,TYPE_B,7.0,Fish,Continental
1202013,112,67,1571,581.03,583.03,0,0,217,638,56,TYPE_B,7.0,Fish,Continental
1233958,113,67,1571,581.03,582.03,0,0,190,638,56,TYPE_B,7.0,Fish,Continental
1095773,114,67,1571,582.03,583.03,0,0,256,638,56,TYPE_B,7.0,Fish,Continental
